2026-05-09 22:10:06.738 Db corespeechd[598:668a8] [com.apple.coreaudio:AQ]      AudioQueueObject.cpp:7205  ConvertInput: bufid 1004 0x0/0x800 bytes, 0/512 packets, mNumPacketDescriptions=0
2026-05-09 22:10:06.738 Db corespeechd[598:668a8] [com.apple.coreaudio:AQ]        AudioQueueObject.h:1269  AQFetch: Input ring buffer returning 0x400 frames, t: 0x553e78 - 0x554278
2026-05-09 22:10:06.738 Db corespeechd[598:668a8] [com.apple.coreaudio:AQ]      AudioQueueObject.cpp:7354  EncoderInputProc: ->1024 fr, 4096 bytes @ t=5586552 fr
2026-05-09 22:10:06.738 Db corespeechd[598:668a8] [com.apple.coreaudio:AQ]      AudioQueueObject.cpp:7234  ConvertInput: <-0x200/0x200 packets, 0x800/0x800 bytes [buffer 1004]
2026-05-09 22:10:06.738 Db corespeechd[598:668a8] [com.apple.coreaudio:aqiotime]              AQIONode.cpp:122     ionode anchor 12168.323092, 5587405 st, 1.000000 rs
2026-05-09 22:10:06.738 Db corespeechd[598:668a8] [com.apple.coreaudio:AQ]      AudioQueueObject.cpp:7205  ConvertInput: bufid 1005 0x0/0x800 bytes, 0/512 packets, mNumPacketDescriptions=0
2026-05-09 22:10:06.738 Db corespeechd[598:668a8] [com.apple.coreaudio:AQ]      AudioQueueObject.cpp:7234  ConvertInput: <-0x200/0x200 packets, 0x800/0x800 bytes [buffer 1005]
2026-05-09 22:10:06.738 Db corespeechd[598:668a8] [com.apple.coreaudio:aqiotime]              AQIONode.cpp:122     ionode anchor 12168.323092, 5587405 st, 1.000000 rs
2026-05-09 22:10:06.738 Db corespeechd[598:668a8] [com.apple.coreaudio:AQ]      AudioQueueObject.cpp:7205  ConvertInput: bufid 1006 0x0/0x800 bytes, 0/512 packets, mNumPacketDescriptions=0
2026-05-09 22:10:06.738 Db corespeechd[598:66880] [com.apple.coreaudio:AQ]      AudioQueueObject.cpp:5719  EnqueueBuffer: aq@0x710c4e800: bufid 1004, cmd 0x7104f8e78, data 0x108398030: 0 bytes, 0 frames (trim 0/0), 0 packets, invalid ht, invalid st, outActualStartTime 0x0
2026-05-09 22:10:06.738 Db corespeechd[598:66880] [com.apple.coreaudio:AQ]      AudioQueueObject.cpp:5719  EnqueueBuffer: aq@0x710c4e800: bufid 1005, cmd 0x7104f93b8, data 0x108398870: 0 bytes, 0 frames (trim 0/0), 0 packets, invalid ht, invalid st, outActualStartTime 0x0
2026-05-09 22:10:06.738 Db corespeechd[598:668a8] [com.apple.coreaudio:AQ]      AudioQueueObject.cpp:7205  ConvertInput: bufid 1006 0x0/0x800 bytes, 0/512 packets, mNumPacketDescriptions=0
2026-05-09 22:10:06.739 Db audioanalyticsd[61133:66790] [com.apple.audioanalytics:carr] Started worker. { worker=<private>, reporterID=418943994953729 }
2026-05-09 22:10:06.740 Db audioanalyticsd[61133:66790] [com.apple.audioanalytics:carr] Started worker. { worker=<private>, reporterID=418943994953729 }
2026-05-09 22:10:06.740 Db audioanalyticsd[61133:66790] [com.apple.audioanalytics:carr] Adding decorator worker. { worker=<private>, reporterID=418943994953729 }
2026-05-09 22:10:06.740 Db audioanalyticsd[61133:66790] [com.apple.audioanalytics:carr] Started worker. { worker=summaryDecorator, reporterID=418943994953729 }
2026-05-09 22:10:06.745 Db audioanalyticsd[61133:66790] [com.apple.audioanalytics:carr] Started worker. { worker=<private>, reporterID=418943994953729 }
2026-05-09 22:10:06.746 Db audioanalyticsd[61133:66790] [com.apple.audioanalytics:carr] Started worker. { worker=<private>, reporterID=418943994953729 }
2026-05-09 22:10:06.746 Db audioanalyticsd[61133:66790] [com.apple.audioanalytics:carr] Started worker. { worker=<private>, reporterID=418943994953729 }
2026-05-09 22:10:06.746 Db audioanalyticsd[61133:66790] [com.apple.audioanalytics:carr] Started worker. { worker=<private>, reporterID=418943994953729 }
2026-05-09 22:10:06.746 Db audioanalyticsd[61133:66790] [com.apple.audioanalytics:carr] Started worker. { worker=inferenceSummary, reporterID=418943994953729 }
2026-05-09 22:10:06.746 Db audioanalyticsd[61133:66790] [com.apple.audioanalytics:carr] Processing message. { reporterID=418943994953729, singleServerSession=false }
2026-05-09 22:10:06.747 Db audioanalyticsd[61133:66790] [com.apple.audioanalytics:carr] HAL_IO__Start message received. { context=<private> }
2026-05-09 22:10:06.747 Db audioanalyticsd[61133:66790] [com.apple.audioanalytics:carr] Expected keys absent from HAL_IO__Start message. Exiting early.
2026-05-09 22:10:06.747 Db audioanalyticsd[61133:66790] [com.apple.audioanalytics:carr] Expected keys absent from HAL_IO__Start message. Exiting early.
2026-05-09 22:10:06.748 Db audioanalyticsd[61133:66790] [com.apple.audioanalytics:artc] RTC started { reporterID=418943994953729 }
2026-05-09 22:10:06.749 Db audioanalyticsd[61133:66790] [com.apple.audioanalytics:cars] sendMessage() called. { reporterID=<private>, category=HAL_IO, type=Start }
2026-05-09 22:10:06.750 Db audioanalyticsd[61133:66790] [com.apple.audioanalytics:cars] sendMessage { reporterID=17914308591645 }
2026-05-09 22:10:06.750 Db audioanalyticsd[61133:66790] [com.apple.audioanalytics:cars] Session not found. { reporterID=17914308591645, action=<private> }
2026-05-09 22:10:06.751 Db audioanalyticsd[61133:66790] [com.apple.audioanalytics:cars] Session not found. { reporterID=17914308591645, action=<private> }
2026-05-09 22:10:06.751 Db audioanalyticsd[61133:66790] [com.apple.audioanalytics:cars] Session not found. { reporterID=17914308591645, action=<private> }
2026-05-09 22:10:06.751 Db audioanalyticsd[61133:66790] [com.apple.audioanalytics:cars] Session not found. { reporterID=17914308591645, action=<private> }
2026-05-09 22:10:06.751 Db audioanalyticsd[61133:66790] [com.apple.audioanalytics:cars] Session not found. { reporterID=17914308591645, action=<private> }
2026-05-09 22:10:06.751 Db audioanalyticsd[61133:66790] [com.apple.audioanalytics:cars] Session not found. { reporterID=17914308591645, action=<private> }
2026-05-09 22:10:06.751 E  audioanalyticsd[61133:66790] [com.apple.audioanalytics:cars] Session not found! Abandoning message. { reporterID=17914308591645 }
2026-05-09 22:10:06.751 Db audioanalyticsd[61133:66790] [com.apple.audioanalytics:cars] Message not sent. { reporterID=17914308591645 }
2026-05-09 22:10:06.751 Db audioanalyticsd[61133:66790] [com.apple.audioanalytics:cars] createSession() called. { reporterID=402953831710723 }
2026-05-09 22:10:06.751 Db audioanalyticsd[61133:66790] [com.apple.audioanalytics:carr] Created reporting session. { reporterID=402953831710723 }
2026-05-09 22:10:06.751 Db audioanalyticsd[61133:66790] [com.apple.audioanalytics:cars] Created session. { reporterID=402953831710723, pid=93820, processName=<private> }
2026-05-09 22:10:06.751 Db audioanalyticsd[61133:66790] [com.apple.audioanalytics:cars] Active reporting sessions. { clientProcessName=<private>, sessionCount=1, activeSessions=<private> }
2026-05-09 22:10:06.751 Db audioanalyticsd[61133:66790] [com.apple.audioanalytics:cars] setConfiguration() called. { reporterID=402953831710723 }
2026-05-09 22:10:06.751 Db audioanalyticsd[61133:66790] [com.apple.audioanalytics:cars] Setting configuration { configuration=<private>, reporterID=402953831710723 }
2026-05-09 22:10:06.751 Db audioanalyticsd[61133:66790] [com.apple.audioanalytics:cars] setServiceType() called. { reporterID=402953831710723 }
2026-05-09 22:10:06.751 Db audioanalyticsd[61133:66790] [com.apple.audioanalytics:carr] serviceType set. { serviceType=<private>, reporterID=402953831710723 }
2026-05-09 22:10:06.751 Db audioanalyticsd[61133:66790] [com.apple.audioanalytics:cars] Received serviceType for reporterID. { serviceType=audioDeviceUsage, reporterID=402953831710723 }
2026-05-09 22:10:06.751 Db audioanalyticsd[61133:66790] [com.apple.audioanalytics:cars] startSession() called. { reporterID=402953831710723 }
2026-05-09 22:10:06.751 Db audioanalyticsd[61133:66790] [com.apple.audioanalytics:carr] startOnQueue() called. { reporterID=402953831710723 }
2026-05-09 22:10:06.751 Db audioanalyticsd[61133:66790] [com.apple.audioanalytics:carr] Started worker. { worker=<private>, reporterID=402953831710723 }
2026-05-09 22:10:06.752 Df audioanalyticsd[61133:66790] [com.apple.audioanalytics:cats] Synced TailspinStatus. { isEnabled=false, isReady=false }
2026-05-09 22:10:06.752 Db audioanalyticsd[61133:66790] [com.apple.audioanalytics:cats] Skipping TailspinWorker initialization: Tailspin not enabled. { isTailspinReady=false }
2026-05-09 22:10:06.752 Db audioanalyticsd[61133:66790] [com.apple.audioanalytics:carr] Unable to initialize worker. Disabled for session lifetime. { worker=<private>, reporterID=402953831710723 }
2026-05-09 22:10:06.752 Db audioanalyticsd[61133:66790] [com.apple.audioanalytics:carr] Unable to initialize worker. Disabled for session lifetime. { worker=<private>, reporterID=402953831710723 }
2026-05-09 22:10:06.752 Db audioanalyticsd[61133:66790] [com.apple.audioanalytics:carr] Started worker. { worker=<private>, reporterID=402953831710723 }
2026-05-09 22:10:06.752 Db audioanalyticsd[61133:66790] [com.apple.audioanalytics:carr] Started worker. { worker=<private>, reporterID=402953831710723 }
2026-05-09 22:10:06.752 Db audioanalyticsd[61133:66790] [com.apple.audioanalytics:carr] Adding decorator worker. { worker=<private>, reporterID=402953831710723 }
2026-05-09 22:10:06.752 Db audioanalyticsd[61133:66790] [com.apple.audioanalytics:carr] Started worker. { worker=summaryDecorator, reporterID=402953831710723 }
2026-05-09 22:10:06.752 Db audioanalyticsd[61133:66790] [com.apple.audioanalytics:carr] Started worker. { worker=<private>, reporterID=402953831710723 }
2026-05-09 22:10:06.752 Db audioanalyticsd[61133:66790] [com.apple.audioanalytics:carr] Started worker. { worker=<private>, reporterID=402953831710723 }
2026-05-09 22:10:06.752 Db audioanalyticsd[61133:66790] [com.apple.audioanalytics:carr] Started worker. { worker=<private>, reporterID=402953831710723 }
2026-05-09 22:10:06.752 Db audioanalyticsd[61133:66790] [com.apple.audioanalytics:carr] Started worker. { worker=<private>, reporterID=402953831710723 }
2026-05-09 22:10:06.752 Db audioanalyticsd[61133:66790] [com.apple.audioanalytics:carr] Started worker. { worker=inferenceSummary, reporterID=402953831710723 }
2026-05-09 22:10:06.752 Db audioanalyticsd[61133:66790] [com.apple.audioanalytics:carr] Processing message. { reporterID=402953831710723, singleServerSession=false }
2026-05-09 22:10:06.752 Db audioanalyticsd[61133:66790] [com.apple.audioanalytics:carr] HAL_IO__Start message received. { context=<private> }
2026-05-09 22:10:06.752 Db audioanalyticsd[61133:66790] [com.apple.audioanalytics:carr] Expected keys absent from HAL_IO__Start message. Exiting early.
2026-05-09 22:10:06.753 Db audioanalyticsd[61133:66790] [com.apple.audioanalytics:carr] Expected keys absent from HAL_IO__Start message. Exiting early.
2026-05-09 22:10:06.753 Db audioanalyticsd[61133:66790] [com.apple.audioanalytics:artc] RTC started { reporterID=402953831710723 }
2026-05-09 22:10:06.753 Db audioanalyticsd[61133:66790] [com.apple.audioanalytics:cars] sendMessage() called. { reporterID=<private>, category=HAL_IO, type=Start }
2026-05-09 22:10:06.753 Db audioanalyticsd[61133:66790] [com.apple.audioanalytics:cars] sendMessage { reporterID=402953831710723 }
2026-05-09 22:10:06.753 Db audioanalyticsd[61133:66790] [com.apple.audioanalytics:carr] Processing message. { reporterID=402953831710723, singleServerSession=false }
2026-05-09 22:10:06.754 Db audioanalyticsd[61133:66790] [com.apple.audioanalytics:carr] HAL_IO__Start message received. { context=<private> }
2026-05-09 22:10:06.754 Db audioanalyticsd[61133:66790] [com.apple.audioanalytics:carr] Expected keys absent from HAL_IO__Start message. Exiting early.
2026-05-09 22:10:06.754 Db audioanalyticsd[61133:66790] [com.apple.audioanalytics:carr] Expected keys absent from HAL_IO__Start message. Exiting early.
2026-05-09 22:10:06.754 Db audioanalyticsd[61133:66790] [com.apple.audioanalytics:cars] sendMessage() called. { reporterID=<private>, category=HAL_IO, type=Setup }
2026-05-09 22:10:06.754 Db audioanalyticsd[61133:66790] [com.apple.audioanalytics:cars] sendMessage { reporterID=17914308591645 }
2026-05-09 22:10:06.754 Db audioanalyticsd[61133:66790] [com.apple.audioanalytics:cars] Session not found. { reporterID=17914308591645, action=<private> }
2026-05-09 22:10:06.754 Db audioanalyticsd[61133:66790] [com.apple.audioanalytics:cars] Session not found. { reporterID=17914308591645, action=<private> }
2026-05-09 22:10:06.754 Db audioanalyticsd[61133:66790] [com.apple.audioanalytics:cars] Session not found. { reporterID=17914308591645, action=<private> }
2026-05-09 22:10:06.754 Db audioanalyticsd[61133:66790] [com.apple.audioanalytics:cars] Session not found. { reporterID=17914308591645, action=<private> }
2026-05-09 22:10:06.754 Db audioanalyticsd[61133:66790] [com.apple.audioanalytics:cars] Session not found. { reporterID=17914308591645, action=<private> }
2026-05-09 22:10:06.754 Db audioanalyticsd[61133:66790] [com.apple.audioanalytics:cars] Session not found. { reporterID=17914308591645, action=<private> }
2026-05-09 22:10:06.754 E  audioanalyticsd[61133:66790] [com.apple.audioanalytics:cars] Session not found! Abandoning message. { reporterID=17914308591645 }
2026-05-09 22:10:06.754 Db audioanalyticsd[61133:66790] [com.apple.audioanalytics:cars] Message not sent. { reporterID=17914308591645 }
2026-05-09 22:10:06.754 Db audioanalyticsd[61133:66790] [com.apple.audioanalytics:cars] sendMessage() called. { reporterID=<private>, category=Generic, type=AudioUnitUsage }
2026-05-09 22:10:06.755 Db audioanalyticsd[61133:66790] [com.apple.audioanalytics:cars] sendMessage { reporterID=418943994953729 }
2026-05-09 22:10:06.755 Db audioanalyticsd[61133:66790] [com.apple.audioanalytics:carr] Processing message. { reporterID=418943994953729, singleServerSession=false }
2026-05-09 22:10:06.758 Db Sound[94129:62acc] [com.apple.coreaudio:ssc]         AudioServices.cpp:1594  AudioServicesGetProperty id = 1635086956
2026-05-09 22:10:06.758 Db Sound[94129:62acc] [com.apple.coreaudio:ssc]         AudioServices.cpp:1542  AudioServicesGetPropertyInfo id = 1635086956
2026-05-09 22:10:06.758 Db Sound[94129:62acc] [com.apple.coreaudio:ssc]         AudioServices.cpp:1594  AudioServicesGetProperty id = 1936946796
2026-05-09 22:10:06.758 Db Sound[94129:62acc] [com.apple.coreaudio:ssc]         AudioServices.cpp:1542  AudioServicesGetPropertyInfo id = 1936946796
2026-05-09 22:10:06.758 Db Sound[94129:62acc] [com.apple.coreaudio:ssc]         AudioServices.cpp:1594  AudioServicesGetProperty id = 1969844078
2026-05-09 22:10:06.758 Db Sound[94129:62acc] [com.apple.coreaudio:ssc]         AudioServices.cpp:1542  AudioServicesGetPropertyInfo id = 1969844078
2026-05-09 22:10:06.770 Db corespeechd[598:668a8] [com.apple.coreaudio:AQ]      AudioQueueObject.cpp:7205  ConvertInput: bufid 1006 0x0/0x800 bytes, 0/512 packets, mNumPacketDescriptions=0
2026-05-09 22:10:06.780 Db corespeechd[598:668a8] [com.apple.coreaudio:AQ]      AudioQueueObject.cpp:7205  ConvertInput: bufid 1006 0x0/0x800 bytes, 0/512 packets, mNumPacketDescriptions=0
2026-05-09 22:10:06.791 Db corespeechd[598:668a8] [com.apple.coreaudio:AQ]      AudioQueueObject.cpp:7205  ConvertInput: bufid 1006 0x0/0x800 bytes, 0/512 packets, mNumPacketDescriptions=0
2026-05-09 22:10:06.802 Db corespeechd[598:668a8] [com.apple.coreaudio:AQ]      AudioQueueObject.cpp:7205  ConvertInput: bufid 1006 0x0/0x800 bytes, 0/512 packets, mNumPacketDescriptions=0
2026-05-09 22:10:06.802 Db corespeechd[598:668a8] [com.apple.coreaudio:AQ]        AudioQueueObject.h:1269  AQFetch: Input ring buffer returning 0x400 frames, t: 0x554278 - 0x554678
2026-05-09 22:10:06.802 Db corespeechd[598:668a8] [com.apple.coreaudio:AQ]      AudioQueueObject.cpp:7354  EncoderInputProc: ->1024 fr, 4096 bytes @ t=5587576 fr
2026-05-09 22:10:06.802 Db corespeechd[598:668a8] [com.apple.coreaudio:AQ]      AudioQueueObject.cpp:7234  ConvertInput: <-0x200/0x200 packets, 0x800/0x800 bytes [buffer 1006]
2026-05-09 22:10:06.802 Db corespeechd[598:668a8] [com.apple.coreaudio:aqiotime]              AQIONode.cpp:122     ionode anchor 12168.387092, 5588429 st, 1.000000 rs
2026-05-09 22:10:06.802 Db corespeechd[598:668a8] [com.apple.coreaudio:AQ]      AudioQueueObject.cpp:7205  ConvertInput: bufid 1007 0x0/0x800 bytes, 0/512 packets, mNumPacketDescriptions=0
2026-05-09 22:10:06.802 Db corespeechd[598:668a8] [com.apple.coreaudio:AQ]      AudioQueueObject.cpp:7234  ConvertInput: <-0x200/0x200 packets, 0x800/0x800 bytes [buffer 1007]
2026-05-09 22:10:06.802 Db corespeechd[598:66880] [com.apple.coreaudio:AQ]      AudioQueueObject.cpp:5719  EnqueueBuffer: aq@0x710c4e800: bufid 1006, cmd 0x7104f8fc8, data 0x1083990b0: 0 bytes, 0 frames (trim 0/0), 0 packets, invalid ht, invalid st, outActualStartTime 0x0
2026-05-09 22:10:06.802 Db corespeechd[598:668a8] [com.apple.coreaudio:aqiotime]              AQIONode.cpp:122     ionode anchor 12168.387092, 5588429 st, 1.000000 rs
2026-05-09 22:10:06.802 Db corespeechd[598:668a8] [com.apple.coreaudio:AQ]      AudioQueueObject.cpp:7205  ConvertInput: bufid 1004 0x0/0x800 bytes, 0/512 packets, mNumPacketDescriptions=0
2026-05-09 22:10:06.802 Db corespeechd[598:6687a] [com.apple.coreaudio:AQ]      AudioQueueObject.cpp:5719  EnqueueBuffer: aq@0x710c4e800: bufid 1007, cmd 0x7104f8f58, data 0x1083998f0: 0 bytes, 0 frames (trim 0/0), 0 packets, invalid ht, invalid st, outActualStartTime 0x0
2026-05-09 22:10:06.802 Db corespeechd[598:668a8] [com.apple.coreaudio:AQ]      AudioQueueObject.cpp:7205  ConvertInput: bufid 1004 0x0/0x800 bytes, 0/512 packets, mNumPacketDescriptions=0
2026-05-09 22:10:06.834 Db corespeechd[598:668a8] [com.apple.coreaudio:AQ]      AudioQueueObject.cpp:7205  ConvertInput: bufid 1004 0x0/0x800 bytes, 0/512 packets, mNumPacketDescriptions=0
2026-05-09 22:10:06.844 Db corespeechd[598:668a8] [com.apple.coreaudio:AQ]      AudioQueueObject.cpp:7205  ConvertInput: bufid 1004 0x0/0x800 bytes, 0/512 packets, mNumPacketDescriptions=0
2026-05-09 22:10:06.855 Df coreaudiod[93820:62303] [com.apple.coreaudio:AMCP] 260975   HALS_IOContext_Legacy_Impl.cpp:2292  Exitted PerformIO early - thread hasBeenStopped: 1 and shouldExit: 0
2026-05-09 22:10:06.854 Df Spotify[91496:5f9c6] [com.apple.coreaudio:AMCP] 144699          HALC_ProxyIOContext.cpp:1593  HALC_ProxyIOContext::IOWorkLoop: ending the transport, stopping the io thread
2026-05-09 22:10:06.855 Df coreaudiod[93820:6396a] (CoreAudio)        HALS_IOEngine2.cpp:2289   HALS_IOEngine2::StopIO: stopping IO on device <private>
2026-05-09 22:10:06.855 Df coreaudiod[93820:62303] [com.apple.coreaudio:AMCP] 260975               HALS_IOEngine2.cpp:2685  HALS_IOEngine2::_StopIO(103) called on Context 230  current state: Prewarm: 0 Play: 1 State: Running
2026-05-09 22:10:06.855 Db corespeechd[598:668a8] [com.apple.coreaudio:AQ]      AudioQueueObject.cpp:7205  ConvertInput: bufid 1004 0x0/0x800 bytes, 0/512 packets, mNumPacketDescriptions=0
2026-05-09 22:10:06.856 Df coreaudiod[93820:6396a] (CoreAudio) HALS_IOContext_Legacy_Impl.cpp:2040   IO Stopped Context 230 after 16532480 frames.
2026-05-09 22:10:06.856 Df coreaudiod[93820:6396a] (CoreAudio) HALS_IOContext_Legacy_Impl.cpp:2064   HALS_IOContext_Legacy_Impl::IOWorkLoopDeinit: 230 com.spatial.app.driver.speaker (com.spatial.app.driver.speaker): stopping with error 0
2026-05-09 22:10:06.857 Df Spotify[91496:65ded] [com.apple.coreaudio:as_client]   AVAudioSession_MacOS.mm:2783  --> setPlayState Stopped  Output {com.spatial.app.driver.speaker, 0xc}
2026-05-09 22:10:06.856 Df coreaudiod[93820:66873] (CoreAudio)   HALB_PowerAssertion.cpp:153    HALB_PowerAssertion::Release: releasing power assertion ID 39878 of type 'PreventUserIdleSystemSleep' with name: 'com.apple.audio.com.spatial.app.driver.speaker.context.preventuseridlesleep' on behalf of 91496 taken at <private> for 344.429438 seconds
2026-05-09 22:10:06.857 Df audiomxd[2438:66894] [com.apple.coreaudio:as_server] AVAudioSessionXPCServer.mm:2667  { "action":"update_running_state", "session":{"ID":"0x98601a","name":"Spotify(91496)"}, "details":{"deviceUIDs":[],"implicit_category":"","input_running":false,"output_running":false} }
2026-05-09 22:10:06.857 I  Spotify[91496:65ded] [com.apple.coreaudio:as_client]   AVAudioSession_MacOS.mm:2803  Devices are same: =0. Previous: {(
    "com.spatial.app.driver.speaker"
)}. Current: {(
)}
2026-05-09 22:10:06.857 Db coreaudiod[93820:62303] [com.apple.coreaudio:AMCP] 260975   HALS_IOContext_Legacy_Impl.cpp:2073  Completed HALS_IOContext_Legacy_Impl::IOWorkLoopDeinit
2026-05-09 22:10:06.857 I  audiomxd[2438:668a6] [com.apple.coreaudio:as_server] AudioSessionServerImpNotificationHandlers.mm:686   HandleMXNotification, session ID = 0x98601a, name = CMSessionIsActiveDidChange, payload = {
    CMSessionIsActive = 0;
}
2026-05-09 22:10:06.857 Db Spotify[91496:5f8ec] [com.apple.coreaudio:AMCP]    259           HALRBSAssertionGlue.mm:122   Released the AudioHAL RBSAssertion for pid: 91496
2026-05-09 22:10:06.857 Df Spotify[91496:65ded] [com.apple.coreaudio:as_client]   AVAudioSession_MacOS.mm:1227  Sent updated IOState to server: [0, 0]. BT device UIDS: {(
)}
2026-05-09 22:10:06.857 Df Spotify[91496:65ded] [com.apple.coreaudio:as_client]   AVAudioSession_MacOS.mm:2819  <-- setPlayState Server update was required.
2026-05-09 22:10:06.866 Db corespeechd[598:668a8] [com.apple.coreaudio:AQ]      AudioQueueObject.cpp:7205  ConvertInput: bufid 1004 0x0/0x800 bytes, 0/512 packets, mNumPacketDescriptions=0
2026-05-09 22:10:06.866 Db corespeechd[598:668a8] [com.apple.coreaudio:AQ]        AudioQueueObject.h:1269  AQFetch: Input ring buffer returning 0x400 frames, t: 0x554678 - 0x554a78
2026-05-09 22:10:06.866 Db corespeechd[598:668a8] [com.apple.coreaudio:AQ]      AudioQueueObject.cpp:7354  EncoderInputProc: ->1024 fr, 4096 bytes @ t=5588600 fr
2026-05-09 22:10:06.866 Db corespeechd[598:668a8] [com.apple.coreaudio:AQ]      AudioQueueObject.cpp:7234  ConvertInput: <-0x200/0x200 packets, 0x800/0x800 bytes [buffer 1004]
2026-05-09 22:10:06.866 Db corespeechd[598:668a8] [com.apple.coreaudio:aqiotime]              AQIONode.cpp:122     ionode anchor 12168.451092, 5589453 st, 1.000000 rs
2026-05-09 22:10:06.866 Db corespeechd[598:668a8] [com.apple.coreaudio:AQ]      AudioQueueObject.cpp:7205  ConvertInput: bufid 1005 0x0/0x800 bytes, 0/512 packets, mNumPacketDescriptions=0
2026-05-09 22:10:06.866 Db corespeechd[598:668a8] [com.apple.coreaudio:AQ]      AudioQueueObject.cpp:7234  ConvertInput: <-0x200/0x200 packets, 0x800/0x800 bytes [buffer 1005]
2026-05-09 22:10:06.866 Db corespeechd[598:668a8] [com.apple.coreaudio:aqiotime]              AQIONode.cpp:122     ionode anchor 12168.451092, 5589453 st, 1.000000 rs
2026-05-09 22:10:06.866 Db corespeechd[598:66880] [com.apple.coreaudio:AQ]      AudioQueueObject.cpp:5719  EnqueueBuffer: aq@0x710c4e800: bufid 1004, cmd 0x7104f8e78, data 0x108398030: 0 bytes, 0 frames (trim 0/0), 0 packets, invalid ht, invalid st, outActualStartTime 0x0
2026-05-09 22:10:06.866 Db corespeechd[598:668a8] [com.apple.coreaudio:AQ]      AudioQueueObject.cpp:7205  ConvertInput: bufid 1006 0x0/0x800 bytes, 0/512 packets, mNumPacketDescriptions=0
2026-05-09 22:10:06.866 Db corespeechd[598:66880] [com.apple.coreaudio:AQ]      AudioQueueObject.cpp:5719  EnqueueBuffer: aq@0x710c4e800: bufid 1005, cmd 0x7104f93b8, data 0x108398870: 0 bytes, 0 frames (trim 0/0), 0 packets, invalid ht, invalid st, outActualStartTime 0x0
2026-05-09 22:10:06.866 Db corespeechd[598:668a8] [com.apple.coreaudio:AQ]      AudioQueueObject.cpp:7205  ConvertInput: bufid 1006 0x0/0x800 bytes, 0/512 packets, mNumPacketDescriptions=0
2026-05-09 22:10:06.883 Df Spotify[91496:65ded] [com.apple.coreaudio:AUHAL]                 AUHAL.cpp:668   SelectDevice: (0x11c08c531c0) disconnecting device 152
2026-05-09 22:10:06.884 Df Spotify[91496:65ded] [com.apple.coreaudio:AUHAL]                 AUHAL.cpp:732   SelectDevice: (0x11c08c531c0) destroying ioproc 0xc for device 152
2026-05-09 22:10:06.884 Df Spotify[91496:65ded] [com.apple.coreaudio:as_client]   AVAudioSession_MacOS.mm:2783  --> setPlayState Stopped  Output {com.spatial.app.driver.speaker, 0xc}
2026-05-09 22:10:06.884 I  Spotify[91496:65ded] [com.apple.coreaudio:as_client]   AVAudioSession_MacOS.mm:2803  Devices are same: =1. Previous: {(
)}. Current: {(
)}
2026-05-09 22:10:06.884 Df Spotify[91496:65ded] [com.apple.coreaudio:as_client]   AVAudioSession_MacOS.mm:2814  <-- setPlayState IOState: [0, 0]. BT device UIDS: {(
)} Server update was not required.
2026-05-09 22:10:06.884 Df Spotify[91496:65ded] [com.apple.coreaudio:AUHAL]                 AUHAL.cpp:743   SelectDevice: (0x11c08c531c0) connecting device 140
2026-05-09 22:10:06.884 Df Spotify[91496:65ded] [com.apple.coreaudio:AUHAL]                 AUHAL.cpp:3331  IsDeviceUsable: (0x11c08c531c0) Device ID: 140 (Input:No | Output:Yes): true
2026-05-09 22:10:06.884 Df Spotify[91496:65ded] [com.apple.coreaudio:AUHAL]                 AUHAL.cpp:755   SelectDevice: (0x11c08c531c0) created ioproc 0xb for device 140
2026-05-09 22:10:06.884 Df Spotify[91496:65ded] [com.apple.coreaudio:AUHAL]                 AUHAL.cpp:844   SelectDevice: (0x11c08c531c0) adding 6 device listeners to device 140
2026-05-09 22:10:06.885 Df Spotify[91496:65ded] [com.apple.coreaudio:AUHAL]                 AUHAL.cpp:844   SelectDevice: (0x11c08c531c0) adding 0 device delegate listeners to device 140
2026-05-09 22:10:06.885 Df Spotify[91496:65ded] [com.apple.coreaudio:AUHAL]                 AUHAL.cpp:1514  UpdateStreamFormats: -> (0x11c08c531c0)
2026-05-09 22:10:06.885 Df Spotify[91496:65ded] [com.apple.coreaudio:AUHAL]                 AUHAL.cpp:1610  UpdateStreamFormats: 
  output stream 0 [0x8d]:  2 ch,  48000 Hz, Float32, interleaved
2026-05-09 22:10:06.885 Df Spotify[91496:65ded] [com.apple.coreaudio:AUHAL]                 AUHAL.cpp:1622  UpdateStreamFormats: 1 output streams; not all mono
2026-05-09 22:10:06.885 Df Spotify[91496:65ded] [com.apple.coreaudio:AUHAL]                 AUHAL.cpp:1634  UpdateStreamFormats: 
  Output render format:  2 ch,  48000 Hz, Float32, interleaved
2026-05-09 22:10:06.885 Df Spotify[91496:65ded] [com.apple.coreaudio:AUHAL]                 AUHAL.cpp:1622  UpdateStreamFormats: 0 input streams; not all mono
2026-05-09 22:10:06.885 Df Spotify[91496:65ded] [com.apple.coreaudio:AudioConverter]        AudioConverter.cpp:1007  Created a new in process converter -> 0x11c16bc4800, from  2 ch,  44100 Hz, Float32, interleaved to  2 ch,  48000 Hz, Float32, interleaved
2026-05-09 22:10:06.886 Df Spotify[91496:65ded] [com.apple.coreaudio:AUHAL]                 AUHAL.cpp:1826  SetStreamUsage: Output stream enables: Stream 0 is ENABLED
2026-05-09 22:10:06.886 Df Spotify[91496:65ded] [com.apple.coreaudio:AUHAL]                 AUHAL.cpp:1704  UpdateStreamFormats: AUHAL(0x11c08c531c0) Calling PropertyChanged() for kAudioUnitProperty_StreamFormat, Scope:Output, Bus:Output
2026-05-09 22:10:06.886 Df Spotify[91496:65ded] [com.apple.coreaudio:AUHAL]                 AUHAL.cpp:1720  UpdateStreamFormats: <-
2026-05-09 22:10:06.886 Df Spotify[91496:65ded] [com.apple.coreaudio:AUHAL]                 AUHAL.cpp:861   SelectDevice: (0x11c08c531c0) restarting
2026-05-09 22:10:06.886 Db coreaudiod[93820:66711] [com.apple.coreaudio:AMCP] 255767   HALS_IOContext_Legacy_Impl.cpp:5974  HALS_IOContext_Legacy_Impl::Start_ActivateDSP [hal_dsp] >>>> (Context ID: 178) - HOSTED DSP IS NOT ENABLED <<<<
2026-05-09 22:10:06.886 Df coreaudiod[93820:668b6] (CoreAudio) HALS_IOContext_Legacy_Impl.cpp:1707   HALS_IOContext_Legacy_Impl::IOWorkLoopInit: 178 BuiltInSpeakerDevice (BuiltInSpeakerDevice): starting
2026-05-09 22:10:06.886 Db coreaudiod[93820:668b6] [com.apple.audioanalytics:carc] Created new reporting session. { reporterID=402953831710724 }
2026-05-09 22:10:06.886 Df coreaudiod[93820:66136] (CoreAudio)   HALB_PowerAssertion.cpp:115    HALB_PowerAssertion::Take: taking power assertion ID 39774 of type 'PreventUserIdleSystemSleep' with name: 'com.apple.audio.BuiltInSpeakerDevice.context.preventuseridlesleep' on behalf of 91496
2026-05-09 22:10:06.886 Db coreaudiod[93820:668b6] [com.apple.audioanalytics:carc] Set serviceType. { reporterID=402953831710724, serviceType=audioDeviceUsage }
2026-05-09 22:10:06.886 Db coreaudiod[93820:66867] [com.apple.audioanalytics:carc] Get serviceType. { reporterID=17914308591645 }
2026-05-09 22:10:06.886 Db coreaudiod[93820:66867] [com.apple.audioanalytics:carc] ReporterID not created by client. Returning early. { function=<private>, reporterID=17914308591645 }
2026-05-09 22:10:06.887 Db coreaudiod[93820:668b6] [com.apple.audioanalytics:carc] Set configuration. { reporterID=402953831710724, configuration=<private> }
2026-05-09 22:10:06.887 Db Spotify[91496:5f8ec] [com.apple.coreaudio:AMCP]    259           HALRBSAssertionGlue.mm:102   Acquired the AudioHAL RBSAssertion for pid: 91496
2026-05-09 22:10:06.887 Db coreaudiod[93820:66867] [com.apple.audioanalytics:carc] Get serviceType. { reporterID=402953831710724 }
2026-05-09 22:10:06.887 Df Spotify[91496:65ded] [com.apple.coreaudio:as_client]   AVAudioSession_MacOS.mm:2783  --> setPlayState Started  Output {BuiltInSpeakerDevice, 0xb}
2026-05-09 22:10:06.887 Db coreaudiod[93820:668b6] [com.apple.audioanalytics:carc] Starting reporter. { reporterID=402953831710724 }
2026-05-09 22:10:06.887 I  Spotify[91496:65ded] [com.apple.coreaudio:as_client]   AVAudioSession_MacOS.mm:2803  Devices are same: =0. Previous: {(
)}. Current: {(
    BuiltInSpeakerDevice
)}
2026-05-09 22:10:06.887 Db coreaudiod[93820:66867] [com.apple.coreaudio:aid] [AudioIssueDetectorManager.cpp:289   rtaid::Manager:0x2042893b0] enabling global NonFinite analyzer for client HAL
2026-05-09 22:10:06.887 Db coreaudiod[93820:66867] [com.apple.coreaudio:aid] [AudioIssueDetectorManager.cpp:289   rtaid::Manager:0x2042893b0] enabling global AnalyzerRealTimeError analyzer for client HAL
2026-05-09 22:10:06.887 Df coreaudiod[93820:668b6] (CoreAudio)        HALS_IOEngine2.cpp:2275   HALS_IOEngine2::StartIO: starting IO on device <private>
2026-05-09 22:10:06.887 Df coreaudiod[93820:668b6] [com.apple.audio.ASDT:Base] Speaker: Thread context 178 start with use case 0, count: 2
2026-05-09 22:10:06.887 Db coreaudiod[93820:66867] [com.apple.coreaudio:aid] [AudioIssueDetectorManager.cpp:289   rtaid::Manager:0x2042893b0] enabling global RMS analyzer for client HAL
2026-05-09 22:10:06.887 Db coreaudiod[93820:66865] [com.apple.audioanalytics:carc] Sending message. { reporterID=402953831710724, category=HAL_IO, type=start }
2026-05-09 22:10:06.887 Db coreaudiod[93820:62303] [com.apple.coreaudio:AMCP] 196107               HALS_IOEngine2.cpp:2585  >>> HALS_IOEngine2::_StartIO(88) called on Context 178  current state: Prewarm: 0 Play: 1 State: Running
2026-05-09 22:10:06.888 Df coreaudiod[93820:62303] [com.apple.coreaudio:AMCP] 196107               HALS_IOEngine2.cpp:2593  HALS_IOEngine2::_StartIO(88): play state has not changed on Context 178
2026-05-09 22:10:06.888 Db coreaudiod[93820:62303] [com.apple.coreaudio:AMCP] 196107   HALS_IOContext_Legacy_Impl.cpp:1964  Completed HALS_IOContext_Legacy_Impl::IOWorkLoopInit - 0
2026-05-09 22:10:06.888 Df audiomxd[2438:66893] [com.apple.coreaudio:as_server] AVAudioSessionXPCServer.mm:2667  { "action":"update_running_state", "session":{"ID":"0x98601a","name":"Spotify(91496)"}, "details":{"deviceUIDs":[],"implicit_category":"MediaPlayback","input_running":false,"output_running":true} }
2026-05-09 22:10:06.889 I  audiomxd[2438:66894] [com.apple.coreaudio:as_server] AudioSessionServerImpNotificationHandlers.mm:686   HandleMXNotification, session ID = 0x98601a, name = CMSessionIsActiveDidChange, payload = {
    CMSessionIsActive = 1;
}
2026-05-09 22:10:06.889 Df Spotify[91496:65ded] [com.apple.coreaudio:as_client]   AVAudioSession_MacOS.mm:1227  Sent updated IOState to server: [0, 1]. BT device UIDS: {(
)}
2026-05-09 22:10:06.889 Df Spotify[91496:65ded] [com.apple.coreaudio:as_client]   AVAudioSession_MacOS.mm:2819  <-- setPlayState Server update was required.
2026-05-09 22:10:06.889 Df Spotify[91496:65ded] [com.apple.coreaudio:AUHAL]                 AUHAL.cpp:881   SelectDevice: (0x11c08c531c0) removing 6 device listeners from device 152
2026-05-09 22:10:06.890 Df Spotify[91496:65ded] [com.apple.coreaudio:AUHAL]                 AUHAL.cpp:881   SelectDevice: (0x11c08c531c0) removing 0 device delegate listeners from device 152
2026-05-09 22:10:06.890 Df Spotify[91496:65ded] [com.apple.coreaudio:AUHAL]                 AUHAL.cpp:897   SelectDevice: <- (0x11c08c531c0)
2026-05-09 22:10:06.890 Df Spotify[91496:65ded] [com.apple.coreaudio:AUHAL]                 AUHAL.cpp:967   HALListener: <-(0x11c08c531c0)
2026-05-09 22:10:06.891 Db audioanalyticsd[61133:6658d] [com.apple.audioanalytics:cars] createSession() called. { reporterID=402953831710724 }
2026-05-09 22:10:06.898 Db corespeechd[598:668a8] [com.apple.coreaudio:AQ]      AudioQueueObject.cpp:7205  ConvertInput: bufid 1006 0x0/0x800 bytes, 0/512 packets, mNumPacketDescriptions=0
2026-05-09 22:10:06.905 Db audioanalyticsd[61133:6658d] [com.apple.audioanalytics:carr] Created reporting session. { reporterID=402953831710724 }
2026-05-09 22:10:06.906 Db audioanalyticsd[61133:6658d] [com.apple.audioanalytics:cars] Created session. { reporterID=402953831710724, pid=93820, processName=<private> }
2026-05-09 22:10:06.906 Db audioanalyticsd[61133:6658d] [com.apple.audioanalytics:cars] Active reporting sessions. { clientProcessName=<private>, sessionCount=2, activeSessions=<private> }
2026-05-09 22:10:06.906 Db audioanalyticsd[61133:6658d] [com.apple.audioanalytics:cars] setConfiguration() called. { reporterID=402953831710724 }
2026-05-09 22:10:06.906 Db audioanalyticsd[61133:6658d] [com.apple.audioanalytics:cars] Setting configuration { configuration=<private>, reporterID=402953831710724 }
2026-05-09 22:10:06.906 Db audioanalyticsd[61133:6658d] [com.apple.audioanalytics:cars] setServiceType() called. { reporterID=402953831710724 }
2026-05-09 22:10:06.906 Db audioanalyticsd[61133:6658d] [com.apple.audioanalytics:carr] serviceType set. { serviceType=<private>, reporterID=402953831710724 }
2026-05-09 22:10:06.906 Db audioanalyticsd[61133:6658d] [com.apple.audioanalytics:cars] Received serviceType for reporterID. { serviceType=audioDeviceUsage, reporterID=402953831710724 }
2026-05-09 22:10:06.906 Db audioanalyticsd[61133:6658d] [com.apple.audioanalytics:cars] startSession() called. { reporterID=402953831710724 }
2026-05-09 22:10:06.906 Db audioanalyticsd[61133:6658d] [com.apple.audioanalytics:carr] startOnQueue() called. { reporterID=402953831710724 }
2026-05-09 22:10:06.906 Db audioanalyticsd[61133:6658d] [com.apple.audioanalytics:carr] Started worker. { worker=<private>, reporterID=402953831710724 }
2026-05-09 22:10:06.906 Df audioanalyticsd[61133:6658d] [com.apple.audioanalytics:cats] Synced TailspinStatus. { isEnabled=false, isReady=false }
2026-05-09 22:10:06.906 Db audioanalyticsd[61133:6658d] [com.apple.audioanalytics:cats] Skipping TailspinWorker initialization: Tailspin not enabled. { isTailspinReady=false }
2026-05-09 22:10:06.906 Db audioanalyticsd[61133:6658d] [com.apple.audioanalytics:carr] Unable to initialize worker. Disabled for session lifetime. { worker=<private>, reporterID=402953831710724 }
2026-05-09 22:10:06.906 Db audioanalyticsd[61133:6658d] [com.apple.audioanalytics:carr] Unable to initialize worker. Disabled for session lifetime. { worker=<private>, reporterID=402953831710724 }
2026-05-09 22:10:06.906 Db audioanalyticsd[61133:6658d] [com.apple.audioanalytics:carr] Started worker. { worker=<private>, reporterID=402953831710724 }
2026-05-09 22:10:06.906 Db audioanalyticsd[61133:6658d] [com.apple.audioanalytics:carr] Started worker. { worker=<private>, reporterID=402953831710724 }
2026-05-09 22:10:06.907 Db audioanalyticsd[61133:6658d] [com.apple.audioanalytics:carr] Adding decorator worker. { worker=<private>, reporterID=402953831710724 }
2026-05-09 22:10:06.907 Db audioanalyticsd[61133:6658d] [com.apple.audioanalytics:carr] Started worker. { worker=summaryDecorator, reporterID=402953831710724 }
2026-05-09 22:10:06.907 Db audioanalyticsd[61133:6658d] [com.apple.audioanalytics:carr] Started worker. { worker=<private>, reporterID=402953831710724 }
2026-05-09 22:10:06.907 Db audioanalyticsd[61133:6658d] [com.apple.audioanalytics:carr] Started worker. { worker=<private>, reporterID=402953831710724 }
2026-05-09 22:10:06.907 Db audioanalyticsd[61133:6658d] [com.apple.audioanalytics:carr] Started worker. { worker=<private>, reporterID=402953831710724 }
2026-05-09 22:10:06.907 Db audioanalyticsd[61133:6658d] [com.apple.audioanalytics:carr] Started worker. { worker=<private>, reporterID=402953831710724 }
2026-05-09 22:10:06.907 Db audioanalyticsd[61133:6658d] [com.apple.audioanalytics:carr] Started worker. { worker=inferenceSummary, reporterID=402953831710724 }
2026-05-09 22:10:06.907 Db audioanalyticsd[61133:6658d] [com.apple.audioanalytics:carr] Processing message. { reporterID=402953831710724, singleServerSession=false }
2026-05-09 22:10:06.908 Db audioanalyticsd[61133:6658d] [com.apple.audioanalytics:carr] HAL_IO__Start message received. { context=<private> }
2026-05-09 22:10:06.908 Db audioanalyticsd[61133:6658d] [com.apple.audioanalytics:carr] Expected keys absent from HAL_IO__Start message. Exiting early.
2026-05-09 22:10:06.908 Db audioanalyticsd[61133:6658d] [com.apple.audioanalytics:carr] Expected keys absent from HAL_IO__Start message. Exiting early.
2026-05-09 22:10:06.908 Db audioanalyticsd[61133:6658d] [com.apple.audioanalytics:artc] RTC started { reporterID=402953831710724 }
2026-05-09 22:10:06.908 Db corespeechd[598:668a8] [com.apple.coreaudio:AQ]      AudioQueueObject.cpp:7205  ConvertInput: bufid 1006 0x0/0x800 bytes, 0/512 packets, mNumPacketDescriptions=0
2026-05-09 22:10:06.909 Db audioanalyticsd[61133:6658d] [com.apple.audioanalytics:cars] sendMessage() called. { reporterID=<private>, category=HAL_IO, type=Start }
2026-05-09 22:10:06.909 Db audioanalyticsd[61133:6658d] [com.apple.audioanalytics:cars] sendMessage { reporterID=402953831710724 }
2026-05-09 22:10:06.910 Db audioanalyticsd[61133:6658d] [com.apple.audioanalytics:carr] Processing message. { reporterID=402953831710724, singleServerSession=false }
2026-05-09 22:10:06.910 Db audioanalyticsd[61133:6658d] [com.apple.audioanalytics:carr] HAL_IO__Start message received. { context=<private> }
2026-05-09 22:10:06.910 Db audioanalyticsd[61133:6658d] [com.apple.audioanalytics:carr] Expected keys absent from HAL_IO__Start message. Exiting early.
2026-05-09 22:10:06.911 Db audioanalyticsd[61133:6658d] [com.apple.audioanalytics:carr] Processing message. { reporterID=402953831710724, singleServerSession=false }
2026-05-09 22:10:06.919 Db corespeechd[598:668a8] [com.apple.coreaudio:AQ]      AudioQueueObject.cpp:7205  ConvertInput: bufid 1006 0x0/0x800 bytes, 0/512 packets, mNumPacketDescriptions=0
2026-05-09 22:10:06.930 Db corespeechd[598:668a8] [com.apple.coreaudio:AQ]      AudioQueueObject.cpp:7205  ConvertInput: bufid 1006 0x0/0x800 bytes, 0/512 packets, mNumPacketDescriptions=0
2026-05-09 22:10:06.930 Db corespeechd[598:668a8] [com.apple.coreaudio:AQ]        AudioQueueObject.h:1269  AQFetch: Input ring buffer returning 0x400 frames, t: 0x554a78 - 0x554e78
2026-05-09 22:10:06.930 Db corespeechd[598:668a8] [com.apple.coreaudio:AQ]      AudioQueueObject.cpp:7354  EncoderInputProc: ->1024 fr, 4096 bytes @ t=5589624 fr
2026-05-09 22:10:06.930 Db corespeechd[598:668a8] [com.apple.coreaudio:AQ]      AudioQueueObject.cpp:7234  ConvertInput: <-0x200/0x200 packets, 0x800/0x800 bytes [buffer 1006]
2026-05-09 22:10:06.930 Db corespeechd[598:668a8] [com.apple.coreaudio:aqiotime]              AQIONode.cpp:122     ionode anchor 12168.515092, 5590477 st, 1.000000 rs
2026-05-09 22:10:06.930 Db corespeechd[598:668a8] [com.apple.coreaudio:AQ]      AudioQueueObject.cpp:7205  ConvertInput: bufid 1007 0x0/0x800 bytes, 0/512 packets, mNumPacketDescriptions=0
2026-05-09 22:10:06.930 Db corespeechd[598:668a8] [com.apple.coreaudio:AQ]      AudioQueueObject.cpp:7234  ConvertInput: <-0x200/0x200 packets, 0x800/0x800 bytes [buffer 1007]
2026-05-09 22:10:06.930 Db corespeechd[598:668a8] [com.apple.coreaudio:aqiotime]              AQIONode.cpp:122     ionode anchor 12168.515092, 5590477 st, 1.000000 rs
2026-05-09 22:10:06.930 Db corespeechd[598:668a8] [com.apple.coreaudio:AQ]      AudioQueueObject.cpp:7205  ConvertInput: bufid 1004 0x0/0x800 bytes, 0/512 packets, mNumPacketDescriptions=0
2026-05-09 22:10:06.930 Db corespeechd[598:66880] [com.apple.coreaudio:AQ]      AudioQueueObject.cpp:5719  EnqueueBuffer: aq@0x710c4e800: bufid 1006, cmd 0x7104f8f58, data 0x1083990b0: 0 bytes, 0 frames (trim 0/0), 0 packets, invalid ht, invalid st, outActualStartTime 0x0
2026-05-09 22:10:06.930 Db corespeechd[598:668a8] [com.apple.coreaudio:AQ]      AudioQueueObject.cpp:7205  ConvertInput: bufid 1004 0x0/0x800 bytes, 0/512 packets, mNumPacketDescriptions=0
2026-05-09 22:10:06.930 Db corespeechd[598:66880] [com.apple.coreaudio:AQ]      AudioQueueObject.cpp:5719  EnqueueBuffer: aq@0x710c4e800: bufid 1007, cmd 0x7104f8fc8, data 0x1083998f0: 0 bytes, 0 frames (trim 0/0), 0 packets, invalid ht, invalid st, outActualStartTime 0x0
2026-05-09 22:10:06.930 Db corespeechd[598:668a8] [com.apple.coreaudio:AQ]      AudioQueueObject.cpp:7205  ConvertInput: bufid 1004 0x0/0x800 bytes, 0/512 packets, mNumPacketDescriptions=0
2026-05-09 22:10:06.962 Db corespeechd[598:668a8] [com.apple.coreaudio:AQ]      AudioQueueObject.cpp:7205  ConvertInput: bufid 1004 0x0/0x800 bytes, 0/512 packets, mNumPacketDescriptions=0
2026-05-09 22:10:06.972 Db corespeechd[598:668a8] [com.apple.coreaudio:AQ]      AudioQueueObject.cpp:7205  ConvertInput: bufid 1004 0x0/0x800 bytes, 0/512 packets, mNumPacketDescriptions=0
2026-05-09 22:10:06.983 Db corespeechd[598:668a8] [com.apple.coreaudio:AQ]      AudioQueueObject.cpp:7205  ConvertInput: bufid 1004 0x0/0x800 bytes, 0/512 packets, mNumPacketDescriptions=0
2026-05-09 22:10:06.994 Db corespeechd[598:668a8] [com.apple.coreaudio:AQ]      AudioQueueObject.cpp:7205  ConvertInput: bufid 1004 0x0/0x800 bytes, 0/512 packets, mNumPacketDescriptions=0
2026-05-09 22:10:06.994 Db corespeechd[598:668a8] [com.apple.coreaudio:AQ]        AudioQueueObject.h:1269  AQFetch: Input ring buffer returning 0x400 frames, t: 0x554e78 - 0x555278
2026-05-09 22:10:06.994 Db corespeechd[598:668a8] [com.apple.coreaudio:AQ]      AudioQueueObject.cpp:7354  EncoderInputProc: ->1024 fr, 4096 bytes @ t=5590648 fr
2026-05-09 22:10:06.994 Db corespeechd[598:668a8] [com.apple.coreaudio:AQ]      AudioQueueObject.cpp:7234  ConvertInput: <-0x200/0x200 packets, 0x800/0x800 bytes [buffer 1004]
2026-05-09 22:10:06.994 Db corespeechd[598:668a8] [com.apple.coreaudio:aqiotime]              AQIONode.cpp:122     ionode anchor 12168.579092, 5591501 st, 1.000000 rs
2026-05-09 22:10:06.994 Db corespeechd[598:668a8] [com.apple.coreaudio:AQ]      AudioQueueObject.cpp:7205  ConvertInput: bufid 1005 0x0/0x800 bytes, 0/512 packets, mNumPacketDescriptions=0
2026-05-09 22:10:06.994 Db corespeechd[598:668a8] [com.apple.coreaudio:AQ]      AudioQueueObject.cpp:7234  ConvertInput: <-0x200/0x200 packets, 0x800/0x800 bytes [buffer 1005]
2026-05-09 22:10:06.994 Db corespeechd[598:668a8] [com.apple.coreaudio:aqiotime]              AQIONode.cpp:122     ionode anchor 12168.579092, 5591501 st, 1.000000 rs
2026-05-09 22:10:06.994 Db corespeechd[598:66881] [com.apple.coreaudio:AQ]      AudioQueueObject.cpp:5719  EnqueueBuffer: aq@0x710c4e800: bufid 1004, cmd 0x7104f8e78, data 0x108398030: 0 bytes, 0 frames (trim 0/0), 0 packets, invalid ht, invalid st, outActualStartTime 0x0
2026-05-09 22:10:06.994 Db corespeechd[598:668a8] [com.apple.coreaudio:AQ]      AudioQueueObject.cpp:7205  ConvertInput: bufid 1006 0x0/0x800 bytes, 0/512 packets, mNumPacketDescriptions=0
2026-05-09 22:10:06.994 Db corespeechd[598:66881] [com.apple.coreaudio:AQ]      AudioQueueObject.cpp:5719  EnqueueBuffer: aq@0x710c4e800: bufid 1005, cmd 0x7104f93b8, data 0x108398870: 0 bytes, 0 frames (trim 0/0), 0 packets, invalid ht, invalid st, outActualStartTime 0x0
2026-05-09 22:10:06.994 Db corespeechd[598:668a8] [com.apple.coreaudio:AQ]      AudioQueueObject.cpp:7205  ConvertInput: bufid 1006 0x0/0x800 bytes, 0/512 packets, mNumPacketDescriptions=0
2026-05-09 22:10:07.026 Db corespeechd[598:668a8] [com.apple.coreaudio:AQ]      AudioQueueObject.cpp:7205  ConvertInput: bufid 1006 0x0/0x800 bytes, 0/512 packets, mNumPacketDescriptions=0
2026-05-09 22:10:07.036 Db corespeechd[598:668a8] [com.apple.coreaudio:AQ]      AudioQueueObject.cpp:7205  ConvertInput: bufid 1006 0x0/0x800 bytes, 0/512 packets, mNumPacketDescriptions=0
2026-05-09 22:10:07.047 Db corespeechd[598:668a8] [com.apple.coreaudio:AQ]      AudioQueueObject.cpp:7205  ConvertInput: bufid 1006 0x0/0x800 bytes, 0/512 packets, mNumPacketDescriptions=0
2026-05-09 22:10:07.058 Db corespeechd[598:668a8] [com.apple.coreaudio:AQ]      AudioQueueObject.cpp:7205  ConvertInput: bufid 1006 0x0/0x800 bytes, 0/512 packets, mNumPacketDescriptions=0
2026-05-09 22:10:07.058 Db corespeechd[598:668a8] [com.apple.coreaudio:AQ]        AudioQueueObject.h:1269  AQFetch: Input ring buffer returning 0x400 frames, t: 0x555278 - 0x555678
2026-05-09 22:10:07.058 Db corespeechd[598:668a8] [com.apple.coreaudio:AQ]      AudioQueueObject.cpp:7354  EncoderInputProc: ->1024 fr, 4096 bytes @ t=5591672 fr
2026-05-09 22:10:07.058 Db corespeechd[598:668a8] [com.apple.coreaudio:AQ]      AudioQueueObject.cpp:7234  ConvertInput: <-0x200/0x200 packets, 0x800/0x800 bytes [buffer 1006]
2026-05-09 22:10:07.058 Db corespeechd[598:668a8] [com.apple.coreaudio:aqiotime]              AQIONode.cpp:122     ionode anchor 12168.643092, 5592525 st, 1.000000 rs
2026-05-09 22:10:07.058 Db corespeechd[598:668a8] [com.apple.coreaudio:AQ]      AudioQueueObject.cpp:7205  ConvertInput: bufid 1007 0x0/0x800 bytes, 0/512 packets, mNumPacketDescriptions=0
2026-05-09 22:10:07.058 Db corespeechd[598:668a8] [com.apple.coreaudio:AQ]      AudioQueueObject.cpp:7234  ConvertInput: <-0x200/0x200 packets, 0x800/0x800 bytes [buffer 1007]
2026-05-09 22:10:07.058 Db corespeechd[598:66881] [com.apple.coreaudio:AQ]      AudioQueueObject.cpp:5719  EnqueueBuffer: aq@0x710c4e800: bufid 1006, cmd 0x7104f8f58, data 0x1083990b0: 0 bytes, 0 frames (trim 0/0), 0 packets, invalid ht, invalid st, outActualStartTime 0x0
2026-05-09 22:10:07.058 Db corespeechd[598:668a8] [com.apple.coreaudio:aqiotime]              AQIONode.cpp:122     ionode anchor 12168.643092, 5592525 st, 1.000000 rs
2026-05-09 22:10:07.058 Db corespeechd[598:668a8] [com.apple.coreaudio:AQ]      AudioQueueObject.cpp:7205  ConvertInput: bufid 1004 0x0/0x800 bytes, 0/512 packets, mNumPacketDescriptions=0
2026-05-09 22:10:07.058 Db corespeechd[598:66880] [com.apple.coreaudio:AQ]      AudioQueueObject.cpp:5719  EnqueueBuffer: aq@0x710c4e800: bufid 1007, cmd 0x7104f8fc8, data 0x1083998f0: 0 bytes, 0 frames (trim 0/0), 0 packets, invalid ht, invalid st, outActualStartTime 0x0
2026-05-09 22:10:07.058 Db corespeechd[598:668a8] [com.apple.coreaudio:AQ]      AudioQueueObject.cpp:7205  ConvertInput: bufid 1004 0x0/0x800 bytes, 0/512 packets, mNumPacketDescriptions=0
2026-05-09 22:10:07.090 Db corespeechd[598:668a8] [com.apple.coreaudio:AQ]      AudioQueueObject.cpp:7205  ConvertInput: bufid 1004 0x0/0x800 bytes, 0/512 packets, mNumPacketDescriptions=0
2026-05-09 22:10:07.100 Db corespeechd[598:668a8] [com.apple.coreaudio:AQ]      AudioQueueObject.cpp:7205  ConvertInput: bufid 1004 0x0/0x800 bytes, 0/512 packets, mNumPacketDescriptions=0
2026-05-09 22:10:07.111 Db corespeechd[598:668a8] [com.apple.coreaudio:AQ]      AudioQueueObject.cpp:7205  ConvertInput: bufid 1004 0x0/0x800 bytes, 0/512 packets, mNumPacketDescriptions=0
2026-05-09 22:10:07.122 Db corespeechd[598:668a8] [com.apple.coreaudio:AQ]      AudioQueueObject.cpp:7205  ConvertInput: bufid 1004 0x0/0x800 bytes, 0/512 packets, mNumPacketDescriptions=0
2026-05-09 22:10:07.122 Db corespeechd[598:668a8] [com.apple.coreaudio:AQ]        AudioQueueObject.h:1269  AQFetch: Input ring buffer returning 0x400 frames, t: 0x555678 - 0x555a78
2026-05-09 22:10:07.122 Db corespeechd[598:668a8] [com.apple.coreaudio:AQ]      AudioQueueObject.cpp:7354  EncoderInputProc: ->1024 fr, 4096 bytes @ t=5592696 fr
2026-05-09 22:10:07.122 Db corespeechd[598:668a8] [com.apple.coreaudio:AQ]      AudioQueueObject.cpp:7234  ConvertInput: <-0x200/0x200 packets, 0x800/0x800 bytes [buffer 1004]
2026-05-09 22:10:07.122 Db corespeechd[598:668a8] [com.apple.coreaudio:aqiotime]              AQIONode.cpp:122     ionode anchor 12168.707092, 5593549 st, 1.000000 rs
2026-05-09 22:10:07.122 Db corespeechd[598:668a8] [com.apple.coreaudio:AQ]      AudioQueueObject.cpp:7205  ConvertInput: bufid 1005 0x0/0x800 bytes, 0/512 packets, mNumPacketDescriptions=0
2026-05-09 22:10:07.122 Db corespeechd[598:668a8] [com.apple.coreaudio:AQ]      AudioQueueObject.cpp:7234  ConvertInput: <-0x200/0x200 packets, 0x800/0x800 bytes [buffer 1005]
2026-05-09 22:10:07.122 Db corespeechd[598:668a8] [com.apple.coreaudio:aqiotime]              AQIONode.cpp:122     ionode anchor 12168.707092, 5593549 st, 1.000000 rs
2026-05-09 22:10:07.122 Db corespeechd[598:66881] [com.apple.coreaudio:AQ]      AudioQueueObject.cpp:5719  EnqueueBuffer: aq@0x710c4e800: bufid 1004, cmd 0x7104f8e78, data 0x108398030: 0 bytes, 0 frames (trim 0/0), 0 packets, invalid ht, invalid st, outActualStartTime 0x0
2026-05-09 22:10:07.122 Db corespeechd[598:668a8] [com.apple.coreaudio:AQ]      AudioQueueObject.cpp:7205  ConvertInput: bufid 1006 0x0/0x800 bytes, 0/512 packets, mNumPacketDescriptions=0
2026-05-09 22:10:07.122 Db corespeechd[598:66881] [com.apple.coreaudio:AQ]      AudioQueueObject.cpp:5719  EnqueueBuffer: aq@0x710c4e800: bufid 1005, cmd 0x7104f93b8, data 0x108398870: 0 bytes, 0 frames (trim 0/0), 0 packets, invalid ht, invalid st, outActualStartTime 0x0
2026-05-09 22:10:07.123 Db corespeechd[598:668a8] [com.apple.coreaudio:AQ]      AudioQueueObject.cpp:7205  ConvertInput: bufid 1006 0x0/0x800 bytes, 0/512 packets, mNumPacketDescriptions=0
