2026-05-09 22:10:10.536 Df Spatial[97543:668d8] [com.apple.coreaudio:AUHAL]                 AUHAL.cpp:844   SelectDevice: (0x12c137640) adding 0 device delegate listeners to device 86
2026-05-09 22:10:10.536 Df Spatial[97543:668d8] [com.apple.coreaudio:AUHAL]                 AUHAL.cpp:1514  UpdateStreamFormats: -> (0x12c137640)
2026-05-09 22:10:10.534 Db coreaudiod[93820:66875] [com.apple.audioanalytics:carc] Sending message. { reporterID=392972327714819, category=HAL_IO, type=start }
2026-05-09 22:10:10.536 Df Spatial[97543:668d8] [com.apple.coreaudio:AUHAL]                 AUHAL.cpp:1610  UpdateStreamFormats: 
  output stream 0 [0x57]:  2 ch,  48000 Hz, Float32, interleaved
2026-05-09 22:10:10.536 Df audiomxd[2438:6614d] [com.apple.coreaudio:as_server] AVAudioSessionXPCServer.mm:2667  { "action":"update_running_state", "session":{"ID":"0x98601a","name":"Spotify(91496)"}, "details":{"deviceUIDs":[],"implicit_category":"MediaPlayback","input_running":false,"output_running":true} }
2026-05-09 22:10:10.534 Db coreaudiod[93820:66875] [com.apple.audioanalytics:carc] ReporterID not created by client. Returning early. { function=<private>, reporterID=392972327714819 }
2026-05-09 22:10:10.536 Df Spotify[91496:6660a] [com.apple.coreaudio:as_client]   AVAudioSession_MacOS.mm:1227  Sent updated IOState to server: [0, 1]. BT device UIDS: {(
)}
2026-05-09 22:10:10.536 Df Spatial[97543:668d8] [com.apple.coreaudio:AUHAL]                 AUHAL.cpp:1622  UpdateStreamFormats: 1 output streams; not all mono
2026-05-09 22:10:10.536 I  audiomxd[2438:668a6] [com.apple.coreaudio:as_server] AudioSessionServerImpNotificationHandlers.mm:686   HandleMXNotification, session ID = 0x98601a, name = CMSessionIsActiveDidChange, payload = {
    CMSessionIsActive = 1;
}
2026-05-09 22:10:10.535 Df coreaudiod[93820:66867] (CoreAudio)    HALS_UCRemotePlugIn.mm:1344   HALS_UCRemotePlugIn::ObjectGetPropertyData: failed:  [<private>/<private>/0], Error: 2003332927 (<private>)
2026-05-09 22:10:10.536 Df Spotify[91496:6660a] [com.apple.coreaudio:as_client]   AVAudioSession_MacOS.mm:2819  <-- setPlayState Server update was required.
2026-05-09 22:10:10.536 Df Spatial[97543:668d8] [com.apple.coreaudio:AUHAL]                 AUHAL.cpp:1634  UpdateStreamFormats: 
  Output render format:  2 ch,  48000 Hz, Float32, interleaved
2026-05-09 22:10:10.537 Df Spatial[97543:668d8] [com.apple.coreaudio:AUHAL]                 AUHAL.cpp:1610  UpdateStreamFormats: 
  input stream 0 [0x58]:  2 ch,  48000 Hz, Float32, interleaved
2026-05-09 22:10:10.537 Df Spatial[97543:668d8] [com.apple.coreaudio:AUHAL]                 AUHAL.cpp:1622  UpdateStreamFormats: 1 input streams; not all mono
2026-05-09 22:10:10.537 Df Spatial[97543:668d8] [com.apple.coreaudio:AUHAL]                 AUHAL.cpp:1634  UpdateStreamFormats: 
  Input render format:  2 ch,  48000 Hz, Float32, interleaved
2026-05-09 22:10:10.536 Df coreaudiod[93820:66867] (CoreAudio)    HALS_UCRemotePlugIn.mm:1344   HALS_UCRemotePlugIn::ObjectGetPropertyData: failed:  [<private>/<private>/0], Error: 2003332927 (<private>)
2026-05-09 22:10:10.536 Df coreaudiod[93820:66867] (CoreAudio)    HALS_UCRemotePlugIn.mm:1344   HALS_UCRemotePlugIn::ObjectGetPropertyData: failed:  [<private>/<private>/0], Error: 2003332927 (<private>)
2026-05-09 22:10:10.537 Df Spatial[97543:668d8] [com.apple.coreaudio:AUHAL]                 AUHAL.cpp:1704  UpdateStreamFormats: AUHAL(0x12c137640) Calling PropertyChanged() for kAudioUnitProperty_StreamFormat, Scope:Output, Bus:Output
2026-05-09 22:10:10.536 Df coreaudiod[93820:66867] (CoreAudio)    HALS_UCRemotePlugIn.mm:1344   HALS_UCRemotePlugIn::ObjectGetPropertyData: failed:  [<private>/<private>/0], Error: 2003332927 (<private>)
2026-05-09 22:10:10.537 Df coreaudiod[93820:66897] [com.apple.audio.ASDT:IOA2] Speaker: Control 'mute' changed to: 1
2026-05-09 22:10:10.537 Df Spatial[97543:668d8] [com.apple.coreaudio:AUHAL]                 AUHAL.cpp:1710  UpdateStreamFormats: AUHAL(0x12c137640) Calling PropertyChanged() for kAudioUnitProperty_StreamFormat, Scope:Input, Bus:Input
2026-05-09 22:10:10.537 E  coreaudiod[93820:66867] [com.apple.coreaudio:AMCP] 256055                  HALS_PlugIn.cpp:834   HALS_PlugIn::HostInterface_PropertiesChanged: the object is not valid
2026-05-09 22:10:10.537 Df coreaudiod[93820:66897] [com.apple.audio.ASDT:Base] Speaker PerformStopIO
2026-05-09 22:10:10.537 Df coreaudiod[93820:66897] [com.apple.audio.ASDT:Base] Speaker Postpone underlying StopIO
2026-05-09 22:10:10.538 Df coreaudiod[93820:66897] [com.apple.audio.ASDT:Base] Speaker: Speaker: Order: 1000, State change 'runn' to 'pwrm' (transition 'dpwm'): took 6625ns, finished at 12172154931083 (292131718346.0)
2026-05-09 22:10:10.538 Df Music[688:66203] [com.apple.coreaudio:AUHAL]                 AUHAL.cpp:881   SelectDevice: (0x123010a40) removing 3 device delegate listeners from device 324
2026-05-09 22:10:10.538 Df coreaudiod[93820:66897] [com.apple.audio.ASDT:Base] Speaker: Speaker: Order: 1000, State change 'pwrm' to 'ppar' (transition 'dppr'): took 8208ns, finished at 12172155064583 (292131721550.0)
2026-05-09 22:10:10.538 Df coreaudiod[93820:66897] [com.apple.audio.ASDT:Base] Speaker:(null): Maximum frames per IO: 1536, unexpected size cycles: 0
2026-05-09 22:10:10.538 Df coreaudiod[93820:66897] [com.apple.audio.ASDT:Base] Speaker:(null): Maximum frames per IO: 1536, unexpected size cycles: 0
2026-05-09 22:10:10.538 Df Music[688:66203] [com.apple.coreaudio:AUHAL]                 AUHAL.cpp:897   SelectDevice: <- (0x123010a40)
2026-05-09 22:10:10.538 Df coreaudiod[93820:66897] [com.apple.audio.ASDT:Base] Speaker: Speaker: Order: 1000, State change 'ppar' to 'idle' (transition 'didl'): took 208000ns, finished at 12172155353500 (292131728484.0)
2026-05-09 22:10:10.538 Df coreaudiod[93820:66897] [com.apple.audio.ASDT:Base] Speaker: Speaker: Order: 1000, State change 'idle' to 'iact' (transition 'diac'): took 2834ns, finished at 12172155468000 (292131731232.0)
2026-05-09 22:10:10.538 Df Music[688:66203] [com.apple.coreaudio:AUHAL]                 AUHAL.cpp:967   HALListener: <-(0x123010a40)
2026-05-09 22:10:10.538 Df Music[688:66203] [com.apple.coreaudio:AUHAL]                 AUHAL.cpp:947   HALListener: ->(0x12304ea40) 1 addresses @ 0x6000014f4fd0; thread 0x16b76f000
2026-05-09 22:10:10.538 Df Music[688:66203] [com.apple.coreaudio:AUHAL]                 AUHAL.cpp:960   HALListener:   (0x12304ea40) Property dOut/glob/0x00000000 changed; value 0x150 (0x0)
2026-05-09 22:10:10.538 Df Music[688:66203] [com.apple.coreaudio:AUHAL]                 AUHAL.cpp:610   SelectDevice: -> (0x12304ea40)
2026-05-09 22:10:10.538 Df Music[688:66203] [com.apple.coreaudio:AUHAL]                 AUHAL.cpp:662   SelectDevice: (0x12304ea40) not already running
2026-05-09 22:10:10.538 Df coreaudiod[93820:66897] [com.apple.audio.ASDT:Base] Speaker PerformStopIO returned. result 0
2026-05-09 22:10:10.537 Df Spatial[97543:668d8] [com.apple.coreaudio:AUHAL]                 AUHAL.cpp:1720  UpdateStreamFormats: <-
2026-05-09 22:10:10.537 Df Spatial[97543:668d8] [com.apple.coreaudio:AUHAL]                 AUHAL.cpp:881   SelectDevice: (0x12c137640) removing 0 device listeners from device 0
2026-05-09 22:10:10.537 Df Spatial[97543:668d8] [com.apple.coreaudio:AUHAL]                 AUHAL.cpp:881   SelectDevice: (0x12c137640) removing 0 device delegate listeners from device 0
2026-05-09 22:10:10.538 A  coreaudiod[93820:66876] (TCC) TCCAccessRequest() IPC
2026-05-09 22:10:10.537 Df Spatial[97543:668d8] [com.apple.coreaudio:AUHAL]                 AUHAL.cpp:897   SelectDevice: <- (0x12c137640)
2026-05-09 22:10:10.538 Df coreaudiod[93820:66897] (CoreAudio) HALS_IOContext_Legacy_Impl.cpp:2040   IO Stopped Context 174 after 185344 frames.
2026-05-09 22:10:10.538 Df coreaudiod[93820:66897] (CoreAudio) HALS_IOContext_Legacy_Impl.cpp:2064   HALS_IOContext_Legacy_Impl::IOWorkLoopDeinit: 174 BuiltInSpeakerDevice (BuiltInSpeakerDevice): stopping with error 0
2026-05-09 22:10:10.539 Df audiomxd[2438:6614d] [com.apple.coreaudio:as_server] AVAudioSessionXPCServer.mm:2667  { "action":"update_running_state", "session":{"ID":"0x986005","name":"Brave Browser He(4171)"}, "details":{"deviceUIDs":[],"implicit_category":"","input_running":false,"output_running":false} }
2026-05-09 22:10:10.538 Df systemsoundserverd[94158:663ac] [com.apple.coreaudio:AUHAL]                 AUHAL.cpp:881   SelectDevice: (0x104f90a10) removing 0 device delegate listeners from device 74
2026-05-09 22:10:10.538 Df Spatial[97543:668d8] [com.apple.coreaudio:AUHAL]                 AUHAL.cpp:1826  SetStreamUsage: Input stream enables: Stream 0 is ENABLED
2026-05-09 22:10:10.539 Df Spatial[97543:668a4] [com.apple.coreaudio:ddagg]        AggregateDevice.mm:644   Built valid aggregate 129
2026-05-09 22:10:10.540 I  Spatial[97543:668a5] [com.apple.coreaudio:ddagg]        AggregateDevice.mm:586   Destroyed aggregate 123
2026-05-09 22:10:10.540 Df Spatial[97543:668a4] [com.apple.coreaudio:AUHAL]                 AUHAL.cpp:2231  SetProperty: (0x12c832a40) caller requesting device change from 74 to 86
2026-05-09 22:10:10.540 Df Spatial[97543:668a4] [com.apple.coreaudio:AUHAL]                 AUHAL.cpp:610   SelectDevice: -> (0x12c832a40)
2026-05-09 22:10:10.538 Df coreaudiod[93820:66876] [com.apple.xpc:connection] [0x9f0154600] activating connection: mach=true listener=false peer=false name=com.apple.tccd.system
2026-05-09 22:10:10.541 Df Spatial[97543:668a4] [com.apple.coreaudio:AUHAL]                 AUHAL.cpp:662   SelectDevice: (0x12c832a40) not already running
2026-05-09 22:10:10.536 Df Spotify[91496:6660a] [com.apple.coreaudio:AUHAL]                 AUHAL.cpp:881   SelectDevice: (0x11c08c531c0) removing 6 device listeners from device 140
2026-05-09 22:10:10.540 I  audiomxd[2438:66745] [com.apple.coreaudio:as_server] AudioSessionServerImpNotificationHandlers.mm:686   HandleMXNotification, session ID = 0x986005, name = CMSessionIsActiveDidChange, payload = {
    CMSessionIsActive = 0;
}
2026-05-09 22:10:10.538 Df coreaudiod[93820:6690e] (CoreAudio)   HALB_PowerAssertion.cpp:153    HALB_PowerAssertion::Release: releasing power assertion ID 39766 of type 'PreventUserIdleSystemSleep' with name: 'com.apple.audio.BuiltInSpeakerDevice.context.preventuseridlesleep' on behalf of 4171 taken at <private> for 3.908764 seconds
2026-05-09 22:10:10.541 Df Spatial[97543:668a4] [com.apple.coreaudio:AUHAL]                 AUHAL.cpp:668   SelectDevice: (0x12c832a40) disconnecting device 74
2026-05-09 22:10:10.538 Df systemsoundserverd[94158:663ac] [com.apple.coreaudio:AUHAL]                 AUHAL.cpp:897   SelectDevice: <- (0x104f90a10)
2026-05-09 22:10:10.538 Df Spotify[91496:6660a] [com.apple.coreaudio:AUHAL]                 AUHAL.cpp:881   SelectDevice: (0x11c08c531c0) removing 0 device delegate listeners from device 140
2026-05-09 22:10:10.538 Df Music[688:66203] [com.apple.coreaudio:AUHAL]                 AUHAL.cpp:668   SelectDevice: (0x12304ea40) disconnecting device 324
2026-05-09 22:10:10.539 I  coreaudiod[93820:66876] [com.apple.TCC:access] SEND: 0/7 synchronous to com.apple.tccd.system: request: msgID=93820.126, function=TCCAccessRequest, service=kTCCServiceMicrophone, target_token={pid:97543, auid:501, euid:501},
2026-05-09 22:10:10.542 Df Spatial[97543:668a4] [com.apple.coreaudio:AUHAL]                 AUHAL.cpp:732   SelectDevice: (0x12c832a40) destroying ioproc 0xa for device 74
2026-05-09 22:10:10.538 Df Spotify[91496:6660a] [com.apple.coreaudio:AUHAL]                 AUHAL.cpp:897   SelectDevice: <- (0x11c08c531c0)
2026-05-09 22:10:10.538 Df Music[688:66203] [com.apple.coreaudio:AUHAL]                 AUHAL.cpp:732   SelectDevice: (0x12304ea40) destroying ioproc 0xe for device 324
2026-05-09 22:10:10.540 A  coreaudiod[93820:66866] (TCC) TCCAccessRequest() IPC
2026-05-09 22:10:10.542 Df Spatial[97543:668a4] [com.apple.coreaudio:as_client]   AVAudioSession_MacOS.mm:2783  --> setPlayState Stopped  Output {BuiltInSpeakerDevice, 0xa}
2026-05-09 22:10:10.538 Df Spotify[91496:6660a] [com.apple.coreaudio:AUHAL]                 AUHAL.cpp:967   HALListener: <-(0x11c08c531c0)
2026-05-09 22:10:10.539 Df Music[688:66203] [com.apple.coreaudio:as_client]   AVAudioSession_MacOS.mm:2783  --> setPlayState Stopped  Output {BuiltInSpeakerDevice, 0xe}
2026-05-09 22:10:10.541 Df coreaudiod[93820:66899] (CoreAudio)           HALS_Device.cpp:233    HALS_Device::_Deactivate: deactivating device 380: CADefaultDeviceAggregate-97543-1
2026-05-09 22:10:10.539 I  Music[688:66203] [com.apple.coreaudio:as_client]   AVAudioSession_MacOS.mm:2803  Devices are same: =1. Previous: {(
)}. Current: {(
)}
2026-05-09 22:10:10.542 I  Spatial[97543:668a4] [com.apple.coreaudio:as_client]   AVAudioSession_MacOS.mm:2803  Devices are same: =1. Previous: {(
)}. Current: {(
)}
2026-05-09 22:10:10.541 Df coreaudiod[93820:66899] (CoreAudio)           HALS_Device.cpp:233    HALS_Device::_Deactivate: deactivating device 380: CADefaultDeviceAggregate-97543-1
2026-05-09 22:10:10.539 Df Music[688:66203] [com.apple.coreaudio:as_client]   AVAudioSession_MacOS.mm:2814  <-- setPlayState IOState: [0, 0]. BT device UIDS: {(
)} Server update was not required.
2026-05-09 22:10:10.543 Df Spatial[97543:668a4] [com.apple.coreaudio:as_client]   AVAudioSession_MacOS.mm:2814  <-- setPlayState IOState: [0, 0]. BT device UIDS: {(
)} Server update was not required.
2026-05-09 22:10:10.538 Df coreaudiod[93820:66867] [com.apple.audio.ASDT:Base] Speaker: Control 'mute' value change notification: 1
2026-05-09 22:10:10.540 Df Music[688:66203] [com.apple.coreaudio:AUHAL]                 AUHAL.cpp:743   SelectDevice: (0x12304ea40) connecting device 336
2026-05-09 22:10:10.543 Df Spatial[97543:668a4] [com.apple.coreaudio:AUHAL]                 AUHAL.cpp:743   SelectDevice: (0x12c832a40) connecting device 86
2026-05-09 22:10:10.542 Db coreaudiod[93820:66868] [com.apple.coreaudio:AMCP] 177443                  HALS_Device.cpp:5074  HALS_Device::ClientDSPInfo::~ClientDSPInfo() - poof!
2026-05-09 22:10:10.540 Df Music[688:66203] [com.apple.coreaudio:AUHAL]                 AUHAL.cpp:3331  IsDeviceUsable: (0x12304ea40) Device ID: 336 (Input:No | Output:Yes): true
2026-05-09 22:10:10.543 Df Spatial[97543:668a4] [com.apple.coreaudio:AUHAL]                 AUHAL.cpp:3331  IsDeviceUsable: (0x12c832a40) Device ID: 86 (Input:No | Output:Yes): true
2026-05-09 22:10:10.539 Db coreaudiod[93820:62303] [com.apple.coreaudio:AMCP] 188435   HALS_IOContext_Legacy_Impl.cpp:2073  Completed HALS_IOContext_Legacy_Impl::IOWorkLoopDeinit
2026-05-09 22:10:10.544 I  coreaudiod[93820:66876] [com.apple.TCC:access] RECV: synchronous reply <dictionary: 0x9f0154500> { count = 5, transaction: 0, voucher = 0x0, contents =
	"prompt_type" => <uint64: 0x9b70c3d8fcdd59b7>: 1
	"auth_value" => <uint64: 0x9b70c3d8fcdd59af>: 2
	"result" => <bool: 0x2067a3370>: true
	"auth_reason" => <uint64: 0x9b70c3d8fcdd59af>: 2
	"auth_version" => <uint64: 0x9b70c3d8fcdd59b7>: 1
}
2026-05-09 22:10:10.544 Df Spatial[97543:668d8] [com.apple.coreaudio:AUHAL]                 AUHAL.cpp:1826  SetStreamUsage: Output stream enables: Stream 0 is DISABLED
2026-05-09 22:10:10.544 Df coreaudiod[93820:66876] [com.apple.xpc:connection] [0x9f0154600] invalidated after the last release of the connection object
2026-05-09 22:10:10.544 A  coreaudiod[93820:66876] (TCC) TCCAccessRequest() IPC
2026-05-09 22:10:10.544 Df coreaudiod[93820:66866] [com.apple.xpc:connection] [0x9f0154600] activating connection: mach=true listener=false peer=false name=com.apple.tccd.system
2026-05-09 22:10:10.545 Df coreaudiod[93820:6689b] (CoreAudio) HALS_DefaultDeviceManager.cpp:1706   HALS_DefaultDeviceManager::FindPreferredDefaultDevice: 'dIn ' | found preferred[0] 99: 'com.spatial.app.driver.speaker'/''
2026-05-09 22:10:10.546 Df coreaudiod[93820:6689b] (CoreAudio) HALS_DefaultDeviceManager.cpp:1706   HALS_DefaultDeviceManager::FindPreferredDefaultDevice: 'dOut' | found preferred[0] 99: 'com.spatial.app.driver.speaker'/''
2026-05-09 22:10:10.546 Db corespeechd[598:668a8] [com.apple.coreaudio:AQ]      AudioQueueObject.cpp:7205  ConvertInput: bufid 1006 0x0/0x800 bytes, 0/512 packets, mNumPacketDescriptions=0
2026-05-09 22:10:10.546 Db corespeechd[598:668a8] [com.apple.coreaudio:AQ]        AudioQueueObject.h:1269  AQFetch: Input ring buffer returning 0x280 frames, t: 0x562c00 - 0x562e80
2026-05-09 22:10:10.546 Db corespeechd[598:668a8] [com.apple.coreaudio:AQ]      AudioQueueObject.cpp:7354  EncoderInputProc: ->640 fr, 2560 bytes @ t=5647360 fr
2026-05-09 22:10:10.546 Db corespeechd[598:668a8] [com.apple.coreaudio:AQ]      AudioQueueObject.cpp:7234  ConvertInput: <-0x200/0x200 packets, 0x800/0x800 bytes [buffer 1006]
2026-05-09 22:10:10.546 Db corespeechd[598:668a8] [com.apple.coreaudio:aqiotime]              AQIONode.cpp:122     ionode anchor 12172.131092, 5648333 st, 1.000000 rs
2026-05-09 22:10:10.546 I  coreaudiod[93820:66866] [com.apple.TCC:access] SEND: 0/7 synchronous to com.apple.tccd.system: request: msgID=93820.127, function=TCCAccessRequest, service=kTCCServiceMicrophone, target_token={pid:688, auid:501, euid:501},
2026-05-09 22:10:10.547 Df coreaudiod[93820:6689b] (CoreAudio) HALS_DefaultDeviceManager.cpp:1706   HALS_DefaultDeviceManager::FindPreferredDefaultDevice: 'sOut' | found preferred[0] 99: 'com.spatial.app.driver.speaker'/''
2026-05-09 22:10:10.546 Db corespeechd[598:668a8] [com.apple.coreaudio:AQ]      AudioQueueObject.cpp:7205  ConvertInput: bufid 1007 0x0/0x800 bytes, 0/512 packets, mNumPacketDescriptions=0
2026-05-09 22:10:10.546 Db corespeechd[598:668a8] [com.apple.coreaudio:AQ]      AudioQueueObject.cpp:7234  ConvertInput: <-0x200/0x200 packets, 0x800/0x800 bytes [buffer 1007]
2026-05-09 22:10:10.546 Db corespeechd[598:66752] [com.apple.coreaudio:AQ]      AudioQueueObject.cpp:5719  EnqueueBuffer: aq@0x710c4e800: bufid 1006, cmd 0x7104f93b8, data 0x1083990b0: 0 bytes, 0 frames (trim 0/0), 0 packets, invalid ht, invalid st, outActualStartTime 0x0
2026-05-09 22:10:10.546 Db corespeechd[598:668a8] [com.apple.coreaudio:aqiotime]              AQIONode.cpp:122     ionode anchor 12172.131092, 5648333 st, 1.000000 rs
2026-05-09 22:10:10.546 Db corespeechd[598:668a8] [com.apple.coreaudio:AQ]      AudioQueueObject.cpp:7205  ConvertInput: bufid 1004 0x0/0x800 bytes, 0/512 packets, mNumPacketDescriptions=0
2026-05-09 22:10:10.546 Db corespeechd[598:66752] [com.apple.coreaudio:AQ]      AudioQueueObject.cpp:5719  EnqueueBuffer: aq@0x710c4e800: bufid 1007, cmd 0x7104f8fc8, data 0x1083998f0: 0 bytes, 0 frames (trim 0/0), 0 packets, invalid ht, invalid st, outActualStartTime 0x0
2026-05-09 22:10:10.548 Df coreaudiod[93820:6689b] (CoreAudio) HALS_DefaultDeviceManager.cpp:1706   HALS_DefaultDeviceManager::FindPreferredDefaultDevice: 'shrd' | found preferred[0] 99: 'com.spatial.app.driver.speaker'/''
2026-05-09 22:10:10.546 Db corespeechd[598:668a8] [com.apple.coreaudio:AQ]      AudioQueueObject.cpp:7205  ConvertInput: bufid 1004 0x0/0x800 bytes, 0/512 packets, mNumPacketDescriptions=0
2026-05-09 22:10:10.548 A  coreaudiod[93820:6689b] (TCC) TCCAccessRequest() IPC
2026-05-09 22:10:10.550 Db Sound[94129:62acc] [com.apple.coreaudio:ssc]         AudioServices.cpp:1594  AudioServicesGetProperty id = 1635086956
2026-05-09 22:10:10.550 Db Sound[94129:62acc] [com.apple.coreaudio:ssc]         AudioServices.cpp:1542  AudioServicesGetPropertyInfo id = 1635086956
2026-05-09 22:10:10.550 Db Sound[94129:62acc] [com.apple.coreaudio:ssc]         AudioServices.cpp:1594  AudioServicesGetProperty id = 1936946796
2026-05-09 22:10:10.550 Db Sound[94129:62acc] [com.apple.coreaudio:ssc]         AudioServices.cpp:1542  AudioServicesGetPropertyInfo id = 1936946796
2026-05-09 22:10:10.550 Db Sound[94129:62acc] [com.apple.coreaudio:ssc]         AudioServices.cpp:1594  AudioServicesGetProperty id = 1969844078
2026-05-09 22:10:10.550 Db Sound[94129:62acc] [com.apple.coreaudio:ssc]         AudioServices.cpp:1542  AudioServicesGetPropertyInfo id = 1969844078
2026-05-09 22:10:10.552 Db audioanalyticsd[61133:6658d] [com.apple.audioanalytics:cars] sendMessage() called. { reporterID=<private>, category=HAL_IO, type=Start }
2026-05-09 22:10:10.554 Db audioanalyticsd[61133:6658d] [com.apple.audioanalytics:cars] sendMessage { reporterID=392972327714819 }
2026-05-09 22:10:10.554 Db audioanalyticsd[61133:6658d] [com.apple.audioanalytics:cars] Session not found. { reporterID=392972327714819, action=<private> }
2026-05-09 22:10:10.554 Db audioanalyticsd[61133:6658d] [com.apple.audioanalytics:cars] Found session on another instance. { reporterID=392972327714819, action=<private> }
2026-05-09 22:10:10.555 Db audioanalyticsd[61133:6658d] [com.apple.audioanalytics:carr] Processing message. { reporterID=392972327714819, singleServerSession=false }
2026-05-09 22:10:10.556 Db audioanalyticsd[61133:6658d] [com.apple.audioanalytics:carr] HAL_IO__Start message received. { context=<private> }
2026-05-09 22:10:10.556 Db audioanalyticsd[61133:6658d] [com.apple.audioanalytics:carr] Processing message. { reporterID=392972327714819, singleServerSession=false }
2026-05-09 22:10:10.556 Db corespeechd[598:668a8] [com.apple.coreaudio:AQ]      AudioQueueObject.cpp:7205  ConvertInput: bufid 1004 0x0/0x800 bytes, 0/512 packets, mNumPacketDescriptions=0
2026-05-09 22:10:10.557 Db audioanalyticsd[61133:6658d] [com.apple.audioanalytics:carr] Processing message. { reporterID=392972327714819, singleServerSession=false }
2026-05-09 22:10:10.557 I  coreaudiod[93820:66866] [com.apple.TCC:access] RECV: synchronous reply <dictionary: 0x9f0154800> { count = 5, transaction: 0, voucher = 0x0, contents =
	"prompt_type" => <uint64: 0x9b70c3d8fcdd59b7>: 1
	"auth_value" => <uint64: 0x9b70c3d8fcdd59bf>: 0
	"result" => <bool: 0x2067a3390>: false
	"auth_reason" => <uint64: 0x9b70c3d8fcdd5997>: 5
	"auth_version" => <uint64: 0x9b70c3d8fcdd59b7>: 1
}
2026-05-09 22:10:10.557 Df coreaudiod[93820:66866] [com.apple.xpc:connection] [0x9f0154600] invalidated after the last release of the connection object
2026-05-09 22:10:10.557 Df Music[688:66203] [com.apple.coreaudio:AUHAL]                 AUHAL.cpp:755   SelectDevice: (0x12304ea40) created ioproc 0x11 for device 336
2026-05-09 22:10:10.557 E  coreaudiod[93820:66866] (CoreAudio)        HALS_IOContext.cpp:1481   Client is not granted access to the <private>.
2026-05-09 22:10:10.558 Df Music[688:66203] [com.apple.coreaudio:AUHAL]                 AUHAL.cpp:844   SelectDevice: (0x12304ea40) adding 6 device listeners to device 336
2026-05-09 22:10:10.557 Df coreaudiod[93820:66876] [com.apple.xpc:connection] [0x9f0154600] activating connection: mach=true listener=false peer=false name=com.apple.tccd.system
2026-05-09 22:10:10.557 I  coreaudiod[93820:66876] [com.apple.TCC:access] SEND: 0/7 synchronous to com.apple.tccd.system: request: msgID=93820.128, function=TCCAccessRequest, service=kTCCServiceMicrophone, target_token={pid:97543, auid:501, euid:501},
2026-05-09 22:10:10.558 Df Music[688:66203] [com.apple.coreaudio:AUHAL]                 AUHAL.cpp:844   SelectDevice: (0x12304ea40) adding 0 device delegate listeners to device 336
2026-05-09 22:10:10.558 Df Music[688:66203] [com.apple.coreaudio:AUHAL]                 AUHAL.cpp:1514  UpdateStreamFormats: -> (0x12304ea40)
2026-05-09 22:10:10.558 Df Music[688:66203] [com.apple.coreaudio:AUHAL]                 AUHAL.cpp:1610  UpdateStreamFormats: 
  output stream 0 [0x151]:  2 ch,  48000 Hz, Float32, interleaved
2026-05-09 22:10:10.558 Df Music[688:66203] [com.apple.coreaudio:AUHAL]                 AUHAL.cpp:1622  UpdateStreamFormats: 1 output streams; not all mono
2026-05-09 22:10:10.558 Df Music[688:66203] [com.apple.coreaudio:AUHAL]                 AUHAL.cpp:1634  UpdateStreamFormats: 
  Output render format:  2 ch,  48000 Hz, Float32, interleaved
2026-05-09 22:10:10.558 Df Music[688:66203] [com.apple.coreaudio:AUHAL]                 AUHAL.cpp:1610  UpdateStreamFormats: 
  input stream 0 [0x152]:  2 ch,  48000 Hz, Float32, interleaved
2026-05-09 22:10:10.558 Df Music[688:66203] [com.apple.coreaudio:AUHAL]                 AUHAL.cpp:1622  UpdateStreamFormats: 1 input streams; not all mono
2026-05-09 22:10:10.558 Df Music[688:66203] [com.apple.coreaudio:AUHAL]                 AUHAL.cpp:1704  UpdateStreamFormats: AUHAL(0x12304ea40) Calling PropertyChanged() for kAudioUnitProperty_StreamFormat, Scope:Output, Bus:Output
2026-05-09 22:10:10.558 Df Music[688:66203] [com.apple.coreaudio:AUHAL]                 AUHAL.cpp:1826  SetStreamUsage: Input stream enables: Stream 0 is DISABLED
2026-05-09 22:10:10.558 Df Music[688:66203] [com.apple.coreaudio:AUHAL]                 AUHAL.cpp:1720  UpdateStreamFormats: <-
2026-05-09 22:10:10.558 Df Music[688:66203] [com.apple.coreaudio:AUHAL]                 AUHAL.cpp:881   SelectDevice: (0x12304ea40) removing 6 device listeners from device 324
2026-05-09 22:10:10.558 Df Music[688:66203] [com.apple.coreaudio:AUHAL]                 AUHAL.cpp:881   SelectDevice: (0x12304ea40) removing 0 device delegate listeners from device 324
2026-05-09 22:10:10.558 Df Music[688:66203] [com.apple.coreaudio:AUHAL]                 AUHAL.cpp:897   SelectDevice: <- (0x12304ea40)
2026-05-09 22:10:10.558 Df Music[688:66203] [com.apple.coreaudio:AUHAL]                 AUHAL.cpp:967   HALListener: <-(0x12304ea40)
2026-05-09 22:10:10.558 Df Music[688:66203] [com.apple.coreaudio:AUHAL]                 AUHAL.cpp:947   HALListener: ->(0x125864840) 1 addresses @ 0x6000014f4a80; thread 0x16b76f000
2026-05-09 22:10:10.559 Df Music[688:66203] [com.apple.coreaudio:AUHAL]                 AUHAL.cpp:960   HALListener:   (0x125864840) Property dOut/glob/0x00000000 changed; value 0x150 (0x0)
2026-05-09 22:10:10.559 Df Music[688:66203] [com.apple.coreaudio:AUHAL]                 AUHAL.cpp:610   SelectDevice: -> (0x125864840)
2026-05-09 22:10:10.559 Df Music[688:66203] [com.apple.coreaudio:AUHAL]                 AUHAL.cpp:662   SelectDevice: (0x125864840) not already running
2026-05-09 22:10:10.559 Df Music[688:66203] [com.apple.coreaudio:AUHAL]                 AUHAL.cpp:668   SelectDevice: (0x125864840) disconnecting device 324
2026-05-09 22:10:10.559 Df Music[688:66203] [com.apple.coreaudio:AUHAL]                 AUHAL.cpp:732   SelectDevice: (0x125864840) destroying ioproc 0xf for device 324
2026-05-09 22:10:10.559 Df Music[688:66203] [com.apple.coreaudio:as_client]   AVAudioSession_MacOS.mm:2783  --> setPlayState Stopped  Output {BuiltInSpeakerDevice, 0xf}
2026-05-09 22:10:10.559 I  Music[688:66203] [com.apple.coreaudio:as_client]   AVAudioSession_MacOS.mm:2803  Devices are same: =1. Previous: {(
)}. Current: {(
)}
2026-05-09 22:10:10.559 Df Music[688:66203] [com.apple.coreaudio:as_client]   AVAudioSession_MacOS.mm:2814  <-- setPlayState IOState: [0, 0]. BT device UIDS: {(
)} Server update was not required.
2026-05-09 22:10:10.559 Df Music[688:66203] [com.apple.coreaudio:AUHAL]                 AUHAL.cpp:743   SelectDevice: (0x125864840) connecting device 336
2026-05-09 22:10:10.559 Df Music[688:66203] [com.apple.coreaudio:AUHAL]                 AUHAL.cpp:3331  IsDeviceUsable: (0x125864840) Device ID: 336 (Input:No | Output:Yes): true
2026-05-09 22:10:10.559 A  coreaudiod[93820:66136] (TCC) TCCAccessRequest() IPC
2026-05-09 22:10:10.560 I  coreaudiod[93820:66876] [com.apple.TCC:access] RECV: synchronous reply <dictionary: 0x9f0154800> { count = 5, transaction: 0, voucher = 0x0, contents =
	"prompt_type" => <uint64: 0x9b70c3d8fcdd59b7>: 1
	"auth_value" => <uint64: 0x9b70c3d8fcdd59af>: 2
	"result" => <bool: 0x2067a3370>: true
	"auth_reason" => <uint64: 0x9b70c3d8fcdd59af>: 2
	"auth_version" => <uint64: 0x9b70c3d8fcdd59b7>: 1
}
2026-05-09 22:10:10.560 Df coreaudiod[93820:66876] [com.apple.xpc:connection] [0x9f0154600] invalidated after the last release of the connection object
2026-05-09 22:10:10.560 Df coreaudiod[93820:6689b] [com.apple.xpc:connection] [0x9f0154800] activating connection: mach=true listener=false peer=false name=com.apple.tccd.system
2026-05-09 22:10:10.560 Df Spatial[97543:668a4] [com.apple.coreaudio:AUHAL]                 AUHAL.cpp:755   SelectDevice: (0x12c832a40) created ioproc 0xc for device 86
2026-05-09 22:10:10.560 I  coreaudiod[93820:6689b] [com.apple.TCC:access] SEND: 0/7 synchronous to com.apple.tccd.system: request: msgID=93820.129, function=TCCAccessRequest, service=kTCCServiceMicrophone, target_token={pid:4171, auid:501, euid:501},
2026-05-09 22:10:10.560 Df Spatial[97543:668d8] [com.apple.coreaudio:AUHAL]                 AUHAL.cpp:2231  SetProperty: (0x12c137640) caller requesting device change from 86 to 86
2026-05-09 22:10:10.560 Df Spatial[97543:668d8] [com.apple.coreaudio:AUHAL]                 AUHAL.cpp:610   SelectDevice: -> (0x12c137640)
2026-05-09 22:10:10.560 Df Spatial[97543:668d8] [com.apple.coreaudio:AUHAL]                 AUHAL.cpp:645   SelectDevice: <- (0x12c137640) exiting with nothing to do
2026-05-09 22:10:10.560 Df Spatial[97543:668a4] [com.apple.coreaudio:AUHAL]                 AUHAL.cpp:844   SelectDevice: (0x12c832a40) adding 7 device listeners to device 86
2026-05-09 22:10:10.561 Df Spatial[97543:668d8] [com.apple.coreaudio:AUHAL]                 AUHAL.cpp:1826  SetStreamUsage: Input stream enables: Stream 0 is ENABLED
2026-05-09 22:10:10.561 A  coreaudiod[93820:66866] (TCC) TCCAccessRequest() IPC
2026-05-09 22:10:10.561 Df Spatial[97543:668a4] [com.apple.coreaudio:AUHAL]                 AUHAL.cpp:844   SelectDevice: (0x12c832a40) adding 0 device delegate listeners to device 86
2026-05-09 22:10:10.561 Df Spatial[97543:668a4] [com.apple.coreaudio:AUHAL]                 AUHAL.cpp:1514  UpdateStreamFormats: -> (0x12c832a40)
2026-05-09 22:10:10.561 Df Spatial[97543:668a4] [com.apple.coreaudio:AUHAL]                 AUHAL.cpp:1610  UpdateStreamFormats: 
  output stream 0 [0x57]:  2 ch,  48000 Hz, Float32, interleaved
2026-05-09 22:10:10.561 Df Spatial[97543:668a4] [com.apple.coreaudio:AUHAL]                 AUHAL.cpp:1622  UpdateStreamFormats: 1 output streams; not all mono
2026-05-09 22:10:10.561 Df Spatial[97543:668a4] [com.apple.coreaudio:AUHAL]                 AUHAL.cpp:1634  UpdateStreamFormats: 
  Output render format:  2 ch,  48000 Hz, Float32, interleaved
2026-05-09 22:10:10.561 Df Spatial[97543:668a4] [com.apple.coreaudio:AUHAL]                 AUHAL.cpp:1610  UpdateStreamFormats: 
  input stream 0 [0x58]:  2 ch,  48000 Hz, Float32, interleaved
2026-05-09 22:10:10.561 Df Spatial[97543:668a4] [com.apple.coreaudio:AUHAL]                 AUHAL.cpp:1622  UpdateStreamFormats: 1 input streams; not all mono
2026-05-09 22:10:10.561 Df Spatial[97543:668a4] [com.apple.coreaudio:AUHAL]                 AUHAL.cpp:1634  UpdateStreamFormats: 
  Input render format:  2 ch,  48000 Hz, Float32, interleaved
2026-05-09 22:10:10.567 Db corespeechd[598:668a8] [com.apple.coreaudio:AQ]      AudioQueueObject.cpp:7205  ConvertInput: bufid 1004 0x0/0x800 bytes, 0/512 packets, mNumPacketDescriptions=0
2026-05-09 22:10:10.578 Db corespeechd[598:668a8] [com.apple.coreaudio:AQ]      AudioQueueObject.cpp:7205  ConvertInput: bufid 1004 0x0/0x800 bytes, 0/512 packets, mNumPacketDescriptions=0
2026-05-09 22:10:10.582 I  coreaudiod[93820:6689b] [com.apple.TCC:access] RECV: synchronous reply <dictionary: 0x9f0154c00> { count = 5, transaction: 0, voucher = 0x0, contents =
	"prompt_type" => <uint64: 0x9b70c3d8fcdd59b7>: 1
	"auth_value" => <uint64: 0x9b70c3d8fcdd59af>: 2
	"result" => <bool: 0x2067a3370>: true
	"auth_reason" => <uint64: 0x9b70c3d8fcdd59af>: 2
	"auth_version" => <uint64: 0x9b70c3d8fcdd59b7>: 1
}
2026-05-09 22:10:10.582 Df coreaudiod[93820:6689b] [com.apple.xpc:connection] [0x9f0154800] invalidated after the last release of the connection object
2026-05-09 22:10:10.582 Df coreaudiod[93820:66136] [com.apple.xpc:connection] [0x9f0154600] activating connection: mach=true listener=false peer=false name=com.apple.tccd.system
2026-05-09 22:10:10.582 I  coreaudiod[93820:66136] [com.apple.TCC:access] SEND: 0/7 synchronous to com.apple.tccd.system: request: msgID=93820.130, function=TCCAccessRequest, service=kTCCServiceMicrophone, target_token={pid:688, auid:501, euid:501},
2026-05-09 22:10:10.583 Df coreaudiod[93820:6689b] (CoreAudio)    HALS_UCRemotePlugIn.mm:1344   HALS_UCRemotePlugIn::ObjectGetPropertyData: failed:  [<private>/<private>/0], Error: 2003332927 (<private>)
2026-05-09 22:10:10.583 Df coreaudiod[93820:66876] (CoreAudio)    HALS_UCRemotePlugIn.mm:1344   HALS_UCRemotePlugIn::ObjectGetPropertyData: failed:  [<private>/<private>/0], Error: 2003332927 (<private>)
2026-05-09 22:10:10.584 Df coreaudiod[93820:6689b] (CoreAudio)    HALS_UCRemotePlugIn.mm:1344   HALS_UCRemotePlugIn::ObjectGetPropertyData: failed:  [<private>/<private>/0], Error: 2003332927 (<private>)
2026-05-09 22:10:10.584 Df coreaudiod[93820:66876] (CoreAudio)    HALS_UCRemotePlugIn.mm:1344   HALS_UCRemotePlugIn::ObjectGetPropertyData: failed:  [<private>/<private>/0], Error: 2003332927 (<private>)
2026-05-09 22:10:10.584 Df coreaudiod[93820:6689b] (CoreAudio)    HALS_UCRemotePlugIn.mm:1344   HALS_UCRemotePlugIn::ObjectGetPropertyData: failed:  [<private>/<private>/0], Error: 2003332927 (<private>)
2026-05-09 22:10:10.584 Df coreaudiod[93820:6689b] (CoreAudio)    HALS_UCRemotePlugIn.mm:1344   HALS_UCRemotePlugIn::ObjectGetPropertyData: failed:  [<private>/<private>/0], Error: 2003332927 (<private>)
2026-05-09 22:10:10.585 A  coreaudiod[93820:66873] (TCC) TCCAccessRequest() IPC
2026-05-09 22:10:10.588 Db Sound[94129:62acc] [com.apple.coreaudio:ssc]         AudioServices.cpp:1594  AudioServicesGetProperty id = 1635086956
2026-05-09 22:10:10.588 Db Sound[94129:62acc] [com.apple.coreaudio:ssc]         AudioServices.cpp:1542  AudioServicesGetPropertyInfo id = 1635086956
2026-05-09 22:10:10.588 Db Sound[94129:62acc] [com.apple.coreaudio:ssc]         AudioServices.cpp:1594  AudioServicesGetProperty id = 1936946796
2026-05-09 22:10:10.588 Db Sound[94129:62acc] [com.apple.coreaudio:ssc]         AudioServices.cpp:1542  AudioServicesGetPropertyInfo id = 1936946796
2026-05-09 22:10:10.588 Db Sound[94129:62acc] [com.apple.coreaudio:ssc]         AudioServices.cpp:1594  AudioServicesGetProperty id = 1969844078
2026-05-09 22:10:10.588 Db Sound[94129:62acc] [com.apple.coreaudio:ssc]         AudioServices.cpp:1542  AudioServicesGetPropertyInfo id = 1969844078
2026-05-09 22:10:10.588 Db corespeechd[598:668a8] [com.apple.coreaudio:AQ]      AudioQueueObject.cpp:7205  ConvertInput: bufid 1004 0x0/0x800 bytes, 0/512 packets, mNumPacketDescriptions=0
2026-05-09 22:10:10.588 Db corespeechd[598:668a8] [com.apple.coreaudio:AQ]        AudioQueueObject.h:1269  AQFetch: Input ring buffer returning 0x400 frames, t: 0x562e80 - 0x563280
2026-05-09 22:10:10.588 Db corespeechd[598:668a8] [com.apple.coreaudio:AQ]      AudioQueueObject.cpp:7354  EncoderInputProc: ->1024 fr, 4096 bytes @ t=5648000 fr
2026-05-09 22:10:10.588 Db corespeechd[598:668a8] [com.apple.coreaudio:AQ]      AudioQueueObject.cpp:7234  ConvertInput: <-0x200/0x200 packets, 0x800/0x800 bytes [buffer 1004]
2026-05-09 22:10:10.589 Db corespeechd[598:668a8] [com.apple.coreaudio:aqiotime]              AQIONode.cpp:122     ionode anchor 12172.173758, 5649016 st, 1.000000 rs
2026-05-09 22:10:10.589 Db corespeechd[598:668a8] [com.apple.coreaudio:AQ]      AudioQueueObject.cpp:7205  ConvertInput: bufid 1005 0x0/0x800 bytes, 0/512 packets, mNumPacketDescriptions=0
2026-05-09 22:10:10.589 Db corespeechd[598:668a8] [com.apple.coreaudio:AQ]      AudioQueueObject.cpp:7234  ConvertInput: <-0x200/0x200 packets, 0x800/0x800 bytes [buffer 1005]
2026-05-09 22:10:10.589 Db corespeechd[598:668a8] [com.apple.coreaudio:aqiotime]              AQIONode.cpp:122     ionode anchor 12172.173758, 5649016 st, 1.000000 rs
2026-05-09 22:10:10.589 Db corespeechd[598:66752] [com.apple.coreaudio:AQ]      AudioQueueObject.cpp:5719  EnqueueBuffer: aq@0x710c4e800: bufid 1004, cmd 0x7104f8f58, data 0x108398030: 0 bytes, 0 frames (trim 0/0), 0 packets, invalid ht, invalid st, outActualStartTime 0x0
2026-05-09 22:10:10.589 Db corespeechd[598:668a8] [com.apple.coreaudio:AQ]      AudioQueueObject.cpp:7205  ConvertInput: bufid 1006 0x0/0x800 bytes, 0/512 packets, mNumPacketDescriptions=0
2026-05-09 22:10:10.589 Db corespeechd[598:66752] [com.apple.coreaudio:AQ]      AudioQueueObject.cpp:5719  EnqueueBuffer: aq@0x710c4e800: bufid 1005, cmd 0x7104f8e78, data 0x108398870: 0 bytes, 0 frames (trim 0/0), 0 packets, invalid ht, invalid st, outActualStartTime 0x0
2026-05-09 22:10:10.589 Db corespeechd[598:668a8] [com.apple.coreaudio:AQ]      AudioQueueObject.cpp:7205  ConvertInput: bufid 1006 0x0/0x800 bytes, 0/512 packets, mNumPacketDescriptions=0
2026-05-09 22:10:10.596 Db coreaudiod[93820:6689a] [com.apple.audioanalytics:carc] Get serviceType. { reporterID=17914308591645 }
2026-05-09 22:10:10.596 Db coreaudiod[93820:6689a] [com.apple.audioanalytics:carc] ReporterID not created by client. Returning early. { function=<private>, reporterID=17914308591645 }
2026-05-09 22:10:10.596 Db coreaudiod[93820:6689a] [com.apple.coreaudio:aid] [AudioIssueDetectorManager.cpp:289   rtaid::Manager:0x2042893b0] enabling global NonFinite analyzer for client HAL
2026-05-09 22:10:10.596 Db coreaudiod[93820:6689a] [com.apple.coreaudio:aid] [AudioIssueDetectorManager.cpp:289   rtaid::Manager:0x2042893b0] enabling global AnalyzerRealTimeError analyzer for client HAL
2026-05-09 22:10:10.596 Db coreaudiod[93820:6689a] [com.apple.coreaudio:aid] [AudioIssueDetectorManager.cpp:289   rtaid::Manager:0x2042893b0] enabling global RMS analyzer for client HAL
2026-05-09 22:10:10.598 I  coreaudiod[93820:66136] [com.apple.TCC:access] RECV: synchronous reply <dictionary: 0x9f0154700> { count = 5, transaction: 0, voucher = 0x0, contents =
	"prompt_type" => <uint64: 0x9b70c3d8fcdd59b7>: 1
	"auth_value" => <uint64: 0x9b70c3d8fcdd59bf>: 0
	"result" => <bool: 0x2067a3390>: false
	"auth_reason" => <uint64: 0x9b70c3d8fcdd5997>: 5
	"auth_version" => <uint64: 0x9b70c3d8fcdd59b7>: 1
}
2026-05-09 22:10:10.598 Df coreaudiod[93820:66136] [com.apple.xpc:connection] [0x9f0154600] invalidated after the last release of the connection object
2026-05-09 22:10:10.598 Df Music[688:66203] [com.apple.coreaudio:AUHAL]                 AUHAL.cpp:755   SelectDevice: (0x125864840) created ioproc 0x12 for device 336
2026-05-09 22:10:10.598 E  coreaudiod[93820:66136] (CoreAudio)        HALS_IOContext.cpp:1481   Client is not granted access to the <private>.
2026-05-09 22:10:10.598 Df Music[688:66203] [com.apple.coreaudio:AUHAL]                 AUHAL.cpp:844   SelectDevice: (0x125864840) adding 6 device listeners to device 336
2026-05-09 22:10:10.598 Df coreaudiod[93820:66866] [com.apple.xpc:connection] [0x9f0154700] activating connection: mach=true listener=false peer=false name=com.apple.tccd.system
2026-05-09 22:10:10.598 I  coreaudiod[93820:66866] [com.apple.TCC:access] SEND: 0/7 synchronous to com.apple.tccd.system: request: msgID=93820.131, function=TCCAccessRequest, service=kTCCServiceMicrophone, target_token={pid:97543, auid:501, euid:501},
2026-05-09 22:10:10.598 Df Music[688:66203] [com.apple.coreaudio:AUHAL]                 AUHAL.cpp:844   SelectDevice: (0x125864840) adding 0 device delegate listeners to device 336
2026-05-09 22:10:10.598 Df Music[688:66203] [com.apple.coreaudio:AUHAL]                 AUHAL.cpp:1514  UpdateStreamFormats: -> (0x125864840)
2026-05-09 22:10:10.599 Df Music[688:66203] [com.apple.coreaudio:AUHAL]                 AUHAL.cpp:1610  UpdateStreamFormats: 
  output stream 0 [0x151]:  2 ch,  48000 Hz, Float32, interleaved
2026-05-09 22:10:10.599 Df Music[688:66203] [com.apple.coreaudio:AUHAL]                 AUHAL.cpp:1622  UpdateStreamFormats: 1 output streams; not all mono
2026-05-09 22:10:10.599 Df Music[688:66203] [com.apple.coreaudio:AUHAL]                 AUHAL.cpp:1634  UpdateStreamFormats: 
  Output render format:  2 ch,  48000 Hz, Float32, interleaved
2026-05-09 22:10:10.599 Df Music[688:66203] [com.apple.coreaudio:AUHAL]                 AUHAL.cpp:1610  UpdateStreamFormats: 
  input stream 0 [0x152]:  2 ch,  48000 Hz, Float32, interleaved
2026-05-09 22:10:10.599 Df Music[688:66203] [com.apple.coreaudio:AUHAL]                 AUHAL.cpp:1622  UpdateStreamFormats: 1 input streams; not all mono
2026-05-09 22:10:10.599 Df Music[688:66203] [com.apple.coreaudio:AUHAL]                 AUHAL.cpp:1704  UpdateStreamFormats: AUHAL(0x125864840) Calling PropertyChanged() for kAudioUnitProperty_StreamFormat, Scope:Output, Bus:Output
2026-05-09 22:10:10.599 Df Music[688:66203] [com.apple.coreaudio:AUHAL]                 AUHAL.cpp:1826  SetStreamUsage: Input stream enables: Stream 0 is DISABLED
2026-05-09 22:10:10.599 Df Music[688:66203] [com.apple.coreaudio:AUHAL]                 AUHAL.cpp:1720  UpdateStreamFormats: <-
2026-05-09 22:10:10.599 Df Music[688:66203] [com.apple.coreaudio:AUHAL]                 AUHAL.cpp:881   SelectDevice: (0x125864840) removing 6 device listeners from device 324
2026-05-09 22:10:10.599 Df Music[688:66203] [com.apple.coreaudio:AUHAL]                 AUHAL.cpp:881   SelectDevice: (0x125864840) removing 0 device delegate listeners from device 324
2026-05-09 22:10:10.599 Df Music[688:66203] [com.apple.coreaudio:AUHAL]                 AUHAL.cpp:897   SelectDevice: <- (0x125864840)
2026-05-09 22:10:10.599 Df Music[688:66203] [com.apple.coreaudio:AUHAL]                 AUHAL.cpp:967   HALListener: <-(0x125864840)
2026-05-09 22:10:10.601 I  coreaudiod[93820:66866] [com.apple.TCC:access] RECV: synchronous reply <dictionary: 0x9f0154600> { count = 5, transaction: 0, voucher = 0x0, contents =
	"prompt_type" => <uint64: 0x9b70c3d8fcdd59b7>: 1
	"auth_value" => <uint64: 0x9b70c3d8fcdd59af>: 2
	"result" => <bool: 0x2067a3370>: true
	"auth_reason" => <uint64: 0x9b70c3d8fcdd59af>: 2
	"auth_version" => <uint64: 0x9b70c3d8fcdd59b7>: 1
}
2026-05-09 22:10:10.601 Df coreaudiod[93820:66866] [com.apple.xpc:connection] [0x9f0154700] invalidated after the last release of the connection object
2026-05-09 22:10:10.601 Df coreaudiod[93820:66873] [com.apple.xpc:connection] [0x9f0154600] activating connection: mach=true listener=false peer=false name=com.apple.tccd.system
2026-05-09 22:10:10.601 Df Spatial[97543:668a4] [com.apple.coreaudio:AUHAL]                 AUHAL.cpp:1704  UpdateStreamFormats: AUHAL(0x12c832a40) Calling PropertyChanged() for kAudioUnitProperty_StreamFormat, Scope:Output, Bus:Output
2026-05-09 22:10:10.601 I  coreaudiod[93820:66873] [com.apple.TCC:access] SEND: 0/7 synchronous to com.apple.tccd.system: request: msgID=93820.132, function=TCCAccessRequest, service=kTCCServiceMicrophone, target_token={pid:4171, auid:501, euid:501},
2026-05-09 22:10:10.601 Df Spatial[97543:668a4] [com.apple.coreaudio:AUHAL]                 AUHAL.cpp:1710  UpdateStreamFormats: AUHAL(0x12c832a40) Calling PropertyChanged() for kAudioUnitProperty_StreamFormat, Scope:Input, Bus:Input
2026-05-09 22:10:10.601 Df Spatial[97543:668a4] [com.apple.coreaudio:AUHAL]                 AUHAL.cpp:1720  UpdateStreamFormats: <-
2026-05-09 22:10:10.601 Df Spatial[97543:668a4] [com.apple.coreaudio:AUHAL]                 AUHAL.cpp:881   SelectDevice: (0x12c832a40) removing 7 device listeners from device 74
2026-05-09 22:10:10.601 Db Spatial[97543:668d8] [com.apple.coreaudio:AUHAL]                 AUHAL.cpp:483   Initialize: -> (0x12c137640)
2026-05-09 22:10:10.602 Df Spatial[97543:668a4] [com.apple.coreaudio:AUHAL]                 AUHAL.cpp:881   SelectDevice: (0x12c832a40) removing 0 device delegate listeners from device 74
2026-05-09 22:10:10.602 Df Spatial[97543:668a4] [com.apple.coreaudio:AUHAL]                 AUHAL.cpp:897   SelectDevice: <- (0x12c832a40)
2026-05-09 22:10:10.602 Df Spatial[97543:668d8] [com.apple.coreaudio:AudioConverter]        AudioConverter.cpp:1007  Created a new in process converter -> 0x6000035b8d20, from  2 ch,  44100 Hz, Float32, deinterleaved to  2 ch,  48000 Hz, Float32, interleaved
2026-05-09 22:10:10.602 Df Spatial[97543:668d8] [com.apple.coreaudio:AUHAL]                 AUHAL.cpp:1826  SetStreamUsage: Output stream enables: Stream 0 is DISABLED
2026-05-09 22:10:10.602 Db Spatial[97543:6685e] [com.apple.audioanalytics:carc] Destroying reporter. { reporterID=418943994953729 }
2026-05-09 22:10:10.602 Db Spatial[97543:6685e] [com.apple.audioanalytics:carc] Stopping reporter. { reporterID=418943994953729 }
2026-05-09 22:10:10.602 Db Spatial[97543:6685e] [com.apple.audioanalytics:carc] Sending message. { reporterID=418943994953729, category=Generic, type=generic }
2026-05-09 22:10:10.602 Df Spatial[97543:6685e] [com.apple.coreaudio:AUHAL]                 AUHAL.cpp:466   ~AUHAL: (0x12c832a40) Selecting device 0 from destructor
2026-05-09 22:10:10.602 Df Spatial[97543:6685e] [com.apple.coreaudio:AUHAL]                 AUHAL.cpp:610   SelectDevice: -> (0x12c832a40)
2026-05-09 22:10:10.602 Db audioanalyticsd[61133:66790] [com.apple.audioanalytics:cars] sendMessage() called. { reporterID=<private>, category=Generic, type=Generic }
2026-05-09 22:10:10.602 Df Spatial[97543:6685e] [com.apple.coreaudio:AUHAL]                 AUHAL.cpp:662   SelectDevice: (0x12c832a40) not already running
2026-05-09 22:10:10.602 A  coreaudiod[93820:66866] (TCC) TCCAccessRequest() IPC
2026-05-09 22:10:10.602 Df Spatial[97543:6685e] [com.apple.coreaudio:AUHAL]                 AUHAL.cpp:668   SelectDevice: (0x12c832a40) disconnecting device 86
2026-05-09 22:10:10.602 Db audioanalyticsd[61133:66790] [com.apple.audioanalytics:cars] sendMessage { reporterID=418943994953729 }
2026-05-09 22:10:10.602 Df Spatial[97543:6685e] [com.apple.coreaudio:AUHAL]                 AUHAL.cpp:732   SelectDevice: (0x12c832a40) destroying ioproc 0xc for device 86
2026-05-09 22:10:10.602 Df Spatial[97543:6685e] [com.apple.coreaudio:as_client]   AVAudioSession_MacOS.mm:2783  --> setPlayState Stopped  Input/Output {com.spatial.app.driver.speaker, 0xc}
2026-05-09 22:10:10.602 I  Spatial[97543:6685e] [com.apple.coreaudio:as_client]   AVAudioSession_MacOS.mm:2803  Devices are same: =1. Previous: {(
)}. Current: {(
)}
2026-05-09 22:10:10.603 Db audioanalyticsd[61133:66790] [com.apple.audioanalytics:carr] Processing message. { reporterID=418943994953729, singleServerSession=false }
2026-05-09 22:10:10.602 Df Spatial[97543:6685e] [com.apple.coreaudio:as_client]   AVAudioSession_MacOS.mm:2814  <-- setPlayState IOState: [0, 0]. BT device UIDS: {(
)} Server update was not required.
2026-05-09 22:10:10.603 Df Spatial[97543:668d8] [com.apple.coreaudio:AUHAL]                 AUHAL.cpp:1826  SetStreamUsage: Input stream enables: Stream 0 is ENABLED
2026-05-09 22:10:10.603 Db audioanalyticsd[61133:66790] [com.apple.audioanalytics:cars] stopSession() called. { reporterID=418943994953729 }
2026-05-09 22:10:10.603 Db audioanalyticsd[61133:66790] [com.apple.audioanalytics:carr] signalStop() called. { isStarted=<private>, reporterID=418943994953729 }
2026-05-09 22:10:10.603 Db audioanalyticsd[61133:66790] [com.apple.audioanalytics:carr] Processing message. { reporterID=418943994953729, singleServerSession=false }
2026-05-09 22:10:10.603 Db audioanalyticsd[61133:66790] [com.apple.audioanalytics:carr] enqueueStop() called. { reporterID=418943994953729 }
2026-05-09 22:10:10.603 Db audioanalyticsd[61133:66790] [com.apple.audioanalytics:cars] Session stop signaled. { reporterID=418943994953729 }
2026-05-09 22:10:10.603 Db audioanalyticsd[61133:66790] [com.apple.audioanalytics:cars] destroySession() called. { reporterID=418943994953729 }
2026-05-09 22:10:10.603 Db audioanalyticsd[61133:66790] [com.apple.audioanalytics:carr] stop() called. { isStarted=<private>, reporterID=418943994953729 }
2026-05-09 22:10:10.603 Db audioanalyticsd[61133:66790] [com.apple.audioanalytics:carr] Processing message. { reporterID=418943994953729, singleServerSession=false }
2026-05-09 22:10:10.604 Db audioanalyticsd[61133:66790] [com.apple.audioanalytics:carr] Ending session. { reporterID=418943994953729 }
2026-05-09 22:10:10.604 Db audioanalyticsd[61133:66790] [com.apple.audioanalytics:carr] Stopping worker { worker=<private>, reporterID=418943994953729  }
2026-05-09 22:10:10.604 Db audioanalyticsd[61133:66790] [com.apple.audioanalytics:carr] Stopping worker { worker=<private>, reporterID=418943994953729  }
2026-05-09 22:10:10.604 Db audioanalyticsd[61133:66790] [com.apple.audioanalytics:carr] Stopping worker { worker=<private>, reporterID=418943994953729  }
2026-05-09 22:10:10.604 Db audioanalyticsd[61133:66790] [com.apple.audioanalytics:carr] Stopping worker { worker=summaryDecorator, reporterID=418943994953729  }
2026-05-09 22:10:10.604 Db audioanalyticsd[61133:66790] [com.apple.audioanalytics:carr] Stopping worker { worker=<private>, reporterID=418943994953729  }
2026-05-09 22:10:10.604 Db audioanalyticsd[61133:66790] [com.apple.audioanalytics:carr] Stopping worker { worker=inferenceSummary, reporterID=418943994953729  }
2026-05-09 22:10:10.604 Db audioanalyticsd[61133:66790] [com.apple.audioanalytics:carr] Stopping worker { worker=<private>, reporterID=418943994953729  }
2026-05-09 22:10:10.604 Db audioanalyticsd[61133:66790] [com.apple.audioanalytics:carr] Processing message. { reporterID=418943994953729, singleServerSession=false }
2026-05-09 22:10:10.604 Db audioanalyticsd[61133:66790] [com.apple.audioanalytics:apwl] Worker not started, cannot send message to PowerLog. { reporterID=418943994953729 }
2026-05-09 22:10:10.605 Db audioanalyticsd[61133:66790] [com.apple.audioanalytics:carr] Stopping worker { worker=<private>, reporterID=418943994953729  }
2026-05-09 22:10:10.605 Db audioanalyticsd[61133:66790] [com.apple.audioanalytics:carr] Stopping worker { worker=<private>, reporterID=418943994953729  }
2026-05-09 22:10:10.605 Db audioanalyticsd[61133:66790] [com.apple.audioanalytics:cars] Removing from session list. { reporterID=418943994953729 }
2026-05-09 22:10:10.605 Db audioanalyticsd[61133:66790] [com.apple.audioanalytics:cars] Active reporting sessions. { clientProcessName=<private>, sessionCount=0, activeSessions=<private> }
