2026-05-09 22:10:10.644 Db coreaudiod[93820:6692e] [com.apple.coreaudio:DSPGraph] RingBufferBox::initialize 0x9f0f99f28   ch 8   nz    0   cap    0  in1
2026-05-09 22:10:10.644 Db audioanalyticsd[61133:6658d] [com.apple.audioanalytics:carr] Started worker. { worker=<private>, reporterID=418943994953732 }
2026-05-09 22:10:10.644 Db coreaudiod[93820:6692e] [com.apple.defaults:User Defaults] found no value for key converterkTracesPermitted in CFPrefsSearchListSource<0x9f011f100> (Domain: com.apple.coreaudio, Container: (null))
2026-05-09 22:10:10.645 Db audioanalyticsd[61133:6658d] [com.apple.audioanalytics:carr] Started worker. { worker=<private>, reporterID=418943994953732 }
2026-05-09 22:10:10.644 Db coreaudiod[93820:6692e] [com.apple.defaults:User Defaults] found no value for key converterkTracesPermitted in CFPrefsSearchListSource<0x9f011f100> (Domain: com.apple.coreaudio, Container: (null))
2026-05-09 22:10:10.645 Db audioanalyticsd[61133:6658d] [com.apple.audioanalytics:carr] Started worker. { worker=<private>, reporterID=418943994953732 }
2026-05-09 22:10:10.644 Db coreaudiod[93820:6692e] [com.apple.defaults:User Defaults] found no value for key converterkTracesPermitted in CFPrefsSearchListSource<0x9f011f100> (Domain: com.apple.coreaudio, Container: (null))
2026-05-09 22:10:10.645 Db audioanalyticsd[61133:6658d] [com.apple.audioanalytics:carr] Started worker. { worker=inferenceSummary, reporterID=418943994953732 }
2026-05-09 22:10:10.645 Df coreaudiod[93820:6692e] [com.apple.coreaudio:AudioConverter]        AudioConverter.cpp:1007  Created a new in process converter -> 0x9f1cbe400, from  8 ch,  48000 Hz, Int16, interleaved to  8 ch,  48000 Hz, Float32, interleaved
2026-05-09 22:10:10.645 Db audioanalyticsd[61133:6658d] [com.apple.audioanalytics:carr] Processing message. { reporterID=418943994953732, singleServerSession=false }
2026-05-09 22:10:10.645 Db coreaudiod[93820:6692e] [com.apple.coreaudio:DSPGraph] >>>>>>>>>>>> INITIALIZE GRAPH
2026-05-09 22:10:10.645 Db audioanalyticsd[61133:6658d] [com.apple.audioanalytics:carr] HAL_IO__Start message received. { context=<private> }
2026-05-09 22:10:10.645 Db coreaudiod[93820:6692e] [com.apple.defaults:User Defaults] found no value for key converterkTracesPermitted in CFPrefsSearchListSource<0x9f011f100> (Domain: com.apple.coreaudio, Container: (null))
2026-05-09 22:10:10.645 Db audioanalyticsd[61133:6658d] [com.apple.audioanalytics:carr] Expected keys absent from HAL_IO__Start message. Exiting early.
2026-05-09 22:10:10.645 Db coreaudiod[93820:6692e] [com.apple.defaults:User Defaults] found no value for key converterkTracesPermitted in CFPrefsSearchListSource<0x9f011f100> (Domain: com.apple.coreaudio, Container: (null))
2026-05-09 22:10:10.645 Db audioanalyticsd[61133:6658d] [com.apple.audioanalytics:carr] Expected keys absent from HAL_IO__Start message. Exiting early.
2026-05-09 22:10:10.645 Db coreaudiod[93820:6692e] [com.apple.defaults:User Defaults] found no value for key converterkTracesPermitted in CFPrefsSearchListSource<0x9f011f100> (Domain: com.apple.coreaudio, Container: (null))
2026-05-09 22:10:10.645 Db audioanalyticsd[61133:6658d] [com.apple.audioanalytics:artc] RTC started { reporterID=418943994953732 }
2026-05-09 22:10:10.645 Df coreaudiod[93820:6692e] [com.apple.coreaudio:AudioConverter]        AudioConverter.cpp:1007  Created a new in process converter -> 0x9f1cbea60, from  4 ch,  48000 Hz, Float32, deinterleaved to  4 ch,  48000 Hz, lpcm (0x00000004) 24-bit little-endian signed integer, unpacked in 4 bytes low-aligned
2026-05-09 22:10:10.645 Db coreaudiod[93820:6692e] [com.apple.coreaudio:DSPGraph] RingBufferBox::initialize 0x9f11e94a8   ch 4   nz    0   cap    0  out0
2026-05-09 22:10:10.645 Db coreaudiod[93820:6692e] [com.apple.defaults:User Defaults] found no value for key converterkTracesPermitted in CFPrefsSearchListSource<0x9f011f100> (Domain: com.apple.coreaudio, Container: (null))
2026-05-09 22:10:10.645 Db coreaudiod[93820:6692e] [com.apple.defaults:User Defaults] found no value for key converterkTracesPermitted in CFPrefsSearchListSource<0x9f011f100> (Domain: com.apple.coreaudio, Container: (null))
2026-05-09 22:10:10.645 Db coreaudiod[93820:6692e] [com.apple.defaults:User Defaults] found no value for key converterkTracesPermitted in CFPrefsSearchListSource<0x9f011f100> (Domain: com.apple.coreaudio, Container: (null))
2026-05-09 22:10:10.645 Df coreaudiod[93820:6692e] [com.apple.coreaudio:AudioConverter]        AudioConverter.cpp:1007  Created a new in process converter -> 0x9f1cbe280, from  4 ch,  48000 Hz, Float32, deinterleaved to  4 ch,  48000 Hz, Float32, interleaved
2026-05-09 22:10:10.645 Db coreaudiod[93820:6692e] [com.apple.coreaudio:DSPGraph] RingBufferBox::initialize 0x9f11e9128   ch 4   nz    0   cap    0  out1
2026-05-09 22:10:10.646 Db coreaudiod[93820:6692e] [com.apple.coreaudio:DSPGraph] <<<<<<<<<<<< INITIALIZE GRAPH
2026-05-09 22:10:10.646 Df coreaudiod[93820:6692e] [com.apple.audio.ASDT:MacAudio] BuiltInSpeakerDevice PerformStartIO, running state: 0
2026-05-09 22:10:10.646 Db coreaudiod[93820:6692e] [com.apple.defaults:User Defaults] found no value for key converterkTracesPermitted in CFPrefsSearchListSource<0x9f011f100> (Domain: com.apple.coreaudio, Container: (null))
2026-05-09 22:10:10.646 Db coreaudiod[93820:6692e] [com.apple.defaults:User Defaults] found no value for key converterkTracesPermitted in CFPrefsSearchListSource<0x9f011f100> (Domain: com.apple.coreaudio, Container: (null))
2026-05-09 22:10:10.646 Db coreaudiod[93820:6692e] [com.apple.defaults:User Defaults] found no value for key converterkTracesPermitted in CFPrefsSearchListSource<0x9f011f100> (Domain: com.apple.coreaudio, Container: (null))
2026-05-09 22:10:10.646 Df coreaudiod[93820:6692e] [com.apple.coreaudio:AudioConverter]        AudioConverter.cpp:1007  Created a new in process converter -> 0x9f1cbeb80, from  4 ch,  48000 Hz, Float32, interleaved to  4 ch,  48000 Hz, Float32, interleaved
2026-05-09 22:10:10.646 Db coreaudiod[93820:6692e] [com.apple.defaults:User Defaults] found no value for key converterkTracesPermitted in CFPrefsSearchListSource<0x9f011f100> (Domain: com.apple.coreaudio, Container: (null))
2026-05-09 22:10:10.646 Db coreaudiod[93820:6692e] [com.apple.defaults:User Defaults] found no value for key converterkTracesPermitted in CFPrefsSearchListSource<0x9f011f100> (Domain: com.apple.coreaudio, Container: (null))
2026-05-09 22:10:10.646 Db coreaudiod[93820:6692e] [com.apple.defaults:User Defaults] found no value for key converterkTracesPermitted in CFPrefsSearchListSource<0x9f011f100> (Domain: com.apple.coreaudio, Container: (null))
2026-05-09 22:10:10.646 Df coreaudiod[93820:6692e] [com.apple.coreaudio:AudioConverter]        AudioConverter.cpp:1007  Created a new in process converter -> 0x9f1cbeac0, from  2 ch,  48000 Hz, Float32, interleaved to  2 ch,  48000 Hz, Float32, interleaved
2026-05-09 22:10:10.646 Df coreaudiod[93820:62303] [com.apple.coreaudio:AMCP] 204855               HALS_IOEngine2.cpp:2617  		HALS_IOEngine2::_StartIO(88) succeeded on Context 372  new state: Prewarm: 0 Play: 1 State: Running
2026-05-09 22:10:10.646 Db coreaudiod[93820:6692e] [com.apple.defaults:User Defaults] found no value for key converterkTracesPermitted in CFPrefsSearchListSource<0x9f011f100> (Domain: com.apple.coreaudio, Container: (null))
2026-05-09 22:10:10.646 Db coreaudiod[93820:6692e] [com.apple.defaults:User Defaults] found no value for key converterkTracesPermitted in CFPrefsSearchListSource<0x9f011f100> (Domain: com.apple.coreaudio, Container: (null))
2026-05-09 22:10:10.646 Db coreaudiod[93820:6692e] [com.apple.defaults:User Defaults] found no value for key converterkTracesPermitted in CFPrefsSearchListSource<0x9f011f100> (Domain: com.apple.coreaudio, Container: (null))
2026-05-09 22:10:10.646 Df coreaudiod[93820:6692e] [com.apple.coreaudio:AudioConverter]        AudioConverter.cpp:1007  Created a new in process converter -> 0x9f1cbeb20, from  2 ch,  48000 Hz, Float32, interleaved to  2 ch,  48000 Hz, Float32, interleaved
2026-05-09 22:10:10.646 Db coreaudiod[93820:6692e] [com.apple.defaults:User Defaults] found no value for key converterkTracesPermitted in CFPrefsSearchListSource<0x9f011f100> (Domain: com.apple.coreaudio, Container: (null))
2026-05-09 22:10:10.647 Db coreaudiod[93820:6692e] [com.apple.defaults:User Defaults] found no value for key converterkTracesPermitted in CFPrefsSearchListSource<0x9f011f100> (Domain: com.apple.coreaudio, Container: (null))
2026-05-09 22:10:10.647 Db coreaudiod[93820:6692e] [com.apple.defaults:User Defaults] found no value for key converterkTracesPermitted in CFPrefsSearchListSource<0x9f011f100> (Domain: com.apple.coreaudio, Container: (null))
2026-05-09 22:10:10.647 Df coreaudiod[93820:6692e] [com.apple.coreaudio:AudioConverter]        AudioConverter.cpp:1007  Created a new in process converter -> 0x9f1cbeb50, from  4 ch,  48000 Hz, Float32, interleaved to  4 ch,  48000 Hz, Float32, interleaved
2026-05-09 22:10:10.647 Df coreaudiod[93820:6692e] [com.apple.audio.ASDT:Base] Speaker: Thread context 372 start with use case 0, count: 1
2026-05-09 22:10:10.647 Df Spatial[97543:6685e] [com.apple.coreaudio:as_client]   AVAudioSession_MacOS.mm:2783  --> setPlayState Started  Output {BuiltInSpeakerDevice, 0xb}
2026-05-09 22:10:10.647 Db coreaudiod[93820:62303] [com.apple.coreaudio:AMCP] 204855   HALS_IOContext_Legacy_Impl.cpp:1964  Completed HALS_IOContext_Legacy_Impl::IOWorkLoopInit - 0
2026-05-09 22:10:10.647 I  Spatial[97543:6685e] [com.apple.coreaudio:as_client]   AVAudioSession_MacOS.mm:2803  Devices are same: =0. Previous: {(
    "com.spatial.app.driver.speaker"
)}. Current: {(
    BuiltInSpeakerDevice,
    "com.spatial.app.driver.speaker"
)}
2026-05-09 22:10:10.647 Db coreaudiod[93820:66882] [com.apple.audioanalytics:carc] Sending message. { reporterID=418943994953732, category=HAL_IO, type=start }
2026-05-09 22:10:10.647 Db coreaudiod[93820:66882] [com.apple.audioanalytics:carc] ReporterID not created by client. Returning early. { function=<private>, reporterID=418943994953732 }
2026-05-09 22:10:10.647 Db audioanalyticsd[61133:66790] [com.apple.audioanalytics:cars] sendMessage() called. { reporterID=<private>, category=HAL_IO, type=Start }
2026-05-09 22:10:10.648 Db audioanalyticsd[61133:66790] [com.apple.audioanalytics:cars] sendMessage { reporterID=418943994953732 }
2026-05-09 22:10:10.648 Df audiomxd[2438:6614d] [com.apple.coreaudio:as_server] AVAudioSessionXPCServer.mm:2667  { "action":"update_running_state", "session":{"ID":"0x98601e","name":"Spatial(97543)"}, "details":{"deviceUIDs":[],"implicit_category":"PlayAndRecord","input_running":true,"output_running":true} }
2026-05-09 22:10:10.648 Db audioanalyticsd[61133:66790] [com.apple.audioanalytics:cars] Session not found. { reporterID=418943994953732, action=<private> }
2026-05-09 22:10:10.648 Df Spatial[97543:6685e] [com.apple.coreaudio:as_client]   AVAudioSession_MacOS.mm:1227  Sent updated IOState to server: [1, 1]. BT device UIDS: {(
)}
2026-05-09 22:10:10.648 Df Spatial[97543:6685e] [com.apple.coreaudio:as_client]   AVAudioSession_MacOS.mm:2819  <-- setPlayState Server update was required.
2026-05-09 22:10:10.648 Db audioanalyticsd[61133:66790] [com.apple.audioanalytics:cars] Session not found. { reporterID=418943994953732, action=<private> }
2026-05-09 22:10:10.648 Db audioanalyticsd[61133:66790] [com.apple.audioanalytics:cars] Session not found. { reporterID=418943994953732, action=<private> }
2026-05-09 22:10:10.648 Db audioanalyticsd[61133:66790] [com.apple.audioanalytics:cars] Found session on another instance. { reporterID=418943994953732, action=<private> }
2026-05-09 22:10:10.649 Db audioanalyticsd[61133:66790] [com.apple.audioanalytics:carr] Processing message. { reporterID=418943994953732, singleServerSession=false }
2026-05-09 22:10:10.649 Db audioanalyticsd[61133:66790] [com.apple.audioanalytics:carr] HAL_IO__Start message received. { context=<private> }
2026-05-09 22:10:10.649 Db audioanalyticsd[61133:66790] [com.apple.audioanalytics:carr] Expected keys absent from HAL_IO__Start message. Exiting early.
2026-05-09 22:10:10.649 Db audioanalyticsd[61133:66790] [com.apple.audioanalytics:carr] Processing message. { reporterID=418943994953732, singleServerSession=false }
2026-05-09 22:10:10.652 Db corespeechd[598:668a8] [com.apple.coreaudio:AQ]      AudioQueueObject.cpp:7205  ConvertInput: bufid 1006 0x0/0x800 bytes, 0/512 packets, mNumPacketDescriptions=0
2026-05-09 22:10:10.653 Db corespeechd[598:668a8] [com.apple.coreaudio:AQ]        AudioQueueObject.h:1269  AQFetch: Input ring buffer returning 0x400 frames, t: 0x563280 - 0x563680
2026-05-09 22:10:10.653 Db corespeechd[598:668a8] [com.apple.coreaudio:AQ]      AudioQueueObject.cpp:7354  EncoderInputProc: ->1024 fr, 4096 bytes @ t=5649024 fr
2026-05-09 22:10:10.653 Db corespeechd[598:668a8] [com.apple.coreaudio:AQ]      AudioQueueObject.cpp:7234  ConvertInput: <-0x200/0x200 packets, 0x800/0x800 bytes [buffer 1006]
2026-05-09 22:10:10.653 Db corespeechd[598:668a8] [com.apple.coreaudio:aqiotime]              AQIONode.cpp:122     ionode anchor 12172.237758, 5650040 st, 1.000000 rs
2026-05-09 22:10:10.653 Db corespeechd[598:668a8] [com.apple.coreaudio:AQ]      AudioQueueObject.cpp:7205  ConvertInput: bufid 1007 0x0/0x800 bytes, 0/512 packets, mNumPacketDescriptions=0
2026-05-09 22:10:10.653 Db corespeechd[598:668a8] [com.apple.coreaudio:AQ]      AudioQueueObject.cpp:7234  ConvertInput: <-0x200/0x200 packets, 0x800/0x800 bytes [buffer 1007]
2026-05-09 22:10:10.653 Db corespeechd[598:668a8] [com.apple.coreaudio:aqiotime]              AQIONode.cpp:122     ionode anchor 12172.237758, 5650040 st, 1.000000 rs
2026-05-09 22:10:10.653 Db corespeechd[598:66880] [com.apple.coreaudio:AQ]      AudioQueueObject.cpp:5719  EnqueueBuffer: aq@0x710c4e800: bufid 1006, cmd 0x7104f93b8, data 0x1083990b0: 0 bytes, 0 frames (trim 0/0), 0 packets, invalid ht, invalid st, outActualStartTime 0x0
2026-05-09 22:10:10.653 Db corespeechd[598:668a8] [com.apple.coreaudio:AQ]      AudioQueueObject.cpp:7205  ConvertInput: bufid 1004 0x0/0x800 bytes, 0/512 packets, mNumPacketDescriptions=0
2026-05-09 22:10:10.653 Db corespeechd[598:66880] [com.apple.coreaudio:AQ]      AudioQueueObject.cpp:5719  EnqueueBuffer: aq@0x710c4e800: bufid 1007, cmd 0x7104f8fc8, data 0x1083998f0: 0 bytes, 0 frames (trim 0/0), 0 packets, invalid ht, invalid st, outActualStartTime 0x0
2026-05-09 22:10:10.653 Db corespeechd[598:668a8] [com.apple.coreaudio:AQ]      AudioQueueObject.cpp:7205  ConvertInput: bufid 1004 0x0/0x800 bytes, 0/512 packets, mNumPacketDescriptions=0
2026-05-09 22:10:10.666 Db coreaudiod[93820:62303] [com.apple.audioanalytics:carc] Sending message. { reporterID=418943994953732, category=HAL_IO, type=setup }
2026-05-09 22:10:10.666 Db coreaudiod[93820:62303] [com.apple.audioanalytics:carc] ReporterID not created by client. Returning early. { function=<private>, reporterID=418943994953732 }
2026-05-09 22:10:10.666 Db audioanalyticsd[61133:66790] [com.apple.audioanalytics:cars] sendMessage() called. { reporterID=<private>, category=HAL_IO, type=Setup }
2026-05-09 22:10:10.666 Db audioanalyticsd[61133:66790] [com.apple.audioanalytics:cars] sendMessage { reporterID=418943994953732 }
2026-05-09 22:10:10.667 Db audioanalyticsd[61133:66790] [com.apple.audioanalytics:cars] Session not found. { reporterID=418943994953732, action=<private> }
2026-05-09 22:10:10.667 Db audioanalyticsd[61133:66790] [com.apple.audioanalytics:cars] Session not found. { reporterID=418943994953732, action=<private> }
2026-05-09 22:10:10.667 Db audioanalyticsd[61133:66790] [com.apple.audioanalytics:cars] Session not found. { reporterID=418943994953732, action=<private> }
2026-05-09 22:10:10.667 Db audioanalyticsd[61133:66790] [com.apple.audioanalytics:cars] Found session on another instance. { reporterID=418943994953732, action=<private> }
2026-05-09 22:10:10.668 Db audioanalyticsd[61133:66790] [com.apple.audioanalytics:carr] Processing message. { reporterID=418943994953732, singleServerSession=false }
2026-05-09 22:10:10.684 Db corespeechd[598:668a8] [com.apple.coreaudio:AQ]      AudioQueueObject.cpp:7205  ConvertInput: bufid 1004 0x0/0x800 bytes, 0/512 packets, mNumPacketDescriptions=0
2026-05-09 22:10:10.695 Db corespeechd[598:668a8] [com.apple.coreaudio:AQ]      AudioQueueObject.cpp:7205  ConvertInput: bufid 1004 0x0/0x800 bytes, 0/512 packets, mNumPacketDescriptions=0
2026-05-09 22:10:10.698 Db coreaudiod[93820:6689a] [com.apple.audioanalytics:carc] Get serviceType. { reporterID=418943994953732 }
2026-05-09 22:10:10.698 Db coreaudiod[93820:6689a] [com.apple.audioanalytics:carc] ReporterID not created by client. Returning early. { function=<private>, reporterID=418943994953732 }
2026-05-09 22:10:10.698 Db coreaudiod[93820:6689a] [com.apple.coreaudio:aid] [AudioIssueDetectorManager.cpp:289   rtaid::Manager:0x2042893b0] enabling global NonFinite analyzer for client HAL
2026-05-09 22:10:10.698 Db coreaudiod[93820:6689a] [com.apple.coreaudio:aid] [AudioIssueDetectorManager.cpp:289   rtaid::Manager:0x2042893b0] enabling global AnalyzerRealTimeError analyzer for client HAL
2026-05-09 22:10:10.698 Db coreaudiod[93820:6689a] [com.apple.coreaudio:aid] [AudioIssueDetectorManager.cpp:289   rtaid::Manager:0x2042893b0] enabling global RMS analyzer for client HAL
2026-05-09 22:10:10.698 Db coreaudiod[93820:6689a] [com.apple.audioanalytics:carc] Get serviceType. { reporterID=418943994953732 }
2026-05-09 22:10:10.698 Db coreaudiod[93820:6689a] [com.apple.audioanalytics:carc] ReporterID not created by client. Returning early. { function=<private>, reporterID=418943994953732 }
2026-05-09 22:10:10.698 Db coreaudiod[93820:6689a] [com.apple.coreaudio:aid] [AudioIssueDetectorManager.cpp:289   rtaid::Manager:0x2042893b0] enabling global NonFinite analyzer for client HAL
2026-05-09 22:10:10.698 Db coreaudiod[93820:6689a] [com.apple.coreaudio:aid] [AudioIssueDetectorManager.cpp:289   rtaid::Manager:0x2042893b0] enabling global AnalyzerRealTimeError analyzer for client HAL
2026-05-09 22:10:10.698 Db coreaudiod[93820:6689a] [com.apple.coreaudio:aid] [AudioIssueDetectorManager.cpp:289   rtaid::Manager:0x2042893b0] enabling global RMS analyzer for client HAL
2026-05-09 22:10:10.706 Db corespeechd[598:668a8] [com.apple.coreaudio:AQ]      AudioQueueObject.cpp:7205  ConvertInput: bufid 1004 0x0/0x800 bytes, 0/512 packets, mNumPacketDescriptions=0
2026-05-09 22:10:10.716 Db corespeechd[598:668a8] [com.apple.coreaudio:AQ]      AudioQueueObject.cpp:7205  ConvertInput: bufid 1004 0x0/0x800 bytes, 0/512 packets, mNumPacketDescriptions=0
2026-05-09 22:10:10.716 Db corespeechd[598:668a8] [com.apple.coreaudio:AQ]        AudioQueueObject.h:1269  AQFetch: Input ring buffer returning 0x400 frames, t: 0x563680 - 0x563a80
2026-05-09 22:10:10.716 Db corespeechd[598:668a8] [com.apple.coreaudio:AQ]      AudioQueueObject.cpp:7354  EncoderInputProc: ->1024 fr, 4096 bytes @ t=5650048 fr
2026-05-09 22:10:10.717 Db corespeechd[598:668a8] [com.apple.coreaudio:AQ]      AudioQueueObject.cpp:7234  ConvertInput: <-0x200/0x200 packets, 0x800/0x800 bytes [buffer 1004]
2026-05-09 22:10:10.717 Db corespeechd[598:668a8] [com.apple.coreaudio:aqiotime]              AQIONode.cpp:122     ionode anchor 12172.301758, 5651064 st, 1.000000 rs
2026-05-09 22:10:10.717 Db corespeechd[598:668a8] [com.apple.coreaudio:AQ]      AudioQueueObject.cpp:7205  ConvertInput: bufid 1005 0x0/0x800 bytes, 0/512 packets, mNumPacketDescriptions=0
2026-05-09 22:10:10.717 Db corespeechd[598:668a8] [com.apple.coreaudio:AQ]      AudioQueueObject.cpp:7234  ConvertInput: <-0x200/0x200 packets, 0x800/0x800 bytes [buffer 1005]
2026-05-09 22:10:10.717 Db corespeechd[598:668a8] [com.apple.coreaudio:aqiotime]              AQIONode.cpp:122     ionode anchor 12172.301758, 5651064 st, 1.000000 rs
2026-05-09 22:10:10.717 Db corespeechd[598:66752] [com.apple.coreaudio:AQ]      AudioQueueObject.cpp:5719  EnqueueBuffer: aq@0x710c4e800: bufid 1004, cmd 0x7104f8f58, data 0x108398030: 0 bytes, 0 frames (trim 0/0), 0 packets, invalid ht, invalid st, outActualStartTime 0x0
2026-05-09 22:10:10.717 Db corespeechd[598:668a8] [com.apple.coreaudio:AQ]      AudioQueueObject.cpp:7205  ConvertInput: bufid 1006 0x0/0x800 bytes, 0/512 packets, mNumPacketDescriptions=0
2026-05-09 22:10:10.717 Db corespeechd[598:66752] [com.apple.coreaudio:AQ]      AudioQueueObject.cpp:5719  EnqueueBuffer: aq@0x710c4e800: bufid 1005, cmd 0x7104f8e78, data 0x108398870: 0 bytes, 0 frames (trim 0/0), 0 packets, invalid ht, invalid st, outActualStartTime 0x0
2026-05-09 22:10:10.717 Db corespeechd[598:668a8] [com.apple.coreaudio:AQ]      AudioQueueObject.cpp:7205  ConvertInput: bufid 1006 0x0/0x800 bytes, 0/512 packets, mNumPacketDescriptions=0
2026-05-09 22:10:10.748 Db corespeechd[598:668a8] [com.apple.coreaudio:AQ]      AudioQueueObject.cpp:7205  ConvertInput: bufid 1006 0x0/0x800 bytes, 0/512 packets, mNumPacketDescriptions=0
2026-05-09 22:10:10.759 Db corespeechd[598:668a8] [com.apple.coreaudio:AQ]      AudioQueueObject.cpp:7205  ConvertInput: bufid 1006 0x0/0x800 bytes, 0/512 packets, mNumPacketDescriptions=0
2026-05-09 22:10:10.770 Db corespeechd[598:668a8] [com.apple.coreaudio:AQ]      AudioQueueObject.cpp:7205  ConvertInput: bufid 1006 0x0/0x800 bytes, 0/512 packets, mNumPacketDescriptions=0
2026-05-09 22:10:10.780 Db corespeechd[598:668a8] [com.apple.coreaudio:AQ]      AudioQueueObject.cpp:7205  ConvertInput: bufid 1006 0x0/0x800 bytes, 0/512 packets, mNumPacketDescriptions=0
2026-05-09 22:10:10.780 Db corespeechd[598:668a8] [com.apple.coreaudio:AQ]        AudioQueueObject.h:1269  AQFetch: Input ring buffer returning 0x400 frames, t: 0x563a80 - 0x563e80
2026-05-09 22:10:10.781 Db corespeechd[598:668a8] [com.apple.coreaudio:AQ]      AudioQueueObject.cpp:7354  EncoderInputProc: ->1024 fr, 4096 bytes @ t=5651072 fr
2026-05-09 22:10:10.781 Db corespeechd[598:668a8] [com.apple.coreaudio:AQ]      AudioQueueObject.cpp:7234  ConvertInput: <-0x200/0x200 packets, 0x800/0x800 bytes [buffer 1006]
2026-05-09 22:10:10.781 Db corespeechd[598:668a8] [com.apple.coreaudio:aqiotime]              AQIONode.cpp:122     ionode anchor 12172.365758, 5652088 st, 1.000000 rs
2026-05-09 22:10:10.781 Db corespeechd[598:668a8] [com.apple.coreaudio:AQ]      AudioQueueObject.cpp:7205  ConvertInput: bufid 1007 0x0/0x800 bytes, 0/512 packets, mNumPacketDescriptions=0
2026-05-09 22:10:10.781 Db corespeechd[598:668a8] [com.apple.coreaudio:AQ]      AudioQueueObject.cpp:7234  ConvertInput: <-0x200/0x200 packets, 0x800/0x800 bytes [buffer 1007]
2026-05-09 22:10:10.781 Db corespeechd[598:668a8] [com.apple.coreaudio:aqiotime]              AQIONode.cpp:122     ionode anchor 12172.365758, 5652088 st, 1.000000 rs
2026-05-09 22:10:10.781 Db corespeechd[598:668a8] [com.apple.coreaudio:AQ]      AudioQueueObject.cpp:7205  ConvertInput: bufid 1004 0x0/0x800 bytes, 0/512 packets, mNumPacketDescriptions=0
2026-05-09 22:10:10.781 Db corespeechd[598:66881] [com.apple.coreaudio:AQ]      AudioQueueObject.cpp:5719  EnqueueBuffer: aq@0x710c4e800: bufid 1006, cmd 0x7104f93b8, data 0x1083990b0: 0 bytes, 0 frames (trim 0/0), 0 packets, invalid ht, invalid st, outActualStartTime 0x0
2026-05-09 22:10:10.781 Db corespeechd[598:668a8] [com.apple.coreaudio:AQ]      AudioQueueObject.cpp:7205  ConvertInput: bufid 1004 0x0/0x800 bytes, 0/512 packets, mNumPacketDescriptions=0
2026-05-09 22:10:10.781 Db corespeechd[598:66881] [com.apple.coreaudio:AQ]      AudioQueueObject.cpp:5719  EnqueueBuffer: aq@0x710c4e800: bufid 1007, cmd 0x7104f8fc8, data 0x1083998f0: 0 bytes, 0 frames (trim 0/0), 0 packets, invalid ht, invalid st, outActualStartTime 0x0
2026-05-09 22:10:10.781 Db corespeechd[598:668a8] [com.apple.coreaudio:AQ]      AudioQueueObject.cpp:7205  ConvertInput: bufid 1004 0x0/0x800 bytes, 0/512 packets, mNumPacketDescriptions=0
2026-05-09 22:10:10.812 Db corespeechd[598:668a8] [com.apple.coreaudio:AQ]      AudioQueueObject.cpp:7205  ConvertInput: bufid 1004 0x0/0x800 bytes, 0/512 packets, mNumPacketDescriptions=0
2026-05-09 22:10:10.823 Db corespeechd[598:668a8] [com.apple.coreaudio:AQ]      AudioQueueObject.cpp:7205  ConvertInput: bufid 1004 0x0/0x800 bytes, 0/512 packets, mNumPacketDescriptions=0
2026-05-09 22:10:10.834 Db corespeechd[598:668a8] [com.apple.coreaudio:AQ]      AudioQueueObject.cpp:7205  ConvertInput: bufid 1004 0x0/0x800 bytes, 0/512 packets, mNumPacketDescriptions=0
2026-05-09 22:10:10.844 Db corespeechd[598:668a8] [com.apple.coreaudio:AQ]      AudioQueueObject.cpp:7205  ConvertInput: bufid 1004 0x0/0x800 bytes, 0/512 packets, mNumPacketDescriptions=0
2026-05-09 22:10:10.844 Db corespeechd[598:668a8] [com.apple.coreaudio:AQ]        AudioQueueObject.h:1269  AQFetch: Input ring buffer returning 0x400 frames, t: 0x563e80 - 0x564280
2026-05-09 22:10:10.845 Db corespeechd[598:668a8] [com.apple.coreaudio:AQ]      AudioQueueObject.cpp:7354  EncoderInputProc: ->1024 fr, 4096 bytes @ t=5652096 fr
2026-05-09 22:10:10.845 Db corespeechd[598:668a8] [com.apple.coreaudio:AQ]      AudioQueueObject.cpp:7234  ConvertInput: <-0x200/0x200 packets, 0x800/0x800 bytes [buffer 1004]
2026-05-09 22:10:10.845 Db corespeechd[598:668a8] [com.apple.coreaudio:aqiotime]              AQIONode.cpp:122     ionode anchor 12172.429758, 5653112 st, 1.000000 rs
2026-05-09 22:10:10.845 Db corespeechd[598:668a8] [com.apple.coreaudio:AQ]      AudioQueueObject.cpp:7205  ConvertInput: bufid 1005 0x0/0x800 bytes, 0/512 packets, mNumPacketDescriptions=0
2026-05-09 22:10:10.845 Db corespeechd[598:668a8] [com.apple.coreaudio:AQ]      AudioQueueObject.cpp:7234  ConvertInput: <-0x200/0x200 packets, 0x800/0x800 bytes [buffer 1005]
2026-05-09 22:10:10.845 Db corespeechd[598:66752] [com.apple.coreaudio:AQ]      AudioQueueObject.cpp:5719  EnqueueBuffer: aq@0x710c4e800: bufid 1004, cmd 0x7104f8f58, data 0x108398030: 0 bytes, 0 frames (trim 0/0), 0 packets, invalid ht, invalid st, outActualStartTime 0x0
2026-05-09 22:10:10.845 Db corespeechd[598:668a8] [com.apple.coreaudio:aqiotime]              AQIONode.cpp:122     ionode anchor 12172.429758, 5653112 st, 1.000000 rs
2026-05-09 22:10:10.845 Db corespeechd[598:668a8] [com.apple.coreaudio:AQ]      AudioQueueObject.cpp:7205  ConvertInput: bufid 1006 0x0/0x800 bytes, 0/512 packets, mNumPacketDescriptions=0
2026-05-09 22:10:10.845 Db corespeechd[598:66880] [com.apple.coreaudio:AQ]      AudioQueueObject.cpp:5719  EnqueueBuffer: aq@0x710c4e800: bufid 1005, cmd 0x7104f8e78, data 0x108398870: 0 bytes, 0 frames (trim 0/0), 0 packets, invalid ht, invalid st, outActualStartTime 0x0
2026-05-09 22:10:10.845 Db corespeechd[598:668a8] [com.apple.coreaudio:AQ]      AudioQueueObject.cpp:7205  ConvertInput: bufid 1006 0x0/0x800 bytes, 0/512 packets, mNumPacketDescriptions=0
2026-05-09 22:10:10.854 Db coreaudiod[93820:62344] [com.apple.audioanalytics:carc] Sending message. { reporterID=17914308591646, category=Generic, type=issueDetector }
2026-05-09 22:10:10.854 Db coreaudiod[93820:62344] [com.apple.audioanalytics:carc] ReporterID not created by client. Returning early. { function=<private>, reporterID=17914308591646 }
2026-05-09 22:10:10.854 Db coreaudiod[93820:62344] [com.apple.audioanalytics:carc] Sending message. { reporterID=392972327714819, category=Generic, type=issueDetector }
2026-05-09 22:10:10.854 Db coreaudiod[93820:62344] [com.apple.audioanalytics:carc] ReporterID not created by client. Returning early. { function=<private>, reporterID=392972327714819 }
2026-05-09 22:10:10.854 Db coreaudiod[93820:62344] [com.apple.audioanalytics:carc] Sending message. { reporterID=404405530656769, category=Generic, type=issueDetector }
2026-05-09 22:10:10.854 Db coreaudiod[93820:62344] [com.apple.audioanalytics:carc] ReporterID not created by client. Returning early. { function=<private>, reporterID=404405530656769 }
2026-05-09 22:10:10.854 Db coreaudiod[93820:62344] [com.apple.audioanalytics:carc] Sending message. { reporterID=418943994953731, category=Generic, type=issueDetector }
2026-05-09 22:10:10.854 Db coreaudiod[93820:62344] [com.apple.audioanalytics:carc] ReporterID not created by client. Returning early. { function=<private>, reporterID=418943994953731 }
2026-05-09 22:10:10.854 Df coreaudiod[93820:62344] [com.apple.coreaudio:aid] IssueReporting.cpp:491   RTAID [ use_case=Generic report_type=RMS Generic Chain clientID=HAL node=-Input issue_detected_sample_time=14920.000000 ] -- [ rms:[-30.437918], peaks:[-4.491709] ]
2026-05-09 22:10:10.855 Db audioanalyticsd[61133:6658d] [com.apple.audioanalytics:cars] sendMessage() called. { reporterID=<private>, category=Generic, type=IssueDetector }
2026-05-09 22:10:10.855 Db audioanalyticsd[61133:6658d] [com.apple.audioanalytics:cars] sendMessage { reporterID=17914308591646 }
2026-05-09 22:10:10.855 Db audioanalyticsd[61133:6658d] [com.apple.audioanalytics:cars] Session not found. { reporterID=17914308591646, action=<private> }
2026-05-09 22:10:10.855 Db audioanalyticsd[61133:6658d] [com.apple.audioanalytics:cars] Session not found. { reporterID=17914308591646, action=<private> }
2026-05-09 22:10:10.855 Db audioanalyticsd[61133:6658d] [com.apple.audioanalytics:cars] Session not found. { reporterID=17914308591646, action=<private> }
2026-05-09 22:10:10.855 Db audioanalyticsd[61133:6658d] [com.apple.audioanalytics:cars] Session not found. { reporterID=17914308591646, action=<private> }
2026-05-09 22:10:10.855 Db audioanalyticsd[61133:6658d] [com.apple.audioanalytics:cars] Session not found. { reporterID=17914308591646, action=<private> }
2026-05-09 22:10:10.855 Db audioanalyticsd[61133:6658d] [com.apple.audioanalytics:cars] Session not found. { reporterID=17914308591646, action=<private> }
2026-05-09 22:10:10.856 E  audioanalyticsd[61133:6658d] [com.apple.audioanalytics:cars] Session not found! Abandoning message. { reporterID=17914308591646 }
2026-05-09 22:10:10.856 Db audioanalyticsd[61133:6658d] [com.apple.audioanalytics:cars] Message not sent. { reporterID=17914308591646 }
2026-05-09 22:10:10.856 Db audioanalyticsd[61133:6658d] [com.apple.audioanalytics:cars] sendMessage() called. { reporterID=<private>, category=Generic, type=IssueDetector }
2026-05-09 22:10:10.856 Db audioanalyticsd[61133:6658d] [com.apple.audioanalytics:cars] sendMessage { reporterID=392972327714819 }
2026-05-09 22:10:10.856 Db audioanalyticsd[61133:6658d] [com.apple.audioanalytics:cars] Session not found. { reporterID=392972327714819, action=<private> }
2026-05-09 22:10:10.856 Db audioanalyticsd[61133:6658d] [com.apple.audioanalytics:cars] Found session on another instance. { reporterID=392972327714819, action=<private> }
2026-05-09 22:10:10.856 Db audioanalyticsd[61133:6658d] [com.apple.audioanalytics:carr] Processing message. { reporterID=392972327714819, singleServerSession=false }
2026-05-09 22:10:10.858 Db audioanalyticsd[61133:6658d] [com.apple.audioanalytics:apwl] Skipping sending RMS information, session does not have enough messages. (170 < 1800 { reporterID=392972327714819 }
2026-05-09 22:10:10.858 Db audioanalyticsd[61133:6658d] [com.apple.audioanalytics:cars] sendMessage() called. { reporterID=<private>, category=Generic, type=IssueDetector }
2026-05-09 22:10:10.858 Db audioanalyticsd[61133:6658d] [com.apple.audioanalytics:cars] sendMessage { reporterID=404405530656769 }
2026-05-09 22:10:10.858 Db audioanalyticsd[61133:6658d] [com.apple.audioanalytics:cars] Session not found. { reporterID=404405530656769, action=<private> }
2026-05-09 22:10:10.858 Db audioanalyticsd[61133:6658d] [com.apple.audioanalytics:cars] Session not found. { reporterID=404405530656769, action=<private> }
2026-05-09 22:10:10.858 Db audioanalyticsd[61133:6658d] [com.apple.audioanalytics:cars] Found session on another instance. { reporterID=404405530656769, action=<private> }
2026-05-09 22:10:10.858 Db audioanalyticsd[61133:6658d] [com.apple.audioanalytics:carr] Processing message. { reporterID=404405530656769, singleServerSession=false }
2026-05-09 22:10:10.859 Db audioanalyticsd[61133:6658d] [com.apple.audioanalytics:apwl] Skipping sending RMS information, session does not have enough messages. (140 < 1800 { reporterID=404405530656769 }
2026-05-09 22:10:10.859 Db audioanalyticsd[61133:6658d] [com.apple.audioanalytics:cars] sendMessage() called. { reporterID=<private>, category=Generic, type=IssueDetector }
2026-05-09 22:10:10.859 Db audioanalyticsd[61133:6658d] [com.apple.audioanalytics:cars] sendMessage { reporterID=418943994953731 }
2026-05-09 22:10:10.859 Db audioanalyticsd[61133:6658d] [com.apple.audioanalytics:cars] Session not found. { reporterID=418943994953731, action=<private> }
2026-05-09 22:10:10.859 Db audioanalyticsd[61133:6658d] [com.apple.audioanalytics:cars] Session not found. { reporterID=418943994953731, action=<private> }
2026-05-09 22:10:10.859 Db audioanalyticsd[61133:6658d] [com.apple.audioanalytics:cars] Session not found. { reporterID=418943994953731, action=<private> }
2026-05-09 22:10:10.859 Db audioanalyticsd[61133:6658d] [com.apple.audioanalytics:cars] Found session on another instance. { reporterID=418943994953731, action=<private> }
2026-05-09 22:10:10.860 Db audioanalyticsd[61133:6658d] [com.apple.audioanalytics:carr] Processing message. { reporterID=418943994953731, singleServerSession=false }
2026-05-09 22:10:10.860 Db audioanalyticsd[61133:6658d] [com.apple.audioanalytics:apwl] Skipping sending RMS information, session does not have enough messages. (10 < 1800 { reporterID=418943994953731 }
2026-05-09 22:10:10.876 Db corespeechd[598:668a8] [com.apple.coreaudio:AQ]      AudioQueueObject.cpp:7205  ConvertInput: bufid 1006 0x0/0x800 bytes, 0/512 packets, mNumPacketDescriptions=0
2026-05-09 22:10:10.887 Db corespeechd[598:668a8] [com.apple.coreaudio:AQ]      AudioQueueObject.cpp:7205  ConvertInput: bufid 1006 0x0/0x800 bytes, 0/512 packets, mNumPacketDescriptions=0
2026-05-09 22:10:10.898 Db corespeechd[598:668a8] [com.apple.coreaudio:AQ]      AudioQueueObject.cpp:7205  ConvertInput: bufid 1006 0x0/0x800 bytes, 0/512 packets, mNumPacketDescriptions=0
2026-05-09 22:10:10.908 Db corespeechd[598:668a8] [com.apple.coreaudio:AQ]      AudioQueueObject.cpp:7205  ConvertInput: bufid 1006 0x0/0x800 bytes, 0/512 packets, mNumPacketDescriptions=0
2026-05-09 22:10:10.908 Db corespeechd[598:668a8] [com.apple.coreaudio:AQ]        AudioQueueObject.h:1269  AQFetch: Input ring buffer returning 0x400 frames, t: 0x564280 - 0x564680
2026-05-09 22:10:10.908 Db corespeechd[598:668a8] [com.apple.coreaudio:AQ]      AudioQueueObject.cpp:7354  EncoderInputProc: ->1024 fr, 4096 bytes @ t=5653120 fr
2026-05-09 22:10:10.909 Db corespeechd[598:668a8] [com.apple.coreaudio:AQ]      AudioQueueObject.cpp:7234  ConvertInput: <-0x200/0x200 packets, 0x800/0x800 bytes [buffer 1006]
2026-05-09 22:10:10.909 Db corespeechd[598:668a8] [com.apple.coreaudio:aqiotime]              AQIONode.cpp:122     ionode anchor 12172.493758, 5654136 st, 1.000000 rs
2026-05-09 22:10:10.909 Db corespeechd[598:668a8] [com.apple.coreaudio:AQ]      AudioQueueObject.cpp:7205  ConvertInput: bufid 1007 0x0/0x800 bytes, 0/512 packets, mNumPacketDescriptions=0
2026-05-09 22:10:10.909 Db corespeechd[598:668a8] [com.apple.coreaudio:AQ]      AudioQueueObject.cpp:7234  ConvertInput: <-0x200/0x200 packets, 0x800/0x800 bytes [buffer 1007]
2026-05-09 22:10:10.909 Db corespeechd[598:668a8] [com.apple.coreaudio:aqiotime]              AQIONode.cpp:122     ionode anchor 12172.493758, 5654136 st, 1.000000 rs
2026-05-09 22:10:10.909 Db corespeechd[598:66752] [com.apple.coreaudio:AQ]      AudioQueueObject.cpp:5719  EnqueueBuffer: aq@0x710c4e800: bufid 1006, cmd 0x7104f93b8, data 0x1083990b0: 0 bytes, 0 frames (trim 0/0), 0 packets, invalid ht, invalid st, outActualStartTime 0x0
2026-05-09 22:10:10.909 Db corespeechd[598:668a8] [com.apple.coreaudio:AQ]      AudioQueueObject.cpp:7205  ConvertInput: bufid 1004 0x0/0x800 bytes, 0/512 packets, mNumPacketDescriptions=0
2026-05-09 22:10:10.909 Db corespeechd[598:66752] [com.apple.coreaudio:AQ]      AudioQueueObject.cpp:5719  EnqueueBuffer: aq@0x710c4e800: bufid 1007, cmd 0x7104f8fc8, data 0x1083998f0: 0 bytes, 0 frames (trim 0/0), 0 packets, invalid ht, invalid st, outActualStartTime 0x0
2026-05-09 22:10:10.909 Db corespeechd[598:668a8] [com.apple.coreaudio:AQ]      AudioQueueObject.cpp:7205  ConvertInput: bufid 1004 0x0/0x800 bytes, 0/512 packets, mNumPacketDescriptions=0
2026-05-09 22:10:10.940 Db corespeechd[598:668a8] [com.apple.coreaudio:AQ]      AudioQueueObject.cpp:7205  ConvertInput: bufid 1004 0x0/0x800 bytes, 0/512 packets, mNumPacketDescriptions=0
2026-05-09 22:10:10.951 Db corespeechd[598:668a8] [com.apple.coreaudio:AQ]      AudioQueueObject.cpp:7205  ConvertInput: bufid 1004 0x0/0x800 bytes, 0/512 packets, mNumPacketDescriptions=0
2026-05-09 22:10:10.962 Db corespeechd[598:668a8] [com.apple.coreaudio:AQ]      AudioQueueObject.cpp:7205  ConvertInput: bufid 1004 0x0/0x800 bytes, 0/512 packets, mNumPacketDescriptions=0
2026-05-09 22:10:10.972 Db corespeechd[598:668a8] [com.apple.coreaudio:AQ]      AudioQueueObject.cpp:7205  ConvertInput: bufid 1004 0x0/0x800 bytes, 0/512 packets, mNumPacketDescriptions=0
2026-05-09 22:10:10.973 Db corespeechd[598:668a8] [com.apple.coreaudio:AQ]        AudioQueueObject.h:1269  AQFetch: Input ring buffer returning 0x400 frames, t: 0x564680 - 0x564a80
2026-05-09 22:10:10.973 Db corespeechd[598:668a8] [com.apple.coreaudio:AQ]      AudioQueueObject.cpp:7354  EncoderInputProc: ->1024 fr, 4096 bytes @ t=5654144 fr
2026-05-09 22:10:10.973 Db corespeechd[598:668a8] [com.apple.coreaudio:AQ]      AudioQueueObject.cpp:7234  ConvertInput: <-0x200/0x200 packets, 0x800/0x800 bytes [buffer 1004]
2026-05-09 22:10:10.973 Db corespeechd[598:668a8] [com.apple.coreaudio:aqiotime]              AQIONode.cpp:122     ionode anchor 12172.557758, 5655160 st, 1.000000 rs
2026-05-09 22:10:10.973 Db corespeechd[598:668a8] [com.apple.coreaudio:AQ]      AudioQueueObject.cpp:7205  ConvertInput: bufid 1005 0x0/0x800 bytes, 0/512 packets, mNumPacketDescriptions=0
2026-05-09 22:10:10.973 Db corespeechd[598:668a8] [com.apple.coreaudio:AQ]      AudioQueueObject.cpp:7234  ConvertInput: <-0x200/0x200 packets, 0x800/0x800 bytes [buffer 1005]
2026-05-09 22:10:10.973 Db corespeechd[598:668a8] [com.apple.coreaudio:aqiotime]              AQIONode.cpp:122     ionode anchor 12172.557758, 5655160 st, 1.000000 rs
2026-05-09 22:10:10.973 Db corespeechd[598:66880] [com.apple.coreaudio:AQ]      AudioQueueObject.cpp:5719  EnqueueBuffer: aq@0x710c4e800: bufid 1004, cmd 0x7104f8f58, data 0x108398030: 0 bytes, 0 frames (trim 0/0), 0 packets, invalid ht, invalid st, outActualStartTime 0x0
2026-05-09 22:10:10.973 Db corespeechd[598:668a8] [com.apple.coreaudio:AQ]      AudioQueueObject.cpp:7205  ConvertInput: bufid 1006 0x0/0x800 bytes, 0/512 packets, mNumPacketDescriptions=0
2026-05-09 22:10:10.973 Db corespeechd[598:66880] [com.apple.coreaudio:AQ]      AudioQueueObject.cpp:5719  EnqueueBuffer: aq@0x710c4e800: bufid 1005, cmd 0x7104f8e78, data 0x108398870: 0 bytes, 0 frames (trim 0/0), 0 packets, invalid ht, invalid st, outActualStartTime 0x0
2026-05-09 22:10:10.973 Db corespeechd[598:668a8] [com.apple.coreaudio:AQ]      AudioQueueObject.cpp:7205  ConvertInput: bufid 1006 0x0/0x800 bytes, 0/512 packets, mNumPacketDescriptions=0
2026-05-09 22:10:11.004 Db corespeechd[598:668a8] [com.apple.coreaudio:AQ]      AudioQueueObject.cpp:7205  ConvertInput: bufid 1006 0x0/0x800 bytes, 0/512 packets, mNumPacketDescriptions=0
2026-05-09 22:10:11.015 Db corespeechd[598:668a8] [com.apple.coreaudio:AQ]      AudioQueueObject.cpp:7205  ConvertInput: bufid 1006 0x0/0x800 bytes, 0/512 packets, mNumPacketDescriptions=0
2026-05-09 22:10:11.026 Db corespeechd[598:668a8] [com.apple.coreaudio:AQ]      AudioQueueObject.cpp:7205  ConvertInput: bufid 1006 0x0/0x800 bytes, 0/512 packets, mNumPacketDescriptions=0
2026-05-09 22:10:11.036 Db corespeechd[598:668a8] [com.apple.coreaudio:AQ]      AudioQueueObject.cpp:7205  ConvertInput: bufid 1006 0x0/0x800 bytes, 0/512 packets, mNumPacketDescriptions=0
2026-05-09 22:10:11.036 Db corespeechd[598:668a8] [com.apple.coreaudio:AQ]        AudioQueueObject.h:1269  AQFetch: Input ring buffer returning 0x400 frames, t: 0x564a80 - 0x564e80
2026-05-09 22:10:11.036 Db corespeechd[598:668a8] [com.apple.coreaudio:AQ]      AudioQueueObject.cpp:7354  EncoderInputProc: ->1024 fr, 4096 bytes @ t=5655168 fr
2026-05-09 22:10:11.036 Db corespeechd[598:668a8] [com.apple.coreaudio:AQ]      AudioQueueObject.cpp:7234  ConvertInput: <-0x200/0x200 packets, 0x800/0x800 bytes [buffer 1006]
2026-05-09 22:10:11.037 Db corespeechd[598:668a8] [com.apple.coreaudio:aqiotime]              AQIONode.cpp:122     ionode anchor 12172.621758, 5656184 st, 1.000000 rs
2026-05-09 22:10:11.037 Db corespeechd[598:668a8] [com.apple.coreaudio:AQ]      AudioQueueObject.cpp:7205  ConvertInput: bufid 1007 0x0/0x800 bytes, 0/512 packets, mNumPacketDescriptions=0
2026-05-09 22:10:11.037 Db corespeechd[598:668a8] [com.apple.coreaudio:AQ]      AudioQueueObject.cpp:7234  ConvertInput: <-0x200/0x200 packets, 0x800/0x800 bytes [buffer 1007]
2026-05-09 22:10:11.037 Db corespeechd[598:668a8] [com.apple.coreaudio:aqiotime]              AQIONode.cpp:122     ionode anchor 12172.621758, 5656184 st, 1.000000 rs
2026-05-09 22:10:11.037 Db corespeechd[598:66752] [com.apple.coreaudio:AQ]      AudioQueueObject.cpp:5719  EnqueueBuffer: aq@0x710c4e800: bufid 1006, cmd 0x7104f93b8, data 0x1083990b0: 0 bytes, 0 frames (trim 0/0), 0 packets, invalid ht, invalid st, outActualStartTime 0x0
2026-05-09 22:10:11.037 Db corespeechd[598:668a8] [com.apple.coreaudio:AQ]      AudioQueueObject.cpp:7205  ConvertInput: bufid 1004 0x0/0x800 bytes, 0/512 packets, mNumPacketDescriptions=0
2026-05-09 22:10:11.037 Db corespeechd[598:66752] [com.apple.coreaudio:AQ]      AudioQueueObject.cpp:5719  EnqueueBuffer: aq@0x710c4e800: bufid 1007, cmd 0x7104f8fc8, data 0x1083998f0: 0 bytes, 0 frames (trim 0/0), 0 packets, invalid ht, invalid st, outActualStartTime 0x0
2026-05-09 22:10:11.037 Db corespeechd[598:668a8] [com.apple.coreaudio:AQ]      AudioQueueObject.cpp:7205  ConvertInput: bufid 1004 0x0/0x800 bytes, 0/512 packets, mNumPacketDescriptions=0
2026-05-09 22:10:11.068 Db corespeechd[598:668a8] [com.apple.coreaudio:AQ]      AudioQueueObject.cpp:7205  ConvertInput: bufid 1004 0x0/0x800 bytes, 0/512 packets, mNumPacketDescriptions=0
2026-05-09 22:10:11.079 Db corespeechd[598:668a8] [com.apple.coreaudio:AQ]      AudioQueueObject.cpp:7205  ConvertInput: bufid 1004 0x0/0x800 bytes, 0/512 packets, mNumPacketDescriptions=0
2026-05-09 22:10:11.090 Db corespeechd[598:668a8] [com.apple.coreaudio:AQ]      AudioQueueObject.cpp:7205  ConvertInput: bufid 1004 0x0/0x800 bytes, 0/512 packets, mNumPacketDescriptions=0
2026-05-09 22:10:11.100 Db corespeechd[598:668a8] [com.apple.coreaudio:AQ]      AudioQueueObject.cpp:7205  ConvertInput: bufid 1004 0x0/0x800 bytes, 0/512 packets, mNumPacketDescriptions=0
2026-05-09 22:10:11.101 Db corespeechd[598:668a8] [com.apple.coreaudio:AQ]        AudioQueueObject.h:1269  AQFetch: Input ring buffer returning 0x400 frames, t: 0x564e80 - 0x565280
2026-05-09 22:10:11.101 Db corespeechd[598:668a8] [com.apple.coreaudio:AQ]      AudioQueueObject.cpp:7354  EncoderInputProc: ->1024 fr, 4096 bytes @ t=5656192 fr
2026-05-09 22:10:11.101 Db corespeechd[598:668a8] [com.apple.coreaudio:AQ]      AudioQueueObject.cpp:7234  ConvertInput: <-0x200/0x200 packets, 0x800/0x800 bytes [buffer 1004]
2026-05-09 22:10:11.101 Db corespeechd[598:668a8] [com.apple.coreaudio:aqiotime]              AQIONode.cpp:122     ionode anchor 12172.685758, 5657208 st, 1.000000 rs
2026-05-09 22:10:11.101 Db corespeechd[598:668a8] [com.apple.coreaudio:AQ]      AudioQueueObject.cpp:7205  ConvertInput: bufid 1005 0x0/0x800 bytes, 0/512 packets, mNumPacketDescriptions=0
2026-05-09 22:10:11.101 Db corespeechd[598:668a8] [com.apple.coreaudio:AQ]      AudioQueueObject.cpp:7234  ConvertInput: <-0x200/0x200 packets, 0x800/0x800 bytes [buffer 1005]
2026-05-09 22:10:11.101 Db corespeechd[598:66752] [com.apple.coreaudio:AQ]      AudioQueueObject.cpp:5719  EnqueueBuffer: aq@0x710c4e800: bufid 1004, cmd 0x7104f8f58, data 0x108398030: 0 bytes, 0 frames (trim 0/0), 0 packets, invalid ht, invalid st, outActualStartTime 0x0
2026-05-09 22:10:11.101 Db corespeechd[598:668a8] [com.apple.coreaudio:aqiotime]              AQIONode.cpp:122     ionode anchor 12172.685758, 5657208 st, 1.000000 rs
2026-05-09 22:10:11.101 Db corespeechd[598:668a8] [com.apple.coreaudio:AQ]      AudioQueueObject.cpp:7205  ConvertInput: bufid 1006 0x0/0x800 bytes, 0/512 packets, mNumPacketDescriptions=0
2026-05-09 22:10:11.101 Db corespeechd[598:66752] [com.apple.coreaudio:AQ]      AudioQueueObject.cpp:5719  EnqueueBuffer: aq@0x710c4e800: bufid 1005, cmd 0x7104f8e78, data 0x108398870: 0 bytes, 0 frames (trim 0/0), 0 packets, invalid ht, invalid st, outActualStartTime 0x0
2026-05-09 22:10:11.101 Db corespeechd[598:668a8] [com.apple.coreaudio:AQ]      AudioQueueObject.cpp:7205  ConvertInput: bufid 1006 0x0/0x800 bytes, 0/512 packets, mNumPacketDescriptions=0
2026-05-09 22:10:11.132 Db corespeechd[598:668a8] [com.apple.coreaudio:AQ]      AudioQueueObject.cpp:7205  ConvertInput: bufid 1006 0x0/0x800 bytes, 0/512 packets, mNumPacketDescriptions=0
2026-05-09 22:10:11.143 Db corespeechd[598:668a8] [com.apple.coreaudio:AQ]      AudioQueueObject.cpp:7205  ConvertInput: bufid 1006 0x0/0x800 bytes, 0/512 packets, mNumPacketDescriptions=0
2026-05-09 22:10:11.154 Db corespeechd[598:668a8] [com.apple.coreaudio:AQ]      AudioQueueObject.cpp:7205  ConvertInput: bufid 1006 0x0/0x800 bytes, 0/512 packets, mNumPacketDescriptions=0
2026-05-09 22:10:11.164 Db corespeechd[598:668a8] [com.apple.coreaudio:AQ]      AudioQueueObject.cpp:7205  ConvertInput: bufid 1006 0x0/0x800 bytes, 0/512 packets, mNumPacketDescriptions=0
2026-05-09 22:10:11.164 Db corespeechd[598:668a8] [com.apple.coreaudio:AQ]        AudioQueueObject.h:1269  AQFetch: Input ring buffer returning 0x400 frames, t: 0x565280 - 0x565680
2026-05-09 22:10:11.164 Db corespeechd[598:668a8] [com.apple.coreaudio:AQ]      AudioQueueObject.cpp:7354  EncoderInputProc: ->1024 fr, 4096 bytes @ t=5657216 fr
2026-05-09 22:10:11.165 Db corespeechd[598:668a8] [com.apple.coreaudio:AQ]      AudioQueueObject.cpp:7234  ConvertInput: <-0x200/0x200 packets, 0x800/0x800 bytes [buffer 1006]
2026-05-09 22:10:11.165 Db corespeechd[598:668a8] [com.apple.coreaudio:aqiotime]              AQIONode.cpp:122     ionode anchor 12172.749758, 5658232 st, 1.000000 rs
2026-05-09 22:10:11.165 Db corespeechd[598:668a8] [com.apple.coreaudio:AQ]      AudioQueueObject.cpp:7205  ConvertInput: bufid 1007 0x0/0x800 bytes, 0/512 packets, mNumPacketDescriptions=0
2026-05-09 22:10:11.165 Db corespeechd[598:668a8] [com.apple.coreaudio:AQ]      AudioQueueObject.cpp:7234  ConvertInput: <-0x200/0x200 packets, 0x800/0x800 bytes [buffer 1007]
2026-05-09 22:10:11.165 Db corespeechd[598:668a8] [com.apple.coreaudio:aqiotime]              AQIONode.cpp:122     ionode anchor 12172.749758, 5658232 st, 1.000000 rs
2026-05-09 22:10:11.165 Db corespeechd[598:66880] [com.apple.coreaudio:AQ]      AudioQueueObject.cpp:5719  EnqueueBuffer: aq@0x710c4e800: bufid 1006, cmd 0x7104f93b8, data 0x1083990b0: 0 bytes, 0 frames (trim 0/0), 0 packets, invalid ht, invalid st, outActualStartTime 0x0
2026-05-09 22:10:11.165 Db corespeechd[598:668a8] [com.apple.coreaudio:AQ]      AudioQueueObject.cpp:7205  ConvertInput: bufid 1004 0x0/0x800 bytes, 0/512 packets, mNumPacketDescriptions=0
2026-05-09 22:10:11.165 Db corespeechd[598:66880] [com.apple.coreaudio:AQ]      AudioQueueObject.cpp:5719  EnqueueBuffer: aq@0x710c4e800: bufid 1007, cmd 0x7104f8fc8, data 0x1083998f0: 0 bytes, 0 frames (trim 0/0), 0 packets, invalid ht, invalid st, outActualStartTime 0x0
2026-05-09 22:10:11.165 Db corespeechd[598:668a8] [com.apple.coreaudio:AQ]      AudioQueueObject.cpp:7205  ConvertInput: bufid 1004 0x0/0x800 bytes, 0/512 packets, mNumPacketDescriptions=0
2026-05-09 22:10:11.196 Db corespeechd[598:668a8] [com.apple.coreaudio:AQ]      AudioQueueObject.cpp:7205  ConvertInput: bufid 1004 0x0/0x800 bytes, 0/512 packets, mNumPacketDescriptions=0
2026-05-09 22:10:11.207 Db corespeechd[598:668a8] [com.apple.coreaudio:AQ]      AudioQueueObject.cpp:7205  ConvertInput: bufid 1004 0x0/0x800 bytes, 0/512 packets, mNumPacketDescriptions=0
2026-05-09 22:10:11.218 Db corespeechd[598:668a8] [com.apple.coreaudio:AQ]      AudioQueueObject.cpp:7205  ConvertInput: bufid 1004 0x0/0x800 bytes, 0/512 packets, mNumPacketDescriptions=0
2026-05-09 22:10:11.228 Db corespeechd[598:668a8] [com.apple.coreaudio:AQ]      AudioQueueObject.cpp:7205  ConvertInput: bufid 1004 0x0/0x800 bytes, 0/512 packets, mNumPacketDescriptions=0
2026-05-09 22:10:11.228 Db corespeechd[598:668a8] [com.apple.coreaudio:AQ]        AudioQueueObject.h:1269  AQFetch: Input ring buffer returning 0x400 frames, t: 0x565680 - 0x565a80
2026-05-09 22:10:11.229 Db corespeechd[598:668a8] [com.apple.coreaudio:AQ]      AudioQueueObject.cpp:7354  EncoderInputProc: ->1024 fr, 4096 bytes @ t=5658240 fr
2026-05-09 22:10:11.229 Db corespeechd[598:668a8] [com.apple.coreaudio:AQ]      AudioQueueObject.cpp:7234  ConvertInput: <-0x200/0x200 packets, 0x800/0x800 bytes [buffer 1004]
2026-05-09 22:10:11.229 Db corespeechd[598:668a8] [com.apple.coreaudio:aqiotime]              AQIONode.cpp:122     ionode anchor 12172.813758, 5659256 st, 1.000000 rs
2026-05-09 22:10:11.229 Db corespeechd[598:668a8] [com.apple.coreaudio:AQ]      AudioQueueObject.cpp:7205  ConvertInput: bufid 1005 0x0/0x800 bytes, 0/512 packets, mNumPacketDescriptions=0
2026-05-09 22:10:11.229 Db corespeechd[598:668a8] [com.apple.coreaudio:AQ]      AudioQueueObject.cpp:7234  ConvertInput: <-0x200/0x200 packets, 0x800/0x800 bytes [buffer 1005]
2026-05-09 22:10:11.229 Db corespeechd[598:668a8] [com.apple.coreaudio:aqiotime]              AQIONode.cpp:122     ionode anchor 12172.813758, 5659256 st, 1.000000 rs
