Filtering the log data using "process == "coreaudiod" OR subsystem == "com.apple.audio.AUHAL" OR subsystem == "com.apple.coreaudio" OR subsystem BEGINSWITH "com.apple.audio""
Timestamp               Ty Process[PID:TID]
2026-05-09 22:09:37.294 Db audioanalyticsd[61133:66361] [com.apple.audioanalytics:cars] osTransaction timeout. { seconds=<private> }
2026-05-09 22:09:47.955 Db audioanalyticsd[61133:6644c] [com.apple.audioanalytics:cars] osTransaction timeout. { seconds=<private> }
2026-05-09 22:09:58.614 Db audioanalyticsd[61133:6658d] [com.apple.audioanalytics:cars] osTransaction timeout. { seconds=<private> }
2026-05-09 22:10:06.491 Df AudioComponentRegistrar[86359:661d5] [com.apple.coreaudio:AudioCompReg] AudioComponentRegistrar.mm:195   (main 1  pid 97543)
2026-05-09 22:10:06.492 Df AudioComponentRegistrar[86359:661d5] [com.apple.coreaudio:AudioCompReg] AudioComponentRegistrar.mm:329   getComponentList includeExtensions: 0 waitForExtensions: 0
2026-05-09 22:10:06.495 Db Spatial[97543:666f6] [com.apple.coreaudio:audiocomp]     AudioComponentAPI.cpp:108   SystemPlugInsOnly: 0 (r=0 plat=-1 auh=-1 opt-in=0)
2026-05-09 22:10:06.496 Db Spatial[97543:666f6] [com.apple.coreaudio:audiocomp] AudioComponentPluginMgr.mm:1213  findNext aumx/mcmx/appl -> 0x60000020e4c0 aumx/mcmx/appl/0x2/0x0
2026-05-09 22:10:06.510 Db Spatial[97543:666f6] [com.apple.coreaudio:audiocomp]            APComponent.mm:916   CFBundle 0x60000020f8e0 </System/Library/Components/CoreAudio.component> (bundle, loaded) AUMultiChannelMixerFactory -> 0x109a9791c
2026-05-09 22:10:06.515 Df Spatial[97543:666f6] [com.apple.audio.caulk:alloc] Registered notify signal com.apple.caulk.alloc.rtdump (0)
2026-05-09 22:10:06.518 Db Spatial[97543:666f6] [com.apple.coreaudio:audiocomp] AudioComponentPluginMgr.mm:1213  findNext aufx/mrev/appl -> 0x60000020d340 aufx/mrev/appl/0x2/0x0
2026-05-09 22:10:06.518 Db Spatial[97543:666f6] [com.apple.coreaudio:audiocomp]            APComponent.mm:916   CFBundle 0x60000020f8e0 </System/Library/Components/CoreAudio.component> (bundle, loaded) AUMatrixReverbFactory -> 0x1099c506c
2026-05-09 22:10:06.518 Db Spatial[97543:666f6] [com.apple.coreaudio:audiocomp] AudioComponentPluginMgr.mm:1213  findNext aufc/conv/appl -> 0x60000020c1c0 aufc/conv/appl/0x2/0x0
2026-05-09 22:10:06.518 Db Spatial[97543:666f6] [com.apple.coreaudio:audiocomp]            APComponent.mm:916   CFBundle 0x60000020f8e0 </System/Library/Components/CoreAudio.component> (bundle, loaded) AUConverterFactory -> 0x1099ac71c
2026-05-09 22:10:06.522 Db Spatial[97543:666f6] [com.apple.coreaudio:audiocomp] AudioComponentPluginMgr.mm:1213  findNext auou/ahal/appl -> 0x60000020ea00 auou/ahal/appl/0x2/0x0
2026-05-09 22:10:06.522 Db Spatial[97543:666f6] [com.apple.coreaudio:audiocomp]            APComponent.mm:916   CFBundle 0x60000020f8e0 </System/Library/Components/CoreAudio.component> (bundle, loaded) AUHALFactory -> 0x1099d8d38
2026-05-09 22:10:06.525 Db Spatial[97543:666f6] [com.apple.coreaudio:AMCP]    259 System_Input_Processing_Notification_Handler.mm:449   Voice isolation DSP is available for client with bundle id com.spatial.app
2026-05-09 22:10:06.534 Db Spatial[97543:666f6] [com.apple.coreaudio:AMCP]    259 System_Input_Processing_Notification_Handler.mm:326   Enabling voice isolation DSP for this process
2026-05-09 22:10:06.534 Db Spatial[97543:666f6] [com.apple.coreaudio:AMCP]    259 System_Input_Processing_Notification_Handler.mm:278   Setting hidden voice isolation DSP types for bundle id com.spatial.app: [AVAUVoiceIOChatFlavorWideSpectrum]
2026-05-09 22:10:06.537 Db Spatial[97543:666f6] [com.apple.coreaudio:AMCP]    259 System_Input_Processing_Notification_Handler.mm:424   Setting supported voice isolation DSP types for bundle id com.spatial.app: [AVAUVoiceIOChatFlavorStandard, AVAUVoiceIOChatFlavorVoiceIsolation]
2026-05-09 22:10:06.537 A  coreaudiod[93820:66711] (TCC) TCCAccessRequest() IPC
2026-05-09 22:10:06.537 Df coreaudiod[93820:66711] [com.apple.xpc:connection] [0x9f0154600] activating connection: mach=true listener=false peer=false name=com.apple.tccd.system
2026-05-09 22:10:06.537 I  coreaudiod[93820:66711] [com.apple.TCC:access] SEND: 0/7 synchronous to com.apple.tccd.system: request: msgID=93820.118, function=TCCAccessRequest, service=kTCCServiceMicrophone, target_token={pid:97543, auid:501, euid:501},
2026-05-09 22:10:06.539 I  coreaudiod[93820:66711] [com.apple.TCC:access] RECV: synchronous reply <dictionary: 0x9f0154500> { count = 5, transaction: 0, voucher = 0x0, contents =
	"prompt_type" => <uint64: 0x9b70c3d8fcdd59b7>: 1
	"auth_value" => <uint64: 0x9b70c3d8fcdd59af>: 2
	"result" => <bool: 0x2067a3370>: true
	"auth_reason" => <uint64: 0x9b70c3d8fcdd59af>: 2
	"auth_version" => <uint64: 0x9b70c3d8fcdd59b7>: 1
}
2026-05-09 22:10:06.539 Df coreaudiod[93820:66711] [com.apple.xpc:connection] [0x9f0154600] invalidated after the last release of the connection object
2026-05-09 22:10:06.540 A  coreaudiod[93820:66711] (TCC) TCCAccessRequest() IPC
2026-05-09 22:10:06.540 Df coreaudiod[93820:66711] [com.apple.xpc:connection] [0x9f0154500] activating connection: mach=true listener=false peer=false name=com.apple.tccd.system
2026-05-09 22:10:06.540 I  coreaudiod[93820:66711] [com.apple.TCC:access] SEND: 0/7 synchronous to com.apple.tccd.system: request: msgID=93820.119, function=TCCAccessRequest, service=kTCCServiceScreenCapture, target_token={pid:97543, auid:501, euid:501},
2026-05-09 22:10:06.540 I  coreaudiod[93820:66711] [com.apple.TCC:access] RECV: synchronous reply <dictionary: 0x9f0154600> { count = 5, transaction: 0, voucher = 0x0, contents =
	"prompt_type" => <uint64: 0x9b70c3d8fcdd59bf>: 0
	"auth_value" => <uint64: 0x9b70c3d8fcdd59bf>: 0
	"result" => <bool: 0x2067a3390>: false
	"auth_version" => <uint64: 0x9b70c3d8fcdd59b7>: 1
	"auth_reason" => <uint64: 0x9b70c3d8fcdd59b7>: 1
}
2026-05-09 22:10:06.540 Df coreaudiod[93820:66711] [com.apple.xpc:connection] [0x9f0154500] invalidated after the last release of the connection object
2026-05-09 22:10:06.540 A  coreaudiod[93820:66711] (TCC) TCCAccessRequest() IPC
2026-05-09 22:10:06.540 Df coreaudiod[93820:66711] [com.apple.xpc:connection] [0x9f0154500] activating connection: mach=true listener=false peer=false name=com.apple.tccd.system
2026-05-09 22:10:06.540 I  coreaudiod[93820:66711] [com.apple.TCC:access] SEND: 0/7 synchronous to com.apple.tccd.system: request: msgID=93820.120, function=TCCAccessRequest, service=kTCCServiceAudioCapture, target_token={pid:97543, auid:501, euid:501},
2026-05-09 22:10:06.541 I  coreaudiod[93820:66711] [com.apple.TCC:access] RECV: synchronous reply <dictionary: 0x9f0154600> { count = 5, transaction: 0, voucher = 0x0, contents =
	"prompt_type" => <uint64: 0x9b70c3d8fcdd59b7>: 1
	"auth_value" => <uint64: 0x9b70c3d8fcdd59b7>: 1
	"preflight_unknown" => <bool: 0x2067a3370>: true
	"auth_reason" => <uint64: 0x9b70c3d8fcdd59bf>: 0
	"auth_version" => <uint64: 0x9b70c3d8fcdd59b7>: 1
}
2026-05-09 22:10:06.541 Df coreaudiod[93820:66711] [com.apple.xpc:connection] [0x9f0154500] invalidated after the last release of the connection object
2026-05-09 22:10:06.545 Db coreaudiod[93820:66869] [com.apple.coreaudio:AMCP] 188707                  HALS_Device.cpp:4163  [hal_dsp][offloads][bypass] (Client ID: 367) (Device ID: 41) (Storage: 0x0) get client bypassed offload <no offloads>
2026-05-09 22:10:06.545 Df coreaudiod[93820:66869] [com.apple.coreaudio:AMCP] 188707   HALS_IOContext_Legacy_Impl.cpp:4776  AllowNegotiateAdaptInSetComposition: useCaseID = 0, isServerBuild = true, isIsolatedUseCase = false, isSharedDsp = false, istvos = false, adaptNow = false
2026-05-09 22:10:06.546 I  Spatial[97543:666f6] [com.apple.coreaudio:AMCP]    259                Configuration.cpp:565   Allow Client IO Timeout on macOS
2026-05-09 22:10:06.546 Db coreaudiod[93820:66711] [com.apple.CarbonCore:checkfix] _CSCheckFix(11136371,com.apple.audio.coreaudiod/5.0)=NOT-APPLIED
2026-05-09 22:10:06.547 Df coreaudiod[93820:66711] [com.apple.coreaudio:AMCP] 255767   HALS_IOContext_Legacy_Impl.cpp:4776  AllowNegotiateAdaptInSetComposition: useCaseID = 0, isServerBuild = true, isIsolatedUseCase = false, isSharedDsp = false, istvos = false, adaptNow = false
2026-05-09 22:10:06.547 Db coreaudiod[93820:66869] [com.apple.coreaudio:AMCP] 188707                  HALS_Device.cpp:4163  [hal_dsp][offloads][bypass] (Client ID: 367) (Device ID: 71) (Storage: 0x0) get client bypassed offload <no offloads>
2026-05-09 22:10:06.547 Df coreaudiod[93820:66869] [com.apple.coreaudio:AMCP] 188707   HALS_IOContext_Legacy_Impl.cpp:4776  AllowNegotiateAdaptInSetComposition: useCaseID = 0, isServerBuild = true, isIsolatedUseCase = false, isSharedDsp = false, istvos = false, adaptNow = false
2026-05-09 22:10:06.548 Db coreaudiod[93820:66868] [com.apple.coreaudio:AMCP] 177443                  HALS_Device.cpp:4163  [hal_dsp][offloads][bypass] (Client ID: 367) (Device ID: 76) (Storage: 0x0) get client bypassed offload <no offloads>
2026-05-09 22:10:06.548 Df coreaudiod[93820:66868] [com.apple.coreaudio:AMCP] 177443   HALS_IOContext_Legacy_Impl.cpp:4776  AllowNegotiateAdaptInSetComposition: useCaseID = 0, isServerBuild = true, isIsolatedUseCase = false, isSharedDsp = false, istvos = false, adaptNow = false
2026-05-09 22:10:06.549 Df coreaudiod[93820:66711] [com.apple.coreaudio:AMCP] 255767   HALS_IOContext_Legacy_Impl.cpp:4776  AllowNegotiateAdaptInSetComposition: useCaseID = 0, isServerBuild = true, isIsolatedUseCase = false, isSharedDsp = false, istvos = false, adaptNow = false
2026-05-09 22:10:06.550 Db coreaudiod[93820:66711] [com.apple.coreaudio:AMCP] 255767                  HALS_Device.cpp:4163  [hal_dsp][offloads][bypass] (Client ID: 367) (Device ID: 89) (Storage: 0x0) get client bypassed offload <no offloads>
2026-05-09 22:10:06.550 Df coreaudiod[93820:66711] [com.apple.coreaudio:AMCP] 255767   HALS_IOContext_Legacy_Impl.cpp:4776  AllowNegotiateAdaptInSetComposition: useCaseID = 0, isServerBuild = true, isIsolatedUseCase = false, isSharedDsp = false, istvos = false, adaptNow = false
2026-05-09 22:10:06.551 Db coreaudiod[93820:66711] [com.apple.coreaudio:AMCP] 255767                  HALS_Device.cpp:4163  [hal_dsp][offloads][bypass] (Client ID: 367) (Device ID: 99) (Storage: 0x0) get client bypassed offload <no offloads>
2026-05-09 22:10:06.551 Df coreaudiod[93820:66868] [com.apple.coreaudio:AMCP] 177443   HALS_IOContext_Legacy_Impl.cpp:4776  AllowNegotiateAdaptInSetComposition: useCaseID = 0, isServerBuild = true, isIsolatedUseCase = false, isSharedDsp = false, istvos = false, adaptNow = false
2026-05-09 22:10:06.552 Df coreaudiod[93820:66711] [com.apple.Accessibility:AXHearingHalPlugin] IsHidden: 1
2026-05-09 22:10:06.555 Df coreaudiod[93820:66868] [com.apple.Accessibility:AXHearingHalPlugin] IsHidden: 1
2026-05-09 22:10:06.559 Df Spatial[97543:666f6] [com.apple.coreaudio:AUHAL]                 AUHAL.cpp:413   AUHAL: (0x12c832a40) Selecting device 86 from constructor
2026-05-09 22:10:06.559 Df Spatial[97543:666f6] [com.apple.coreaudio:AUHAL]                 AUHAL.cpp:610   SelectDevice: -> (0x12c832a40)
2026-05-09 22:10:06.559 Df Spatial[97543:666f6] [com.apple.coreaudio:AUHAL]                 AUHAL.cpp:662   SelectDevice: (0x12c832a40) not already running
2026-05-09 22:10:06.559 Df Spatial[97543:666f6] [com.apple.coreaudio:AUHAL]                 AUHAL.cpp:738   SelectDevice: (0x12c832a40) nothing to teardown
2026-05-09 22:10:06.559 Df Spatial[97543:666f6] [com.apple.coreaudio:AUHAL]                 AUHAL.cpp:743   SelectDevice: (0x12c832a40) connecting device 86
2026-05-09 22:10:06.559 Df Spatial[97543:666f6] [com.apple.coreaudio:AUHAL]                 AUHAL.cpp:3331  IsDeviceUsable: (0x12c832a40) Device ID: 86 (Input:No | Output:Yes): true
2026-05-09 22:10:06.559 A  coreaudiod[93820:66136] (TCC) TCCAccessRequest() IPC
2026-05-09 22:10:06.559 Df coreaudiod[93820:66136] [com.apple.xpc:connection] [0x9f0154c00] activating connection: mach=true listener=false peer=false name=com.apple.tccd.system
2026-05-09 22:10:06.559 I  coreaudiod[93820:66136] [com.apple.TCC:access] SEND: 0/7 synchronous to com.apple.tccd.system: request: msgID=93820.121, function=TCCAccessRequest, service=kTCCServiceMicrophone, target_token={pid:97543, auid:501, euid:501},
2026-05-09 22:10:06.561 I  coreaudiod[93820:66136] [com.apple.TCC:access] RECV: synchronous reply <dictionary: 0x9f0154500> { count = 5, transaction: 0, voucher = 0x0, contents =
	"prompt_type" => <uint64: 0x9b70c3d8fcdd59b7>: 1
	"auth_value" => <uint64: 0x9b70c3d8fcdd59af>: 2
	"result" => <bool: 0x2067a3370>: true
	"auth_reason" => <uint64: 0x9b70c3d8fcdd59af>: 2
	"auth_version" => <uint64: 0x9b70c3d8fcdd59b7>: 1
}
2026-05-09 22:10:06.561 Df coreaudiod[93820:66136] [com.apple.xpc:connection] [0x9f0154c00] invalidated after the last release of the connection object
2026-05-09 22:10:06.561 Df Spatial[97543:666f6] [com.apple.coreaudio:AUHAL]                 AUHAL.cpp:755   SelectDevice: (0x12c832a40) created ioproc 0xa for device 86
2026-05-09 22:10:06.561 Df Spatial[97543:666f6] [com.apple.coreaudio:AUHAL]                 AUHAL.cpp:844   SelectDevice: (0x12c832a40) adding 7 device listeners to device 86
2026-05-09 22:10:06.561 Df Spatial[97543:666f6] [com.apple.coreaudio:AUHAL]                 AUHAL.cpp:844   SelectDevice: (0x12c832a40) adding 0 device delegate listeners to device 86
2026-05-09 22:10:06.561 Df Spatial[97543:666f6] [com.apple.coreaudio:AUHAL]                 AUHAL.cpp:1514  UpdateStreamFormats: -> (0x12c832a40)
2026-05-09 22:10:06.561 Df Spatial[97543:666f6] [com.apple.coreaudio:AUHAL]                 AUHAL.cpp:1610  UpdateStreamFormats: 
  output stream 0 [0x57]:  2 ch,  48000 Hz, Float32, interleaved
2026-05-09 22:10:06.561 Df Spatial[97543:666f6] [com.apple.coreaudio:AUHAL]                 AUHAL.cpp:1622  UpdateStreamFormats: 1 output streams; not all mono
2026-05-09 22:10:06.561 Df Spatial[97543:666f6] [com.apple.coreaudio:AUHAL]                 AUHAL.cpp:1634  UpdateStreamFormats: 
  Output render format:  2 ch,  48000 Hz, Float32, interleaved
2026-05-09 22:10:06.562 Df Spatial[97543:666f6] [com.apple.coreaudio:AUHAL]                 AUHAL.cpp:1610  UpdateStreamFormats: 
  input stream 0 [0x58]:  2 ch,  48000 Hz, Float32, interleaved
2026-05-09 22:10:06.562 Df Spatial[97543:666f6] [com.apple.coreaudio:AUHAL]                 AUHAL.cpp:1622  UpdateStreamFormats: 1 input streams; not all mono
2026-05-09 22:10:06.562 Df Spatial[97543:666f6] [com.apple.coreaudio:AUHAL]                 AUHAL.cpp:1634  UpdateStreamFormats: 
  Input render format:  2 ch,  48000 Hz, Float32, interleaved
2026-05-09 22:10:06.562 Df Spatial[97543:666f6] [com.apple.coreaudio:AUHAL]                 AUHAL.cpp:1704  UpdateStreamFormats: AUHAL(0x12c832a40) Calling PropertyChanged() for kAudioUnitProperty_StreamFormat, Scope:Output, Bus:Output
2026-05-09 22:10:06.562 Df Spatial[97543:666f6] [com.apple.coreaudio:AUHAL]                 AUHAL.cpp:1710  UpdateStreamFormats: AUHAL(0x12c832a40) Calling PropertyChanged() for kAudioUnitProperty_StreamFormat, Scope:Input, Bus:Input
2026-05-09 22:10:06.562 Df Spatial[97543:666f6] [com.apple.coreaudio:AUHAL]                 AUHAL.cpp:1720  UpdateStreamFormats: <-
2026-05-09 22:10:06.562 Df Spatial[97543:666f6] [com.apple.coreaudio:AUHAL]                 AUHAL.cpp:881   SelectDevice: (0x12c832a40) removing 0 device listeners from device 0
2026-05-09 22:10:06.562 Df Spatial[97543:666f6] [com.apple.coreaudio:AUHAL]                 AUHAL.cpp:881   SelectDevice: (0x12c832a40) removing 0 device delegate listeners from device 0
2026-05-09 22:10:06.562 Df Spatial[97543:666f6] [com.apple.coreaudio:AUHAL]                 AUHAL.cpp:897   SelectDevice: <- (0x12c832a40)
2026-05-09 22:10:06.562 Df Spatial[97543:666f6] [com.apple.coreaudio:AUHAL]                 AUHAL.cpp:1826  SetStreamUsage: Output stream enables: Stream 0 is DISABLED
2026-05-09 22:10:06.563 Df Spatial[97543:666f6] [com.apple.coreaudio:ddagg]        AggregateDevice.mm:857   Creating DefaultDeviceAggregate
2026-05-09 22:10:06.563 Df Spatial[97543:666f6] [com.apple.coreaudio:ddagg]        AggregateDevice.mm:884   fetched default output device, ID = 86
2026-05-09 22:10:06.563 Df Spatial[97543:666f6] [com.apple.coreaudio:ddagg]        AggregateDevice.mm:884   fetched default input device, ID = 86
2026-05-09 22:10:06.564 I  Spatial[97543:666f6] [com.apple.coreaudio:ddagg]        AggregateDevice.mm:188   device 86 scope 'inpt': streamChannelCounts 2, totalChannelCount 2, defaultPair (1, 2)
2026-05-09 22:10:06.565 Df coreaudiod[93820:66868] (CoreAudio)    HALS_UCRemotePlugIn.mm:1344   HALS_UCRemotePlugIn::ObjectGetPropertyData: failed:  [<private>/<private>/0], Error: 2003332927 (<private>)
2026-05-09 22:10:06.565 Df coreaudiod[93820:66868] (CoreAudio)    HALS_UCRemotePlugIn.mm:1344   HALS_UCRemotePlugIn::ObjectGetPropertyData: failed:  [<private>/<private>/0], Error: 2003332927 (<private>)
2026-05-09 22:10:06.565 I  Spatial[97543:666f6] [com.apple.coreaudio:ddagg]        AggregateDevice.mm:188   device 86 scope 'outp': streamChannelCounts 2, totalChannelCount 2, defaultPair (1, 2)
2026-05-09 22:10:06.566 Df coreaudiod[93820:66869] (CoreAudio)    HALS_UCRemotePlugIn.mm:1344   HALS_UCRemotePlugIn::ObjectGetPropertyData: failed:  [<private>/<private>/0], Error: 2003332927 (<private>)
2026-05-09 22:10:06.566 Df coreaudiod[93820:66869] (CoreAudio)    HALS_UCRemotePlugIn.mm:1344   HALS_UCRemotePlugIn::ObjectGetPropertyData: failed:  [<private>/<private>/0], Error: 2003332927 (<private>)
2026-05-09 22:10:06.567 I  Spatial[97543:666f6] [com.apple.coreaudio:ddagg]        AggregateDevice.mm:754   New aggregate device dictionary (86):
{
    master = "com.spatial.app.driver.speaker";
    name = "CADefaultDeviceAggregate-97543-0";
    private = 1;
    subdevices =     (
                {
            "channels-in" = 2;
            "channels-out" = 2;
            drift = 1;
            name = "Spatial Speaker";
            uid = "com.spatial.app.driver.speaker";
        }
    );
    uid = "CADefaultDeviceAggregate-97543-0";
}
2026-05-09 22:10:06.568 Df coreaudiod[93820:66869] (CoreAudio)           HALS_Device.cpp:162    HALS_Device::Activate: activating device 375: CADefaultDeviceAggregate-97543-0 Transport Type: <private> Clock Domain: 1
2026-05-09 22:10:06.569 Df coreaudiod[93820:66869] [com.apple.Accessibility:AXHearingHalPlugin] IsHidden: 1
2026-05-09 22:10:06.569 Df coreaudiod[93820:66869] [com.apple.Accessibility:AXHearingHalPlugin] IsHidden: 1
2026-05-09 22:10:06.569 Df coreaudiod[93820:66869] [com.apple.Accessibility:AXHearingHalPlugin] IsHidden: 1
2026-05-09 22:10:06.569 Df coreaudiod[93820:66869] [com.apple.Accessibility:AXHearingHalPlugin] IsHidden: 1
2026-05-09 22:10:06.569 Df coreaudiod[93820:66869] [com.apple.Accessibility:AXHearingHalPlugin] IsHidden: 1
2026-05-09 22:10:06.569 Df coreaudiod[93820:66869] [com.apple.Accessibility:AXHearingHalPlugin] IsHidden: 1
2026-05-09 22:10:06.572 Df coreaudiod[93820:66869] (CoreAudio) HALS_DefaultDeviceManager.cpp:1706   HALS_DefaultDeviceManager::FindPreferredDefaultDevice: 'dIn ' | found preferred[0] 99: 'com.spatial.app.driver.speaker'/''
2026-05-09 22:10:06.573 Df coreaudiod[93820:66869] (CoreAudio) HALS_DefaultDeviceManager.cpp:1706   HALS_DefaultDeviceManager::FindPreferredDefaultDevice: 'dOut' | found preferred[0] 99: 'com.spatial.app.driver.speaker'/''
2026-05-09 22:10:06.573 Df coreaudiod[93820:66869] (CoreAudio) HALS_DefaultDeviceManager.cpp:1706   HALS_DefaultDeviceManager::FindPreferredDefaultDevice: 'sOut' | found preferred[0] 99: 'com.spatial.app.driver.speaker'/''
2026-05-09 22:10:06.574 Df coreaudiod[93820:66869] (CoreAudio) HALS_DefaultDeviceManager.cpp:1706   HALS_DefaultDeviceManager::FindPreferredDefaultDevice: 'shrd' | found preferred[0] 99: 'com.spatial.app.driver.speaker'/''
2026-05-09 22:10:06.574 Db coreaudiod[93820:66868] [com.apple.coreaudio:AMCP] 177443                  HALS_Device.cpp:4163  [hal_dsp][offloads][bypass] (Client ID: 367) (Device ID: 375) (Storage: 0x0) get client bypassed offload <no offloads>
2026-05-09 22:10:06.574 Df coreaudiod[93820:66868] (CoreAudio) HALS_Device_HostedDSP.cpp:102    [hal_dsp][offloads] (Client ID: 367) (Device ID: 375) Offloads are available, but this device will not offload -> Device Does Not Request Offloads
2026-05-09 22:10:06.574 Db coreaudiod[93820:66868] [com.apple.coreaudio:AMCP] 177443              HALS_MetaDevice.cpp:939   [hal_dsp][offloads] (Client ID: 367) (Device ID: 375) Aggregate context description has NOTHING for offloads.
2026-05-09 22:10:06.574 Db coreaudiod[93820:66868] [com.apple.coreaudio:AMCP] 177443              HALS_MetaDevice.cpp:1148  [hal_dsp][iso] (Device ID: 375) <private>.
2026-05-09 22:10:06.574 Df coreaudiod[93820:66868] [com.apple.coreaudio:AMCP] 177443   HALS_IOContext_Legacy_Impl.cpp:4776  AllowNegotiateAdaptInSetComposition: useCaseID = 0, isServerBuild = true, isIsolatedUseCase = false, isSharedDsp = false, istvos = false, adaptNow = false
2026-05-09 22:10:06.575 I  Spatial[97543:666f6] [com.apple.coreaudio:ddagg]        AggregateDevice.mm:188   device 119 scope 'inpt': streamChannelCounts 2, totalChannelCount 2, defaultPair (1, 2)
2026-05-09 22:10:06.577 I  Spatial[97543:666f6] [com.apple.coreaudio:ddagg]        AggregateDevice.mm:188   device 119 scope 'outp': streamChannelCounts 2, totalChannelCount 2, defaultPair (1, 2)
2026-05-09 22:10:06.578 I  Spatial[97543:666f6] [com.apple.coreaudio:ddagg]        AggregateDevice.mm:188   device 86 scope 'inpt': streamChannelCounts 2, totalChannelCount 2, defaultPair (1, 2)
2026-05-09 22:10:06.578 Df coreaudiod[93820:66869] (CoreAudio)    HALS_UCRemotePlugIn.mm:1344   HALS_UCRemotePlugIn::ObjectGetPropertyData: failed:  [<private>/<private>/0], Error: 2003332927 (<private>)
2026-05-09 22:10:06.578 Df coreaudiod[93820:66869] (CoreAudio)    HALS_UCRemotePlugIn.mm:1344   HALS_UCRemotePlugIn::ObjectGetPropertyData: failed:  [<private>/<private>/0], Error: 2003332927 (<private>)
2026-05-09 22:10:06.578 I  Spatial[97543:666f6] [com.apple.coreaudio:ddagg]        AggregateDevice.mm:188   device 86 scope 'outp': streamChannelCounts 2, totalChannelCount 2, defaultPair (1, 2)
2026-05-09 22:10:06.579 Df coreaudiod[93820:66869] (CoreAudio)    HALS_UCRemotePlugIn.mm:1344   HALS_UCRemotePlugIn::ObjectGetPropertyData: failed:  [<private>/<private>/0], Error: 2003332927 (<private>)
2026-05-09 22:10:06.579 Df coreaudiod[93820:66869] (CoreAudio)    HALS_UCRemotePlugIn.mm:1344   HALS_UCRemotePlugIn::ObjectGetPropertyData: failed:  [<private>/<private>/0], Error: 2003332927 (<private>)
2026-05-09 22:10:06.580 Df Spatial[97543:666f6] [com.apple.coreaudio:ddagg]        AggregateDevice.mm:644   Built valid aggregate 119
2026-05-09 22:10:06.581 Df coreaudiod[93820:66869] (CoreAudio)    HALS_UCRemotePlugIn.mm:1344   HALS_UCRemotePlugIn::ObjectGetPropertyData: failed:  [<private>/<private>/0], Error: 2003332927 (<private>)
2026-05-09 22:10:06.580 Df Spatial[97543:666f6] [com.apple.coreaudio:AUHAL]                 AUHAL.cpp:1826  SetStreamUsage: Output stream enables: Stream 0 is ENABLED
2026-05-09 22:10:06.581 Df coreaudiod[93820:66869] (CoreAudio)    HALS_UCRemotePlugIn.mm:1344   HALS_UCRemotePlugIn::ObjectGetPropertyData: failed:  [<private>/<private>/0], Error: 2003332927 (<private>)
2026-05-09 22:10:06.581 Df coreaudiod[93820:66869] (CoreAudio)    HALS_UCRemotePlugIn.mm:1344   HALS_UCRemotePlugIn::ObjectGetPropertyData: failed:  [<private>/<private>/0], Error: 2003332927 (<private>)
2026-05-09 22:10:06.581 Df coreaudiod[93820:66869] (CoreAudio)    HALS_UCRemotePlugIn.mm:1344   HALS_UCRemotePlugIn::ObjectGetPropertyData: failed:  [<private>/<private>/0], Error: 2003332927 (<private>)
2026-05-09 22:10:06.582 Df coreaudiod[93820:66869] (CoreAudio)    HALS_UCRemotePlugIn.mm:1344   HALS_UCRemotePlugIn::ObjectGetPropertyData: failed:  [<private>/<private>/0], Error: 2003332927 (<private>)
2026-05-09 22:10:06.582 Df coreaudiod[93820:66869] (CoreAudio)    HALS_UCRemotePlugIn.mm:1344   HALS_UCRemotePlugIn::ObjectGetPropertyData: failed:  [<private>/<private>/0], Error: 2003332927 (<private>)
2026-05-09 22:10:06.583 Db Spatial[97543:666f6] [com.apple.coreaudio:AUHAL]                 AUHAL.cpp:483   Initialize: -> (0x12c832a40)
2026-05-09 22:10:06.583 Df Spatial[97543:666f6] [com.apple.coreaudio:AudioConverter]        ACv2Workarounds.mm:51    com.spatial.app: fix84702776_86723525_86479548_89800354_SinglePacketDesc: false
2026-05-09 22:10:06.585 Df Spatial[97543:666f6] [com.apple.audio.caulk:alloc] Registered notify signal com.apple.caulk.alloc.audiodump (0)
2026-05-09 22:10:06.585 Df Spatial[97543:666f6] [com.apple.coreaudio:AudioConverter]        AudioConverter.cpp:1007  Created a new in process converter -> 0x600003515dd0, from  2 ch,  44100 Hz, Float32, deinterleaved to  2 ch,  48000 Hz, Float32, interleaved
2026-05-09 22:10:06.585 Df Spatial[97543:666f6] [com.apple.coreaudio:AUHAL]                 AUHAL.cpp:1826  SetStreamUsage: Output stream enables: Stream 0 is ENABLED
2026-05-09 22:10:06.586 Df Spatial[97543:666f6] [com.apple.coreaudio:AudioConverter]        AudioConverter.cpp:1007  Created a new in process converter -> 0x60000353b6f0, from  2 ch,  48000 Hz, Float32, interleaved to  2 ch,  44100 Hz, Float32, deinterleaved
2026-05-09 22:10:06.586 Df Spatial[97543:666f6] [com.apple.coreaudio:AUHAL]                 AUHAL.cpp:1826  SetStreamUsage: Input stream enables: Stream 0 is DISABLED
2026-05-09 22:10:06.586 Db Spatial[97543:666f6] [com.apple.coreaudio:AUHAL]                 AUHAL.cpp:491   Initialize: <- (0x12c832a40) err 0
2026-05-09 22:10:06.586 Db Spatial[97543:666f6] [com.apple.audioanalytics:carc] Game mode state retrieved. { value=0 }
2026-05-09 22:10:06.586 Db Spatial[97543:666f6] [com.apple.audioanalytics:carc] Listening for GameMode notifications. { result=0, token=37 }
2026-05-09 22:10:06.586 Db Spatial[97543:666f6] [com.apple.audioanalytics:carc] Created new reporting session. { reporterID=418943994953729 }
2026-05-09 22:10:06.586 Db Spatial[97543:666f6] [com.apple.audioanalytics:carc] Set serviceType. { reporterID=418943994953729, serviceType=audioDeviceUsage }
2026-05-09 22:10:06.587 Db Spatial[97543:666f6] [com.apple.audioanalytics:carc] Set configuration. { reporterID=418943994953729, configuration=["ClientID": Optional(avae), "APIUsageVersion": Optional(1), "APIUsage": Optional(16), "HostApplicationDisplayID": Optional(com.spatial.app)] }
2026-05-09 22:10:06.587 Db Spatial[97543:666f6] [com.apple.audioanalytics:carc] Starting reporter. { reporterID=418943994953729 }
2026-05-09 22:10:06.588 Db coreaudiod[93820:66873] [com.apple.audioanalytics:carc] Get serviceType. { reporterID=17914308591644 }
2026-05-09 22:10:06.588 Db audioanalyticsd[61133:6658d] [com.apple.audioanalytics:cars] ClientServerInstance created. { processName=<private>, pid=97543
2026-05-09 22:10:06.588 Df coreaudiod[93820:66869] (CoreAudio)    HALS_UCRemotePlugIn.mm:1344   HALS_UCRemotePlugIn::ObjectGetPropertyData: failed:  [<private>/<private>/0], Error: 2003332927 (<private>)
2026-05-09 22:10:06.588 Db audioanalyticsd[61133:6658d] [com.apple.audioanalytics:cars] New connection. { pid=<private>, clientProcessName=<private> }
2026-05-09 22:10:06.588 Db coreaudiod[93820:66873] [com.apple.audioanalytics:carc] ReporterID not created by client. Returning early. { function=<private>, reporterID=17914308591644 }
2026-05-09 22:10:06.588 Db coreaudiod[93820:66873] [com.apple.audioanalytics:carc] Get serviceType. { reporterID=392972327714819 }
2026-05-09 22:10:06.588 Db coreaudiod[93820:66873] [com.apple.audioanalytics:carc] ReporterID not created by client. Returning early. { function=<private>, reporterID=392972327714819 }
2026-05-09 22:10:06.588 Db coreaudiod[93820:66873] [com.apple.audioanalytics:carc] Get serviceType. { reporterID=404405530656769 }
2026-05-09 22:10:06.588 Db coreaudiod[93820:66873] [com.apple.audioanalytics:carc] ReporterID not created by client. Returning early. { function=<private>, reporterID=404405530656769 }
2026-05-09 22:10:06.588 Db coreaudiod[93820:66873] [com.apple.audioanalytics:carc] Get serviceType. { reporterID=418943994953729 }
2026-05-09 22:10:06.588 Db coreaudiod[93820:66873] [com.apple.audioanalytics:carc] ReporterID not created by client. Returning early. { function=<private>, reporterID=418943994953729 }
2026-05-09 22:10:06.588 Df coreaudiod[93820:66869] (CoreAudio)    HALS_UCRemotePlugIn.mm:1344   HALS_UCRemotePlugIn::ObjectGetPropertyData: failed:  [<private>/<private>/0], Error: 2003332927 (<private>)
2026-05-09 22:10:06.589 Df coreaudiod[93820:66869] (CoreAudio)    HALS_UCRemotePlugIn.mm:1344   HALS_UCRemotePlugIn::ObjectGetPropertyData: failed:  [<private>/<private>/0], Error: 2003332927 (<private>)
2026-05-09 22:10:06.589 Df coreaudiod[93820:66869] (CoreAudio)    HALS_UCRemotePlugIn.mm:1344   HALS_UCRemotePlugIn::ObjectGetPropertyData: failed:  [<private>/<private>/0], Error: 2003332927 (<private>)
2026-05-09 22:10:06.590 Df Spatial[97543:666f6] [com.apple.coreaudio:AUHAL]                 AUHAL.cpp:1826  SetStreamUsage: Output stream enables: Stream 0 is ENABLED
2026-05-09 22:10:06.589 Df coreaudiod[93820:66869] (CoreAudio)    HALS_UCRemotePlugIn.mm:1344   HALS_UCRemotePlugIn::ObjectGetPropertyData: failed:  [<private>/<private>/0], Error: 2003332927 (<private>)
2026-05-09 22:10:06.589 Df coreaudiod[93820:66869] (CoreAudio)    HALS_UCRemotePlugIn.mm:1344   HALS_UCRemotePlugIn::ObjectGetPropertyData: failed:  [<private>/<private>/0], Error: 2003332927 (<private>)
2026-05-09 22:10:06.590 Db coreaudiod[93820:66873] [com.apple.coreaudio:aid] [AudioIssueDetectorManager.cpp:289   rtaid::Manager:0x2042893b0] enabling global NonFinite analyzer for client HAL
2026-05-09 22:10:06.590 Df Spatial[97543:666f6] [com.apple.coreaudio:AUHAL]                 AUHAL.cpp:1826  SetStreamUsage: Output stream enables: Stream 0 is ENABLED
2026-05-09 22:10:06.590 Db coreaudiod[93820:66873] [com.apple.coreaudio:aid] [AudioIssueDetectorManager.cpp:289   rtaid::Manager:0x2042893b0] enabling global AnalyzerRealTimeError analyzer for client HAL
2026-05-09 22:10:06.590 Db Spatial[97543:666f6] [com.apple.coreaudio:audiocomp] AudioComponentPluginMgr.mm:1213  findNext aumx/mcmx/appl -> 0x60000020e4c0 aumx/mcmx/appl/0x2/0x0
2026-05-09 22:10:06.590 Db coreaudiod[93820:66873] [com.apple.coreaudio:aid] [AudioIssueDetectorManager.cpp:289   rtaid::Manager:0x2042893b0] enabling global RMS analyzer for client HAL
2026-05-09 22:10:06.591 Df Spatial[97543:666f6] [com.apple.coreaudio:AUHAL]                 AUHAL.cpp:1826  SetStreamUsage: Output stream enables: Stream 0 is ENABLED
2026-05-09 22:10:06.591 Df Spatial[97543:666f6] [com.apple.coreaudio:AUHAL]                 AUHAL.cpp:1826  SetStreamUsage: Output stream enables: Stream 0 is ENABLED
2026-05-09 22:10:06.594 Db audioanalyticsd[61133:66790] [com.apple.audioanalytics:cars] createSession() called. { reporterID=418943994953729 }
2026-05-09 22:10:06.594 Df coreaudiod[93820:66869] (CoreAudio) HALS_DefaultDeviceManager.cpp:1068   HALS_DefaultDeviceManager::SetDefaultDevice:           'dOut' |  80: 'BuiltInSpeakerDevice'/'ispk'
2026-05-09 22:10:06.595 Df Spatial[97543:66861] [com.apple.coreaudio:ddagg]        AggregateDevice.mm:852   HAL notification: default output device changed
2026-05-09 22:10:06.595 Df Music[688:66203] [com.apple.coreaudio:AUHAL]                 AUHAL.cpp:947   HALListener: ->(0x123010a40) 1 addresses @ 0x6000014df080; thread 0x16b76f000
2026-05-09 22:10:06.597 I  systemsoundserverd[94158:663ac] [com.apple.coreaudio:sssg]              SSSGraph.cpp:154   OutputDeviceChangeListenerProc: output device changed to 74
2026-05-09 22:10:06.596 Df Music[688:66203] [com.apple.coreaudio:AUHAL]                 AUHAL.cpp:960   HALListener:   (0x123010a40) Property dOut/glob/0x00000000 changed; value 0x144 (0x0)
2026-05-09 22:10:06.598 Df systemsoundserverd[94158:663ac] [com.apple.coreaudio:AUHAL]                 AUHAL.cpp:2231  SetProperty: (0x104f90a10) caller requesting device change from 86 to 74
2026-05-09 22:10:06.597 Df Music[688:66203] [com.apple.coreaudio:AUHAL]                 AUHAL.cpp:610   SelectDevice: -> (0x123010a40)
2026-05-09 22:10:06.597 Df Music[688:66203] [com.apple.coreaudio:AUHAL]                 AUHAL.cpp:662   SelectDevice: (0x123010a40) not already running
2026-05-09 22:10:06.598 Df systemsoundserverd[94158:663ac] [com.apple.coreaudio:AUHAL]                 AUHAL.cpp:610   SelectDevice: -> (0x104f90a10)
2026-05-09 22:10:06.598 Df systemsoundserverd[94158:663ac] [com.apple.coreaudio:AUHAL]                 AUHAL.cpp:662   SelectDevice: (0x104f90a10) not already running
2026-05-09 22:10:06.597 Df Music[688:66203] [com.apple.coreaudio:AUHAL]                 AUHAL.cpp:668   SelectDevice: (0x123010a40) disconnecting device 336
2026-05-09 22:10:06.598 Df systemsoundserverd[94158:663ac] [com.apple.coreaudio:AUHAL]                 AUHAL.cpp:668   SelectDevice: (0x104f90a10) disconnecting device 86
2026-05-09 22:10:06.597 Df Music[688:66203] [com.apple.coreaudio:AUHAL]                 AUHAL.cpp:732   SelectDevice: (0x123010a40) destroying ioproc 0xd for device 336
2026-05-09 22:10:06.598 Df systemsoundserverd[94158:663ac] [com.apple.coreaudio:AUHAL]                 AUHAL.cpp:732   SelectDevice: (0x104f90a10) destroying ioproc 0xb for device 86
2026-05-09 22:10:06.598 Df systemsoundserverd[94158:663ac] [com.apple.coreaudio:as_client]   AVAudioSession_MacOS.mm:2783  --> setPlayState Stopped  Output {com.spatial.app.driver.speaker, 0xb}
2026-05-09 22:10:06.597 Df Music[688:66203] [com.apple.coreaudio:as_client]   AVAudioSession_MacOS.mm:2783  --> setPlayState Stopped  Output {com.spatial.app.driver.speaker, 0xd}
2026-05-09 22:10:06.598 I  systemsoundserverd[94158:663ac] [com.apple.coreaudio:as_client]   AVAudioSession_MacOS.mm:2803  Devices are same: =1. Previous: {(
)}. Current: {(
)}
2026-05-09 22:10:06.595 Df coreaudiod[93820:66869] (CoreAudio) HALS_DefaultDeviceManager.cpp:1706   HALS_DefaultDeviceManager::FindPreferredDefaultDevice: 'dOut' | found preferred[0] 80: 'BuiltInSpeakerDevice'/'ispk'
2026-05-09 22:10:06.598 Df systemsoundserverd[94158:663ac] [com.apple.coreaudio:as_client]   AVAudioSession_MacOS.mm:2814  <-- setPlayState IOState: [0, 0]. BT device UIDS: {(
)} Server update was not required.
2026-05-09 22:10:06.598 I  Music[688:66203] [com.apple.coreaudio:as_client]   AVAudioSession_MacOS.mm:2803  Devices are same: =1. Previous: {(
)}. Current: {(
)}
2026-05-09 22:10:06.598 Df systemsoundserverd[94158:663ac] [com.apple.coreaudio:AUHAL]                 AUHAL.cpp:743   SelectDevice: (0x104f90a10) connecting device 74
2026-05-09 22:10:06.599 Df systemsoundserverd[94158:663ac] [com.apple.coreaudio:AUHAL]                 AUHAL.cpp:3331  IsDeviceUsable: (0x104f90a10) Device ID: 74 (Input:No | Output:Yes): true
2026-05-09 22:10:06.598 Df Music[688:66203] [com.apple.coreaudio:as_client]   AVAudioSession_MacOS.mm:2814  <-- setPlayState IOState: [0, 0]. BT device UIDS: {(
)} Server update was not required.
2026-05-09 22:10:06.599 Df systemsoundserverd[94158:663ac] [com.apple.coreaudio:AUHAL]                 AUHAL.cpp:755   SelectDevice: (0x104f90a10) created ioproc 0xb for device 74
2026-05-09 22:10:06.598 Df Music[688:66203] [com.apple.coreaudio:AUHAL]                 AUHAL.cpp:743   SelectDevice: (0x123010a40) connecting device 324
2026-05-09 22:10:06.599 Df systemsoundserverd[94158:663ac] [com.apple.coreaudio:AUHAL]                 AUHAL.cpp:844   SelectDevice: (0x104f90a10) adding 7 device listeners to device 74
2026-05-09 22:10:06.598 Df Music[688:66203] [com.apple.coreaudio:AUHAL]                 AUHAL.cpp:3331  IsDeviceUsable: (0x123010a40) Device ID: 324 (Input:No | Output:Yes): true
2026-05-09 22:10:06.599 Df Music[688:66203] [com.apple.coreaudio:AUHAL]                 AUHAL.cpp:755   SelectDevice: (0x123010a40) created ioproc 0xd for device 324
2026-05-09 22:10:06.600 Df systemsoundserverd[94158:663ac] [com.apple.coreaudio:AUHAL]                 AUHAL.cpp:844   SelectDevice: (0x104f90a10) adding 0 device delegate listeners to device 74
2026-05-09 22:10:06.601 Df systemsoundserverd[94158:663ac] [com.apple.coreaudio:AUHAL]                 AUHAL.cpp:1514  UpdateStreamFormats: -> (0x104f90a10)
2026-05-09 22:10:06.596 Df Spatial[97543:66861] [com.apple.coreaudio:ddagg]        AggregateDevice.mm:884   fetched default output device, ID = 74
2026-05-09 22:10:06.601 Df systemsoundserverd[94158:663ac] [com.apple.coreaudio:AUHAL]                 AUHAL.cpp:1610  UpdateStreamFormats: 
  output stream 0 [0x4b]:  2 ch,  48000 Hz, Float32, interleaved
2026-05-09 22:10:06.599 Df Music[688:66203] [com.apple.coreaudio:AUHAL]                 AUHAL.cpp:844   SelectDevice: (0x123010a40) adding 6 device listeners to device 324
2026-05-09 22:10:06.601 Df systemsoundserverd[94158:663ac] [com.apple.coreaudio:AUHAL]                 AUHAL.cpp:1622  UpdateStreamFormats: 1 output streams; not all mono
2026-05-09 22:10:06.602 Df systemsoundserverd[94158:663ac] [com.apple.coreaudio:AUHAL]                 AUHAL.cpp:1634  UpdateStreamFormats: 
  Output render format:  2 ch,  48000 Hz, Float32, interleaved
2026-05-09 22:10:06.600 Df Music[688:66203] [com.apple.coreaudio:AUHAL]                 AUHAL.cpp:844   SelectDevice: (0x123010a40) adding 3 device delegate listeners to device 324
2026-05-09 22:10:06.602 Df systemsoundserverd[94158:663ac] [com.apple.coreaudio:AUHAL]                 AUHAL.cpp:1622  UpdateStreamFormats: 0 input streams; not all mono
2026-05-09 22:10:06.602 Df systemsoundserverd[94158:663ac] [com.apple.coreaudio:AUHAL]                 AUHAL.cpp:1634  UpdateStreamFormats: 
  Input render format:  0 ch,      0 Hz, lpcm (0x00000029) 32-bit little-endian float, deinterleaved
2026-05-09 22:10:06.602 Df systemsoundserverd[94158:663ac] [com.apple.coreaudio:AudioConverter]        AudioConverter.cpp:1007  Created a new in process converter -> 0x8a8280510, from  2 ch,  48000 Hz, Float32, deinterleaved to  2 ch,  48000 Hz, Float32, interleaved
2026-05-09 22:10:06.602 Df systemsoundserverd[94158:663ac] [com.apple.coreaudio:AUHAL]                 AUHAL.cpp:1826  SetStreamUsage: Output stream enables: Stream 0 is ENABLED
2026-05-09 22:10:06.603 Db systemsoundserverd[94158:663ac] [com.apple.coreaudio:sssg]              SSSGraph.cpp:177   OutputAUPropertyChangeListener: called for output device 74
2026-05-09 22:10:06.597 Df Spotify[91496:65ded] [com.apple.coreaudio:AUHAL]                 AUHAL.cpp:947   HALListener: ->(0x11c08c531c0) 1 addresses @ 0x11c125c3e60; thread 0x17f9af000
2026-05-09 22:10:06.597 Df Spotify[91496:65ded] [com.apple.coreaudio:AUHAL]                 AUHAL.cpp:960   HALListener:   (0x11c08c531c0) Property dOut/glob/0x00000000 changed; value 0x8c (0x0)
2026-05-09 22:10:06.595 Df coreaudiod[93820:66869] (CoreAudio) HALS_DefaultDeviceManager.cpp:1706   HALS_DefaultDeviceManager::FindPreferredDefaultDevice: 'shrd' | found preferred[0] 80: 'BuiltInSpeakerDevice'/'ispk'
2026-05-09 22:10:06.603 Df systemsoundserverd[94158:663ac] [com.apple.coreaudio:sssg]              SSSGraph.cpp:194   OutputAUPropertyChangeListener: FramesPerSlice 940 -> 512, SampleRate mMixerAU: 48000.000000 mOutputAU: 48000.000000
2026-05-09 22:10:06.595 Df coreaudiod[93820:66874] (CoreAudio) HALS_DefaultDeviceManager.cpp:1068   HALS_DefaultDeviceManager::SetDefaultDevice:           'sOut' |  80: 'BuiltInSpeakerDevice'/'ispk'
2026-05-09 22:10:06.601 Df Music[688:66203] [com.apple.coreaudio:AUHAL]                 AUHAL.cpp:1514  UpdateStreamFormats: -> (0x123010a40)
2026-05-09 22:10:06.603 Df systemsoundserverd[94158:663ac] [com.apple.coreaudio:AUHAL]                 AUHAL.cpp:1704  UpdateStreamFormats: AUHAL(0x104f90a10) Calling PropertyChanged() for kAudioUnitProperty_StreamFormat, Scope:Output, Bus:Output
2026-05-09 22:10:06.595 Df coreaudiod[93820:66874] (CoreAudio) HALS_DefaultDeviceManager.cpp:1706   HALS_DefaultDeviceManager::FindPreferredDefaultDevice: 'sOut' | found preferred[0] 80: 'BuiltInSpeakerDevice'/'ispk'
2026-05-09 22:10:06.597 Df Spotify[91496:65ded] [com.apple.coreaudio:AUHAL]                 AUHAL.cpp:610   SelectDevice: -> (0x11c08c531c0)
2026-05-09 22:10:06.603 Df systemsoundserverd[94158:663ac] [com.apple.coreaudio:AUHAL]                 AUHAL.cpp:1710  UpdateStreamFormats: AUHAL(0x104f90a10) Calling PropertyChanged() for kAudioUnitProperty_StreamFormat, Scope:Input, Bus:Input
2026-05-09 22:10:06.602 Df Music[688:66203] [com.apple.coreaudio:AUHAL]                 AUHAL.cpp:1610  UpdateStreamFormats: 
  output stream 0 [0x145]:  2 ch,  48000 Hz, Float32, interleaved
2026-05-09 22:10:06.599 Df coreaudiod[93820:66868] (CoreAudio)    HALS_UCRemotePlugIn.mm:1344   HALS_UCRemotePlugIn::ObjectGetPropertyData: failed:  [<private>/<private>/0], Error: 2003332927 (<private>)
2026-05-09 22:10:06.599 Df coreaudiod[93820:66136] (CoreAudio)    HALS_UCRemotePlugIn.mm:1344   HALS_UCRemotePlugIn::ObjectGetPropertyData: failed:  [<private>/<private>/0], Error: 2003332927 (<private>)
2026-05-09 22:10:06.597 Df Spotify[91496:65ded] [com.apple.coreaudio:AUHAL]                 AUHAL.cpp:658   SelectDevice: (0x11c08c531c0) stopping; stopWasPending 0
2026-05-09 22:10:06.600 Df coreaudiod[93820:66136] (CoreAudio)    HALS_UCRemotePlugIn.mm:1344   HALS_UCRemotePlugIn::ObjectGetPropertyData: failed:  [<private>/<private>/0], Error: 2003332927 (<private>)
2026-05-09 22:10:06.601 Df coreaudiod[93820:66136] (CoreAudio)    HALS_UCRemotePlugIn.mm:1344   HALS_UCRemotePlugIn::ObjectGetPropertyData: failed:  [<private>/<private>/0], Error: 2003332927 (<private>)
2026-05-09 22:10:06.603 Df systemsoundserverd[94158:663ac] [com.apple.coreaudio:AUHAL]                 AUHAL.cpp:1720  UpdateStreamFormats: <-
2026-05-09 22:10:06.605 Df coreaudiod[93820:66136] (CoreAudio)           HALS_Device.cpp:162    HALS_Device::Activate: activating device 380: CADefaultDeviceAggregate-97543-1 Transport Type: <private> Clock Domain: 1835100526
2026-05-09 22:10:06.603 Df systemsoundserverd[94158:663ac] [com.apple.coreaudio:AUHAL]                 AUHAL.cpp:881   SelectDevice: (0x104f90a10) removing 7 device listeners from device 86
2026-05-09 22:10:06.602 Df Music[688:66203] [com.apple.coreaudio:AUHAL]                 AUHAL.cpp:1622  UpdateStreamFormats: 1 output streams; not all mono
2026-05-09 22:10:06.605 Df coreaudiod[93820:66136] [com.apple.Accessibility:AXHearingHalPlugin] IsHidden: 1
2026-05-09 22:10:06.604 Df systemsoundserverd[94158:663ac] [com.apple.coreaudio:AUHAL]                 AUHAL.cpp:881   SelectDevice: (0x104f90a10) removing 0 device delegate listeners from device 86
2026-05-09 22:10:06.602 Df Music[688:66203] [com.apple.coreaudio:AUHAL]                 AUHAL.cpp:1634  UpdateStreamFormats: 
  Output render format:  2 ch,  48000 Hz, Float32, interleaved
2026-05-09 22:10:06.605 Df coreaudiod[93820:66136] [com.apple.Accessibility:AXHearingHalPlugin] IsHidden: 1
2026-05-09 22:10:06.605 Df systemsoundserverd[94158:663ac] [com.apple.coreaudio:AUHAL]                 AUHAL.cpp:897   SelectDevice: <- (0x104f90a10)
2026-05-09 22:10:06.602 Df Music[688:66203] [com.apple.coreaudio:AUHAL]                 AUHAL.cpp:1622  UpdateStreamFormats: 0 input streams; not all mono
2026-05-09 22:10:06.606 Df coreaudiod[93820:66136] [com.apple.Accessibility:AXHearingHalPlugin] IsHidden: 1
2026-05-09 22:10:06.606 Df coreaudiod[93820:66136] [com.apple.Accessibility:AXHearingHalPlugin] IsHidden: 1
2026-05-09 22:10:06.596 Df Spatial[97543:66861] [com.apple.coreaudio:ddagg]        AggregateDevice.mm:884   fetched default input device, ID = 86
2026-05-09 22:10:06.603 Df Music[688:66203] [com.apple.coreaudio:AUHAL]                 AUHAL.cpp:1826  SetStreamUsage: Output stream enables: Stream 0 is ENABLED
2026-05-09 22:10:06.603 Df Music[688:66203] [com.apple.coreaudio:AUHAL]                 AUHAL.cpp:1704  UpdateStreamFormats: AUHAL(0x123010a40) Calling PropertyChanged() for kAudioUnitProperty_StreamFormat, Scope:Output, Bus:Output
2026-05-09 22:10:06.606 Df Music[688:66203] [com.apple.coreaudio:AUHAL]                 AUHAL.cpp:1720  UpdateStreamFormats: <-
2026-05-09 22:10:06.606 Df Music[688:66203] [com.apple.coreaudio:AUHAL]                 AUHAL.cpp:881   SelectDevice: (0x123010a40) removing 6 device listeners from device 336
2026-05-09 22:10:06.608 Df Music[688:66203] [com.apple.coreaudio:AUHAL]                 AUHAL.cpp:881   SelectDevice: (0x123010a40) removing 3 device delegate listeners from device 336
2026-05-09 22:10:06.609 Df Music[688:66203] [com.apple.coreaudio:AUHAL]                 AUHAL.cpp:897   SelectDevice: <- (0x123010a40)
2026-05-09 22:10:06.609 Df Music[688:66203] [com.apple.coreaudio:AUHAL]                 AUHAL.cpp:967   HALListener: <-(0x123010a40)
2026-05-09 22:10:06.609 Df Music[688:66203] [com.apple.coreaudio:AUHAL]                 AUHAL.cpp:947   HALListener: ->(0x12304ea40) 1 addresses @ 0x6000014df030; thread 0x16b76f000
2026-05-09 22:10:06.609 Df Music[688:66203] [com.apple.coreaudio:AUHAL]                 AUHAL.cpp:960   HALListener:   (0x12304ea40) Property dOut/glob/0x00000000 changed; value 0x144 (0x0)
2026-05-09 22:10:06.609 Df Music[688:66203] [com.apple.coreaudio:AUHAL]                 AUHAL.cpp:610   SelectDevice: -> (0x12304ea40)
2026-05-09 22:10:06.606 Df coreaudiod[93820:66136] [com.apple.Accessibility:AXHearingHalPlugin] IsHidden: 1
2026-05-09 22:10:06.598 I  Spatial[97543:66861] [com.apple.coreaudio:ddagg]        AggregateDevice.mm:188   device 86 scope 'inpt': streamChannelCounts 2, totalChannelCount 2, defaultPair (1, 2)
2026-05-09 22:10:06.610 Df Music[688:66203] [com.apple.coreaudio:AUHAL]                 AUHAL.cpp:662   SelectDevice: (0x12304ea40) not already running
2026-05-09 22:10:06.606 Df coreaudiod[93820:66136] [com.apple.Accessibility:AXHearingHalPlugin] IsHidden: 1
2026-05-09 22:10:06.600 I  Spatial[97543:66861] [com.apple.coreaudio:ddagg]        AggregateDevice.mm:188   device 86 scope 'outp': streamChannelCounts 2, totalChannelCount 2, defaultPair (1, 2)
2026-05-09 22:10:06.610 Df Music[688:66203] [com.apple.coreaudio:AUHAL]                 AUHAL.cpp:668   SelectDevice: (0x12304ea40) disconnecting device 336
2026-05-09 22:10:06.608 Df coreaudiod[93820:66136] (CoreAudio) HALS_DefaultDeviceManager.cpp:1706   HALS_DefaultDeviceManager::FindPreferredDefaultDevice: 'dIn ' | found preferred[0] 99: 'com.spatial.app.driver.speaker'/''
2026-05-09 22:10:06.610 Df Music[688:66203] [com.apple.coreaudio:AUHAL]                 AUHAL.cpp:732   SelectDevice: (0x12304ea40) destroying ioproc 0xe for device 336
2026-05-09 22:10:06.601 I  Spatial[97543:66861] [com.apple.coreaudio:ddagg]        AggregateDevice.mm:188   device 74 scope 'inpt': streamChannelCounts , totalChannelCount 0, defaultPair (0, 0)
2026-05-09 22:10:06.608 Df coreaudiod[93820:66136] (CoreAudio) HALS_DefaultDeviceManager.cpp:1706   HALS_DefaultDeviceManager::FindPreferredDefaultDevice: 'dOut' | found preferred[0] 80: 'BuiltInSpeakerDevice'/'ispk'
2026-05-09 22:10:06.602 I  Spatial[97543:66861] [com.apple.coreaudio:ddagg]        AggregateDevice.mm:188   device 74 scope 'outp': streamChannelCounts 2, totalChannelCount 2, defaultPair (1, 2)
2026-05-09 22:10:06.610 Df Music[688:66203] [com.apple.coreaudio:as_client]   AVAudioSession_MacOS.mm:2783  --> setPlayState Stopped  Output {com.spatial.app.driver.speaker, 0xe}
2026-05-09 22:10:06.608 Df coreaudiod[93820:66136] (CoreAudio) HALS_DefaultDeviceManager.cpp:1706   HALS_DefaultDeviceManager::FindPreferredDefaultDevice: 'sOut' | found preferred[0] 80: 'BuiltInSpeakerDevice'/'ispk'
2026-05-09 22:10:06.610 I  Music[688:66203] [com.apple.coreaudio:as_client]   AVAudioSession_MacOS.mm:2803  Devices are same: =1. Previous: {(
)}. Current: {(
)}
2026-05-09 22:10:06.608 Df coreaudiod[93820:66136] (CoreAudio) HALS_DefaultDeviceManager.cpp:1706   HALS_DefaultDeviceManager::FindPreferredDefaultDevice: 'shrd' | found preferred[0] 80: 'BuiltInSpeakerDevice'/'ispk'
2026-05-09 22:10:06.610 Df Music[688:66203] [com.apple.coreaudio:as_client]   AVAudioSession_MacOS.mm:2814  <-- setPlayState IOState: [0, 0]. BT device UIDS: {(
)} Server update was not required.
2026-05-09 22:10:06.603 I  Spatial[97543:66861] [com.apple.coreaudio:ddagg]        AggregateDevice.mm:754   New aggregate device dictionary (86 74):
{
    master = BuiltInSpeakerDevice;
    name = "CADefaultDeviceAggregate-97543-1";
    private = 1;
    subdevices =     (
                {
            "channels-in" = 2;
            "channels-out" = 2;
            drift = 1;
            name = "Spatial Speaker";
            uid = "com.spatial.app.driver.speaker";
        },
                {
            "channels-in" = 0;
            "channels-out" = 2;
            drift = 1;
            name = "MacBook Air Speakers";
            uid = BuiltInSpeakerDevice;
        }
    );
    uid = "CADefaultDeviceAggregate-97543-1";
}
2026-05-09 22:10:06.610 Df Music[688:66203] [com.apple.coreaudio:AUHAL]                 AUHAL.cpp:743   SelectDevice: (0x12304ea40) connecting device 324
2026-05-09 22:10:06.611 Df Music[688:66203] [com.apple.coreaudio:AUHAL]                 AUHAL.cpp:3331  IsDeviceUsable: (0x12304ea40) Device ID: 324 (Input:No | Output:Yes): true
2026-05-09 22:10:06.611 Df Music[688:66203] [com.apple.coreaudio:AUHAL]                 AUHAL.cpp:755   SelectDevice: (0x12304ea40) created ioproc 0xe for device 324
2026-05-09 22:10:06.611 Df Music[688:66203] [com.apple.coreaudio:AUHAL]                 AUHAL.cpp:844   SelectDevice: (0x12304ea40) adding 6 device listeners to device 324
2026-05-09 22:10:06.611 Df Music[688:66203] [com.apple.coreaudio:AUHAL]                 AUHAL.cpp:844   SelectDevice: (0x12304ea40) adding 0 device delegate listeners to device 324
2026-05-09 22:10:06.612 Df Music[688:66203] [com.apple.coreaudio:AUHAL]                 AUHAL.cpp:1514  UpdateStreamFormats: -> (0x12304ea40)
2026-05-09 22:10:06.612 Df Music[688:66203] [com.apple.coreaudio:AUHAL]                 AUHAL.cpp:1610  UpdateStreamFormats: 
  output stream 0 [0x145]:  2 ch,  48000 Hz, Float32, interleaved
