2026-05-09 21:40:23.650 Db corespeechd[598:56b34] [com.apple.coreaudio:AQ]      AudioQueueObject.cpp:7234  ConvertInput: <-0x200/0x200 packets, 0x800/0x800 bytes [buffer 1002]
2026-05-09 21:40:23.650 Db corespeechd[598:56b34] [com.apple.coreaudio:aqiotime]              AQIONode.cpp:122     ionode anchor 10385.235394, 86895295 st, 1.000000 rs
2026-05-09 21:40:23.650 Db corespeechd[598:56b34] [com.apple.coreaudio:AQ]      AudioQueueObject.cpp:7205  ConvertInput: bufid 1003 0x0/0x800 bytes, 0/512 packets, mNumPacketDescriptions=0
2026-05-09 21:40:23.650 Db corespeechd[598:56b34] [com.apple.coreaudio:AQ]      AudioQueueObject.cpp:7234  ConvertInput: <-0x200/0x200 packets, 0x800/0x800 bytes [buffer 1003]
2026-05-09 21:40:23.650 Db corespeechd[598:56b34] [com.apple.coreaudio:aqiotime]              AQIONode.cpp:122     ionode anchor 10385.235394, 86895295 st, 1.000000 rs
2026-05-09 21:40:23.650 Db corespeechd[598:56183] [com.apple.coreaudio:AQ]      AudioQueueObject.cpp:5719  EnqueueBuffer: aq@0x710c4e800: bufid 1002, cmd 0x7104f8ee8, data 0x1083990b0: 0 bytes, 0 frames (trim 0/0), 0 packets, invalid ht, invalid st, outActualStartTime 0x0
2026-05-09 21:40:23.650 Db corespeechd[598:56b34] [com.apple.coreaudio:AQ]      AudioQueueObject.cpp:7205  ConvertInput: bufid 1000 0x0/0x800 bytes, 0/512 packets, mNumPacketDescriptions=0
2026-05-09 21:40:23.650 Db corespeechd[598:56183] [com.apple.coreaudio:AQ]      AudioQueueObject.cpp:5719  EnqueueBuffer: aq@0x710c4e800: bufid 1003, cmd 0x7104f8f58, data 0x1083998f0: 0 bytes, 0 frames (trim 0/0), 0 packets, invalid ht, invalid st, outActualStartTime 0x0
2026-05-09 21:40:23.650 Db corespeechd[598:56b34] [com.apple.coreaudio:AQ]      AudioQueueObject.cpp:7205  ConvertInput: bufid 1000 0x0/0x800 bytes, 0/512 packets, mNumPacketDescriptions=0
2026-05-09 21:40:23.682 Db corespeechd[598:56b34] [com.apple.coreaudio:AQ]      AudioQueueObject.cpp:7205  ConvertInput: bufid 1000 0x0/0x800 bytes, 0/512 packets, mNumPacketDescriptions=0
2026-05-09 21:40:23.693 Db corespeechd[598:56b34] [com.apple.coreaudio:AQ]      AudioQueueObject.cpp:7205  ConvertInput: bufid 1000 0x0/0x800 bytes, 0/512 packets, mNumPacketDescriptions=0
2026-05-09 21:40:23.703 Db corespeechd[598:56b34] [com.apple.coreaudio:AQ]      AudioQueueObject.cpp:7205  ConvertInput: bufid 1000 0x0/0x800 bytes, 0/512 packets, mNumPacketDescriptions=0
2026-05-09 21:40:23.714 Db corespeechd[598:56b34] [com.apple.coreaudio:AQ]      AudioQueueObject.cpp:7205  ConvertInput: bufid 1000 0x0/0x800 bytes, 0/512 packets, mNumPacketDescriptions=0
2026-05-09 21:40:23.714 Db corespeechd[598:56b34] [com.apple.coreaudio:AQ]        AudioQueueObject.h:1269  AQFetch: Input ring buffer returning 0x280 frames, t: 0x52deb00 - 0x52ded80
2026-05-09 21:40:23.714 Db corespeechd[598:56b34] [com.apple.coreaudio:AQ]      AudioQueueObject.cpp:7354  EncoderInputProc: ->640 fr, 2560 bytes @ t=86895360 fr
2026-05-09 21:40:23.714 Db corespeechd[598:56b34] [com.apple.coreaudio:AQ]      AudioQueueObject.cpp:7234  ConvertInput: <-0x200/0x200 packets, 0x800/0x800 bytes [buffer 1000]
2026-05-09 21:40:23.714 Db corespeechd[598:56b34] [com.apple.coreaudio:aqiotime]              AQIONode.cpp:122     ionode anchor 10385.299394, 86896319 st, 1.000000 rs
2026-05-09 21:40:23.714 Db corespeechd[598:56b34] [com.apple.coreaudio:AQ]      AudioQueueObject.cpp:7205  ConvertInput: bufid 1001 0x0/0x800 bytes, 0/512 packets, mNumPacketDescriptions=0
2026-05-09 21:40:23.714 Db corespeechd[598:56b34] [com.apple.coreaudio:AQ]      AudioQueueObject.cpp:7234  ConvertInput: <-0x200/0x200 packets, 0x800/0x800 bytes [buffer 1001]
2026-05-09 21:40:23.714 Db corespeechd[598:56b34] [com.apple.coreaudio:aqiotime]              AQIONode.cpp:122     ionode anchor 10385.299394, 86896319 st, 1.000000 rs
2026-05-09 21:40:23.714 Db corespeechd[598:5618a] [com.apple.coreaudio:AQ]      AudioQueueObject.cpp:5719  EnqueueBuffer: aq@0x710c4e800: bufid 1000, cmd 0x7104f8e78, data 0x108398030: 0 bytes, 0 frames (trim 0/0), 0 packets, invalid ht, invalid st, outActualStartTime 0x0
2026-05-09 21:40:23.714 Db corespeechd[598:56b34] [com.apple.coreaudio:AQ]      AudioQueueObject.cpp:7205  ConvertInput: bufid 1002 0x0/0x800 bytes, 0/512 packets, mNumPacketDescriptions=0
2026-05-09 21:40:23.714 Db corespeechd[598:5618a] [com.apple.coreaudio:AQ]      AudioQueueObject.cpp:5719  EnqueueBuffer: aq@0x710c4e800: bufid 1001, cmd 0x7104f8fc8, data 0x108398870: 0 bytes, 0 frames (trim 0/0), 0 packets, invalid ht, invalid st, outActualStartTime 0x0
2026-05-09 21:40:23.714 Db corespeechd[598:56b34] [com.apple.coreaudio:AQ]      AudioQueueObject.cpp:7205  ConvertInput: bufid 1002 0x0/0x800 bytes, 0/512 packets, mNumPacketDescriptions=0
2026-05-09 21:40:23.725 Db corespeechd[598:56b34] [com.apple.coreaudio:AQ]      AudioQueueObject.cpp:7205  ConvertInput: bufid 1002 0x0/0x800 bytes, 0/512 packets, mNumPacketDescriptions=0
2026-05-09 21:40:23.735 Db corespeechd[598:56b34] [com.apple.coreaudio:AQ]      AudioQueueObject.cpp:7205  ConvertInput: bufid 1002 0x0/0x800 bytes, 0/512 packets, mNumPacketDescriptions=0
2026-05-09 21:40:23.746 Db corespeechd[598:56b34] [com.apple.coreaudio:AQ]      AudioQueueObject.cpp:7205  ConvertInput: bufid 1002 0x0/0x800 bytes, 0/512 packets, mNumPacketDescriptions=0
2026-05-09 21:40:23.757 Db corespeechd[598:56b34] [com.apple.coreaudio:AQ]      AudioQueueObject.cpp:7205  ConvertInput: bufid 1002 0x0/0x800 bytes, 0/512 packets, mNumPacketDescriptions=0
2026-05-09 21:40:23.757 Db corespeechd[598:56b34] [com.apple.coreaudio:AQ]        AudioQueueObject.h:1269  AQFetch: Input ring buffer returning 0x400 frames, t: 0x52ded80 - 0x52df180
2026-05-09 21:40:23.757 Db corespeechd[598:56b34] [com.apple.coreaudio:AQ]      AudioQueueObject.cpp:7354  EncoderInputProc: ->1024 fr, 4096 bytes @ t=86896000 fr
2026-05-09 21:40:23.757 Db corespeechd[598:56b34] [com.apple.coreaudio:AQ]      AudioQueueObject.cpp:7234  ConvertInput: <-0x200/0x200 packets, 0x800/0x800 bytes [buffer 1002]
2026-05-09 21:40:23.757 Db corespeechd[598:56b34] [com.apple.coreaudio:aqiotime]              AQIONode.cpp:122     ionode anchor 10385.342060, 86897002 st, 1.000000 rs
2026-05-09 21:40:23.757 Db corespeechd[598:56b34] [com.apple.coreaudio:AQ]      AudioQueueObject.cpp:7205  ConvertInput: bufid 1003 0x0/0x800 bytes, 0/512 packets, mNumPacketDescriptions=0
2026-05-09 21:40:23.757 Db corespeechd[598:56b34] [com.apple.coreaudio:AQ]      AudioQueueObject.cpp:7234  ConvertInput: <-0x200/0x200 packets, 0x800/0x800 bytes [buffer 1003]
2026-05-09 21:40:23.757 Db corespeechd[598:56b34] [com.apple.coreaudio:aqiotime]              AQIONode.cpp:122     ionode anchor 10385.342060, 86897002 st, 1.000000 rs
2026-05-09 21:40:23.757 Db corespeechd[598:56b34] [com.apple.coreaudio:AQ]      AudioQueueObject.cpp:7205  ConvertInput: bufid 1000 0x0/0x800 bytes, 0/512 packets, mNumPacketDescriptions=0
2026-05-09 21:40:23.757 Db corespeechd[598:5618a] [com.apple.coreaudio:AQ]      AudioQueueObject.cpp:5719  EnqueueBuffer: aq@0x710c4e800: bufid 1002, cmd 0x7104f8f58, data 0x1083990b0: 0 bytes, 0 frames (trim 0/0), 0 packets, invalid ht, invalid st, outActualStartTime 0x0
2026-05-09 21:40:23.757 Db corespeechd[598:56b34] [com.apple.coreaudio:AQ]      AudioQueueObject.cpp:7205  ConvertInput: bufid 1000 0x0/0x800 bytes, 0/512 packets, mNumPacketDescriptions=0
2026-05-09 21:40:23.757 Db corespeechd[598:5618a] [com.apple.coreaudio:AQ]      AudioQueueObject.cpp:5719  EnqueueBuffer: aq@0x710c4e800: bufid 1003, cmd 0x7104f8ee8, data 0x1083998f0: 0 bytes, 0 frames (trim 0/0), 0 packets, invalid ht, invalid st, outActualStartTime 0x0
2026-05-09 21:40:23.757 Db corespeechd[598:56b34] [com.apple.coreaudio:AQ]      AudioQueueObject.cpp:7205  ConvertInput: bufid 1000 0x0/0x800 bytes, 0/512 packets, mNumPacketDescriptions=0
2026-05-09 21:40:23.789 Db corespeechd[598:56b34] [com.apple.coreaudio:AQ]      AudioQueueObject.cpp:7205  ConvertInput: bufid 1000 0x0/0x800 bytes, 0/512 packets, mNumPacketDescriptions=0
2026-05-09 21:40:23.799 Db corespeechd[598:56b34] [com.apple.coreaudio:AQ]      AudioQueueObject.cpp:7205  ConvertInput: bufid 1000 0x0/0x800 bytes, 0/512 packets, mNumPacketDescriptions=0
2026-05-09 21:40:23.810 Db corespeechd[598:56b34] [com.apple.coreaudio:AQ]      AudioQueueObject.cpp:7205  ConvertInput: bufid 1000 0x0/0x800 bytes, 0/512 packets, mNumPacketDescriptions=0
2026-05-09 21:40:23.821 Db corespeechd[598:56b34] [com.apple.coreaudio:AQ]      AudioQueueObject.cpp:7205  ConvertInput: bufid 1000 0x0/0x800 bytes, 0/512 packets, mNumPacketDescriptions=0
2026-05-09 21:40:23.821 Db corespeechd[598:56b34] [com.apple.coreaudio:AQ]        AudioQueueObject.h:1269  AQFetch: Input ring buffer returning 0x400 frames, t: 0x52df180 - 0x52df580
2026-05-09 21:40:23.821 Db corespeechd[598:56b34] [com.apple.coreaudio:AQ]      AudioQueueObject.cpp:7354  EncoderInputProc: ->1024 fr, 4096 bytes @ t=86897024 fr
2026-05-09 21:40:23.821 Db corespeechd[598:56b34] [com.apple.coreaudio:AQ]      AudioQueueObject.cpp:7234  ConvertInput: <-0x200/0x200 packets, 0x800/0x800 bytes [buffer 1000]
2026-05-09 21:40:23.821 Db corespeechd[598:56b34] [com.apple.coreaudio:aqiotime]              AQIONode.cpp:122     ionode anchor 10385.406060, 86898026 st, 1.000000 rs
2026-05-09 21:40:23.821 Db corespeechd[598:56b34] [com.apple.coreaudio:AQ]      AudioQueueObject.cpp:7205  ConvertInput: bufid 1001 0x0/0x800 bytes, 0/512 packets, mNumPacketDescriptions=0
2026-05-09 21:40:23.821 Db corespeechd[598:56b34] [com.apple.coreaudio:AQ]      AudioQueueObject.cpp:7234  ConvertInput: <-0x200/0x200 packets, 0x800/0x800 bytes [buffer 1001]
2026-05-09 21:40:23.821 Db corespeechd[598:56b34] [com.apple.coreaudio:aqiotime]              AQIONode.cpp:122     ionode anchor 10385.406060, 86898026 st, 1.000000 rs
2026-05-09 21:40:23.821 Db corespeechd[598:56b34] [com.apple.coreaudio:AQ]      AudioQueueObject.cpp:7205  ConvertInput: bufid 1002 0x0/0x800 bytes, 0/512 packets, mNumPacketDescriptions=0
2026-05-09 21:40:23.821 Db corespeechd[598:5618a] [com.apple.coreaudio:AQ]      AudioQueueObject.cpp:5719  EnqueueBuffer: aq@0x710c4e800: bufid 1000, cmd 0x7104f8fc8, data 0x108398030: 0 bytes, 0 frames (trim 0/0), 0 packets, invalid ht, invalid st, outActualStartTime 0x0
2026-05-09 21:40:23.821 Db corespeechd[598:56b34] [com.apple.coreaudio:AQ]      AudioQueueObject.cpp:7205  ConvertInput: bufid 1002 0x0/0x800 bytes, 0/512 packets, mNumPacketDescriptions=0
2026-05-09 21:40:23.821 Db corespeechd[598:5618a] [com.apple.coreaudio:AQ]      AudioQueueObject.cpp:5719  EnqueueBuffer: aq@0x710c4e800: bufid 1001, cmd 0x7104f8e78, data 0x108398870: 0 bytes, 0 frames (trim 0/0), 0 packets, invalid ht, invalid st, outActualStartTime 0x0
2026-05-09 21:40:23.821 Db corespeechd[598:56b34] [com.apple.coreaudio:AQ]      AudioQueueObject.cpp:7205  ConvertInput: bufid 1002 0x0/0x800 bytes, 0/512 packets, mNumPacketDescriptions=0
2026-05-09 21:40:23.853 Db corespeechd[598:56b34] [com.apple.coreaudio:AQ]      AudioQueueObject.cpp:7205  ConvertInput: bufid 1002 0x0/0x800 bytes, 0/512 packets, mNumPacketDescriptions=0
2026-05-09 21:40:23.863 Db corespeechd[598:56b34] [com.apple.coreaudio:AQ]      AudioQueueObject.cpp:7205  ConvertInput: bufid 1002 0x0/0x800 bytes, 0/512 packets, mNumPacketDescriptions=0
2026-05-09 21:40:23.874 Db corespeechd[598:56b34] [com.apple.coreaudio:AQ]      AudioQueueObject.cpp:7205  ConvertInput: bufid 1002 0x0/0x800 bytes, 0/512 packets, mNumPacketDescriptions=0
2026-05-09 21:40:23.885 Db corespeechd[598:56b34] [com.apple.coreaudio:AQ]      AudioQueueObject.cpp:7205  ConvertInput: bufid 1002 0x0/0x800 bytes, 0/512 packets, mNumPacketDescriptions=0
2026-05-09 21:40:23.885 Db corespeechd[598:56b34] [com.apple.coreaudio:AQ]        AudioQueueObject.h:1269  AQFetch: Input ring buffer returning 0x400 frames, t: 0x52df580 - 0x52df980
2026-05-09 21:40:23.885 Db corespeechd[598:56b34] [com.apple.coreaudio:AQ]      AudioQueueObject.cpp:7354  EncoderInputProc: ->1024 fr, 4096 bytes @ t=86898048 fr
2026-05-09 21:40:23.885 Db corespeechd[598:56b34] [com.apple.coreaudio:AQ]      AudioQueueObject.cpp:7234  ConvertInput: <-0x200/0x200 packets, 0x800/0x800 bytes [buffer 1002]
2026-05-09 21:40:23.885 Db corespeechd[598:56b34] [com.apple.coreaudio:aqiotime]              AQIONode.cpp:122     ionode anchor 10385.470060, 86899050 st, 1.000000 rs
2026-05-09 21:40:23.885 Db corespeechd[598:56b34] [com.apple.coreaudio:AQ]      AudioQueueObject.cpp:7205  ConvertInput: bufid 1003 0x0/0x800 bytes, 0/512 packets, mNumPacketDescriptions=0
2026-05-09 21:40:23.885 Db corespeechd[598:56b34] [com.apple.coreaudio:AQ]      AudioQueueObject.cpp:7234  ConvertInput: <-0x200/0x200 packets, 0x800/0x800 bytes [buffer 1003]
2026-05-09 21:40:23.885 Db corespeechd[598:56b34] [com.apple.coreaudio:aqiotime]              AQIONode.cpp:122     ionode anchor 10385.470060, 86899050 st, 1.000000 rs
2026-05-09 21:40:23.885 Db corespeechd[598:55fc4] [com.apple.coreaudio:AQ]      AudioQueueObject.cpp:5719  EnqueueBuffer: aq@0x710c4e800: bufid 1002, cmd 0x7104f8f58, data 0x1083990b0: 0 bytes, 0 frames (trim 0/0), 0 packets, invalid ht, invalid st, outActualStartTime 0x0
2026-05-09 21:40:23.885 Db corespeechd[598:56b34] [com.apple.coreaudio:AQ]      AudioQueueObject.cpp:7205  ConvertInput: bufid 1000 0x0/0x800 bytes, 0/512 packets, mNumPacketDescriptions=0
2026-05-09 21:40:23.885 Db corespeechd[598:55fc4] [com.apple.coreaudio:AQ]      AudioQueueObject.cpp:5719  EnqueueBuffer: aq@0x710c4e800: bufid 1003, cmd 0x7104f8ee8, data 0x1083998f0: 0 bytes, 0 frames (trim 0/0), 0 packets, invalid ht, invalid st, outActualStartTime 0x0
2026-05-09 21:40:23.885 Db corespeechd[598:56b34] [com.apple.coreaudio:AQ]      AudioQueueObject.cpp:7205  ConvertInput: bufid 1000 0x0/0x800 bytes, 0/512 packets, mNumPacketDescriptions=0
2026-05-09 21:40:23.917 Db corespeechd[598:56b34] [com.apple.coreaudio:AQ]      AudioQueueObject.cpp:7205  ConvertInput: bufid 1000 0x0/0x800 bytes, 0/512 packets, mNumPacketDescriptions=0
2026-05-09 21:40:23.927 Db corespeechd[598:56b34] [com.apple.coreaudio:AQ]      AudioQueueObject.cpp:7205  ConvertInput: bufid 1000 0x0/0x800 bytes, 0/512 packets, mNumPacketDescriptions=0
2026-05-09 21:40:23.938 Db corespeechd[598:56b34] [com.apple.coreaudio:AQ]      AudioQueueObject.cpp:7205  ConvertInput: bufid 1000 0x0/0x800 bytes, 0/512 packets, mNumPacketDescriptions=0
2026-05-09 21:40:23.949 Db corespeechd[598:56b34] [com.apple.coreaudio:AQ]      AudioQueueObject.cpp:7205  ConvertInput: bufid 1000 0x0/0x800 bytes, 0/512 packets, mNumPacketDescriptions=0
2026-05-09 21:40:23.949 Db corespeechd[598:56b34] [com.apple.coreaudio:AQ]        AudioQueueObject.h:1269  AQFetch: Input ring buffer returning 0x400 frames, t: 0x52df980 - 0x52dfd80
2026-05-09 21:40:23.949 Db corespeechd[598:56b34] [com.apple.coreaudio:AQ]      AudioQueueObject.cpp:7354  EncoderInputProc: ->1024 fr, 4096 bytes @ t=86899072 fr
2026-05-09 21:40:23.949 Db corespeechd[598:56b34] [com.apple.coreaudio:AQ]      AudioQueueObject.cpp:7234  ConvertInput: <-0x200/0x200 packets, 0x800/0x800 bytes [buffer 1000]
2026-05-09 21:40:23.949 Db corespeechd[598:56b34] [com.apple.coreaudio:aqiotime]              AQIONode.cpp:122     ionode anchor 10385.534060, 86900074 st, 1.000000 rs
2026-05-09 21:40:23.949 Db corespeechd[598:56b34] [com.apple.coreaudio:AQ]      AudioQueueObject.cpp:7205  ConvertInput: bufid 1001 0x0/0x800 bytes, 0/512 packets, mNumPacketDescriptions=0
2026-05-09 21:40:23.949 Db corespeechd[598:56b34] [com.apple.coreaudio:AQ]      AudioQueueObject.cpp:7234  ConvertInput: <-0x200/0x200 packets, 0x800/0x800 bytes [buffer 1001]
2026-05-09 21:40:23.949 Db corespeechd[598:56b34] [com.apple.coreaudio:aqiotime]              AQIONode.cpp:122     ionode anchor 10385.534060, 86900074 st, 1.000000 rs
2026-05-09 21:40:23.949 Db corespeechd[598:55fc4] [com.apple.coreaudio:AQ]      AudioQueueObject.cpp:5719  EnqueueBuffer: aq@0x710c4e800: bufid 1000, cmd 0x7104f8fc8, data 0x108398030: 0 bytes, 0 frames (trim 0/0), 0 packets, invalid ht, invalid st, outActualStartTime 0x0
2026-05-09 21:40:23.949 Db corespeechd[598:56b34] [com.apple.coreaudio:AQ]      AudioQueueObject.cpp:7205  ConvertInput: bufid 1002 0x0/0x800 bytes, 0/512 packets, mNumPacketDescriptions=0
2026-05-09 21:40:23.949 Db corespeechd[598:55fc4] [com.apple.coreaudio:AQ]      AudioQueueObject.cpp:5719  EnqueueBuffer: aq@0x710c4e800: bufid 1001, cmd 0x7104f8e78, data 0x108398870: 0 bytes, 0 frames (trim 0/0), 0 packets, invalid ht, invalid st, outActualStartTime 0x0
2026-05-09 21:40:23.949 Db corespeechd[598:56b34] [com.apple.coreaudio:AQ]      AudioQueueObject.cpp:7205  ConvertInput: bufid 1002 0x0/0x800 bytes, 0/512 packets, mNumPacketDescriptions=0
2026-05-09 21:40:23.981 Db corespeechd[598:56b34] [com.apple.coreaudio:AQ]      AudioQueueObject.cpp:7205  ConvertInput: bufid 1002 0x0/0x800 bytes, 0/512 packets, mNumPacketDescriptions=0
2026-05-09 21:40:23.991 Db corespeechd[598:56b34] [com.apple.coreaudio:AQ]      AudioQueueObject.cpp:7205  ConvertInput: bufid 1002 0x0/0x800 bytes, 0/512 packets, mNumPacketDescriptions=0
2026-05-09 21:40:24.002 Db corespeechd[598:56b34] [com.apple.coreaudio:AQ]      AudioQueueObject.cpp:7205  ConvertInput: bufid 1002 0x0/0x800 bytes, 0/512 packets, mNumPacketDescriptions=0
2026-05-09 21:40:24.013 Db corespeechd[598:56b34] [com.apple.coreaudio:AQ]      AudioQueueObject.cpp:7205  ConvertInput: bufid 1002 0x0/0x800 bytes, 0/512 packets, mNumPacketDescriptions=0
2026-05-09 21:40:24.013 Db corespeechd[598:56b34] [com.apple.coreaudio:AQ]        AudioQueueObject.h:1269  AQFetch: Input ring buffer returning 0x400 frames, t: 0x52dfd80 - 0x52e0180
2026-05-09 21:40:24.013 Db corespeechd[598:56b34] [com.apple.coreaudio:AQ]      AudioQueueObject.cpp:7354  EncoderInputProc: ->1024 fr, 4096 bytes @ t=86900096 fr
2026-05-09 21:40:24.013 Db corespeechd[598:56b34] [com.apple.coreaudio:AQ]      AudioQueueObject.cpp:7234  ConvertInput: <-0x200/0x200 packets, 0x800/0x800 bytes [buffer 1002]
2026-05-09 21:40:24.013 Db corespeechd[598:56b34] [com.apple.coreaudio:aqiotime]              AQIONode.cpp:122     ionode anchor 10385.598060, 86901098 st, 1.000000 rs
2026-05-09 21:40:24.013 Db corespeechd[598:56b34] [com.apple.coreaudio:AQ]      AudioQueueObject.cpp:7205  ConvertInput: bufid 1003 0x0/0x800 bytes, 0/512 packets, mNumPacketDescriptions=0
2026-05-09 21:40:24.013 Db corespeechd[598:56b34] [com.apple.coreaudio:AQ]      AudioQueueObject.cpp:7234  ConvertInput: <-0x200/0x200 packets, 0x800/0x800 bytes [buffer 1003]
2026-05-09 21:40:24.013 Db corespeechd[598:56b34] [com.apple.coreaudio:aqiotime]              AQIONode.cpp:122     ionode anchor 10385.598060, 86901098 st, 1.000000 rs
2026-05-09 21:40:24.013 Db corespeechd[598:56b34] [com.apple.coreaudio:AQ]      AudioQueueObject.cpp:7205  ConvertInput: bufid 1000 0x0/0x800 bytes, 0/512 packets, mNumPacketDescriptions=0
2026-05-09 21:40:24.013 Db corespeechd[598:55fc4] [com.apple.coreaudio:AQ]      AudioQueueObject.cpp:5719  EnqueueBuffer: aq@0x710c4e800: bufid 1002, cmd 0x7104f8f58, data 0x1083990b0: 0 bytes, 0 frames (trim 0/0), 0 packets, invalid ht, invalid st, outActualStartTime 0x0
2026-05-09 21:40:24.013 Db corespeechd[598:56b34] [com.apple.coreaudio:AQ]      AudioQueueObject.cpp:7205  ConvertInput: bufid 1000 0x0/0x800 bytes, 0/512 packets, mNumPacketDescriptions=0
2026-05-09 21:40:24.013 Db corespeechd[598:55fc4] [com.apple.coreaudio:AQ]      AudioQueueObject.cpp:5719  EnqueueBuffer: aq@0x710c4e800: bufid 1003, cmd 0x7104f8ee8, data 0x1083998f0: 0 bytes, 0 frames (trim 0/0), 0 packets, invalid ht, invalid st, outActualStartTime 0x0
2026-05-09 21:40:24.013 Db corespeechd[598:56b34] [com.apple.coreaudio:AQ]      AudioQueueObject.cpp:7205  ConvertInput: bufid 1000 0x0/0x800 bytes, 0/512 packets, mNumPacketDescriptions=0
2026-05-09 21:40:24.045 Db corespeechd[598:56b34] [com.apple.coreaudio:AQ]      AudioQueueObject.cpp:7205  ConvertInput: bufid 1000 0x0/0x800 bytes, 0/512 packets, mNumPacketDescriptions=0
2026-05-09 21:40:24.055 Db corespeechd[598:56b34] [com.apple.coreaudio:AQ]      AudioQueueObject.cpp:7205  ConvertInput: bufid 1000 0x0/0x800 bytes, 0/512 packets, mNumPacketDescriptions=0
2026-05-09 21:40:24.066 Db corespeechd[598:56b34] [com.apple.coreaudio:AQ]      AudioQueueObject.cpp:7205  ConvertInput: bufid 1000 0x0/0x800 bytes, 0/512 packets, mNumPacketDescriptions=0
2026-05-09 21:40:24.077 Db corespeechd[598:56b34] [com.apple.coreaudio:AQ]      AudioQueueObject.cpp:7205  ConvertInput: bufid 1000 0x0/0x800 bytes, 0/512 packets, mNumPacketDescriptions=0
2026-05-09 21:40:24.077 Db corespeechd[598:56b34] [com.apple.coreaudio:AQ]        AudioQueueObject.h:1269  AQFetch: Input ring buffer returning 0x400 frames, t: 0x52e0180 - 0x52e0580
2026-05-09 21:40:24.077 Db corespeechd[598:56b34] [com.apple.coreaudio:AQ]      AudioQueueObject.cpp:7354  EncoderInputProc: ->1024 fr, 4096 bytes @ t=86901120 fr
2026-05-09 21:40:24.077 Db corespeechd[598:56b34] [com.apple.coreaudio:AQ]      AudioQueueObject.cpp:7234  ConvertInput: <-0x200/0x200 packets, 0x800/0x800 bytes [buffer 1000]
2026-05-09 21:40:24.077 Db corespeechd[598:56b34] [com.apple.coreaudio:aqiotime]              AQIONode.cpp:122     ionode anchor 10385.662060, 86902122 st, 1.000000 rs
2026-05-09 21:40:24.077 Db corespeechd[598:56b34] [com.apple.coreaudio:AQ]      AudioQueueObject.cpp:7205  ConvertInput: bufid 1001 0x0/0x800 bytes, 0/512 packets, mNumPacketDescriptions=0
2026-05-09 21:40:24.077 Db corespeechd[598:56b34] [com.apple.coreaudio:AQ]      AudioQueueObject.cpp:7234  ConvertInput: <-0x200/0x200 packets, 0x800/0x800 bytes [buffer 1001]
2026-05-09 21:40:24.077 Db corespeechd[598:56b34] [com.apple.coreaudio:aqiotime]              AQIONode.cpp:122     ionode anchor 10385.662060, 86902122 st, 1.000000 rs
2026-05-09 21:40:24.077 Db corespeechd[598:5620e] [com.apple.coreaudio:AQ]      AudioQueueObject.cpp:5719  EnqueueBuffer: aq@0x710c4e800: bufid 1000, cmd 0x7104f8fc8, data 0x108398030: 0 bytes, 0 frames (trim 0/0), 0 packets, invalid ht, invalid st, outActualStartTime 0x0
2026-05-09 21:40:24.077 Db corespeechd[598:56b34] [com.apple.coreaudio:AQ]      AudioQueueObject.cpp:7205  ConvertInput: bufid 1002 0x0/0x800 bytes, 0/512 packets, mNumPacketDescriptions=0
2026-05-09 21:40:24.077 Db corespeechd[598:5620e] [com.apple.coreaudio:AQ]      AudioQueueObject.cpp:5719  EnqueueBuffer: aq@0x710c4e800: bufid 1001, cmd 0x7104f8e78, data 0x108398870: 0 bytes, 0 frames (trim 0/0), 0 packets, invalid ht, invalid st, outActualStartTime 0x0
2026-05-09 21:40:24.077 Db corespeechd[598:56b34] [com.apple.coreaudio:AQ]      AudioQueueObject.cpp:7205  ConvertInput: bufid 1002 0x0/0x800 bytes, 0/512 packets, mNumPacketDescriptions=0
2026-05-09 21:40:24.109 Db corespeechd[598:56b34] [com.apple.coreaudio:AQ]      AudioQueueObject.cpp:7205  ConvertInput: bufid 1002 0x0/0x800 bytes, 0/512 packets, mNumPacketDescriptions=0
2026-05-09 21:40:24.119 Db corespeechd[598:56b34] [com.apple.coreaudio:AQ]      AudioQueueObject.cpp:7205  ConvertInput: bufid 1002 0x0/0x800 bytes, 0/512 packets, mNumPacketDescriptions=0
2026-05-09 21:40:24.130 Db corespeechd[598:56b34] [com.apple.coreaudio:AQ]      AudioQueueObject.cpp:7205  ConvertInput: bufid 1002 0x0/0x800 bytes, 0/512 packets, mNumPacketDescriptions=0
2026-05-09 21:40:24.141 Db corespeechd[598:56b34] [com.apple.coreaudio:AQ]      AudioQueueObject.cpp:7205  ConvertInput: bufid 1002 0x0/0x800 bytes, 0/512 packets, mNumPacketDescriptions=0
2026-05-09 21:40:24.141 Db corespeechd[598:56b34] [com.apple.coreaudio:AQ]        AudioQueueObject.h:1269  AQFetch: Input ring buffer returning 0x400 frames, t: 0x52e0580 - 0x52e0980
2026-05-09 21:40:24.141 Db corespeechd[598:56b34] [com.apple.coreaudio:AQ]      AudioQueueObject.cpp:7354  EncoderInputProc: ->1024 fr, 4096 bytes @ t=86902144 fr
2026-05-09 21:40:24.141 Db corespeechd[598:56b34] [com.apple.coreaudio:AQ]      AudioQueueObject.cpp:7234  ConvertInput: <-0x200/0x200 packets, 0x800/0x800 bytes [buffer 1002]
2026-05-09 21:40:24.141 Db corespeechd[598:56b34] [com.apple.coreaudio:aqiotime]              AQIONode.cpp:122     ionode anchor 10385.726060, 86903146 st, 1.000000 rs
2026-05-09 21:40:24.141 Db corespeechd[598:56b34] [com.apple.coreaudio:AQ]      AudioQueueObject.cpp:7205  ConvertInput: bufid 1003 0x0/0x800 bytes, 0/512 packets, mNumPacketDescriptions=0
2026-05-09 21:40:24.141 Db corespeechd[598:56b34] [com.apple.coreaudio:AQ]      AudioQueueObject.cpp:7234  ConvertInput: <-0x200/0x200 packets, 0x800/0x800 bytes [buffer 1003]
2026-05-09 21:40:24.141 Db corespeechd[598:56b34] [com.apple.coreaudio:aqiotime]              AQIONode.cpp:122     ionode anchor 10385.726060, 86903146 st, 1.000000 rs
2026-05-09 21:40:24.141 Db corespeechd[598:55fc4] [com.apple.coreaudio:AQ]      AudioQueueObject.cpp:5719  EnqueueBuffer: aq@0x710c4e800: bufid 1002, cmd 0x7104f8f58, data 0x1083990b0: 0 bytes, 0 frames (trim 0/0), 0 packets, invalid ht, invalid st, outActualStartTime 0x0
2026-05-09 21:40:24.141 Db corespeechd[598:56b34] [com.apple.coreaudio:AQ]      AudioQueueObject.cpp:7205  ConvertInput: bufid 1000 0x0/0x800 bytes, 0/512 packets, mNumPacketDescriptions=0
2026-05-09 21:40:24.141 Db corespeechd[598:55fc4] [com.apple.coreaudio:AQ]      AudioQueueObject.cpp:5719  EnqueueBuffer: aq@0x710c4e800: bufid 1003, cmd 0x7104f8ee8, data 0x1083998f0: 0 bytes, 0 frames (trim 0/0), 0 packets, invalid ht, invalid st, outActualStartTime 0x0
2026-05-09 21:40:24.141 Db corespeechd[598:56b34] [com.apple.coreaudio:AQ]      AudioQueueObject.cpp:7205  ConvertInput: bufid 1000 0x0/0x800 bytes, 0/512 packets, mNumPacketDescriptions=0
2026-05-09 21:40:24.173 Db corespeechd[598:56b34] [com.apple.coreaudio:AQ]      AudioQueueObject.cpp:7205  ConvertInput: bufid 1000 0x0/0x800 bytes, 0/512 packets, mNumPacketDescriptions=0
2026-05-09 21:40:24.183 Db corespeechd[598:56b34] [com.apple.coreaudio:AQ]      AudioQueueObject.cpp:7205  ConvertInput: bufid 1000 0x0/0x800 bytes, 0/512 packets, mNumPacketDescriptions=0
2026-05-09 21:40:24.194 Db corespeechd[598:56b34] [com.apple.coreaudio:AQ]      AudioQueueObject.cpp:7205  ConvertInput: bufid 1000 0x0/0x800 bytes, 0/512 packets, mNumPacketDescriptions=0
2026-05-09 21:40:24.205 Db corespeechd[598:56b34] [com.apple.coreaudio:AQ]      AudioQueueObject.cpp:7205  ConvertInput: bufid 1000 0x0/0x800 bytes, 0/512 packets, mNumPacketDescriptions=0
2026-05-09 21:40:24.205 Db corespeechd[598:56b34] [com.apple.coreaudio:AQ]        AudioQueueObject.h:1269  AQFetch: Input ring buffer returning 0x400 frames, t: 0x52e0980 - 0x52e0d80
2026-05-09 21:40:24.205 Db corespeechd[598:56b34] [com.apple.coreaudio:AQ]      AudioQueueObject.cpp:7354  EncoderInputProc: ->1024 fr, 4096 bytes @ t=86903168 fr
2026-05-09 21:40:24.205 Db corespeechd[598:56b34] [com.apple.coreaudio:AQ]      AudioQueueObject.cpp:7234  ConvertInput: <-0x200/0x200 packets, 0x800/0x800 bytes [buffer 1000]
2026-05-09 21:40:24.205 Db corespeechd[598:56b34] [com.apple.coreaudio:aqiotime]              AQIONode.cpp:122     ionode anchor 10385.790060, 86904170 st, 1.000000 rs
2026-05-09 21:40:24.205 Db corespeechd[598:56b34] [com.apple.coreaudio:AQ]      AudioQueueObject.cpp:7205  ConvertInput: bufid 1001 0x0/0x800 bytes, 0/512 packets, mNumPacketDescriptions=0
2026-05-09 21:40:24.205 Db corespeechd[598:56b34] [com.apple.coreaudio:AQ]      AudioQueueObject.cpp:7234  ConvertInput: <-0x200/0x200 packets, 0x800/0x800 bytes [buffer 1001]
2026-05-09 21:40:24.205 Db corespeechd[598:56b34] [com.apple.coreaudio:aqiotime]              AQIONode.cpp:122     ionode anchor 10385.790060, 86904170 st, 1.000000 rs
2026-05-09 21:40:24.205 Db corespeechd[598:56b34] [com.apple.coreaudio:AQ]      AudioQueueObject.cpp:7205  ConvertInput: bufid 1002 0x0/0x800 bytes, 0/512 packets, mNumPacketDescriptions=0
2026-05-09 21:40:24.205 Db corespeechd[598:5620e] [com.apple.coreaudio:AQ]      AudioQueueObject.cpp:5719  EnqueueBuffer: aq@0x710c4e800: bufid 1000, cmd 0x7104f8e78, data 0x108398030: 0 bytes, 0 frames (trim 0/0), 0 packets, invalid ht, invalid st, outActualStartTime 0x0
2026-05-09 21:40:24.205 Db corespeechd[598:56b34] [com.apple.coreaudio:AQ]      AudioQueueObject.cpp:7205  ConvertInput: bufid 1002 0x0/0x800 bytes, 0/512 packets, mNumPacketDescriptions=0
2026-05-09 21:40:24.205 Db corespeechd[598:5620e] [com.apple.coreaudio:AQ]      AudioQueueObject.cpp:5719  EnqueueBuffer: aq@0x710c4e800: bufid 1001, cmd 0x7104f8fc8, data 0x108398870: 0 bytes, 0 frames (trim 0/0), 0 packets, invalid ht, invalid st, outActualStartTime 0x0
2026-05-09 21:40:24.205 Db corespeechd[598:56b34] [com.apple.coreaudio:AQ]      AudioQueueObject.cpp:7205  ConvertInput: bufid 1002 0x0/0x800 bytes, 0/512 packets, mNumPacketDescriptions=0
2026-05-09 21:40:24.237 Db corespeechd[598:56b34] [com.apple.coreaudio:AQ]      AudioQueueObject.cpp:7205  ConvertInput: bufid 1002 0x0/0x800 bytes, 0/512 packets, mNumPacketDescriptions=0
2026-05-09 21:40:24.247 Db corespeechd[598:56b34] [com.apple.coreaudio:AQ]      AudioQueueObject.cpp:7205  ConvertInput: bufid 1002 0x0/0x800 bytes, 0/512 packets, mNumPacketDescriptions=0
2026-05-09 21:40:24.258 Db corespeechd[598:56b34] [com.apple.coreaudio:AQ]      AudioQueueObject.cpp:7205  ConvertInput: bufid 1002 0x0/0x800 bytes, 0/512 packets, mNumPacketDescriptions=0
2026-05-09 21:40:24.269 Db corespeechd[598:56b34] [com.apple.coreaudio:AQ]      AudioQueueObject.cpp:7205  ConvertInput: bufid 1002 0x0/0x800 bytes, 0/512 packets, mNumPacketDescriptions=0
2026-05-09 21:40:24.269 Db corespeechd[598:56b34] [com.apple.coreaudio:AQ]        AudioQueueObject.h:1269  AQFetch: Input ring buffer returning 0x400 frames, t: 0x52e0d80 - 0x52e1180
2026-05-09 21:40:24.269 Db corespeechd[598:56b34] [com.apple.coreaudio:AQ]      AudioQueueObject.cpp:7354  EncoderInputProc: ->1024 fr, 4096 bytes @ t=86904192 fr
2026-05-09 21:40:24.269 Db corespeechd[598:56b34] [com.apple.coreaudio:AQ]      AudioQueueObject.cpp:7234  ConvertInput: <-0x200/0x200 packets, 0x800/0x800 bytes [buffer 1002]
2026-05-09 21:40:24.269 Db corespeechd[598:56b34] [com.apple.coreaudio:aqiotime]              AQIONode.cpp:122     ionode anchor 10385.854060, 86905194 st, 1.000000 rs
2026-05-09 21:40:24.269 Db corespeechd[598:56b34] [com.apple.coreaudio:AQ]      AudioQueueObject.cpp:7205  ConvertInput: bufid 1003 0x0/0x800 bytes, 0/512 packets, mNumPacketDescriptions=0
2026-05-09 21:40:24.269 Db corespeechd[598:56b34] [com.apple.coreaudio:AQ]      AudioQueueObject.cpp:7234  ConvertInput: <-0x200/0x200 packets, 0x800/0x800 bytes [buffer 1003]
2026-05-09 21:40:24.269 Db corespeechd[598:56b34] [com.apple.coreaudio:aqiotime]              AQIONode.cpp:122     ionode anchor 10385.854060, 86905194 st, 1.000000 rs
2026-05-09 21:40:24.269 Db corespeechd[598:5620e] [com.apple.coreaudio:AQ]      AudioQueueObject.cpp:5719  EnqueueBuffer: aq@0x710c4e800: bufid 1002, cmd 0x7104f8f58, data 0x1083990b0: 0 bytes, 0 frames (trim 0/0), 0 packets, invalid ht, invalid st, outActualStartTime 0x0
2026-05-09 21:40:24.269 Db corespeechd[598:56b34] [com.apple.coreaudio:AQ]      AudioQueueObject.cpp:7205  ConvertInput: bufid 1000 0x0/0x800 bytes, 0/512 packets, mNumPacketDescriptions=0
2026-05-09 21:40:24.269 Db corespeechd[598:5620e] [com.apple.coreaudio:AQ]      AudioQueueObject.cpp:5719  EnqueueBuffer: aq@0x710c4e800: bufid 1003, cmd 0x7104f8ee8, data 0x1083998f0: 0 bytes, 0 frames (trim 0/0), 0 packets, invalid ht, invalid st, outActualStartTime 0x0
2026-05-09 21:40:24.269 Db corespeechd[598:56b34] [com.apple.coreaudio:AQ]      AudioQueueObject.cpp:7205  ConvertInput: bufid 1000 0x0/0x800 bytes, 0/512 packets, mNumPacketDescriptions=0
2026-05-09 21:40:24.301 Db corespeechd[598:56b34] [com.apple.coreaudio:AQ]      AudioQueueObject.cpp:7205  ConvertInput: bufid 1000 0x0/0x800 bytes, 0/512 packets, mNumPacketDescriptions=0
2026-05-09 21:40:24.311 Db corespeechd[598:56b34] [com.apple.coreaudio:AQ]      AudioQueueObject.cpp:7205  ConvertInput: bufid 1000 0x0/0x800 bytes, 0/512 packets, mNumPacketDescriptions=0
2026-05-09 21:40:24.322 Db corespeechd[598:56b34] [com.apple.coreaudio:AQ]      AudioQueueObject.cpp:7205  ConvertInput: bufid 1000 0x0/0x800 bytes, 0/512 packets, mNumPacketDescriptions=0
2026-05-09 21:40:24.333 Db corespeechd[598:56b34] [com.apple.coreaudio:AQ]      AudioQueueObject.cpp:7205  ConvertInput: bufid 1000 0x0/0x800 bytes, 0/512 packets, mNumPacketDescriptions=0
2026-05-09 21:40:24.333 Db corespeechd[598:56b34] [com.apple.coreaudio:AQ]        AudioQueueObject.h:1269  AQFetch: Input ring buffer returning 0x400 frames, t: 0x52e1180 - 0x52e1580
2026-05-09 21:40:24.333 Db corespeechd[598:56b34] [com.apple.coreaudio:AQ]      AudioQueueObject.cpp:7354  EncoderInputProc: ->1024 fr, 4096 bytes @ t=86905216 fr
2026-05-09 21:40:24.333 Db corespeechd[598:56b34] [com.apple.coreaudio:AQ]      AudioQueueObject.cpp:7234  ConvertInput: <-0x200/0x200 packets, 0x800/0x800 bytes [buffer 1000]
2026-05-09 21:40:24.333 Db corespeechd[598:56b34] [com.apple.coreaudio:aqiotime]              AQIONode.cpp:122     ionode anchor 10385.918060, 86906218 st, 1.000000 rs
2026-05-09 21:40:24.333 Db corespeechd[598:56b34] [com.apple.coreaudio:AQ]      AudioQueueObject.cpp:7205  ConvertInput: bufid 1001 0x0/0x800 bytes, 0/512 packets, mNumPacketDescriptions=0
2026-05-09 21:40:24.333 Db corespeechd[598:56b34] [com.apple.coreaudio:AQ]      AudioQueueObject.cpp:7234  ConvertInput: <-0x200/0x200 packets, 0x800/0x800 bytes [buffer 1001]
2026-05-09 21:40:24.333 Db corespeechd[598:56b34] [com.apple.coreaudio:aqiotime]              AQIONode.cpp:122     ionode anchor 10385.918060, 86906218 st, 1.000000 rs
2026-05-09 21:40:24.333 Db corespeechd[598:5620e] [com.apple.coreaudio:AQ]      AudioQueueObject.cpp:5719  EnqueueBuffer: aq@0x710c4e800: bufid 1000, cmd 0x7104f8e78, data 0x108398030: 0 bytes, 0 frames (trim 0/0), 0 packets, invalid ht, invalid st, outActualStartTime 0x0
2026-05-09 21:40:24.333 Db corespeechd[598:56b34] [com.apple.coreaudio:AQ]      AudioQueueObject.cpp:7205  ConvertInput: bufid 1002 0x0/0x800 bytes, 0/512 packets, mNumPacketDescriptions=0
2026-05-09 21:40:24.333 Db corespeechd[598:5620e] [com.apple.coreaudio:AQ]      AudioQueueObject.cpp:5719  EnqueueBuffer: aq@0x710c4e800: bufid 1001, cmd 0x7104f8fc8, data 0x108398870: 0 bytes, 0 frames (trim 0/0), 0 packets, invalid ht, invalid st, outActualStartTime 0x0
2026-05-09 21:40:24.334 Db corespeechd[598:56b34] [com.apple.coreaudio:AQ]      AudioQueueObject.cpp:7205  ConvertInput: bufid 1002 0x0/0x800 bytes, 0/512 packets, mNumPacketDescriptions=0
2026-05-09 21:40:24.365 Db corespeechd[598:56b34] [com.apple.coreaudio:AQ]      AudioQueueObject.cpp:7205  ConvertInput: bufid 1002 0x0/0x800 bytes, 0/512 packets, mNumPacketDescriptions=0
2026-05-09 21:40:24.375 Db corespeechd[598:56b34] [com.apple.coreaudio:AQ]      AudioQueueObject.cpp:7205  ConvertInput: bufid 1002 0x0/0x800 bytes, 0/512 packets, mNumPacketDescriptions=0
2026-05-09 21:40:24.386 Db corespeechd[598:56b34] [com.apple.coreaudio:AQ]      AudioQueueObject.cpp:7205  ConvertInput: bufid 1002 0x0/0x800 bytes, 0/512 packets, mNumPacketDescriptions=0
2026-05-09 21:40:24.397 Db corespeechd[598:56b34] [com.apple.coreaudio:AQ]      AudioQueueObject.cpp:7205  ConvertInput: bufid 1002 0x0/0x800 bytes, 0/512 packets, mNumPacketDescriptions=0
2026-05-09 21:40:24.397 Db corespeechd[598:56b34] [com.apple.coreaudio:AQ]        AudioQueueObject.h:1269  AQFetch: Input ring buffer returning 0x400 frames, t: 0x52e1580 - 0x52e1980
2026-05-09 21:40:24.397 Db corespeechd[598:56b34] [com.apple.coreaudio:AQ]      AudioQueueObject.cpp:7354  EncoderInputProc: ->1024 fr, 4096 bytes @ t=86906240 fr
2026-05-09 21:40:24.397 Db corespeechd[598:56b34] [com.apple.coreaudio:AQ]      AudioQueueObject.cpp:7234  ConvertInput: <-0x200/0x200 packets, 0x800/0x800 bytes [buffer 1002]
2026-05-09 21:40:24.397 Db corespeechd[598:56b34] [com.apple.coreaudio:aqiotime]              AQIONode.cpp:122     ionode anchor 10385.982060, 86907242 st, 1.000000 rs
2026-05-09 21:40:24.397 Db corespeechd[598:56b34] [com.apple.coreaudio:AQ]      AudioQueueObject.cpp:7205  ConvertInput: bufid 1003 0x0/0x800 bytes, 0/512 packets, mNumPacketDescriptions=0
2026-05-09 21:40:24.397 Db corespeechd[598:56b34] [com.apple.coreaudio:AQ]      AudioQueueObject.cpp:7234  ConvertInput: <-0x200/0x200 packets, 0x800/0x800 bytes [buffer 1003]
2026-05-09 21:40:24.397 Db corespeechd[598:56b34] [com.apple.coreaudio:aqiotime]              AQIONode.cpp:122     ionode anchor 10385.982060, 86907242 st, 1.000000 rs
2026-05-09 21:40:24.397 Db corespeechd[598:56b34] [com.apple.coreaudio:AQ]      AudioQueueObject.cpp:7205  ConvertInput: bufid 1000 0x0/0x800 bytes, 0/512 packets, mNumPacketDescriptions=0
2026-05-09 21:40:24.397 Db corespeechd[598:5620e] [com.apple.coreaudio:AQ]      AudioQueueObject.cpp:5719  EnqueueBuffer: aq@0x710c4e800: bufid 1002, cmd 0x7104f8f58, data 0x1083990b0: 0 bytes, 0 frames (trim 0/0), 0 packets, invalid ht, invalid st, outActualStartTime 0x0
2026-05-09 21:40:24.397 Db corespeechd[598:56b34] [com.apple.coreaudio:AQ]      AudioQueueObject.cpp:7205  ConvertInput: bufid 1000 0x0/0x800 bytes, 0/512 packets, mNumPacketDescriptions=0
2026-05-09 21:40:24.397 Db corespeechd[598:5620e] [com.apple.coreaudio:AQ]      AudioQueueObject.cpp:5719  EnqueueBuffer: aq@0x710c4e800: bufid 1003, cmd 0x7104f8ee8, data 0x1083998f0: 0 bytes, 0 frames (trim 0/0), 0 packets, invalid ht, invalid st, outActualStartTime 0x0
2026-05-09 21:40:24.398 Db corespeechd[598:56b34] [com.apple.coreaudio:AQ]      AudioQueueObject.cpp:7205  ConvertInput: bufid 1000 0x0/0x800 bytes, 0/512 packets, mNumPacketDescriptions=0
2026-05-09 21:40:24.420 Df coreaudiod[5493:56b04] (AudioServerDriver) Setting dsp graph level parameter <private> on graph: <private> to 0.000000
2026-05-09 21:40:24.420 Db coreaudiod[5493:56b04] [com.apple.audioanalytics:carc] Sending message. { reporterID=0, category=Undefined, type=generic }
2026-05-09 21:40:24.420 Db audioanalyticsd[61133:55df9] [com.apple.audioanalytics:cars] sendMessage() called. { reporterID=<private>, category=Inference, type=Generic }
2026-05-09 21:40:24.420 Db audioanalyticsd[61133:55df9] [com.apple.audioanalytics:cars] sendMessage { reporterID=0 }
2026-05-09 21:40:24.421 Db audioanalyticsd[61133:55df9] [com.apple.audioanalytics:carr] Processing message. { reporterID=358183092617217, singleServerSession=false }
2026-05-09 21:40:24.422 Db audioanalyticsd[61133:55df9] [com.apple.audioanalytics:carr] Processing message. { reporterID=23592255356959, singleServerSession=false }
2026-05-09 21:40:24.422 Db audioanalyticsd[61133:55df9] [com.apple.audioanalytics:carr] Processing message. { reporterID=23592255356958, singleServerSession=false }
2026-05-09 21:40:24.423 Db audioanalyticsd[61133:55df9] [com.apple.audioanalytics:carr] Processing message. { reporterID=2924872728582, singleServerSession=false }
2026-05-09 21:40:24.424 Db audioanalyticsd[61133:55df9] [com.apple.audioanalytics:carr] Processing message. { reporterID=2954937499649, singleServerSession=false }
2026-05-09 21:40:24.429 Db corespeechd[598:56b34] [com.apple.coreaudio:AQ]      AudioQueueObject.cpp:7205  ConvertInput: bufid 1000 0x0/0x800 bytes, 0/512 packets, mNumPacketDescriptions=0
2026-05-09 21:40:24.439 Db corespeechd[598:56b34] [com.apple.coreaudio:AQ]      AudioQueueObject.cpp:7205  ConvertInput: bufid 1000 0x0/0x800 bytes, 0/512 packets, mNumPacketDescriptions=0
2026-05-09 21:40:24.450 Db corespeechd[598:56b34] [com.apple.coreaudio:AQ]      AudioQueueObject.cpp:7205  ConvertInput: bufid 1000 0x0/0x800 bytes, 0/512 packets, mNumPacketDescriptions=0
2026-05-09 21:40:24.461 Db corespeechd[598:56b34] [com.apple.coreaudio:AQ]      AudioQueueObject.cpp:7205  ConvertInput: bufid 1000 0x0/0x800 bytes, 0/512 packets, mNumPacketDescriptions=0
2026-05-09 21:40:24.461 Db corespeechd[598:56b34] [com.apple.coreaudio:AQ]        AudioQueueObject.h:1269  AQFetch: Input ring buffer returning 0x400 frames, t: 0x52e1980 - 0x52e1d80
2026-05-09 21:40:24.461 Db corespeechd[598:56b34] [com.apple.coreaudio:AQ]      AudioQueueObject.cpp:7354  EncoderInputProc: ->1024 fr, 4096 bytes @ t=86907264 fr
2026-05-09 21:40:24.461 Db corespeechd[598:56b34] [com.apple.coreaudio:AQ]      AudioQueueObject.cpp:7234  ConvertInput: <-0x200/0x200 packets, 0x800/0x800 bytes [buffer 1000]
2026-05-09 21:40:24.461 Db corespeechd[598:56b34] [com.apple.coreaudio:aqiotime]              AQIONode.cpp:122     ionode anchor 10386.046060, 86908266 st, 1.000000 rs
2026-05-09 21:40:24.461 Db corespeechd[598:56b34] [com.apple.coreaudio:AQ]      AudioQueueObject.cpp:7205  ConvertInput: bufid 1001 0x0/0x800 bytes, 0/512 packets, mNumPacketDescriptions=0
2026-05-09 21:40:24.461 Db corespeechd[598:56b34] [com.apple.coreaudio:AQ]      AudioQueueObject.cpp:7234  ConvertInput: <-0x200/0x200 packets, 0x800/0x800 bytes [buffer 1001]
2026-05-09 21:40:24.461 Db corespeechd[598:56b34] [com.apple.coreaudio:aqiotime]              AQIONode.cpp:122     ionode anchor 10386.046060, 86908266 st, 1.000000 rs
2026-05-09 21:40:24.461 Db corespeechd[598:5620e] [com.apple.coreaudio:AQ]      AudioQueueObject.cpp:5719  EnqueueBuffer: aq@0x710c4e800: bufid 1000, cmd 0x7104f8e78, data 0x108398030: 0 bytes, 0 frames (trim 0/0), 0 packets, invalid ht, invalid st, outActualStartTime 0x0
2026-05-09 21:40:24.461 Db corespeechd[598:56b34] [com.apple.coreaudio:AQ]      AudioQueueObject.cpp:7205  ConvertInput: bufid 1002 0x0/0x800 bytes, 0/512 packets, mNumPacketDescriptions=0
2026-05-09 21:40:24.461 Db corespeechd[598:5620e] [com.apple.coreaudio:AQ]      AudioQueueObject.cpp:5719  EnqueueBuffer: aq@0x710c4e800: bufid 1001, cmd 0x7104f8fc8, data 0x108398870: 0 bytes, 0 frames (trim 0/0), 0 packets, invalid ht, invalid st, outActualStartTime 0x0
2026-05-09 21:40:24.462 Db corespeechd[598:56b34] [com.apple.coreaudio:AQ]      AudioQueueObject.cpp:7205  ConvertInput: bufid 1002 0x0/0x800 bytes, 0/512 packets, mNumPacketDescriptions=0
2026-05-09 21:40:24.493 Db corespeechd[598:56b34] [com.apple.coreaudio:AQ]      AudioQueueObject.cpp:7205  ConvertInput: bufid 1002 0x0/0x800 bytes, 0/512 packets, mNumPacketDescriptions=0
2026-05-09 21:40:24.503 Db corespeechd[598:56b34] [com.apple.coreaudio:AQ]      AudioQueueObject.cpp:7205  ConvertInput: bufid 1002 0x0/0x800 bytes, 0/512 packets, mNumPacketDescriptions=0
2026-05-09 21:40:24.514 Db corespeechd[598:56b34] [com.apple.coreaudio:AQ]      AudioQueueObject.cpp:7205  ConvertInput: bufid 1002 0x0/0x800 bytes, 0/512 packets, mNumPacketDescriptions=0
2026-05-09 21:40:24.525 Db corespeechd[598:56b34] [com.apple.coreaudio:AQ]      AudioQueueObject.cpp:7205  ConvertInput: bufid 1002 0x0/0x800 bytes, 0/512 packets, mNumPacketDescriptions=0
2026-05-09 21:40:24.525 Db corespeechd[598:56b34] [com.apple.coreaudio:AQ]        AudioQueueObject.h:1269  AQFetch: Input ring buffer returning 0x400 frames, t: 0x52e1d80 - 0x52e2180
2026-05-09 21:40:24.525 Db corespeechd[598:56b34] [com.apple.coreaudio:AQ]      AudioQueueObject.cpp:7354  EncoderInputProc: ->1024 fr, 4096 bytes @ t=86908288 fr
2026-05-09 21:40:24.525 Db corespeechd[598:56b34] [com.apple.coreaudio:AQ]      AudioQueueObject.cpp:7234  ConvertInput: <-0x200/0x200 packets, 0x800/0x800 bytes [buffer 1002]
2026-05-09 21:40:24.525 Db corespeechd[598:56b34] [com.apple.coreaudio:aqiotime]              AQIONode.cpp:122     ionode anchor 10386.110060, 86909290 st, 1.000000 rs
2026-05-09 21:40:24.525 Db corespeechd[598:56b34] [com.apple.coreaudio:AQ]      AudioQueueObject.cpp:7205  ConvertInput: bufid 1003 0x0/0x800 bytes, 0/512 packets, mNumPacketDescriptions=0
2026-05-09 21:40:24.525 Db corespeechd[598:56b34] [com.apple.coreaudio:AQ]      AudioQueueObject.cpp:7234  ConvertInput: <-0x200/0x200 packets, 0x800/0x800 bytes [buffer 1003]
2026-05-09 21:40:24.525 Db corespeechd[598:56b34] [com.apple.coreaudio:aqiotime]              AQIONode.cpp:122     ionode anchor 10386.110060, 86909290 st, 1.000000 rs
2026-05-09 21:40:24.525 Db corespeechd[598:55fc4] [com.apple.coreaudio:AQ]      AudioQueueObject.cpp:5719  EnqueueBuffer: aq@0x710c4e800: bufid 1002, cmd 0x7104f8f58, data 0x1083990b0: 0 bytes, 0 frames (trim 0/0), 0 packets, invalid ht, invalid st, outActualStartTime 0x0
2026-05-09 21:40:24.525 Db corespeechd[598:56b34] [com.apple.coreaudio:AQ]      AudioQueueObject.cpp:7205  ConvertInput: bufid 1000 0x0/0x800 bytes, 0/512 packets, mNumPacketDescriptions=0
2026-05-09 21:40:24.525 Db corespeechd[598:55fc4] [com.apple.coreaudio:AQ]      AudioQueueObject.cpp:5719  EnqueueBuffer: aq@0x710c4e800: bufid 1003, cmd 0x7104f8ee8, data 0x1083998f0: 0 bytes, 0 frames (trim 0/0), 0 packets, invalid ht, invalid st, outActualStartTime 0x0
2026-05-09 21:40:24.525 Db corespeechd[598:56b34] [com.apple.coreaudio:AQ]      AudioQueueObject.cpp:7205  ConvertInput: bufid 1000 0x0/0x800 bytes, 0/512 packets, mNumPacketDescriptions=0
2026-05-09 21:40:24.557 Db corespeechd[598:56b34] [com.apple.coreaudio:AQ]      AudioQueueObject.cpp:7205  ConvertInput: bufid 1000 0x0/0x800 bytes, 0/512 packets, mNumPacketDescriptions=0
2026-05-09 21:40:24.567 Db corespeechd[598:56b34] [com.apple.coreaudio:AQ]      AudioQueueObject.cpp:7205  ConvertInput: bufid 1000 0x0/0x800 bytes, 0/512 packets, mNumPacketDescriptions=0
2026-05-09 21:40:24.578 Db corespeechd[598:56b34] [com.apple.coreaudio:AQ]      AudioQueueObject.cpp:7205  ConvertInput: bufid 1000 0x0/0x800 bytes, 0/512 packets, mNumPacketDescriptions=0
2026-05-09 21:40:24.589 Db corespeechd[598:56b34] [com.apple.coreaudio:AQ]      AudioQueueObject.cpp:7205  ConvertInput: bufid 1000 0x0/0x800 bytes, 0/512 packets, mNumPacketDescriptions=0
2026-05-09 21:40:24.589 Db corespeechd[598:56b34] [com.apple.coreaudio:AQ]        AudioQueueObject.h:1269  AQFetch: Input ring buffer returning 0x400 frames, t: 0x52e2180 - 0x52e2580
2026-05-09 21:40:24.589 Db corespeechd[598:56b34] [com.apple.coreaudio:AQ]      AudioQueueObject.cpp:7354  EncoderInputProc: ->1024 fr, 4096 bytes @ t=86909312 fr
2026-05-09 21:40:24.589 Db corespeechd[598:56b34] [com.apple.coreaudio:AQ]      AudioQueueObject.cpp:7234  ConvertInput: <-0x200/0x200 packets, 0x800/0x800 bytes [buffer 1000]
2026-05-09 21:40:24.589 Db corespeechd[598:56b34] [com.apple.coreaudio:aqiotime]              AQIONode.cpp:122     ionode anchor 10386.174060, 86910314 st, 1.000000 rs
2026-05-09 21:40:24.589 Db corespeechd[598:56b34] [com.apple.coreaudio:AQ]      AudioQueueObject.cpp:7205  ConvertInput: bufid 1001 0x0/0x800 bytes, 0/512 packets, mNumPacketDescriptions=0
2026-05-09 21:40:24.589 Db corespeechd[598:56b34] [com.apple.coreaudio:AQ]      AudioQueueObject.cpp:7234  ConvertInput: <-0x200/0x200 packets, 0x800/0x800 bytes [buffer 1001]
2026-05-09 21:40:24.589 Db corespeechd[598:56b34] [com.apple.coreaudio:aqiotime]              AQIONode.cpp:122     ionode anchor 10386.174060, 86910314 st, 1.000000 rs
2026-05-09 21:40:24.589 Db corespeechd[598:55fc4] [com.apple.coreaudio:AQ]      AudioQueueObject.cpp:5719  EnqueueBuffer: aq@0x710c4e800: bufid 1000, cmd 0x7104f8e78, data 0x108398030: 0 bytes, 0 frames (trim 0/0), 0 packets, invalid ht, invalid st, outActualStartTime 0x0
2026-05-09 21:40:24.589 Db corespeechd[598:56b34] [com.apple.coreaudio:AQ]      AudioQueueObject.cpp:7205  ConvertInput: bufid 1002 0x0/0x800 bytes, 0/512 packets, mNumPacketDescriptions=0
2026-05-09 21:40:24.589 Db corespeechd[598:55fc4] [com.apple.coreaudio:AQ]      AudioQueueObject.cpp:5719  EnqueueBuffer: aq@0x710c4e800: bufid 1001, cmd 0x7104f8fc8, data 0x108398870: 0 bytes, 0 frames (trim 0/0), 0 packets, invalid ht, invalid st, outActualStartTime 0x0
2026-05-09 21:40:24.589 Db corespeechd[598:56b34] [com.apple.coreaudio:AQ]      AudioQueueObject.cpp:7205  ConvertInput: bufid 1002 0x0/0x800 bytes, 0/512 packets, mNumPacketDescriptions=0
2026-05-09 21:40:24.621 Db corespeechd[598:56b34] [com.apple.coreaudio:AQ]      AudioQueueObject.cpp:7205  ConvertInput: bufid 1002 0x0/0x800 bytes, 0/512 packets, mNumPacketDescriptions=0
2026-05-09 21:40:24.631 Db corespeechd[598:56b34] [com.apple.coreaudio:AQ]      AudioQueueObject.cpp:7205  ConvertInput: bufid 1002 0x0/0x800 bytes, 0/512 packets, mNumPacketDescriptions=0
2026-05-09 21:40:24.642 Db corespeechd[598:56b34] [com.apple.coreaudio:AQ]      AudioQueueObject.cpp:7205  ConvertInput: bufid 1002 0x0/0x800 bytes, 0/512 packets, mNumPacketDescriptions=0
2026-05-09 21:40:24.653 Db corespeechd[598:56b34] [com.apple.coreaudio:AQ]      AudioQueueObject.cpp:7205  ConvertInput: bufid 1002 0x0/0x800 bytes, 0/512 packets, mNumPacketDescriptions=0
2026-05-09 21:40:24.653 Db corespeechd[598:56b34] [com.apple.coreaudio:AQ]        AudioQueueObject.h:1269  AQFetch: Input ring buffer returning 0x400 frames, t: 0x52e2580 - 0x52e2980
2026-05-09 21:40:24.653 Db corespeechd[598:56b34] [com.apple.coreaudio:AQ]      AudioQueueObject.cpp:7354  EncoderInputProc: ->1024 fr, 4096 bytes @ t=86910336 fr
2026-05-09 21:40:24.653 Db corespeechd[598:56b34] [com.apple.coreaudio:AQ]      AudioQueueObject.cpp:7234  ConvertInput: <-0x200/0x200 packets, 0x800/0x800 bytes [buffer 1002]
2026-05-09 21:40:24.653 Db corespeechd[598:56b34] [com.apple.coreaudio:aqiotime]              AQIONode.cpp:122     ionode anchor 10386.238060, 86911338 st, 1.000000 rs
2026-05-09 21:40:24.653 Db corespeechd[598:56b34] [com.apple.coreaudio:AQ]      AudioQueueObject.cpp:7205  ConvertInput: bufid 1003 0x0/0x800 bytes, 0/512 packets, mNumPacketDescriptions=0
2026-05-09 21:40:24.653 Db corespeechd[598:56b34] [com.apple.coreaudio:AQ]      AudioQueueObject.cpp:7234  ConvertInput: <-0x200/0x200 packets, 0x800/0x800 bytes [buffer 1003]
2026-05-09 21:40:24.653 Db corespeechd[598:5620e] [com.apple.coreaudio:AQ]      AudioQueueObject.cpp:5719  EnqueueBuffer: aq@0x710c4e800: bufid 1002, cmd 0x7104f8f58, data 0x1083990b0: 0 bytes, 0 frames (trim 0/0), 0 packets, invalid ht, invalid st, outActualStartTime 0x0
2026-05-09 21:40:24.653 Db corespeechd[598:56b34] [com.apple.coreaudio:aqiotime]              AQIONode.cpp:122     ionode anchor 10386.238060, 86911338 st, 1.000000 rs
