2026-05-09 21:40:21.542 Db coreaudiod[5493:7c13] [com.apple.audioanalytics:carc] Sending message. { reporterID=23592255356958, category=Generic, type=issueDetector }
2026-05-09 21:40:21.542 Df coreaudiod[5493:7c13] [com.apple.coreaudio:aid] IssueReporting.cpp:491   RTAID [ use_case=Generic report_type=RMS Generic Chain clientID=HAL node=-Output issue_detected_sample_time=85132.000000 ] -- [ rms:[-20.958694], peaks:[-6.132636] ]
2026-05-09 21:40:21.543 Db audioanalyticsd[61133:5698c] [com.apple.audioanalytics:cars] sendMessage() called. { reporterID=<private>, category=Generic, type=IssueDetector }
2026-05-09 21:40:21.543 Db audioanalyticsd[61133:5698c] [com.apple.audioanalytics:cars] sendMessage { reporterID=23592255356958 }
2026-05-09 21:40:21.544 Db audioanalyticsd[61133:5698c] [com.apple.audioanalytics:carr] Processing message. { reporterID=23592255356958, singleServerSession=false }
2026-05-09 21:40:21.545 Db audioanalyticsd[61133:5698c] [com.apple.audioanalytics:apwl] Skipping sending RMS information, session does not have enough messages. (10 < 1800 { reporterID=23592255356958 }
2026-05-09 21:40:21.549 Db corespeechd[598:56b34] [com.apple.coreaudio:AQ]      AudioQueueObject.cpp:7205  ConvertInput: bufid 1002 0x0/0x800 bytes, 0/512 packets, mNumPacketDescriptions=0
2026-05-09 21:40:21.559 Db corespeechd[598:56b34] [com.apple.coreaudio:AQ]      AudioQueueObject.cpp:7205  ConvertInput: bufid 1002 0x0/0x800 bytes, 0/512 packets, mNumPacketDescriptions=0
2026-05-09 21:40:21.570 Db corespeechd[598:56b34] [com.apple.coreaudio:AQ]      AudioQueueObject.cpp:7205  ConvertInput: bufid 1002 0x0/0x800 bytes, 0/512 packets, mNumPacketDescriptions=0
2026-05-09 21:40:21.581 Db corespeechd[598:56b34] [com.apple.coreaudio:AQ]      AudioQueueObject.cpp:7205  ConvertInput: bufid 1002 0x0/0x800 bytes, 0/512 packets, mNumPacketDescriptions=0
2026-05-09 21:40:21.581 Db corespeechd[598:56b34] [com.apple.coreaudio:AQ]        AudioQueueObject.h:1269  AQFetch: Input ring buffer returning 0x400 frames, t: 0x52d6600 - 0x52d6a00
2026-05-09 21:40:21.581 Db corespeechd[598:56b34] [com.apple.coreaudio:AQ]      AudioQueueObject.cpp:7354  EncoderInputProc: ->1024 fr, 4096 bytes @ t=86861312 fr
2026-05-09 21:40:21.581 Db corespeechd[598:56b34] [com.apple.coreaudio:AQ]      AudioQueueObject.cpp:7234  ConvertInput: <-0x200/0x200 packets, 0x800/0x800 bytes [buffer 1002]
2026-05-09 21:40:21.581 Db corespeechd[598:56b34] [com.apple.coreaudio:aqiotime]              AQIONode.cpp:122     ionode anchor 10383.166060, 86862186 st, 1.000000 rs
2026-05-09 21:40:21.581 Db corespeechd[598:56b34] [com.apple.coreaudio:AQ]      AudioQueueObject.cpp:7205  ConvertInput: bufid 1003 0x0/0x800 bytes, 0/512 packets, mNumPacketDescriptions=0
2026-05-09 21:40:21.581 Db corespeechd[598:56b34] [com.apple.coreaudio:AQ]      AudioQueueObject.cpp:7234  ConvertInput: <-0x200/0x200 packets, 0x800/0x800 bytes [buffer 1003]
2026-05-09 21:40:21.581 Db corespeechd[598:56b34] [com.apple.coreaudio:aqiotime]              AQIONode.cpp:122     ionode anchor 10383.166060, 86862186 st, 1.000000 rs
2026-05-09 21:40:21.581 Db corespeechd[598:55fc4] [com.apple.coreaudio:AQ]      AudioQueueObject.cpp:5719  EnqueueBuffer: aq@0x710c4e800: bufid 1002, cmd 0x7104f8f58, data 0x1083990b0: 0 bytes, 0 frames (trim 0/0), 0 packets, invalid ht, invalid st, outActualStartTime 0x0
2026-05-09 21:40:21.581 Db corespeechd[598:56b34] [com.apple.coreaudio:AQ]      AudioQueueObject.cpp:7205  ConvertInput: bufid 1000 0x0/0x800 bytes, 0/512 packets, mNumPacketDescriptions=0
2026-05-09 21:40:21.581 Db corespeechd[598:55fc4] [com.apple.coreaudio:AQ]      AudioQueueObject.cpp:5719  EnqueueBuffer: aq@0x710c4e800: bufid 1003, cmd 0x7104f8fc8, data 0x1083998f0: 0 bytes, 0 frames (trim 0/0), 0 packets, invalid ht, invalid st, outActualStartTime 0x0
2026-05-09 21:40:21.581 Db corespeechd[598:56b34] [com.apple.coreaudio:AQ]      AudioQueueObject.cpp:7205  ConvertInput: bufid 1000 0x0/0x800 bytes, 0/512 packets, mNumPacketDescriptions=0
2026-05-09 21:40:21.613 Db corespeechd[598:56b34] [com.apple.coreaudio:AQ]      AudioQueueObject.cpp:7205  ConvertInput: bufid 1000 0x0/0x800 bytes, 0/512 packets, mNumPacketDescriptions=0
2026-05-09 21:40:21.623 Db corespeechd[598:56b34] [com.apple.coreaudio:AQ]      AudioQueueObject.cpp:7205  ConvertInput: bufid 1000 0x0/0x800 bytes, 0/512 packets, mNumPacketDescriptions=0
2026-05-09 21:40:21.634 Db corespeechd[598:56b34] [com.apple.coreaudio:AQ]      AudioQueueObject.cpp:7205  ConvertInput: bufid 1000 0x0/0x800 bytes, 0/512 packets, mNumPacketDescriptions=0
2026-05-09 21:40:21.645 Db corespeechd[598:56b34] [com.apple.coreaudio:AQ]      AudioQueueObject.cpp:7205  ConvertInput: bufid 1000 0x0/0x800 bytes, 0/512 packets, mNumPacketDescriptions=0
2026-05-09 21:40:21.645 Db corespeechd[598:56b34] [com.apple.coreaudio:AQ]        AudioQueueObject.h:1269  AQFetch: Input ring buffer returning 0x400 frames, t: 0x52d6a00 - 0x52d6e00
2026-05-09 21:40:21.645 Db corespeechd[598:56b34] [com.apple.coreaudio:AQ]      AudioQueueObject.cpp:7354  EncoderInputProc: ->1024 fr, 4096 bytes @ t=86862336 fr
2026-05-09 21:40:21.645 Db corespeechd[598:56b34] [com.apple.coreaudio:AQ]      AudioQueueObject.cpp:7234  ConvertInput: <-0x200/0x200 packets, 0x800/0x800 bytes [buffer 1000]
2026-05-09 21:40:21.645 Db corespeechd[598:56b34] [com.apple.coreaudio:aqiotime]              AQIONode.cpp:122     ionode anchor 10383.230060, 86863210 st, 1.000000 rs
2026-05-09 21:40:21.645 Db corespeechd[598:56b34] [com.apple.coreaudio:AQ]      AudioQueueObject.cpp:7205  ConvertInput: bufid 1001 0x0/0x800 bytes, 0/512 packets, mNumPacketDescriptions=0
2026-05-09 21:40:21.645 Db corespeechd[598:56b34] [com.apple.coreaudio:AQ]      AudioQueueObject.cpp:7234  ConvertInput: <-0x200/0x200 packets, 0x800/0x800 bytes [buffer 1001]
2026-05-09 21:40:21.645 Db corespeechd[598:56b34] [com.apple.coreaudio:aqiotime]              AQIONode.cpp:122     ionode anchor 10383.230060, 86863210 st, 1.000000 rs
2026-05-09 21:40:21.645 Db corespeechd[598:56b34] [com.apple.coreaudio:AQ]      AudioQueueObject.cpp:7205  ConvertInput: bufid 1002 0x0/0x800 bytes, 0/512 packets, mNumPacketDescriptions=0
2026-05-09 21:40:21.645 Db corespeechd[598:5620e] [com.apple.coreaudio:AQ]      AudioQueueObject.cpp:5719  EnqueueBuffer: aq@0x710c4e800: bufid 1000, cmd 0x7104f8ee8, data 0x108398030: 0 bytes, 0 frames (trim 0/0), 0 packets, invalid ht, invalid st, outActualStartTime 0x0
2026-05-09 21:40:21.645 Db corespeechd[598:56b34] [com.apple.coreaudio:AQ]      AudioQueueObject.cpp:7205  ConvertInput: bufid 1002 0x0/0x800 bytes, 0/512 packets, mNumPacketDescriptions=0
2026-05-09 21:40:21.645 Db corespeechd[598:5620e] [com.apple.coreaudio:AQ]      AudioQueueObject.cpp:5719  EnqueueBuffer: aq@0x710c4e800: bufid 1001, cmd 0x7104f8e78, data 0x108398870: 0 bytes, 0 frames (trim 0/0), 0 packets, invalid ht, invalid st, outActualStartTime 0x0
2026-05-09 21:40:21.645 Db corespeechd[598:56b34] [com.apple.coreaudio:AQ]      AudioQueueObject.cpp:7205  ConvertInput: bufid 1002 0x0/0x800 bytes, 0/512 packets, mNumPacketDescriptions=0
2026-05-09 21:40:21.677 Db corespeechd[598:56b34] [com.apple.coreaudio:AQ]      AudioQueueObject.cpp:7205  ConvertInput: bufid 1002 0x0/0x800 bytes, 0/512 packets, mNumPacketDescriptions=0
2026-05-09 21:40:21.687 Db corespeechd[598:56b34] [com.apple.coreaudio:AQ]      AudioQueueObject.cpp:7205  ConvertInput: bufid 1002 0x0/0x800 bytes, 0/512 packets, mNumPacketDescriptions=0
2026-05-09 21:40:21.698 Db corespeechd[598:56b34] [com.apple.coreaudio:AQ]      AudioQueueObject.cpp:7205  ConvertInput: bufid 1002 0x0/0x800 bytes, 0/512 packets, mNumPacketDescriptions=0
2026-05-09 21:40:21.709 Db corespeechd[598:56b34] [com.apple.coreaudio:AQ]      AudioQueueObject.cpp:7205  ConvertInput: bufid 1002 0x0/0x800 bytes, 0/512 packets, mNumPacketDescriptions=0
2026-05-09 21:40:21.709 Db corespeechd[598:56b34] [com.apple.coreaudio:AQ]        AudioQueueObject.h:1269  AQFetch: Input ring buffer returning 0x280 frames, t: 0x52d6e00 - 0x52d7080
2026-05-09 21:40:21.709 Db corespeechd[598:56b34] [com.apple.coreaudio:AQ]      AudioQueueObject.cpp:7354  EncoderInputProc: ->640 fr, 2560 bytes @ t=86863360 fr
2026-05-09 21:40:21.709 Db corespeechd[598:56b34] [com.apple.coreaudio:AQ]      AudioQueueObject.cpp:7234  ConvertInput: <-0x200/0x200 packets, 0x800/0x800 bytes [buffer 1002]
2026-05-09 21:40:21.709 Db corespeechd[598:56b34] [com.apple.coreaudio:aqiotime]              AQIONode.cpp:122     ionode anchor 10383.294060, 86864234 st, 1.000000 rs
2026-05-09 21:40:21.709 Db corespeechd[598:56b34] [com.apple.coreaudio:AQ]      AudioQueueObject.cpp:7205  ConvertInput: bufid 1003 0x0/0x800 bytes, 0/512 packets, mNumPacketDescriptions=0
2026-05-09 21:40:21.709 Db corespeechd[598:56183] [com.apple.coreaudio:AQ]      AudioQueueObject.cpp:5719  EnqueueBuffer: aq@0x710c4e800: bufid 1002, cmd 0x7104f8f58, data 0x1083990b0: 0 bytes, 0 frames (trim 0/0), 0 packets, invalid ht, invalid st, outActualStartTime 0x0
2026-05-09 21:40:21.709 Db corespeechd[598:56b34] [com.apple.coreaudio:AQ]      AudioQueueObject.cpp:7205  ConvertInput: bufid 1003 0x0/0x800 bytes, 0/512 packets, mNumPacketDescriptions=0
2026-05-09 21:40:21.719 Db corespeechd[598:56b34] [com.apple.coreaudio:AQ]      AudioQueueObject.cpp:7205  ConvertInput: bufid 1003 0x0/0x800 bytes, 0/512 packets, mNumPacketDescriptions=0
2026-05-09 21:40:21.730 Db corespeechd[598:56b34] [com.apple.coreaudio:AQ]      AudioQueueObject.cpp:7205  ConvertInput: bufid 1003 0x0/0x800 bytes, 0/512 packets, mNumPacketDescriptions=0
2026-05-09 21:40:21.741 Db corespeechd[598:56b34] [com.apple.coreaudio:AQ]      AudioQueueObject.cpp:7205  ConvertInput: bufid 1003 0x0/0x800 bytes, 0/512 packets, mNumPacketDescriptions=0
2026-05-09 21:40:21.751 Db corespeechd[598:56b34] [com.apple.coreaudio:AQ]      AudioQueueObject.cpp:7205  ConvertInput: bufid 1003 0x0/0x800 bytes, 0/512 packets, mNumPacketDescriptions=0
2026-05-09 21:40:21.751 Db corespeechd[598:56b34] [com.apple.coreaudio:AQ]        AudioQueueObject.h:1269  AQFetch: Input ring buffer returning 0x400 frames, t: 0x52d7080 - 0x52d7480
2026-05-09 21:40:21.752 Db corespeechd[598:56b34] [com.apple.coreaudio:AQ]      AudioQueueObject.cpp:7354  EncoderInputProc: ->1024 fr, 4096 bytes @ t=86864000 fr
2026-05-09 21:40:21.752 Db corespeechd[598:56b34] [com.apple.coreaudio:AQ]      AudioQueueObject.cpp:7234  ConvertInput: <-0x200/0x200 packets, 0x800/0x800 bytes [buffer 1003]
2026-05-09 21:40:21.752 Db corespeechd[598:56b34] [com.apple.coreaudio:aqiotime]              AQIONode.cpp:122     ionode anchor 10383.336727, 86864916 st, 1.000000 rs
2026-05-09 21:40:21.752 Db corespeechd[598:56b34] [com.apple.coreaudio:AQ]      AudioQueueObject.cpp:7205  ConvertInput: bufid 1000 0x0/0x800 bytes, 0/512 packets, mNumPacketDescriptions=0
2026-05-09 21:40:21.752 Db corespeechd[598:56b34] [com.apple.coreaudio:AQ]      AudioQueueObject.cpp:7234  ConvertInput: <-0x200/0x200 packets, 0x800/0x800 bytes [buffer 1000]
2026-05-09 21:40:21.752 Db corespeechd[598:56b34] [com.apple.coreaudio:aqiotime]              AQIONode.cpp:122     ionode anchor 10383.336727, 86864916 st, 1.000000 rs
2026-05-09 21:40:21.752 Db corespeechd[598:56b34] [com.apple.coreaudio:AQ]      AudioQueueObject.cpp:7205  ConvertInput: bufid 1001 0x0/0x800 bytes, 0/512 packets, mNumPacketDescriptions=0
2026-05-09 21:40:21.752 Db corespeechd[598:5620e] [com.apple.coreaudio:AQ]      AudioQueueObject.cpp:5719  EnqueueBuffer: aq@0x710c4e800: bufid 1003, cmd 0x7104f8ee8, data 0x1083998f0: 0 bytes, 0 frames (trim 0/0), 0 packets, invalid ht, invalid st, outActualStartTime 0x0
2026-05-09 21:40:21.752 Db corespeechd[598:5620e] [com.apple.coreaudio:AQ]      AudioQueueObject.cpp:5719  EnqueueBuffer: aq@0x710c4e800: bufid 1000, cmd 0x7104f8fc8, data 0x108398030: 0 bytes, 0 frames (trim 0/0), 0 packets, invalid ht, invalid st, outActualStartTime 0x0
2026-05-09 21:40:21.752 Db corespeechd[598:56b34] [com.apple.coreaudio:AQ]      AudioQueueObject.cpp:7205  ConvertInput: bufid 1001 0x0/0x800 bytes, 0/512 packets, mNumPacketDescriptions=0
2026-05-09 21:40:21.783 Db corespeechd[598:56b34] [com.apple.coreaudio:AQ]      AudioQueueObject.cpp:7205  ConvertInput: bufid 1001 0x0/0x800 bytes, 0/512 packets, mNumPacketDescriptions=0
2026-05-09 21:40:21.794 Db corespeechd[598:56b34] [com.apple.coreaudio:AQ]      AudioQueueObject.cpp:7205  ConvertInput: bufid 1001 0x0/0x800 bytes, 0/512 packets, mNumPacketDescriptions=0
2026-05-09 21:40:21.805 Db corespeechd[598:56b34] [com.apple.coreaudio:AQ]      AudioQueueObject.cpp:7205  ConvertInput: bufid 1001 0x0/0x800 bytes, 0/512 packets, mNumPacketDescriptions=0
2026-05-09 21:40:21.815 Db corespeechd[598:56b34] [com.apple.coreaudio:AQ]      AudioQueueObject.cpp:7205  ConvertInput: bufid 1001 0x0/0x800 bytes, 0/512 packets, mNumPacketDescriptions=0
2026-05-09 21:40:21.816 Db corespeechd[598:56b34] [com.apple.coreaudio:AQ]        AudioQueueObject.h:1269  AQFetch: Input ring buffer returning 0x400 frames, t: 0x52d7480 - 0x52d7880
2026-05-09 21:40:21.816 Db corespeechd[598:56b34] [com.apple.coreaudio:AQ]      AudioQueueObject.cpp:7354  EncoderInputProc: ->1024 fr, 4096 bytes @ t=86865024 fr
2026-05-09 21:40:21.816 Db corespeechd[598:56b34] [com.apple.coreaudio:AQ]      AudioQueueObject.cpp:7234  ConvertInput: <-0x200/0x200 packets, 0x800/0x800 bytes [buffer 1001]
2026-05-09 21:40:21.816 Db corespeechd[598:56b34] [com.apple.coreaudio:aqiotime]              AQIONode.cpp:122     ionode anchor 10383.400727, 86865940 st, 1.000000 rs
2026-05-09 21:40:21.816 Db corespeechd[598:56b34] [com.apple.coreaudio:AQ]      AudioQueueObject.cpp:7205  ConvertInput: bufid 1002 0x0/0x800 bytes, 0/512 packets, mNumPacketDescriptions=0
2026-05-09 21:40:21.816 Db corespeechd[598:56b34] [com.apple.coreaudio:AQ]      AudioQueueObject.cpp:7234  ConvertInput: <-0x200/0x200 packets, 0x800/0x800 bytes [buffer 1002]
2026-05-09 21:40:21.816 Db corespeechd[598:56b34] [com.apple.coreaudio:aqiotime]              AQIONode.cpp:122     ionode anchor 10383.400727, 86865940 st, 1.000000 rs
2026-05-09 21:40:21.816 Db corespeechd[598:56b34] [com.apple.coreaudio:AQ]      AudioQueueObject.cpp:7205  ConvertInput: bufid 1003 0x0/0x800 bytes, 0/512 packets, mNumPacketDescriptions=0
2026-05-09 21:40:21.816 Db corespeechd[598:56183] [com.apple.coreaudio:AQ]      AudioQueueObject.cpp:5719  EnqueueBuffer: aq@0x710c4e800: bufid 1001, cmd 0x7104f8f58, data 0x108398870: 0 bytes, 0 frames (trim 0/0), 0 packets, invalid ht, invalid st, outActualStartTime 0x0
2026-05-09 21:40:21.816 Db corespeechd[598:56183] [com.apple.coreaudio:AQ]      AudioQueueObject.cpp:5719  EnqueueBuffer: aq@0x710c4e800: bufid 1002, cmd 0x7104f8e78, data 0x1083990b0: 0 bytes, 0 frames (trim 0/0), 0 packets, invalid ht, invalid st, outActualStartTime 0x0
2026-05-09 21:40:21.816 Db corespeechd[598:56b34] [com.apple.coreaudio:AQ]      AudioQueueObject.cpp:7205  ConvertInput: bufid 1003 0x0/0x800 bytes, 0/512 packets, mNumPacketDescriptions=0
2026-05-09 21:40:21.847 Db corespeechd[598:56b34] [com.apple.coreaudio:AQ]      AudioQueueObject.cpp:7205  ConvertInput: bufid 1003 0x0/0x800 bytes, 0/512 packets, mNumPacketDescriptions=0
2026-05-09 21:40:21.858 Db corespeechd[598:56b34] [com.apple.coreaudio:AQ]      AudioQueueObject.cpp:7205  ConvertInput: bufid 1003 0x0/0x800 bytes, 0/512 packets, mNumPacketDescriptions=0
2026-05-09 21:40:21.869 Db corespeechd[598:56b34] [com.apple.coreaudio:AQ]      AudioQueueObject.cpp:7205  ConvertInput: bufid 1003 0x0/0x800 bytes, 0/512 packets, mNumPacketDescriptions=0
2026-05-09 21:40:21.879 Db corespeechd[598:56b34] [com.apple.coreaudio:AQ]      AudioQueueObject.cpp:7205  ConvertInput: bufid 1003 0x0/0x800 bytes, 0/512 packets, mNumPacketDescriptions=0
2026-05-09 21:40:21.879 Db corespeechd[598:56b34] [com.apple.coreaudio:AQ]        AudioQueueObject.h:1269  AQFetch: Input ring buffer returning 0x400 frames, t: 0x52d7880 - 0x52d7c80
2026-05-09 21:40:21.879 Db corespeechd[598:56b34] [com.apple.coreaudio:AQ]      AudioQueueObject.cpp:7354  EncoderInputProc: ->1024 fr, 4096 bytes @ t=86866048 fr
2026-05-09 21:40:21.879 Db corespeechd[598:56b34] [com.apple.coreaudio:AQ]      AudioQueueObject.cpp:7234  ConvertInput: <-0x200/0x200 packets, 0x800/0x800 bytes [buffer 1003]
2026-05-09 21:40:21.879 Db corespeechd[598:56b34] [com.apple.coreaudio:aqiotime]              AQIONode.cpp:122     ionode anchor 10383.464727, 86866964 st, 1.000000 rs
2026-05-09 21:40:21.880 Db corespeechd[598:56b34] [com.apple.coreaudio:AQ]      AudioQueueObject.cpp:7205  ConvertInput: bufid 1000 0x0/0x800 bytes, 0/512 packets, mNumPacketDescriptions=0
2026-05-09 21:40:21.880 Db corespeechd[598:56b34] [com.apple.coreaudio:AQ]      AudioQueueObject.cpp:7234  ConvertInput: <-0x200/0x200 packets, 0x800/0x800 bytes [buffer 1000]
2026-05-09 21:40:21.880 Db corespeechd[598:56b34] [com.apple.coreaudio:aqiotime]              AQIONode.cpp:122     ionode anchor 10383.464727, 86866964 st, 1.000000 rs
2026-05-09 21:40:21.880 Db corespeechd[598:56b34] [com.apple.coreaudio:AQ]      AudioQueueObject.cpp:7205  ConvertInput: bufid 1001 0x0/0x800 bytes, 0/512 packets, mNumPacketDescriptions=0
2026-05-09 21:40:21.880 Db corespeechd[598:5620e] [com.apple.coreaudio:AQ]      AudioQueueObject.cpp:5719  EnqueueBuffer: aq@0x710c4e800: bufid 1003, cmd 0x7104f8fc8, data 0x1083998f0: 0 bytes, 0 frames (trim 0/0), 0 packets, invalid ht, invalid st, outActualStartTime 0x0
2026-05-09 21:40:21.880 Db corespeechd[598:56b34] [com.apple.coreaudio:AQ]      AudioQueueObject.cpp:7205  ConvertInput: bufid 1001 0x0/0x800 bytes, 0/512 packets, mNumPacketDescriptions=0
2026-05-09 21:40:21.880 Db corespeechd[598:5620e] [com.apple.coreaudio:AQ]      AudioQueueObject.cpp:5719  EnqueueBuffer: aq@0x710c4e800: bufid 1000, cmd 0x7104f8ee8, data 0x108398030: 0 bytes, 0 frames (trim 0/0), 0 packets, invalid ht, invalid st, outActualStartTime 0x0
2026-05-09 21:40:21.880 Db corespeechd[598:56b34] [com.apple.coreaudio:AQ]      AudioQueueObject.cpp:7205  ConvertInput: bufid 1001 0x0/0x800 bytes, 0/512 packets, mNumPacketDescriptions=0
2026-05-09 21:40:21.911 Db corespeechd[598:56b34] [com.apple.coreaudio:AQ]      AudioQueueObject.cpp:7205  ConvertInput: bufid 1001 0x0/0x800 bytes, 0/512 packets, mNumPacketDescriptions=0
2026-05-09 21:40:21.922 Db corespeechd[598:56b34] [com.apple.coreaudio:AQ]      AudioQueueObject.cpp:7205  ConvertInput: bufid 1001 0x0/0x800 bytes, 0/512 packets, mNumPacketDescriptions=0
2026-05-09 21:40:21.933 Db corespeechd[598:56b34] [com.apple.coreaudio:AQ]      AudioQueueObject.cpp:7205  ConvertInput: bufid 1001 0x0/0x800 bytes, 0/512 packets, mNumPacketDescriptions=0
2026-05-09 21:40:21.943 Db corespeechd[598:56b34] [com.apple.coreaudio:AQ]      AudioQueueObject.cpp:7205  ConvertInput: bufid 1001 0x0/0x800 bytes, 0/512 packets, mNumPacketDescriptions=0
2026-05-09 21:40:21.943 Db corespeechd[598:56b34] [com.apple.coreaudio:AQ]        AudioQueueObject.h:1269  AQFetch: Input ring buffer returning 0x400 frames, t: 0x52d7c80 - 0x52d8080
2026-05-09 21:40:21.943 Db corespeechd[598:56b34] [com.apple.coreaudio:AQ]      AudioQueueObject.cpp:7354  EncoderInputProc: ->1024 fr, 4096 bytes @ t=86867072 fr
2026-05-09 21:40:21.943 Db corespeechd[598:56b34] [com.apple.coreaudio:AQ]      AudioQueueObject.cpp:7234  ConvertInput: <-0x200/0x200 packets, 0x800/0x800 bytes [buffer 1001]
2026-05-09 21:40:21.943 Db corespeechd[598:56b34] [com.apple.coreaudio:aqiotime]              AQIONode.cpp:122     ionode anchor 10383.528727, 86867988 st, 1.000000 rs
2026-05-09 21:40:21.944 Db corespeechd[598:56b34] [com.apple.coreaudio:AQ]      AudioQueueObject.cpp:7205  ConvertInput: bufid 1002 0x0/0x800 bytes, 0/512 packets, mNumPacketDescriptions=0
2026-05-09 21:40:21.944 Db corespeechd[598:56b34] [com.apple.coreaudio:AQ]      AudioQueueObject.cpp:7234  ConvertInput: <-0x200/0x200 packets, 0x800/0x800 bytes [buffer 1002]
2026-05-09 21:40:21.944 Db corespeechd[598:56b34] [com.apple.coreaudio:aqiotime]              AQIONode.cpp:122     ionode anchor 10383.528727, 86867988 st, 1.000000 rs
2026-05-09 21:40:21.944 Db corespeechd[598:56b34] [com.apple.coreaudio:AQ]      AudioQueueObject.cpp:7205  ConvertInput: bufid 1003 0x0/0x800 bytes, 0/512 packets, mNumPacketDescriptions=0
2026-05-09 21:40:21.944 Db corespeechd[598:55fc4] [com.apple.coreaudio:AQ]      AudioQueueObject.cpp:5719  EnqueueBuffer: aq@0x710c4e800: bufid 1001, cmd 0x7104f8e78, data 0x108398870: 0 bytes, 0 frames (trim 0/0), 0 packets, invalid ht, invalid st, outActualStartTime 0x0
2026-05-09 21:40:21.944 Db corespeechd[598:55fc4] [com.apple.coreaudio:AQ]      AudioQueueObject.cpp:5719  EnqueueBuffer: aq@0x710c4e800: bufid 1002, cmd 0x7104f8f58, data 0x1083990b0: 0 bytes, 0 frames (trim 0/0), 0 packets, invalid ht, invalid st, outActualStartTime 0x0
2026-05-09 21:40:21.944 Db corespeechd[598:56b34] [com.apple.coreaudio:AQ]      AudioQueueObject.cpp:7205  ConvertInput: bufid 1003 0x0/0x800 bytes, 0/512 packets, mNumPacketDescriptions=0
2026-05-09 21:40:21.975 Db corespeechd[598:56b34] [com.apple.coreaudio:AQ]      AudioQueueObject.cpp:7205  ConvertInput: bufid 1003 0x0/0x800 bytes, 0/512 packets, mNumPacketDescriptions=0
2026-05-09 21:40:21.986 Db corespeechd[598:56b34] [com.apple.coreaudio:AQ]      AudioQueueObject.cpp:7205  ConvertInput: bufid 1003 0x0/0x800 bytes, 0/512 packets, mNumPacketDescriptions=0
2026-05-09 21:40:21.997 Db corespeechd[598:56b34] [com.apple.coreaudio:AQ]      AudioQueueObject.cpp:7205  ConvertInput: bufid 1003 0x0/0x800 bytes, 0/512 packets, mNumPacketDescriptions=0
2026-05-09 21:40:22.007 Db corespeechd[598:56b34] [com.apple.coreaudio:AQ]      AudioQueueObject.cpp:7205  ConvertInput: bufid 1003 0x0/0x800 bytes, 0/512 packets, mNumPacketDescriptions=0
2026-05-09 21:40:22.007 Db corespeechd[598:56b34] [com.apple.coreaudio:AQ]        AudioQueueObject.h:1269  AQFetch: Input ring buffer returning 0x400 frames, t: 0x52d8080 - 0x52d8480
2026-05-09 21:40:22.008 Db corespeechd[598:56b34] [com.apple.coreaudio:AQ]      AudioQueueObject.cpp:7354  EncoderInputProc: ->1024 fr, 4096 bytes @ t=86868096 fr
2026-05-09 21:40:22.008 Db corespeechd[598:56b34] [com.apple.coreaudio:AQ]      AudioQueueObject.cpp:7234  ConvertInput: <-0x200/0x200 packets, 0x800/0x800 bytes [buffer 1003]
2026-05-09 21:40:22.008 Db corespeechd[598:56b34] [com.apple.coreaudio:aqiotime]              AQIONode.cpp:122     ionode anchor 10383.592727, 86869012 st, 1.000000 rs
2026-05-09 21:40:22.008 Db corespeechd[598:56b34] [com.apple.coreaudio:AQ]      AudioQueueObject.cpp:7205  ConvertInput: bufid 1000 0x0/0x800 bytes, 0/512 packets, mNumPacketDescriptions=0
2026-05-09 21:40:22.008 Db corespeechd[598:56b34] [com.apple.coreaudio:AQ]      AudioQueueObject.cpp:7234  ConvertInput: <-0x200/0x200 packets, 0x800/0x800 bytes [buffer 1000]
2026-05-09 21:40:22.008 Db corespeechd[598:56b34] [com.apple.coreaudio:aqiotime]              AQIONode.cpp:122     ionode anchor 10383.592727, 86869012 st, 1.000000 rs
2026-05-09 21:40:22.008 Db corespeechd[598:55fc4] [com.apple.coreaudio:AQ]      AudioQueueObject.cpp:5719  EnqueueBuffer: aq@0x710c4e800: bufid 1003, cmd 0x7104f8fc8, data 0x1083998f0: 0 bytes, 0 frames (trim 0/0), 0 packets, invalid ht, invalid st, outActualStartTime 0x0
2026-05-09 21:40:22.008 Db corespeechd[598:56b34] [com.apple.coreaudio:AQ]      AudioQueueObject.cpp:7205  ConvertInput: bufid 1001 0x0/0x800 bytes, 0/512 packets, mNumPacketDescriptions=0
2026-05-09 21:40:22.008 Db corespeechd[598:55fc4] [com.apple.coreaudio:AQ]      AudioQueueObject.cpp:5719  EnqueueBuffer: aq@0x710c4e800: bufid 1000, cmd 0x7104f8ee8, data 0x108398030: 0 bytes, 0 frames (trim 0/0), 0 packets, invalid ht, invalid st, outActualStartTime 0x0
2026-05-09 21:40:22.008 Db corespeechd[598:56b34] [com.apple.coreaudio:AQ]      AudioQueueObject.cpp:7205  ConvertInput: bufid 1001 0x0/0x800 bytes, 0/512 packets, mNumPacketDescriptions=0
2026-05-09 21:40:22.039 Db corespeechd[598:56b34] [com.apple.coreaudio:AQ]      AudioQueueObject.cpp:7205  ConvertInput: bufid 1001 0x0/0x800 bytes, 0/512 packets, mNumPacketDescriptions=0
2026-05-09 21:40:22.050 Db corespeechd[598:56b34] [com.apple.coreaudio:AQ]      AudioQueueObject.cpp:7205  ConvertInput: bufid 1001 0x0/0x800 bytes, 0/512 packets, mNumPacketDescriptions=0
2026-05-09 21:40:22.061 Db corespeechd[598:56b34] [com.apple.coreaudio:AQ]      AudioQueueObject.cpp:7205  ConvertInput: bufid 1001 0x0/0x800 bytes, 0/512 packets, mNumPacketDescriptions=0
2026-05-09 21:40:22.071 Db corespeechd[598:56b34] [com.apple.coreaudio:AQ]      AudioQueueObject.cpp:7205  ConvertInput: bufid 1001 0x0/0x800 bytes, 0/512 packets, mNumPacketDescriptions=0
2026-05-09 21:40:22.071 Db corespeechd[598:56b34] [com.apple.coreaudio:AQ]        AudioQueueObject.h:1269  AQFetch: Input ring buffer returning 0x400 frames, t: 0x52d8480 - 0x52d8880
2026-05-09 21:40:22.071 Db corespeechd[598:56b34] [com.apple.coreaudio:AQ]      AudioQueueObject.cpp:7354  EncoderInputProc: ->1024 fr, 4096 bytes @ t=86869120 fr
2026-05-09 21:40:22.071 Db corespeechd[598:56b34] [com.apple.coreaudio:AQ]      AudioQueueObject.cpp:7234  ConvertInput: <-0x200/0x200 packets, 0x800/0x800 bytes [buffer 1001]
2026-05-09 21:40:22.071 Db corespeechd[598:56b34] [com.apple.coreaudio:aqiotime]              AQIONode.cpp:122     ionode anchor 10383.656727, 86870036 st, 1.000000 rs
2026-05-09 21:40:22.072 Db corespeechd[598:56b34] [com.apple.coreaudio:AQ]      AudioQueueObject.cpp:7205  ConvertInput: bufid 1002 0x0/0x800 bytes, 0/512 packets, mNumPacketDescriptions=0
2026-05-09 21:40:22.072 Db corespeechd[598:56b34] [com.apple.coreaudio:AQ]      AudioQueueObject.cpp:7234  ConvertInput: <-0x200/0x200 packets, 0x800/0x800 bytes [buffer 1002]
2026-05-09 21:40:22.072 Db corespeechd[598:56b34] [com.apple.coreaudio:aqiotime]              AQIONode.cpp:122     ionode anchor 10383.656727, 86870036 st, 1.000000 rs
2026-05-09 21:40:22.072 Db corespeechd[598:56b34] [com.apple.coreaudio:AQ]      AudioQueueObject.cpp:7205  ConvertInput: bufid 1003 0x0/0x800 bytes, 0/512 packets, mNumPacketDescriptions=0
2026-05-09 21:40:22.072 Db corespeechd[598:55fc4] [com.apple.coreaudio:AQ]      AudioQueueObject.cpp:5719  EnqueueBuffer: aq@0x710c4e800: bufid 1001, cmd 0x7104f8f58, data 0x108398870: 0 bytes, 0 frames (trim 0/0), 0 packets, invalid ht, invalid st, outActualStartTime 0x0
2026-05-09 21:40:22.072 Db corespeechd[598:56b34] [com.apple.coreaudio:AQ]      AudioQueueObject.cpp:7205  ConvertInput: bufid 1003 0x0/0x800 bytes, 0/512 packets, mNumPacketDescriptions=0
2026-05-09 21:40:22.072 Db corespeechd[598:55fc4] [com.apple.coreaudio:AQ]      AudioQueueObject.cpp:5719  EnqueueBuffer: aq@0x710c4e800: bufid 1002, cmd 0x7104f8e78, data 0x1083990b0: 0 bytes, 0 frames (trim 0/0), 0 packets, invalid ht, invalid st, outActualStartTime 0x0
2026-05-09 21:40:22.072 Db corespeechd[598:56b34] [com.apple.coreaudio:AQ]      AudioQueueObject.cpp:7205  ConvertInput: bufid 1003 0x0/0x800 bytes, 0/512 packets, mNumPacketDescriptions=0
2026-05-09 21:40:22.103 Db corespeechd[598:56b34] [com.apple.coreaudio:AQ]      AudioQueueObject.cpp:7205  ConvertInput: bufid 1003 0x0/0x800 bytes, 0/512 packets, mNumPacketDescriptions=0
2026-05-09 21:40:22.114 Db corespeechd[598:56b34] [com.apple.coreaudio:AQ]      AudioQueueObject.cpp:7205  ConvertInput: bufid 1003 0x0/0x800 bytes, 0/512 packets, mNumPacketDescriptions=0
2026-05-09 21:40:22.125 Db corespeechd[598:56b34] [com.apple.coreaudio:AQ]      AudioQueueObject.cpp:7205  ConvertInput: bufid 1003 0x0/0x800 bytes, 0/512 packets, mNumPacketDescriptions=0
2026-05-09 21:40:22.135 Db corespeechd[598:56b34] [com.apple.coreaudio:AQ]      AudioQueueObject.cpp:7205  ConvertInput: bufid 1003 0x0/0x800 bytes, 0/512 packets, mNumPacketDescriptions=0
2026-05-09 21:40:22.135 Db corespeechd[598:56b34] [com.apple.coreaudio:AQ]        AudioQueueObject.h:1269  AQFetch: Input ring buffer returning 0x400 frames, t: 0x52d8880 - 0x52d8c80
2026-05-09 21:40:22.135 Db corespeechd[598:56b34] [com.apple.coreaudio:AQ]      AudioQueueObject.cpp:7354  EncoderInputProc: ->1024 fr, 4096 bytes @ t=86870144 fr
2026-05-09 21:40:22.136 Db corespeechd[598:56b34] [com.apple.coreaudio:AQ]      AudioQueueObject.cpp:7234  ConvertInput: <-0x200/0x200 packets, 0x800/0x800 bytes [buffer 1003]
2026-05-09 21:40:22.136 Db corespeechd[598:56b34] [com.apple.coreaudio:aqiotime]              AQIONode.cpp:122     ionode anchor 10383.720727, 86871060 st, 1.000000 rs
2026-05-09 21:40:22.136 Db corespeechd[598:56b34] [com.apple.coreaudio:AQ]      AudioQueueObject.cpp:7205  ConvertInput: bufid 1000 0x0/0x800 bytes, 0/512 packets, mNumPacketDescriptions=0
2026-05-09 21:40:22.136 Db corespeechd[598:56b34] [com.apple.coreaudio:AQ]      AudioQueueObject.cpp:7234  ConvertInput: <-0x200/0x200 packets, 0x800/0x800 bytes [buffer 1000]
2026-05-09 21:40:22.136 Db corespeechd[598:56b34] [com.apple.coreaudio:aqiotime]              AQIONode.cpp:122     ionode anchor 10383.720727, 86871060 st, 1.000000 rs
2026-05-09 21:40:22.136 Db corespeechd[598:56b34] [com.apple.coreaudio:AQ]      AudioQueueObject.cpp:7205  ConvertInput: bufid 1001 0x0/0x800 bytes, 0/512 packets, mNumPacketDescriptions=0
2026-05-09 21:40:22.136 Db corespeechd[598:55fc4] [com.apple.coreaudio:AQ]      AudioQueueObject.cpp:5719  EnqueueBuffer: aq@0x710c4e800: bufid 1003, cmd 0x7104f8ee8, data 0x1083998f0: 0 bytes, 0 frames (trim 0/0), 0 packets, invalid ht, invalid st, outActualStartTime 0x0
2026-05-09 21:40:22.136 Db corespeechd[598:56b34] [com.apple.coreaudio:AQ]      AudioQueueObject.cpp:7205  ConvertInput: bufid 1001 0x0/0x800 bytes, 0/512 packets, mNumPacketDescriptions=0
2026-05-09 21:40:22.136 Db corespeechd[598:55fc4] [com.apple.coreaudio:AQ]      AudioQueueObject.cpp:5719  EnqueueBuffer: aq@0x710c4e800: bufid 1000, cmd 0x7104f8fc8, data 0x108398030: 0 bytes, 0 frames (trim 0/0), 0 packets, invalid ht, invalid st, outActualStartTime 0x0
2026-05-09 21:40:22.136 Db corespeechd[598:56b34] [com.apple.coreaudio:AQ]      AudioQueueObject.cpp:7205  ConvertInput: bufid 1001 0x0/0x800 bytes, 0/512 packets, mNumPacketDescriptions=0
2026-05-09 21:40:22.167 Db corespeechd[598:56b34] [com.apple.coreaudio:AQ]      AudioQueueObject.cpp:7205  ConvertInput: bufid 1001 0x0/0x800 bytes, 0/512 packets, mNumPacketDescriptions=0
2026-05-09 21:40:22.178 Db corespeechd[598:56b34] [com.apple.coreaudio:AQ]      AudioQueueObject.cpp:7205  ConvertInput: bufid 1001 0x0/0x800 bytes, 0/512 packets, mNumPacketDescriptions=0
2026-05-09 21:40:22.189 Db corespeechd[598:56b34] [com.apple.coreaudio:AQ]      AudioQueueObject.cpp:7205  ConvertInput: bufid 1001 0x0/0x800 bytes, 0/512 packets, mNumPacketDescriptions=0
2026-05-09 21:40:22.199 Db corespeechd[598:56b34] [com.apple.coreaudio:AQ]      AudioQueueObject.cpp:7205  ConvertInput: bufid 1001 0x0/0x800 bytes, 0/512 packets, mNumPacketDescriptions=0
2026-05-09 21:40:22.199 Db corespeechd[598:56b34] [com.apple.coreaudio:AQ]        AudioQueueObject.h:1269  AQFetch: Input ring buffer returning 0x400 frames, t: 0x52d8c80 - 0x52d9080
2026-05-09 21:40:22.200 Db corespeechd[598:56b34] [com.apple.coreaudio:AQ]      AudioQueueObject.cpp:7354  EncoderInputProc: ->1024 fr, 4096 bytes @ t=86871168 fr
2026-05-09 21:40:22.200 Db corespeechd[598:56b34] [com.apple.coreaudio:AQ]      AudioQueueObject.cpp:7234  ConvertInput: <-0x200/0x200 packets, 0x800/0x800 bytes [buffer 1001]
2026-05-09 21:40:22.200 Db corespeechd[598:56b34] [com.apple.coreaudio:aqiotime]              AQIONode.cpp:122     ionode anchor 10383.784727, 86872084 st, 1.000000 rs
2026-05-09 21:40:22.200 Db corespeechd[598:56b34] [com.apple.coreaudio:AQ]      AudioQueueObject.cpp:7205  ConvertInput: bufid 1002 0x0/0x800 bytes, 0/512 packets, mNumPacketDescriptions=0
2026-05-09 21:40:22.200 Db corespeechd[598:56b34] [com.apple.coreaudio:AQ]      AudioQueueObject.cpp:7234  ConvertInput: <-0x200/0x200 packets, 0x800/0x800 bytes [buffer 1002]
2026-05-09 21:40:22.200 Db corespeechd[598:56b34] [com.apple.coreaudio:aqiotime]              AQIONode.cpp:122     ionode anchor 10383.784727, 86872084 st, 1.000000 rs
2026-05-09 21:40:22.200 Db corespeechd[598:5620e] [com.apple.coreaudio:AQ]      AudioQueueObject.cpp:5719  EnqueueBuffer: aq@0x710c4e800: bufid 1001, cmd 0x7104f8f58, data 0x108398870: 0 bytes, 0 frames (trim 0/0), 0 packets, invalid ht, invalid st, outActualStartTime 0x0
2026-05-09 21:40:22.200 Db corespeechd[598:56b34] [com.apple.coreaudio:AQ]      AudioQueueObject.cpp:7205  ConvertInput: bufid 1003 0x0/0x800 bytes, 0/512 packets, mNumPacketDescriptions=0
2026-05-09 21:40:22.200 Db corespeechd[598:5620e] [com.apple.coreaudio:AQ]      AudioQueueObject.cpp:5719  EnqueueBuffer: aq@0x710c4e800: bufid 1002, cmd 0x7104f8e78, data 0x1083990b0: 0 bytes, 0 frames (trim 0/0), 0 packets, invalid ht, invalid st, outActualStartTime 0x0
2026-05-09 21:40:22.200 Db corespeechd[598:56b34] [com.apple.coreaudio:AQ]      AudioQueueObject.cpp:7205  ConvertInput: bufid 1003 0x0/0x800 bytes, 0/512 packets, mNumPacketDescriptions=0
2026-05-09 21:40:22.231 Db corespeechd[598:56b34] [com.apple.coreaudio:AQ]      AudioQueueObject.cpp:7205  ConvertInput: bufid 1003 0x0/0x800 bytes, 0/512 packets, mNumPacketDescriptions=0
2026-05-09 21:40:22.242 Db corespeechd[598:56b34] [com.apple.coreaudio:AQ]      AudioQueueObject.cpp:7205  ConvertInput: bufid 1003 0x0/0x800 bytes, 0/512 packets, mNumPacketDescriptions=0
2026-05-09 21:40:22.253 Db corespeechd[598:56b34] [com.apple.coreaudio:AQ]      AudioQueueObject.cpp:7205  ConvertInput: bufid 1003 0x0/0x800 bytes, 0/512 packets, mNumPacketDescriptions=0
2026-05-09 21:40:22.263 Db corespeechd[598:56b34] [com.apple.coreaudio:AQ]      AudioQueueObject.cpp:7205  ConvertInput: bufid 1003 0x0/0x800 bytes, 0/512 packets, mNumPacketDescriptions=0
2026-05-09 21:40:22.264 Db corespeechd[598:56b34] [com.apple.coreaudio:AQ]        AudioQueueObject.h:1269  AQFetch: Input ring buffer returning 0x400 frames, t: 0x52d9080 - 0x52d9480
2026-05-09 21:40:22.264 Db corespeechd[598:56b34] [com.apple.coreaudio:AQ]      AudioQueueObject.cpp:7354  EncoderInputProc: ->1024 fr, 4096 bytes @ t=86872192 fr
2026-05-09 21:40:22.264 Db corespeechd[598:56b34] [com.apple.coreaudio:AQ]      AudioQueueObject.cpp:7234  ConvertInput: <-0x200/0x200 packets, 0x800/0x800 bytes [buffer 1003]
2026-05-09 21:40:22.264 Db corespeechd[598:56b34] [com.apple.coreaudio:aqiotime]              AQIONode.cpp:122     ionode anchor 10383.848727, 86873108 st, 1.000000 rs
2026-05-09 21:40:22.264 Db corespeechd[598:56b34] [com.apple.coreaudio:AQ]      AudioQueueObject.cpp:7205  ConvertInput: bufid 1000 0x0/0x800 bytes, 0/512 packets, mNumPacketDescriptions=0
2026-05-09 21:40:22.264 Db corespeechd[598:56b34] [com.apple.coreaudio:AQ]      AudioQueueObject.cpp:7234  ConvertInput: <-0x200/0x200 packets, 0x800/0x800 bytes [buffer 1000]
2026-05-09 21:40:22.264 Db corespeechd[598:56b34] [com.apple.coreaudio:aqiotime]              AQIONode.cpp:122     ionode anchor 10383.848727, 86873108 st, 1.000000 rs
2026-05-09 21:40:22.264 Db corespeechd[598:56b34] [com.apple.coreaudio:AQ]      AudioQueueObject.cpp:7205  ConvertInput: bufid 1001 0x0/0x800 bytes, 0/512 packets, mNumPacketDescriptions=0
2026-05-09 21:40:22.264 Db corespeechd[598:5620e] [com.apple.coreaudio:AQ]      AudioQueueObject.cpp:5719  EnqueueBuffer: aq@0x710c4e800: bufid 1003, cmd 0x7104f8ee8, data 0x1083998f0: 0 bytes, 0 frames (trim 0/0), 0 packets, invalid ht, invalid st, outActualStartTime 0x0
2026-05-09 21:40:22.264 Db corespeechd[598:5620e] [com.apple.coreaudio:AQ]      AudioQueueObject.cpp:5719  EnqueueBuffer: aq@0x710c4e800: bufid 1000, cmd 0x7104f8fc8, data 0x108398030: 0 bytes, 0 frames (trim 0/0), 0 packets, invalid ht, invalid st, outActualStartTime 0x0
2026-05-09 21:40:22.264 Db corespeechd[598:56b34] [com.apple.coreaudio:AQ]      AudioQueueObject.cpp:7205  ConvertInput: bufid 1001 0x0/0x800 bytes, 0/512 packets, mNumPacketDescriptions=0
2026-05-09 21:40:22.295 Db corespeechd[598:56b34] [com.apple.coreaudio:AQ]      AudioQueueObject.cpp:7205  ConvertInput: bufid 1001 0x0/0x800 bytes, 0/512 packets, mNumPacketDescriptions=0
2026-05-09 21:40:22.306 Db corespeechd[598:56b34] [com.apple.coreaudio:AQ]      AudioQueueObject.cpp:7205  ConvertInput: bufid 1001 0x0/0x800 bytes, 0/512 packets, mNumPacketDescriptions=0
2026-05-09 21:40:22.317 Db corespeechd[598:56b34] [com.apple.coreaudio:AQ]      AudioQueueObject.cpp:7205  ConvertInput: bufid 1001 0x0/0x800 bytes, 0/512 packets, mNumPacketDescriptions=0
2026-05-09 21:40:22.327 Db corespeechd[598:56b34] [com.apple.coreaudio:AQ]      AudioQueueObject.cpp:7205  ConvertInput: bufid 1001 0x0/0x800 bytes, 0/512 packets, mNumPacketDescriptions=0
2026-05-09 21:40:22.327 Db corespeechd[598:56b34] [com.apple.coreaudio:AQ]        AudioQueueObject.h:1269  AQFetch: Input ring buffer returning 0x400 frames, t: 0x52d9480 - 0x52d9880
2026-05-09 21:40:22.327 Db corespeechd[598:56b34] [com.apple.coreaudio:AQ]      AudioQueueObject.cpp:7354  EncoderInputProc: ->1024 fr, 4096 bytes @ t=86873216 fr
2026-05-09 21:40:22.327 Db corespeechd[598:56b34] [com.apple.coreaudio:AQ]      AudioQueueObject.cpp:7234  ConvertInput: <-0x200/0x200 packets, 0x800/0x800 bytes [buffer 1001]
2026-05-09 21:40:22.327 Db corespeechd[598:56b34] [com.apple.coreaudio:aqiotime]              AQIONode.cpp:122     ionode anchor 10383.912727, 86874132 st, 1.000000 rs
2026-05-09 21:40:22.328 Db corespeechd[598:56b34] [com.apple.coreaudio:AQ]      AudioQueueObject.cpp:7205  ConvertInput: bufid 1002 0x0/0x800 bytes, 0/512 packets, mNumPacketDescriptions=0
2026-05-09 21:40:22.328 Db corespeechd[598:56b34] [com.apple.coreaudio:AQ]      AudioQueueObject.cpp:7234  ConvertInput: <-0x200/0x200 packets, 0x800/0x800 bytes [buffer 1002]
2026-05-09 21:40:22.328 Db corespeechd[598:56b34] [com.apple.coreaudio:aqiotime]              AQIONode.cpp:122     ionode anchor 10383.912727, 86874132 st, 1.000000 rs
2026-05-09 21:40:22.328 Db corespeechd[598:56b34] [com.apple.coreaudio:AQ]      AudioQueueObject.cpp:7205  ConvertInput: bufid 1003 0x0/0x800 bytes, 0/512 packets, mNumPacketDescriptions=0
2026-05-09 21:40:22.328 Db corespeechd[598:56183] [com.apple.coreaudio:AQ]      AudioQueueObject.cpp:5719  EnqueueBuffer: aq@0x710c4e800: bufid 1001, cmd 0x7104f8e78, data 0x108398870: 0 bytes, 0 frames (trim 0/0), 0 packets, invalid ht, invalid st, outActualStartTime 0x0
2026-05-09 21:40:22.328 Db corespeechd[598:56b34] [com.apple.coreaudio:AQ]      AudioQueueObject.cpp:7205  ConvertInput: bufid 1003 0x0/0x800 bytes, 0/512 packets, mNumPacketDescriptions=0
2026-05-09 21:40:22.328 Db corespeechd[598:56183] [com.apple.coreaudio:AQ]      AudioQueueObject.cpp:5719  EnqueueBuffer: aq@0x710c4e800: bufid 1002, cmd 0x7104f8f58, data 0x1083990b0: 0 bytes, 0 frames (trim 0/0), 0 packets, invalid ht, invalid st, outActualStartTime 0x0
2026-05-09 21:40:22.328 Db corespeechd[598:56b34] [com.apple.coreaudio:AQ]      AudioQueueObject.cpp:7205  ConvertInput: bufid 1003 0x0/0x800 bytes, 0/512 packets, mNumPacketDescriptions=0
2026-05-09 21:40:22.359 Db corespeechd[598:56b34] [com.apple.coreaudio:AQ]      AudioQueueObject.cpp:7205  ConvertInput: bufid 1003 0x0/0x800 bytes, 0/512 packets, mNumPacketDescriptions=0
2026-05-09 21:40:22.370 Db corespeechd[598:56b34] [com.apple.coreaudio:AQ]      AudioQueueObject.cpp:7205  ConvertInput: bufid 1003 0x0/0x800 bytes, 0/512 packets, mNumPacketDescriptions=0
2026-05-09 21:40:22.381 Db corespeechd[598:56b34] [com.apple.coreaudio:AQ]      AudioQueueObject.cpp:7205  ConvertInput: bufid 1003 0x0/0x800 bytes, 0/512 packets, mNumPacketDescriptions=0
2026-05-09 21:40:22.391 Db corespeechd[598:56b34] [com.apple.coreaudio:AQ]      AudioQueueObject.cpp:7205  ConvertInput: bufid 1003 0x0/0x800 bytes, 0/512 packets, mNumPacketDescriptions=0
2026-05-09 21:40:22.392 Db corespeechd[598:56b34] [com.apple.coreaudio:AQ]        AudioQueueObject.h:1269  AQFetch: Input ring buffer returning 0x400 frames, t: 0x52d9880 - 0x52d9c80
2026-05-09 21:40:22.392 Db corespeechd[598:56b34] [com.apple.coreaudio:AQ]      AudioQueueObject.cpp:7354  EncoderInputProc: ->1024 fr, 4096 bytes @ t=86874240 fr
2026-05-09 21:40:22.392 Db corespeechd[598:56b34] [com.apple.coreaudio:AQ]      AudioQueueObject.cpp:7234  ConvertInput: <-0x200/0x200 packets, 0x800/0x800 bytes [buffer 1003]
2026-05-09 21:40:22.392 Db corespeechd[598:56b34] [com.apple.coreaudio:aqiotime]              AQIONode.cpp:122     ionode anchor 10383.976727, 86875156 st, 1.000000 rs
2026-05-09 21:40:22.392 Db corespeechd[598:56b34] [com.apple.coreaudio:AQ]      AudioQueueObject.cpp:7205  ConvertInput: bufid 1000 0x0/0x800 bytes, 0/512 packets, mNumPacketDescriptions=0
2026-05-09 21:40:22.392 Db corespeechd[598:56b34] [com.apple.coreaudio:AQ]      AudioQueueObject.cpp:7234  ConvertInput: <-0x200/0x200 packets, 0x800/0x800 bytes [buffer 1000]
2026-05-09 21:40:22.392 Db corespeechd[598:5620e] [com.apple.coreaudio:AQ]      AudioQueueObject.cpp:5719  EnqueueBuffer: aq@0x710c4e800: bufid 1003, cmd 0x7104f8ee8, data 0x1083998f0: 0 bytes, 0 frames (trim 0/0), 0 packets, invalid ht, invalid st, outActualStartTime 0x0
2026-05-09 21:40:22.392 Db corespeechd[598:56b34] [com.apple.coreaudio:aqiotime]              AQIONode.cpp:122     ionode anchor 10383.976727, 86875156 st, 1.000000 rs
2026-05-09 21:40:22.392 Db corespeechd[598:56b34] [com.apple.coreaudio:AQ]      AudioQueueObject.cpp:7205  ConvertInput: bufid 1001 0x0/0x800 bytes, 0/512 packets, mNumPacketDescriptions=0
2026-05-09 21:40:22.392 Db corespeechd[598:5620e] [com.apple.coreaudio:AQ]      AudioQueueObject.cpp:5719  EnqueueBuffer: aq@0x710c4e800: bufid 1000, cmd 0x7104f8fc8, data 0x108398030: 0 bytes, 0 frames (trim 0/0), 0 packets, invalid ht, invalid st, outActualStartTime 0x0
2026-05-09 21:40:22.423 Db corespeechd[598:56b34] [com.apple.coreaudio:AQ]      AudioQueueObject.cpp:7205  ConvertInput: bufid 1001 0x0/0x800 bytes, 0/512 packets, mNumPacketDescriptions=0
2026-05-09 21:40:22.434 Db corespeechd[598:56b34] [com.apple.coreaudio:AQ]      AudioQueueObject.cpp:7205  ConvertInput: bufid 1001 0x0/0x800 bytes, 0/512 packets, mNumPacketDescriptions=0
2026-05-09 21:40:22.445 Db corespeechd[598:56b34] [com.apple.coreaudio:AQ]      AudioQueueObject.cpp:7205  ConvertInput: bufid 1001 0x0/0x800 bytes, 0/512 packets, mNumPacketDescriptions=0
2026-05-09 21:40:22.455 Db corespeechd[598:56b34] [com.apple.coreaudio:AQ]      AudioQueueObject.cpp:7205  ConvertInput: bufid 1001 0x0/0x800 bytes, 0/512 packets, mNumPacketDescriptions=0
2026-05-09 21:40:22.455 Db corespeechd[598:56b34] [com.apple.coreaudio:AQ]        AudioQueueObject.h:1269  AQFetch: Input ring buffer returning 0x400 frames, t: 0x52d9c80 - 0x52da080
2026-05-09 21:40:22.455 Db corespeechd[598:56b34] [com.apple.coreaudio:AQ]      AudioQueueObject.cpp:7354  EncoderInputProc: ->1024 fr, 4096 bytes @ t=86875264 fr
2026-05-09 21:40:22.455 Db corespeechd[598:56b34] [com.apple.coreaudio:AQ]      AudioQueueObject.cpp:7234  ConvertInput: <-0x200/0x200 packets, 0x800/0x800 bytes [buffer 1001]
2026-05-09 21:40:22.455 Db corespeechd[598:56b34] [com.apple.coreaudio:aqiotime]              AQIONode.cpp:122     ionode anchor 10384.040727, 86876180 st, 1.000000 rs
2026-05-09 21:40:22.456 Db corespeechd[598:56b34] [com.apple.coreaudio:AQ]      AudioQueueObject.cpp:7205  ConvertInput: bufid 1002 0x0/0x800 bytes, 0/512 packets, mNumPacketDescriptions=0
2026-05-09 21:40:22.456 Db corespeechd[598:56b34] [com.apple.coreaudio:AQ]      AudioQueueObject.cpp:7234  ConvertInput: <-0x200/0x200 packets, 0x800/0x800 bytes [buffer 1002]
2026-05-09 21:40:22.456 Db corespeechd[598:56b34] [com.apple.coreaudio:aqiotime]              AQIONode.cpp:122     ionode anchor 10384.040727, 86876180 st, 1.000000 rs
2026-05-09 21:40:22.456 Db corespeechd[598:56b34] [com.apple.coreaudio:AQ]      AudioQueueObject.cpp:7205  ConvertInput: bufid 1003 0x0/0x800 bytes, 0/512 packets, mNumPacketDescriptions=0
2026-05-09 21:40:22.456 Db corespeechd[598:55fc4] [com.apple.coreaudio:AQ]      AudioQueueObject.cpp:5719  EnqueueBuffer: aq@0x710c4e800: bufid 1001, cmd 0x7104f8f58, data 0x108398870: 0 bytes, 0 frames (trim 0/0), 0 packets, invalid ht, invalid st, outActualStartTime 0x0
2026-05-09 21:40:22.456 Db corespeechd[598:56b34] [com.apple.coreaudio:AQ]      AudioQueueObject.cpp:7205  ConvertInput: bufid 1003 0x0/0x800 bytes, 0/512 packets, mNumPacketDescriptions=0
2026-05-09 21:40:22.456 Db corespeechd[598:55fc4] [com.apple.coreaudio:AQ]      AudioQueueObject.cpp:5719  EnqueueBuffer: aq@0x710c4e800: bufid 1002, cmd 0x7104f8e78, data 0x1083990b0: 0 bytes, 0 frames (trim 0/0), 0 packets, invalid ht, invalid st, outActualStartTime 0x0
2026-05-09 21:40:22.456 Db corespeechd[598:56b34] [com.apple.coreaudio:AQ]      AudioQueueObject.cpp:7205  ConvertInput: bufid 1003 0x0/0x800 bytes, 0/512 packets, mNumPacketDescriptions=0
2026-05-09 21:40:22.487 Db corespeechd[598:56b34] [com.apple.coreaudio:AQ]      AudioQueueObject.cpp:7205  ConvertInput: bufid 1003 0x0/0x800 bytes, 0/512 packets, mNumPacketDescriptions=0
2026-05-09 21:40:22.498 Db corespeechd[598:56b34] [com.apple.coreaudio:AQ]      AudioQueueObject.cpp:7205  ConvertInput: bufid 1003 0x0/0x800 bytes, 0/512 packets, mNumPacketDescriptions=0
2026-05-09 21:40:22.509 Db corespeechd[598:56b34] [com.apple.coreaudio:AQ]      AudioQueueObject.cpp:7205  ConvertInput: bufid 1003 0x0/0x800 bytes, 0/512 packets, mNumPacketDescriptions=0
2026-05-09 21:40:22.519 Db corespeechd[598:56b34] [com.apple.coreaudio:AQ]      AudioQueueObject.cpp:7205  ConvertInput: bufid 1003 0x0/0x800 bytes, 0/512 packets, mNumPacketDescriptions=0
2026-05-09 21:40:22.519 Db corespeechd[598:56b34] [com.apple.coreaudio:AQ]        AudioQueueObject.h:1269  AQFetch: Input ring buffer returning 0x400 frames, t: 0x52da080 - 0x52da480
2026-05-09 21:40:22.519 Db corespeechd[598:56b34] [com.apple.coreaudio:AQ]      AudioQueueObject.cpp:7354  EncoderInputProc: ->1024 fr, 4096 bytes @ t=86876288 fr
2026-05-09 21:40:22.520 Db corespeechd[598:56b34] [com.apple.coreaudio:AQ]      AudioQueueObject.cpp:7234  ConvertInput: <-0x200/0x200 packets, 0x800/0x800 bytes [buffer 1003]
2026-05-09 21:40:22.520 Db corespeechd[598:56b34] [com.apple.coreaudio:aqiotime]              AQIONode.cpp:122     ionode anchor 10384.104727, 86877204 st, 1.000000 rs
2026-05-09 21:40:22.520 Db corespeechd[598:56b34] [com.apple.coreaudio:AQ]      AudioQueueObject.cpp:7205  ConvertInput: bufid 1000 0x0/0x800 bytes, 0/512 packets, mNumPacketDescriptions=0
2026-05-09 21:40:22.520 Db corespeechd[598:56b34] [com.apple.coreaudio:AQ]      AudioQueueObject.cpp:7234  ConvertInput: <-0x200/0x200 packets, 0x800/0x800 bytes [buffer 1000]
2026-05-09 21:40:22.520 Db corespeechd[598:56b34] [com.apple.coreaudio:aqiotime]              AQIONode.cpp:122     ionode anchor 10384.104727, 86877204 st, 1.000000 rs
2026-05-09 21:40:22.520 Db corespeechd[598:56b34] [com.apple.coreaudio:AQ]      AudioQueueObject.cpp:7205  ConvertInput: bufid 1001 0x0/0x800 bytes, 0/512 packets, mNumPacketDescriptions=0
2026-05-09 21:40:22.520 Db corespeechd[598:55fc4] [com.apple.coreaudio:AQ]      AudioQueueObject.cpp:5719  EnqueueBuffer: aq@0x710c4e800: bufid 1003, cmd 0x7104f8ee8, data 0x1083998f0: 0 bytes, 0 frames (trim 0/0), 0 packets, invalid ht, invalid st, outActualStartTime 0x0
2026-05-09 21:40:22.520 Db corespeechd[598:56b34] [com.apple.coreaudio:AQ]      AudioQueueObject.cpp:7205  ConvertInput: bufid 1001 0x0/0x800 bytes, 0/512 packets, mNumPacketDescriptions=0
2026-05-09 21:40:22.520 Db corespeechd[598:55fc4] [com.apple.coreaudio:AQ]      AudioQueueObject.cpp:5719  EnqueueBuffer: aq@0x710c4e800: bufid 1000, cmd 0x7104f8fc8, data 0x108398030: 0 bytes, 0 frames (trim 0/0), 0 packets, invalid ht, invalid st, outActualStartTime 0x0
2026-05-09 21:40:22.520 Db corespeechd[598:56b34] [com.apple.coreaudio:AQ]      AudioQueueObject.cpp:7205  ConvertInput: bufid 1001 0x0/0x800 bytes, 0/512 packets, mNumPacketDescriptions=0
2026-05-09 21:40:22.551 Db corespeechd[598:56b34] [com.apple.coreaudio:AQ]      AudioQueueObject.cpp:7205  ConvertInput: bufid 1001 0x0/0x800 bytes, 0/512 packets, mNumPacketDescriptions=0
2026-05-09 21:40:22.562 Db corespeechd[598:56b34] [com.apple.coreaudio:AQ]      AudioQueueObject.cpp:7205  ConvertInput: bufid 1001 0x0/0x800 bytes, 0/512 packets, mNumPacketDescriptions=0
2026-05-09 21:40:22.573 Db corespeechd[598:56b34] [com.apple.coreaudio:AQ]      AudioQueueObject.cpp:7205  ConvertInput: bufid 1001 0x0/0x800 bytes, 0/512 packets, mNumPacketDescriptions=0
2026-05-09 21:40:22.583 Db corespeechd[598:56b34] [com.apple.coreaudio:AQ]      AudioQueueObject.cpp:7205  ConvertInput: bufid 1001 0x0/0x800 bytes, 0/512 packets, mNumPacketDescriptions=0
2026-05-09 21:40:22.584 Db corespeechd[598:56b34] [com.apple.coreaudio:AQ]        AudioQueueObject.h:1269  AQFetch: Input ring buffer returning 0x400 frames, t: 0x52da480 - 0x52da880
2026-05-09 21:40:22.584 Db corespeechd[598:56b34] [com.apple.coreaudio:AQ]      AudioQueueObject.cpp:7354  EncoderInputProc: ->1024 fr, 4096 bytes @ t=86877312 fr
2026-05-09 21:40:22.584 Db corespeechd[598:56b34] [com.apple.coreaudio:AQ]      AudioQueueObject.cpp:7234  ConvertInput: <-0x200/0x200 packets, 0x800/0x800 bytes [buffer 1001]
2026-05-09 21:40:22.584 Db corespeechd[598:56b34] [com.apple.coreaudio:aqiotime]              AQIONode.cpp:122     ionode anchor 10384.168727, 86878228 st, 1.000000 rs
2026-05-09 21:40:22.584 Db corespeechd[598:56b34] [com.apple.coreaudio:AQ]      AudioQueueObject.cpp:7205  ConvertInput: bufid 1002 0x0/0x800 bytes, 0/512 packets, mNumPacketDescriptions=0
2026-05-09 21:40:22.584 Db corespeechd[598:56b34] [com.apple.coreaudio:AQ]      AudioQueueObject.cpp:7234  ConvertInput: <-0x200/0x200 packets, 0x800/0x800 bytes [buffer 1002]
2026-05-09 21:40:22.584 Db corespeechd[598:56b34] [com.apple.coreaudio:aqiotime]              AQIONode.cpp:122     ionode anchor 10384.168727, 86878228 st, 1.000000 rs
