2026-05-09 21:40:19.763 Db coreaudiod[5493:56b33] [com.apple.defaults:User Defaults] found no value for key converterkTracesPermitted in CFPrefsSearchListSource<0x61211e800> (Domain: com.apple.coreaudio, Container: (null))
2026-05-09 21:40:19.763 Db coreaudiod[5493:56b33] [com.apple.defaults:User Defaults] found no value for key converterkTracesPermitted in CFPrefsSearchListSource<0x61211e800> (Domain: com.apple.coreaudio, Container: (null))
2026-05-09 21:40:19.763 Db coreaudiod[5493:56b33] [com.apple.defaults:User Defaults] found no value for key converterkTracesPermitted in CFPrefsSearchListSource<0x61211e800> (Domain: com.apple.coreaudio, Container: (null))
2026-05-09 21:40:19.763 Df coreaudiod[5493:56b33] [com.apple.coreaudio:AudioConverter]        AudioConverter.cpp:1007  Created a new in process converter -> 0x613cdac10, from  2 ch,  48000 Hz, Float32, interleaved to  2 ch,  48000 Hz, Float32, interleaved
2026-05-09 21:40:19.763 Db coreaudiod[5493:56b33] [com.apple.defaults:User Defaults] found no value for key converterkTracesPermitted in CFPrefsSearchListSource<0x61211e800> (Domain: com.apple.coreaudio, Container: (null))
2026-05-09 21:40:19.763 Db coreaudiod[5493:56b33] [com.apple.defaults:User Defaults] found no value for key converterkTracesPermitted in CFPrefsSearchListSource<0x61211e800> (Domain: com.apple.coreaudio, Container: (null))
2026-05-09 21:40:19.763 Db coreaudiod[5493:56b33] [com.apple.defaults:User Defaults] found no value for key converterkTracesPermitted in CFPrefsSearchListSource<0x61211e800> (Domain: com.apple.coreaudio, Container: (null))
2026-05-09 21:40:19.763 Df coreaudiod[5493:56b33] [com.apple.coreaudio:AudioConverter]        AudioConverter.cpp:1007  Created a new in process converter -> 0x613cdad90, from  4 ch,  48000 Hz, Float32, interleaved to  4 ch,  48000 Hz, Float32, interleaved
2026-05-09 21:40:19.765 Db coreaudiod[5493:56b06] [com.apple.audioanalytics:carc] Sending message. { reporterID=23592255356958, category=HAL_IO, type=start }
2026-05-09 21:40:19.766 Df coreaudiod[5493:7be5] [com.apple.coreaudio:AMCP] 336403               HALS_IOEngine2.cpp:2617  		HALS_IOEngine2::_StartIO(94) succeeded on Context 185  new state: Prewarm: 0 Play: 1 State: Running
2026-05-09 21:40:19.768 Db audioanalyticsd[61133:56b2b] [com.apple.audioanalytics:cars] sendMessage() called. { reporterID=<private>, category=HAL_IO, type=Start }
2026-05-09 21:40:19.768 Db audioanalyticsd[61133:56b2b] [com.apple.audioanalytics:cars] sendMessage { reporterID=23592255356958 }
2026-05-09 21:40:19.768 Db audioanalyticsd[61133:56b2b] [com.apple.audioanalytics:carr] Processing message. { reporterID=23592255356958, singleServerSession=false }
2026-05-09 21:40:19.769 Db audioanalyticsd[61133:56b2b] [com.apple.audioanalytics:carr] HAL_IO__Start message received. { context=<private> }
2026-05-09 21:40:19.769 Db audioanalyticsd[61133:56b2b] [com.apple.audioanalytics:carr] Expected keys absent from HAL_IO__Start message. Exiting early.
2026-05-09 21:40:19.769 Db audioanalyticsd[61133:56b2b] [com.apple.audioanalytics:carr] Processing message. { reporterID=23592255356958, singleServerSession=false }
2026-05-09 21:40:19.775 Db corespeechd[598:55fc4] [com.apple.coreaudio:AQ]      AudioQueueObject.cpp:5719  EnqueueBuffer: aq@0x710c4e800: bufid 1000, cmd 0x7104f8e78, data 0x108398030: 0 bytes, 0 frames (trim 0/0), 0 packets, invalid ht, invalid st, outActualStartTime 0x0
2026-05-09 21:40:19.775 Db corespeechd[598:55fc4] [com.apple.coreaudio:AQ]      AudioQueueObject.cpp:5719  EnqueueBuffer: aq@0x710c4e800: bufid 1001, cmd 0x7104f8ee8, data 0x108398870: 0 bytes, 0 frames (trim 0/0), 0 packets, invalid ht, invalid st, outActualStartTime 0x0
2026-05-09 21:40:19.775 Db corespeechd[598:55fc4] [com.apple.coreaudio:AQ]      AudioQueueObject.cpp:5719  EnqueueBuffer: aq@0x710c4e800: bufid 1002, cmd 0x7104f8f58, data 0x1083990b0: 0 bytes, 0 frames (trim 0/0), 0 packets, invalid ht, invalid st, outActualStartTime 0x0
2026-05-09 21:40:19.775 Db corespeechd[598:55fc4] [com.apple.coreaudio:AQ]      AudioQueueObject.cpp:5719  EnqueueBuffer: aq@0x710c4e800: bufid 1003, cmd 0x7104f8fc8, data 0x1083998f0: 0 bytes, 0 frames (trim 0/0), 0 packets, invalid ht, invalid st, outActualStartTime 0x0
2026-05-09 21:40:19.775 Db corespeechd[598:55fc4] [com.apple.coreaudio:AQClient]         AQ_API_V2Impl.cpp:402   AudioQueueStartWithFlags: ->0x256001 time: 10379.385740, invalid st (now: 10381.392256)
2026-05-09 21:40:19.775 Db corespeechd[598:55fc4] [com.apple.coreaudio:AQ]        AudioQueueObject.h:2547  AcquirePlayResources: aq@0x710c4e800
2026-05-09 21:40:19.775 Db corespeechd[598:55fc4] [com.apple.coreaudio:AQ]        AudioQueueObject.h:2500  SetDecodeSizesToDefault: aq@0x710c4e800: conn 0x710634018 RunsOnAP 1
2026-05-09 21:40:19.775 Db corespeechd[598:55fc4] [com.apple.coreaudio:AQ]        AudioQueueObject.h:2518  SetDecodeSizesToDefault: aq@0x710c4e800: decode buffer sizes: 24000 frames, low-water 20800, max-decode 3200
2026-05-09 21:40:19.775 Db corespeechd[598:55fc4] [com.apple.coreaudio:AQ]      AudioQueueObject.cpp:3228  _Start: aq@0x710c4e800: [1] start host time is 249105257760; -2.007s from now
2026-05-09 21:40:19.775 Db corespeechd[598:56b34] [com.apple.coreaudio:AQ]      AudioQueueObject.cpp:9414  Run: starting
2026-05-09 21:40:19.775 Db corespeechd[598:55fc4] [com.apple.coreaudio:AQ]      AudioQueueObject.cpp:3281  _Start: aq@0x710c4e800: Starting
2026-05-09 21:40:19.775 Db corespeechd[598:56b34] [com.apple.coreaudio:AQ]      AudioQueueObject.cpp:7205  ConvertInput: bufid 1000 0x0/0x800 bytes, 0/512 packets, mNumPacketDescriptions=0
2026-05-09 21:40:19.775 Db corespeechd[598:55fc4] [com.apple.coreaudio:AQ]        AudioQueueObject.h:2614  StartRunning: aq@0x710c4e800
2026-05-09 21:40:19.775 Db corespeechd[598:55fc4] [com.apple.coreaudio:aqme]           AQMixEngine.cpp:1017  ->AQMEDevice(0x710638058)::AddRunningClient <AudioQueueObject@0x710c4e800; [598]; rec> count 0
2026-05-09 21:40:19.775 Df corespeechd[598:55fc4] [com.apple.coreaudio:aqme]  MEDeviceStreamClient.cpp:227   AQME Device-AudioTap-0987A4BB-4CEE-41A8-8BE5-DA7DC994CD1F: client starting: <AudioQueueObject@0x710c4e800; [598]; rec>; running count now 1
2026-05-09 21:40:19.775 Df corespeechd[598:55fc4] [com.apple.coreaudio:aqme]            AQMEIO_HAL.cpp:2543  aqmeio@0x710fd5e18: set input stream usage to 1 on device 245, err = 0
2026-05-09 21:40:19.776 Df corespeechd[598:55fc4] [com.apple.coreaudio:aqme]            AQMEIO_HAL.cpp:2738  FetchAndLogFrameSize starting IO deviceID=245, frame size is 512
2026-05-09 21:40:19.776 Db corespeechd[598:55fc4] [com.apple.coreaudio:aqme]            AQMEIO_HAL.cpp:2520  aqmeio@0x710fd5e18: no change in input stream usage on device 245, usage = 1
2026-05-09 21:40:19.776 Db coreaudiod[5493:56b0a] [com.apple.coreaudio:AMCP] 206679   HALS_IOContext_Legacy_Impl.cpp:5974  HALS_IOContext_Legacy_Impl::Start_ActivateDSP [hal_dsp] >>>> (Context ID: 541) - HOSTED DSP IS NOT ENABLED <<<<
2026-05-09 21:40:19.776 Df coreaudiod[5493:56b36] (CoreAudio) HALS_IOContext_Legacy_Impl.cpp:1707   HALS_IOContext_Legacy_Impl::IOWorkLoopInit: 541 6B9111FC-DFE1-45F7-B6FB-FD5DC61D1F7B (AudioTap-0987A4BB-4CEE-41A8-8BE5-DA7DC994CD1F): starting
2026-05-09 21:40:19.776 Db coreaudiod[5493:56b36] [com.apple.audioanalytics:carc] Created new reporting session. { reporterID=23592255356959 }
2026-05-09 21:40:19.776 Db coreaudiod[5493:56b36] [com.apple.audioanalytics:carc] Set serviceType. { reporterID=23592255356959, serviceType=audioDeviceUsage }
2026-05-09 21:40:19.776 Df coreaudiod[5493:56b06] (CoreAudio)   HALB_PowerAssertion.cpp:115    HALB_PowerAssertion::Take: taking power assertion ID 36506 of type 'PreventUserIdleSystemSleep' with name: 'com.apple.audio.AudioTap-0987A4BB-4CEE-41A8-8BE5-DA7DC994CD1F.context.preventuseridlesleep' on behalf of 598
2026-05-09 21:40:19.776 Db coreaudiod[5493:56b36] [com.apple.audioanalytics:carc] Set configuration. { reporterID=23592255356959, configuration=<private> }
2026-05-09 21:40:19.776 Db coreaudiod[5493:56b36] [com.apple.audioanalytics:carc] Starting reporter. { reporterID=23592255356959 }
2026-05-09 21:40:19.777 Db corespeechd[598:56b35] [com.apple.coreaudio:aqme]            AQMEIO_HAL.cpp:3559  aqmeio@0x710fd5e18 IsRunning 1
2026-05-09 21:40:19.777 Df corespeechd[598:55fc4] [com.apple.coreaudio:as_client]   AVAudioSession_MacOS.mm:2783  --> setPlayState Started  Input {AudioTap-0987A4BB-4CEE-41A8-8BE5-DA7DC994CD1F, 0xa}
2026-05-09 21:40:19.777 I  corespeechd[598:55fc4] [com.apple.coreaudio:as_client]   AVAudioSession_MacOS.mm:2803  Devices are same: =0. Previous: {(
)}. Current: {(
    "AudioTap-0987A4BB-4CEE-41A8-8BE5-DA7DC994CD1F"
)}
2026-05-09 21:40:19.777 Db coreaudiod[5493:5698b] [com.apple.audioanalytics:carc] Sending message. { reporterID=23592255356959, category=HAL_IO, type=start }
2026-05-09 21:40:19.778 Db corespeechd[598:13fc] [com.apple.coreaudio:AMCP]    259           HALRBSAssertionGlue.mm:102   Acquired the AudioHAL RBSAssertion for pid: 598
2026-05-09 21:40:19.778 Df audiomxd[2438:561b7] [com.apple.coreaudio:as_server] AVAudioSessionXPCServer.mm:2667  { "action":"update_running_state", "session":{"ID":"0x986007","name":"corespeechd(598)"}, "details":{"deviceUIDs":[],"implicit_category":"Record","input_running":true,"output_running":false} }
2026-05-09 21:40:19.778 I  audiomxd[2438:56b29] [com.apple.coreaudio:as_server] AudioSessionServerImpNotificationHandlers.mm:686   HandleMXNotification, session ID = 0x986007, name = CMSessionIsActiveDidChange, payload = {
    CMSessionIsActive = 1;
}
2026-05-09 21:40:19.778 Df corespeechd[598:55fc4] [com.apple.coreaudio:as_client]   AVAudioSession_MacOS.mm:1227  Sent updated IOState to server: [1, 0]. BT device UIDS: {(
)}
2026-05-09 21:40:19.778 Db coreaudiod[5493:7be5] [com.apple.coreaudio:AMCP] 278791   HALS_IOContext_Legacy_Impl.cpp:1964  Completed HALS_IOContext_Legacy_Impl::IOWorkLoopInit - 0
2026-05-09 21:40:19.778 Df corespeechd[598:55fc4] [com.apple.coreaudio:as_client]   AVAudioSession_MacOS.mm:2819  <-- setPlayState Server update was required.
2026-05-09 21:40:19.778 Df corespeechd[598:55fc4] [com.apple.coreaudio:aqme]            AQMEIO_HAL.cpp:2706  aqmeio@0x710fd5e18, device 245 (AudioTap-0987A4BB-4CEE-41A8-8BE5-DA7DC994CD1F), AudioDeviceStart (err 0)
2026-05-09 21:40:19.779 Db audioanalyticsd[61133:55df9] [com.apple.audioanalytics:cars] createSession() called. { reporterID=23592255356959 }
2026-05-09 21:40:19.779 Db audioanalyticsd[61133:55df9] [com.apple.audioanalytics:carr] Created reporting session. { reporterID=23592255356959 }
2026-05-09 21:40:19.779 Db audioanalyticsd[61133:55df9] [com.apple.audioanalytics:cars] Created session. { reporterID=23592255356959, pid=5493, processName=<private> }
2026-05-09 21:40:19.779 Db audioanalyticsd[61133:55df9] [com.apple.audioanalytics:cars] Active reporting sessions. { clientProcessName=<private>, sessionCount=2, activeSessions=<private> }
2026-05-09 21:40:19.779 Db audioanalyticsd[61133:55df9] [com.apple.audioanalytics:cars] setConfiguration() called. { reporterID=23592255356959 }
2026-05-09 21:40:19.779 Db audioanalyticsd[61133:55df9] [com.apple.audioanalytics:cars] Setting configuration { configuration=<private>, reporterID=23592255356959 }
2026-05-09 21:40:19.779 Db audioanalyticsd[61133:55df9] [com.apple.audioanalytics:cars] setServiceType() called. { reporterID=23592255356959 }
2026-05-09 21:40:19.779 Db audioanalyticsd[61133:55df9] [com.apple.audioanalytics:carr] serviceType set. { serviceType=<private>, reporterID=23592255356959 }
2026-05-09 21:40:19.779 Db audioanalyticsd[61133:55df9] [com.apple.audioanalytics:cars] Received serviceType for reporterID. { serviceType=audioDeviceUsage, reporterID=23592255356959 }
2026-05-09 21:40:19.779 Db audioanalyticsd[61133:55df9] [com.apple.audioanalytics:cars] startSession() called. { reporterID=23592255356959 }
2026-05-09 21:40:19.779 Db audioanalyticsd[61133:55df9] [com.apple.audioanalytics:carr] startOnQueue() called. { reporterID=23592255356959 }
2026-05-09 21:40:19.779 Db audioanalyticsd[61133:55df9] [com.apple.audioanalytics:carr] Started worker. { worker=<private>, reporterID=23592255356959 }
2026-05-09 21:40:19.779 Df audioanalyticsd[61133:55df9] [com.apple.audioanalytics:cats] Synced TailspinStatus. { isEnabled=false, isReady=false }
2026-05-09 21:40:19.779 Db audioanalyticsd[61133:55df9] [com.apple.audioanalytics:cats] Skipping TailspinWorker initialization: Tailspin not enabled. { isTailspinReady=false }
2026-05-09 21:40:19.779 Db audioanalyticsd[61133:55df9] [com.apple.audioanalytics:carr] Unable to initialize worker. Disabled for session lifetime. { worker=<private>, reporterID=23592255356959 }
2026-05-09 21:40:19.779 Db audioanalyticsd[61133:55df9] [com.apple.audioanalytics:carr] Unable to initialize worker. Disabled for session lifetime. { worker=<private>, reporterID=23592255356959 }
2026-05-09 21:40:19.779 Db audioanalyticsd[61133:55df9] [com.apple.audioanalytics:carr] Started worker. { worker=<private>, reporterID=23592255356959 }
2026-05-09 21:40:19.780 Db audioanalyticsd[61133:55df9] [com.apple.audioanalytics:carr] Started worker. { worker=<private>, reporterID=23592255356959 }
2026-05-09 21:40:19.780 Db audioanalyticsd[61133:55df9] [com.apple.audioanalytics:carr] Adding decorator worker. { worker=<private>, reporterID=23592255356959 }
2026-05-09 21:40:19.780 Db audioanalyticsd[61133:55df9] [com.apple.audioanalytics:carr] Started worker. { worker=summaryDecorator, reporterID=23592255356959 }
2026-05-09 21:40:19.780 Db audioanalyticsd[61133:55df9] [com.apple.audioanalytics:carr] Started worker. { worker=<private>, reporterID=23592255356959 }
2026-05-09 21:40:19.780 Db audioanalyticsd[61133:55df9] [com.apple.audioanalytics:carr] Started worker. { worker=<private>, reporterID=23592255356959 }
2026-05-09 21:40:19.780 Db audioanalyticsd[61133:55df9] [com.apple.audioanalytics:carr] Started worker. { worker=<private>, reporterID=23592255356959 }
2026-05-09 21:40:19.780 Db audioanalyticsd[61133:55df9] [com.apple.audioanalytics:carr] Started worker. { worker=<private>, reporterID=23592255356959 }
2026-05-09 21:40:19.780 Db audioanalyticsd[61133:55df9] [com.apple.audioanalytics:carr] Started worker. { worker=inferenceSummary, reporterID=23592255356959 }
2026-05-09 21:40:19.780 Db audioanalyticsd[61133:55df9] [com.apple.audioanalytics:carr] Processing message. { reporterID=23592255356959, singleServerSession=false }
2026-05-09 21:40:19.780 Db audioanalyticsd[61133:55df9] [com.apple.audioanalytics:carr] HAL_IO__Start message received. { context=<private> }
2026-05-09 21:40:19.780 Db audioanalyticsd[61133:55df9] [com.apple.audioanalytics:carr] Expected keys absent from HAL_IO__Start message. Exiting early.
2026-05-09 21:40:19.780 Db audioanalyticsd[61133:55df9] [com.apple.audioanalytics:carr] Expected keys absent from HAL_IO__Start message. Exiting early.
2026-05-09 21:40:19.780 Db audioanalyticsd[61133:55df9] [com.apple.audioanalytics:artc] RTC started { reporterID=23592255356959 }
2026-05-09 21:40:19.781 Db audioanalyticsd[61133:55df9] [com.apple.audioanalytics:cars] sendMessage() called. { reporterID=<private>, category=HAL_IO, type=Start }
2026-05-09 21:40:19.781 Db audioanalyticsd[61133:55df9] [com.apple.audioanalytics:cars] sendMessage { reporterID=23592255356959 }
2026-05-09 21:40:19.781 Df Spotify[681:56b0c] [com.apple.coreaudio:as_client]   AVAudioSession_MacOS.mm:2783  --> setPlayState Started  Output {BuiltInSpeakerDevice, 0x15}
2026-05-09 21:40:19.781 Db audioanalyticsd[61133:55df9] [com.apple.audioanalytics:carr] Processing message. { reporterID=23592255356959, singleServerSession=false }
2026-05-09 21:40:19.781 Df coreaudiod[5493:56b33] [com.apple.audio.ASDT:Base] Speaker: Thread context 185 start with use case 0, count: 1
2026-05-09 21:40:19.781 I  Spotify[681:56b0c] [com.apple.coreaudio:as_client]   AVAudioSession_MacOS.mm:2803  Devices are same: =0. Previous: {(
)}. Current: {(
    BuiltInSpeakerDevice
)}
2026-05-09 21:40:19.781 Db coreaudiod[5493:7be5] [com.apple.coreaudio:AMCP] 336403   HALS_IOContext_Legacy_Impl.cpp:1964  Completed HALS_IOContext_Legacy_Impl::IOWorkLoopInit - 0
2026-05-09 21:40:19.782 Db audioanalyticsd[61133:55df9] [com.apple.audioanalytics:carr] HAL_IO__Start message received. { context=<private> }
2026-05-09 21:40:19.782 Db audioanalyticsd[61133:55df9] [com.apple.audioanalytics:carr] Expected keys absent from HAL_IO__Start message. Exiting early.
2026-05-09 21:40:19.782 Db audioanalyticsd[61133:55df9] [com.apple.audioanalytics:carr] Expected keys absent from HAL_IO__Start message. Exiting early.
2026-05-09 21:40:19.783 Df audiomxd[2438:56a1c] [com.apple.coreaudio:as_server] AVAudioSessionXPCServer.mm:2667  { "action":"update_running_state", "session":{"ID":"0x986001","name":"Spotify(681)"}, "details":{"deviceUIDs":[],"implicit_category":"MediaPlayback","input_running":false,"output_running":true} }
2026-05-09 21:40:19.783 I  audiomxd[2438:56b37] [com.apple.coreaudio:as_server] AudioSessionServerImpNotificationHandlers.mm:686   HandleMXNotification, session ID = 0x986001, name = CMSessionIsActiveDidChange, payload = {
    CMSessionIsActive = 1;
}
2026-05-09 21:40:19.783 Df Spotify[681:56b0c] [com.apple.coreaudio:as_client]   AVAudioSession_MacOS.mm:1227  Sent updated IOState to server: [0, 1]. BT device UIDS: {(
)}
2026-05-09 21:40:19.783 Df Spotify[681:56b0c] [com.apple.coreaudio:as_client]   AVAudioSession_MacOS.mm:2819  <-- setPlayState Server update was required.
2026-05-09 21:40:19.783 Df Spotify[681:56b0c] [com.apple.coreaudio:AUHAL]                 AUHAL.cpp:881   SelectDevice: (0x1140315e540) removing 6 device listeners from device 127
2026-05-09 21:40:19.784 Df Spotify[681:56b0c] [com.apple.coreaudio:AUHAL]                 AUHAL.cpp:881   SelectDevice: (0x1140315e540) removing 0 device delegate listeners from device 127
2026-05-09 21:40:19.784 Df Spotify[681:56b0c] [com.apple.coreaudio:AUHAL]                 AUHAL.cpp:897   SelectDevice: <- (0x1140315e540)
2026-05-09 21:40:19.784 Df Spotify[681:56b0c] [com.apple.coreaudio:AUHAL]                 AUHAL.cpp:967   HALListener: <-(0x1140315e540)
2026-05-09 21:40:19.789 Db corespeechd[598:56b35] [com.apple.coreaudio:aqiotime]      AudioQueueObject.cpp:7386  CheckIOTime 0x710c4e800: mAnchorIOSampleTime=86833514
2026-05-09 21:40:19.789 Db corespeechd[598:55fc4] [com.apple.coreaudio:aqme]                AQMEIO.cpp:224   Audio device started by mix engine
2026-05-09 21:40:19.789 Db corespeechd[598:55fc4] [com.apple.coreaudio:AQClient]         AQ_API_V2Impl.cpp:414   AudioQueueStartWithFlags: <-(err=0, 0.014176 s)
2026-05-09 21:40:19.810 Db corespeechd[598:56b34] [com.apple.coreaudio:AQ]      AudioQueueObject.cpp:7205  ConvertInput: bufid 1000 0x0/0x800 bytes, 0/512 packets, mNumPacketDescriptions=0
2026-05-09 21:40:19.821 Db corespeechd[598:56b34] [com.apple.coreaudio:AQ]      AudioQueueObject.cpp:7205  ConvertInput: bufid 1000 0x0/0x800 bytes, 0/512 packets, mNumPacketDescriptions=0
2026-05-09 21:40:19.831 Db corespeechd[598:56b34] [com.apple.coreaudio:AQ]      AudioQueueObject.cpp:7205  ConvertInput: bufid 1000 0x0/0x800 bytes, 0/512 packets, mNumPacketDescriptions=0
2026-05-09 21:40:19.842 Db corespeechd[598:56b34] [com.apple.coreaudio:AQ]      AudioQueueObject.cpp:7205  ConvertInput: bufid 1000 0x0/0x800 bytes, 0/512 packets, mNumPacketDescriptions=0
2026-05-09 21:40:19.842 Db corespeechd[598:56b34] [com.apple.coreaudio:AQ]        AudioQueueObject.h:1269  AQFetch: Input ring buffer returning 0x400 frames, t: 0x52cf96a - 0x52cfd6a
2026-05-09 21:40:19.842 Db corespeechd[598:56b34] [com.apple.coreaudio:AQ]      AudioQueueObject.cpp:7354  EncoderInputProc: ->1024 fr, 4096 bytes @ t=86833514 fr
2026-05-09 21:40:19.842 Db corespeechd[598:56b34] [com.apple.coreaudio:AQ]      AudioQueueObject.cpp:7234  ConvertInput: <-0x200/0x200 packets, 0x800/0x800 bytes [buffer 1000]
2026-05-09 21:40:19.842 Db corespeechd[598:56b34] [com.apple.coreaudio:aqiotime]              AQIONode.cpp:122     ionode anchor 10381.427394, 86834367 st, 1.000000 rs
2026-05-09 21:40:19.842 Db corespeechd[598:56b34] [com.apple.coreaudio:AQ]      AudioQueueObject.cpp:7205  ConvertInput: bufid 1001 0x0/0x800 bytes, 0/512 packets, mNumPacketDescriptions=0
2026-05-09 21:40:19.842 Db corespeechd[598:56b34] [com.apple.coreaudio:AQ]      AudioQueueObject.cpp:7234  ConvertInput: <-0x200/0x200 packets, 0x800/0x800 bytes [buffer 1001]
2026-05-09 21:40:19.842 Db corespeechd[598:56b34] [com.apple.coreaudio:aqiotime]              AQIONode.cpp:122     ionode anchor 10381.427394, 86834367 st, 1.000000 rs
2026-05-09 21:40:19.842 Db corespeechd[598:5618a] [com.apple.coreaudio:AQ]      AudioQueueObject.cpp:5719  EnqueueBuffer: aq@0x710c4e800: bufid 1000, cmd 0x7104f8e78, data 0x108398030: 0 bytes, 0 frames (trim 0/0), 0 packets, invalid ht, invalid st, outActualStartTime 0x0
2026-05-09 21:40:19.843 Db corespeechd[598:56b34] [com.apple.coreaudio:AQ]      AudioQueueObject.cpp:7205  ConvertInput: bufid 1002 0x0/0x800 bytes, 0/512 packets, mNumPacketDescriptions=0
2026-05-09 21:40:19.843 Db corespeechd[598:5618a] [com.apple.coreaudio:AQ]      AudioQueueObject.cpp:5719  EnqueueBuffer: aq@0x710c4e800: bufid 1001, cmd 0x7104f8ee8, data 0x108398870: 0 bytes, 0 frames (trim 0/0), 0 packets, invalid ht, invalid st, outActualStartTime 0x0
2026-05-09 21:40:19.843 Db corespeechd[598:56b34] [com.apple.coreaudio:AQ]      AudioQueueObject.cpp:7205  ConvertInput: bufid 1002 0x0/0x800 bytes, 0/512 packets, mNumPacketDescriptions=0
2026-05-09 21:40:19.874 Db corespeechd[598:56b34] [com.apple.coreaudio:AQ]      AudioQueueObject.cpp:7205  ConvertInput: bufid 1002 0x0/0x800 bytes, 0/512 packets, mNumPacketDescriptions=0
2026-05-09 21:40:19.885 Db corespeechd[598:56b34] [com.apple.coreaudio:AQ]      AudioQueueObject.cpp:7205  ConvertInput: bufid 1002 0x0/0x800 bytes, 0/512 packets, mNumPacketDescriptions=0
2026-05-09 21:40:19.895 Db corespeechd[598:56b34] [com.apple.coreaudio:AQ]      AudioQueueObject.cpp:7205  ConvertInput: bufid 1002 0x0/0x800 bytes, 0/512 packets, mNumPacketDescriptions=0
2026-05-09 21:40:19.906 Db corespeechd[598:56b34] [com.apple.coreaudio:AQ]      AudioQueueObject.cpp:7205  ConvertInput: bufid 1002 0x0/0x800 bytes, 0/512 packets, mNumPacketDescriptions=0
2026-05-09 21:40:19.907 Db corespeechd[598:56b34] [com.apple.coreaudio:AQ]        AudioQueueObject.h:1269  AQFetch: Input ring buffer returning 0x400 frames, t: 0x52cfd6a - 0x52d016a
2026-05-09 21:40:19.908 Db corespeechd[598:56b34] [com.apple.coreaudio:AQ]      AudioQueueObject.cpp:7354  EncoderInputProc: ->1024 fr, 4096 bytes @ t=86834538 fr
2026-05-09 21:40:19.908 Db corespeechd[598:56b34] [com.apple.coreaudio:AQ]      AudioQueueObject.cpp:7234  ConvertInput: <-0x200/0x200 packets, 0x800/0x800 bytes [buffer 1002]
2026-05-09 21:40:19.909 Db corespeechd[598:56b34] [com.apple.coreaudio:aqiotime]              AQIONode.cpp:122     ionode anchor 10381.491394, 86835391 st, 1.000000 rs
2026-05-09 21:40:19.909 Db corespeechd[598:56b34] [com.apple.coreaudio:AQ]      AudioQueueObject.cpp:7205  ConvertInput: bufid 1003 0x0/0x800 bytes, 0/512 packets, mNumPacketDescriptions=0
2026-05-09 21:40:19.909 Db corespeechd[598:5620e] [com.apple.coreaudio:AQ]      AudioQueueObject.cpp:5719  EnqueueBuffer: aq@0x710c4e800: bufid 1002, cmd 0x7104f8f58, data 0x1083990b0: 0 bytes, 0 frames (trim 0/0), 0 packets, invalid ht, invalid st, outActualStartTime 0x0
2026-05-09 21:40:19.909 Db corespeechd[598:56b34] [com.apple.coreaudio:AQ]      AudioQueueObject.cpp:7234  ConvertInput: <-0x200/0x200 packets, 0x800/0x800 bytes [buffer 1003]
2026-05-09 21:40:19.909 Db corespeechd[598:56b34] [com.apple.coreaudio:aqiotime]              AQIONode.cpp:122     ionode anchor 10381.491394, 86835391 st, 1.000000 rs
2026-05-09 21:40:19.910 Db corespeechd[598:56b34] [com.apple.coreaudio:AQ]      AudioQueueObject.cpp:7205  ConvertInput: bufid 1000 0x0/0x800 bytes, 0/512 packets, mNumPacketDescriptions=0
2026-05-09 21:40:19.911 Db corespeechd[598:5618a] [com.apple.coreaudio:AQ]      AudioQueueObject.cpp:5719  EnqueueBuffer: aq@0x710c4e800: bufid 1003, cmd 0x7104f8fc8, data 0x1083998f0: 0 bytes, 0 frames (trim 0/0), 0 packets, invalid ht, invalid st, outActualStartTime 0x0
2026-05-09 21:40:19.938 Db corespeechd[598:56b34] [com.apple.coreaudio:AQ]      AudioQueueObject.cpp:7205  ConvertInput: bufid 1000 0x0/0x800 bytes, 0/512 packets, mNumPacketDescriptions=0
2026-05-09 21:40:19.949 Db corespeechd[598:56b34] [com.apple.coreaudio:AQ]      AudioQueueObject.cpp:7205  ConvertInput: bufid 1000 0x0/0x800 bytes, 0/512 packets, mNumPacketDescriptions=0
2026-05-09 21:40:19.959 Db corespeechd[598:56b34] [com.apple.coreaudio:AQ]      AudioQueueObject.cpp:7205  ConvertInput: bufid 1000 0x0/0x800 bytes, 0/512 packets, mNumPacketDescriptions=0
2026-05-09 21:40:19.970 Db corespeechd[598:56b34] [com.apple.coreaudio:AQ]      AudioQueueObject.cpp:7205  ConvertInput: bufid 1000 0x0/0x800 bytes, 0/512 packets, mNumPacketDescriptions=0
2026-05-09 21:40:19.970 Db corespeechd[598:56b34] [com.apple.coreaudio:AQ]        AudioQueueObject.h:1269  AQFetch: Input ring buffer returning 0x400 frames, t: 0x52d016a - 0x52d056a
2026-05-09 21:40:19.970 Db corespeechd[598:56b34] [com.apple.coreaudio:AQ]      AudioQueueObject.cpp:7354  EncoderInputProc: ->1024 fr, 4096 bytes @ t=86835562 fr
2026-05-09 21:40:19.970 Db corespeechd[598:56b34] [com.apple.coreaudio:AQ]      AudioQueueObject.cpp:7234  ConvertInput: <-0x200/0x200 packets, 0x800/0x800 bytes [buffer 1000]
2026-05-09 21:40:19.970 Db corespeechd[598:56b34] [com.apple.coreaudio:aqiotime]              AQIONode.cpp:122     ionode anchor 10381.555394, 86836415 st, 1.000000 rs
2026-05-09 21:40:19.970 Db corespeechd[598:56b34] [com.apple.coreaudio:AQ]      AudioQueueObject.cpp:7205  ConvertInput: bufid 1001 0x0/0x800 bytes, 0/512 packets, mNumPacketDescriptions=0
2026-05-09 21:40:19.970 Db corespeechd[598:56b34] [com.apple.coreaudio:AQ]      AudioQueueObject.cpp:7234  ConvertInput: <-0x200/0x200 packets, 0x800/0x800 bytes [buffer 1001]
2026-05-09 21:40:19.970 Db corespeechd[598:56b34] [com.apple.coreaudio:aqiotime]              AQIONode.cpp:122     ionode anchor 10381.555394, 86836415 st, 1.000000 rs
2026-05-09 21:40:19.970 Db corespeechd[598:55fc4] [com.apple.coreaudio:AQ]      AudioQueueObject.cpp:5719  EnqueueBuffer: aq@0x710c4e800: bufid 1000, cmd 0x7104f8e78, data 0x108398030: 0 bytes, 0 frames (trim 0/0), 0 packets, invalid ht, invalid st, outActualStartTime 0x0
2026-05-09 21:40:19.970 Db corespeechd[598:56b34] [com.apple.coreaudio:AQ]      AudioQueueObject.cpp:7205  ConvertInput: bufid 1002 0x0/0x800 bytes, 0/512 packets, mNumPacketDescriptions=0
2026-05-09 21:40:19.970 Db corespeechd[598:55fc4] [com.apple.coreaudio:AQ]      AudioQueueObject.cpp:5719  EnqueueBuffer: aq@0x710c4e800: bufid 1001, cmd 0x7104f8ee8, data 0x108398870: 0 bytes, 0 frames (trim 0/0), 0 packets, invalid ht, invalid st, outActualStartTime 0x0
2026-05-09 21:40:19.971 Db corespeechd[598:56b34] [com.apple.coreaudio:AQ]      AudioQueueObject.cpp:7205  ConvertInput: bufid 1002 0x0/0x800 bytes, 0/512 packets, mNumPacketDescriptions=0
2026-05-09 21:40:20.002 Db corespeechd[598:56b34] [com.apple.coreaudio:AQ]      AudioQueueObject.cpp:7205  ConvertInput: bufid 1002 0x0/0x800 bytes, 0/512 packets, mNumPacketDescriptions=0
2026-05-09 21:40:20.013 Db corespeechd[598:56b34] [com.apple.coreaudio:AQ]      AudioQueueObject.cpp:7205  ConvertInput: bufid 1002 0x0/0x800 bytes, 0/512 packets, mNumPacketDescriptions=0
2026-05-09 21:40:20.023 Db corespeechd[598:56b34] [com.apple.coreaudio:AQ]      AudioQueueObject.cpp:7205  ConvertInput: bufid 1002 0x0/0x800 bytes, 0/512 packets, mNumPacketDescriptions=0
2026-05-09 21:40:20.034 Db corespeechd[598:56b34] [com.apple.coreaudio:AQ]      AudioQueueObject.cpp:7205  ConvertInput: bufid 1002 0x0/0x800 bytes, 0/512 packets, mNumPacketDescriptions=0
2026-05-09 21:40:20.034 Db corespeechd[598:56b34] [com.apple.coreaudio:AQ]        AudioQueueObject.h:1269  AQFetch: Input ring buffer returning 0x400 frames, t: 0x52d056a - 0x52d096a
2026-05-09 21:40:20.034 Db corespeechd[598:56b34] [com.apple.coreaudio:AQ]      AudioQueueObject.cpp:7354  EncoderInputProc: ->1024 fr, 4096 bytes @ t=86836586 fr
2026-05-09 21:40:20.034 Db corespeechd[598:56b34] [com.apple.coreaudio:AQ]      AudioQueueObject.cpp:7234  ConvertInput: <-0x200/0x200 packets, 0x800/0x800 bytes [buffer 1002]
2026-05-09 21:40:20.034 Db corespeechd[598:56b34] [com.apple.coreaudio:aqiotime]              AQIONode.cpp:122     ionode anchor 10381.619394, 86837439 st, 1.000000 rs
2026-05-09 21:40:20.034 Db corespeechd[598:56b34] [com.apple.coreaudio:AQ]      AudioQueueObject.cpp:7205  ConvertInput: bufid 1003 0x0/0x800 bytes, 0/512 packets, mNumPacketDescriptions=0
2026-05-09 21:40:20.034 Db corespeechd[598:56b34] [com.apple.coreaudio:AQ]      AudioQueueObject.cpp:7234  ConvertInput: <-0x200/0x200 packets, 0x800/0x800 bytes [buffer 1003]
2026-05-09 21:40:20.034 Db corespeechd[598:56b34] [com.apple.coreaudio:aqiotime]              AQIONode.cpp:122     ionode anchor 10381.619394, 86837439 st, 1.000000 rs
2026-05-09 21:40:20.034 Db corespeechd[598:5620e] [com.apple.coreaudio:AQ]      AudioQueueObject.cpp:5719  EnqueueBuffer: aq@0x710c4e800: bufid 1002, cmd 0x7104f8f58, data 0x1083990b0: 0 bytes, 0 frames (trim 0/0), 0 packets, invalid ht, invalid st, outActualStartTime 0x0
2026-05-09 21:40:20.035 Db corespeechd[598:56b34] [com.apple.coreaudio:AQ]      AudioQueueObject.cpp:7205  ConvertInput: bufid 1000 0x0/0x800 bytes, 0/512 packets, mNumPacketDescriptions=0
2026-05-09 21:40:20.035 Db corespeechd[598:5620e] [com.apple.coreaudio:AQ]      AudioQueueObject.cpp:5719  EnqueueBuffer: aq@0x710c4e800: bufid 1003, cmd 0x7104f8fc8, data 0x1083998f0: 0 bytes, 0 frames (trim 0/0), 0 packets, invalid ht, invalid st, outActualStartTime 0x0
2026-05-09 21:40:20.035 Db corespeechd[598:56b34] [com.apple.coreaudio:AQ]      AudioQueueObject.cpp:7205  ConvertInput: bufid 1000 0x0/0x800 bytes, 0/512 packets, mNumPacketDescriptions=0
2026-05-09 21:40:20.066 Db corespeechd[598:56b34] [com.apple.coreaudio:AQ]      AudioQueueObject.cpp:7205  ConvertInput: bufid 1000 0x0/0x800 bytes, 0/512 packets, mNumPacketDescriptions=0
2026-05-09 21:40:20.077 Db corespeechd[598:56b34] [com.apple.coreaudio:AQ]      AudioQueueObject.cpp:7205  ConvertInput: bufid 1000 0x0/0x800 bytes, 0/512 packets, mNumPacketDescriptions=0
2026-05-09 21:40:20.087 Db corespeechd[598:56b34] [com.apple.coreaudio:AQ]      AudioQueueObject.cpp:7205  ConvertInput: bufid 1000 0x0/0x800 bytes, 0/512 packets, mNumPacketDescriptions=0
2026-05-09 21:40:20.098 Db corespeechd[598:56b34] [com.apple.coreaudio:AQ]      AudioQueueObject.cpp:7205  ConvertInput: bufid 1000 0x0/0x800 bytes, 0/512 packets, mNumPacketDescriptions=0
2026-05-09 21:40:20.098 Db corespeechd[598:56b34] [com.apple.coreaudio:AQ]        AudioQueueObject.h:1269  AQFetch: Input ring buffer returning 0x400 frames, t: 0x52d096a - 0x52d0d6a
2026-05-09 21:40:20.098 Db corespeechd[598:56b34] [com.apple.coreaudio:AQ]      AudioQueueObject.cpp:7354  EncoderInputProc: ->1024 fr, 4096 bytes @ t=86837610 fr
2026-05-09 21:40:20.098 Db corespeechd[598:56b34] [com.apple.coreaudio:AQ]      AudioQueueObject.cpp:7234  ConvertInput: <-0x200/0x200 packets, 0x800/0x800 bytes [buffer 1000]
2026-05-09 21:40:20.098 Db corespeechd[598:56b34] [com.apple.coreaudio:aqiotime]              AQIONode.cpp:122     ionode anchor 10381.683394, 86838463 st, 1.000000 rs
2026-05-09 21:40:20.098 Db corespeechd[598:56b34] [com.apple.coreaudio:AQ]      AudioQueueObject.cpp:7205  ConvertInput: bufid 1001 0x0/0x800 bytes, 0/512 packets, mNumPacketDescriptions=0
2026-05-09 21:40:20.098 Db corespeechd[598:56b34] [com.apple.coreaudio:AQ]      AudioQueueObject.cpp:7234  ConvertInput: <-0x200/0x200 packets, 0x800/0x800 bytes [buffer 1001]
2026-05-09 21:40:20.098 Db corespeechd[598:56b34] [com.apple.coreaudio:aqiotime]              AQIONode.cpp:122     ionode anchor 10381.683394, 86838463 st, 1.000000 rs
2026-05-09 21:40:20.098 Db corespeechd[598:5620e] [com.apple.coreaudio:AQ]      AudioQueueObject.cpp:5719  EnqueueBuffer: aq@0x710c4e800: bufid 1000, cmd 0x7104f8e78, data 0x108398030: 0 bytes, 0 frames (trim 0/0), 0 packets, invalid ht, invalid st, outActualStartTime 0x0
2026-05-09 21:40:20.098 Db corespeechd[598:56b34] [com.apple.coreaudio:AQ]      AudioQueueObject.cpp:7205  ConvertInput: bufid 1002 0x0/0x800 bytes, 0/512 packets, mNumPacketDescriptions=0
2026-05-09 21:40:20.098 Db corespeechd[598:5620e] [com.apple.coreaudio:AQ]      AudioQueueObject.cpp:5719  EnqueueBuffer: aq@0x710c4e800: bufid 1001, cmd 0x7104f8ee8, data 0x108398870: 0 bytes, 0 frames (trim 0/0), 0 packets, invalid ht, invalid st, outActualStartTime 0x0
2026-05-09 21:40:20.098 Db corespeechd[598:56b34] [com.apple.coreaudio:AQ]      AudioQueueObject.cpp:7205  ConvertInput: bufid 1002 0x0/0x800 bytes, 0/512 packets, mNumPacketDescriptions=0
2026-05-09 21:40:20.130 Db corespeechd[598:56b34] [com.apple.coreaudio:AQ]      AudioQueueObject.cpp:7205  ConvertInput: bufid 1002 0x0/0x800 bytes, 0/512 packets, mNumPacketDescriptions=0
2026-05-09 21:40:20.141 Db corespeechd[598:56b34] [com.apple.coreaudio:AQ]      AudioQueueObject.cpp:7205  ConvertInput: bufid 1002 0x0/0x800 bytes, 0/512 packets, mNumPacketDescriptions=0
2026-05-09 21:40:20.151 Db corespeechd[598:56b34] [com.apple.coreaudio:AQ]      AudioQueueObject.cpp:7205  ConvertInput: bufid 1002 0x0/0x800 bytes, 0/512 packets, mNumPacketDescriptions=0
2026-05-09 21:40:20.162 Db corespeechd[598:56b34] [com.apple.coreaudio:AQ]      AudioQueueObject.cpp:7205  ConvertInput: bufid 1002 0x0/0x800 bytes, 0/512 packets, mNumPacketDescriptions=0
2026-05-09 21:40:20.162 Db corespeechd[598:56b34] [com.apple.coreaudio:AQ]        AudioQueueObject.h:1269  AQFetch: Input ring buffer returning 0x400 frames, t: 0x52d0d6a - 0x52d116a
2026-05-09 21:40:20.162 Db corespeechd[598:56b34] [com.apple.coreaudio:AQ]      AudioQueueObject.cpp:7354  EncoderInputProc: ->1024 fr, 4096 bytes @ t=86838634 fr
2026-05-09 21:40:20.162 Db corespeechd[598:56b34] [com.apple.coreaudio:AQ]      AudioQueueObject.cpp:7234  ConvertInput: <-0x200/0x200 packets, 0x800/0x800 bytes [buffer 1002]
2026-05-09 21:40:20.162 Db corespeechd[598:56b34] [com.apple.coreaudio:aqiotime]              AQIONode.cpp:122     ionode anchor 10381.747394, 86839487 st, 1.000000 rs
2026-05-09 21:40:20.162 Db corespeechd[598:56b34] [com.apple.coreaudio:AQ]      AudioQueueObject.cpp:7205  ConvertInput: bufid 1003 0x0/0x800 bytes, 0/512 packets, mNumPacketDescriptions=0
2026-05-09 21:40:20.162 Db corespeechd[598:56b34] [com.apple.coreaudio:AQ]      AudioQueueObject.cpp:7234  ConvertInput: <-0x200/0x200 packets, 0x800/0x800 bytes [buffer 1003]
2026-05-09 21:40:20.162 Db corespeechd[598:56b34] [com.apple.coreaudio:aqiotime]              AQIONode.cpp:122     ionode anchor 10381.747394, 86839487 st, 1.000000 rs
2026-05-09 21:40:20.162 Db corespeechd[598:5620e] [com.apple.coreaudio:AQ]      AudioQueueObject.cpp:5719  EnqueueBuffer: aq@0x710c4e800: bufid 1002, cmd 0x7104f8f58, data 0x1083990b0: 0 bytes, 0 frames (trim 0/0), 0 packets, invalid ht, invalid st, outActualStartTime 0x0
2026-05-09 21:40:20.162 Db corespeechd[598:56b34] [com.apple.coreaudio:AQ]      AudioQueueObject.cpp:7205  ConvertInput: bufid 1000 0x0/0x800 bytes, 0/512 packets, mNumPacketDescriptions=0
2026-05-09 21:40:20.162 Db corespeechd[598:5620e] [com.apple.coreaudio:AQ]      AudioQueueObject.cpp:5719  EnqueueBuffer: aq@0x710c4e800: bufid 1003, cmd 0x7104f8fc8, data 0x1083998f0: 0 bytes, 0 frames (trim 0/0), 0 packets, invalid ht, invalid st, outActualStartTime 0x0
2026-05-09 21:40:20.163 Db corespeechd[598:56b34] [com.apple.coreaudio:AQ]      AudioQueueObject.cpp:7205  ConvertInput: bufid 1000 0x0/0x800 bytes, 0/512 packets, mNumPacketDescriptions=0
2026-05-09 21:40:20.194 Db corespeechd[598:56b34] [com.apple.coreaudio:AQ]      AudioQueueObject.cpp:7205  ConvertInput: bufid 1000 0x0/0x800 bytes, 0/512 packets, mNumPacketDescriptions=0
2026-05-09 21:40:20.205 Db corespeechd[598:56b34] [com.apple.coreaudio:AQ]      AudioQueueObject.cpp:7205  ConvertInput: bufid 1000 0x0/0x800 bytes, 0/512 packets, mNumPacketDescriptions=0
2026-05-09 21:40:20.215 Db corespeechd[598:56b34] [com.apple.coreaudio:AQ]      AudioQueueObject.cpp:7205  ConvertInput: bufid 1000 0x0/0x800 bytes, 0/512 packets, mNumPacketDescriptions=0
2026-05-09 21:40:20.226 Db corespeechd[598:56b34] [com.apple.coreaudio:AQ]      AudioQueueObject.cpp:7205  ConvertInput: bufid 1000 0x0/0x800 bytes, 0/512 packets, mNumPacketDescriptions=0
2026-05-09 21:40:20.226 Db corespeechd[598:56b34] [com.apple.coreaudio:AQ]        AudioQueueObject.h:1269  AQFetch: Input ring buffer returning 0x400 frames, t: 0x52d116a - 0x52d156a
2026-05-09 21:40:20.226 Db corespeechd[598:56b34] [com.apple.coreaudio:AQ]      AudioQueueObject.cpp:7354  EncoderInputProc: ->1024 fr, 4096 bytes @ t=86839658 fr
2026-05-09 21:40:20.226 Db corespeechd[598:56b34] [com.apple.coreaudio:AQ]      AudioQueueObject.cpp:7234  ConvertInput: <-0x200/0x200 packets, 0x800/0x800 bytes [buffer 1000]
2026-05-09 21:40:20.226 Db corespeechd[598:56b34] [com.apple.coreaudio:aqiotime]              AQIONode.cpp:122     ionode anchor 10381.811394, 86840511 st, 1.000000 rs
2026-05-09 21:40:20.226 Db corespeechd[598:56b34] [com.apple.coreaudio:AQ]      AudioQueueObject.cpp:7205  ConvertInput: bufid 1001 0x0/0x800 bytes, 0/512 packets, mNumPacketDescriptions=0
2026-05-09 21:40:20.226 Db corespeechd[598:56b34] [com.apple.coreaudio:AQ]      AudioQueueObject.cpp:7234  ConvertInput: <-0x200/0x200 packets, 0x800/0x800 bytes [buffer 1001]
2026-05-09 21:40:20.226 Db corespeechd[598:56b34] [com.apple.coreaudio:aqiotime]              AQIONode.cpp:122     ionode anchor 10381.811394, 86840511 st, 1.000000 rs
2026-05-09 21:40:20.226 Db corespeechd[598:56b34] [com.apple.coreaudio:AQ]      AudioQueueObject.cpp:7205  ConvertInput: bufid 1002 0x0/0x800 bytes, 0/512 packets, mNumPacketDescriptions=0
2026-05-09 21:40:20.226 Db corespeechd[598:5620e] [com.apple.coreaudio:AQ]      AudioQueueObject.cpp:5719  EnqueueBuffer: aq@0x710c4e800: bufid 1000, cmd 0x7104f8e78, data 0x108398030: 0 bytes, 0 frames (trim 0/0), 0 packets, invalid ht, invalid st, outActualStartTime 0x0
2026-05-09 21:40:20.226 Db corespeechd[598:56b34] [com.apple.coreaudio:AQ]      AudioQueueObject.cpp:7205  ConvertInput: bufid 1002 0x0/0x800 bytes, 0/512 packets, mNumPacketDescriptions=0
2026-05-09 21:40:20.226 Db corespeechd[598:5620e] [com.apple.coreaudio:AQ]      AudioQueueObject.cpp:5719  EnqueueBuffer: aq@0x710c4e800: bufid 1001, cmd 0x7104f8ee8, data 0x108398870: 0 bytes, 0 frames (trim 0/0), 0 packets, invalid ht, invalid st, outActualStartTime 0x0
2026-05-09 21:40:20.227 Db corespeechd[598:56b34] [com.apple.coreaudio:AQ]      AudioQueueObject.cpp:7205  ConvertInput: bufid 1002 0x0/0x800 bytes, 0/512 packets, mNumPacketDescriptions=0
2026-05-09 21:40:20.258 Db corespeechd[598:56b34] [com.apple.coreaudio:AQ]      AudioQueueObject.cpp:7205  ConvertInput: bufid 1002 0x0/0x800 bytes, 0/512 packets, mNumPacketDescriptions=0
2026-05-09 21:40:20.269 Db corespeechd[598:56b34] [com.apple.coreaudio:AQ]      AudioQueueObject.cpp:7205  ConvertInput: bufid 1002 0x0/0x800 bytes, 0/512 packets, mNumPacketDescriptions=0
2026-05-09 21:40:20.279 Db corespeechd[598:56b34] [com.apple.coreaudio:AQ]      AudioQueueObject.cpp:7205  ConvertInput: bufid 1002 0x0/0x800 bytes, 0/512 packets, mNumPacketDescriptions=0
2026-05-09 21:40:20.290 Db corespeechd[598:56b34] [com.apple.coreaudio:AQ]      AudioQueueObject.cpp:7205  ConvertInput: bufid 1002 0x0/0x800 bytes, 0/512 packets, mNumPacketDescriptions=0
2026-05-09 21:40:20.290 Db corespeechd[598:56b34] [com.apple.coreaudio:AQ]        AudioQueueObject.h:1269  AQFetch: Input ring buffer returning 0x400 frames, t: 0x52d156a - 0x52d196a
2026-05-09 21:40:20.290 Db corespeechd[598:56b34] [com.apple.coreaudio:AQ]      AudioQueueObject.cpp:7354  EncoderInputProc: ->1024 fr, 4096 bytes @ t=86840682 fr
2026-05-09 21:40:20.290 Db corespeechd[598:56b34] [com.apple.coreaudio:AQ]      AudioQueueObject.cpp:7234  ConvertInput: <-0x200/0x200 packets, 0x800/0x800 bytes [buffer 1002]
2026-05-09 21:40:20.290 Db corespeechd[598:56b34] [com.apple.coreaudio:aqiotime]              AQIONode.cpp:122     ionode anchor 10381.875394, 86841535 st, 1.000000 rs
2026-05-09 21:40:20.290 Db corespeechd[598:56b34] [com.apple.coreaudio:AQ]      AudioQueueObject.cpp:7205  ConvertInput: bufid 1003 0x0/0x800 bytes, 0/512 packets, mNumPacketDescriptions=0
2026-05-09 21:40:20.290 Db corespeechd[598:56b34] [com.apple.coreaudio:AQ]      AudioQueueObject.cpp:7234  ConvertInput: <-0x200/0x200 packets, 0x800/0x800 bytes [buffer 1003]
2026-05-09 21:40:20.290 Db corespeechd[598:56b34] [com.apple.coreaudio:aqiotime]              AQIONode.cpp:122     ionode anchor 10381.875394, 86841535 st, 1.000000 rs
2026-05-09 21:40:20.290 Db corespeechd[598:5620e] [com.apple.coreaudio:AQ]      AudioQueueObject.cpp:5719  EnqueueBuffer: aq@0x710c4e800: bufid 1002, cmd 0x7104f8f58, data 0x1083990b0: 0 bytes, 0 frames (trim 0/0), 0 packets, invalid ht, invalid st, outActualStartTime 0x0
2026-05-09 21:40:20.290 Db corespeechd[598:56b34] [com.apple.coreaudio:AQ]      AudioQueueObject.cpp:7205  ConvertInput: bufid 1000 0x0/0x800 bytes, 0/512 packets, mNumPacketDescriptions=0
2026-05-09 21:40:20.291 Db corespeechd[598:5620e] [com.apple.coreaudio:AQ]      AudioQueueObject.cpp:5719  EnqueueBuffer: aq@0x710c4e800: bufid 1003, cmd 0x7104f8fc8, data 0x1083998f0: 0 bytes, 0 frames (trim 0/0), 0 packets, invalid ht, invalid st, outActualStartTime 0x0
2026-05-09 21:40:20.291 Db corespeechd[598:56b34] [com.apple.coreaudio:AQ]      AudioQueueObject.cpp:7205  ConvertInput: bufid 1000 0x0/0x800 bytes, 0/512 packets, mNumPacketDescriptions=0
2026-05-09 21:40:20.322 Db corespeechd[598:56b34] [com.apple.coreaudio:AQ]      AudioQueueObject.cpp:7205  ConvertInput: bufid 1000 0x0/0x800 bytes, 0/512 packets, mNumPacketDescriptions=0
2026-05-09 21:40:20.333 Db corespeechd[598:56b34] [com.apple.coreaudio:AQ]      AudioQueueObject.cpp:7205  ConvertInput: bufid 1000 0x0/0x800 bytes, 0/512 packets, mNumPacketDescriptions=0
2026-05-09 21:40:20.343 Db corespeechd[598:56b34] [com.apple.coreaudio:AQ]      AudioQueueObject.cpp:7205  ConvertInput: bufid 1000 0x0/0x800 bytes, 0/512 packets, mNumPacketDescriptions=0
2026-05-09 21:40:20.354 Db corespeechd[598:56b34] [com.apple.coreaudio:AQ]      AudioQueueObject.cpp:7205  ConvertInput: bufid 1000 0x0/0x800 bytes, 0/512 packets, mNumPacketDescriptions=0
2026-05-09 21:40:20.354 Db corespeechd[598:56b34] [com.apple.coreaudio:AQ]        AudioQueueObject.h:1269  AQFetch: Input ring buffer returning 0x400 frames, t: 0x52d196a - 0x52d1d6a
2026-05-09 21:40:20.354 Db corespeechd[598:56b34] [com.apple.coreaudio:AQ]      AudioQueueObject.cpp:7354  EncoderInputProc: ->1024 fr, 4096 bytes @ t=86841706 fr
2026-05-09 21:40:20.354 Db corespeechd[598:56b34] [com.apple.coreaudio:AQ]      AudioQueueObject.cpp:7234  ConvertInput: <-0x200/0x200 packets, 0x800/0x800 bytes [buffer 1000]
2026-05-09 21:40:20.354 Db corespeechd[598:56b34] [com.apple.coreaudio:aqiotime]              AQIONode.cpp:122     ionode anchor 10381.939394, 86842559 st, 1.000000 rs
2026-05-09 21:40:20.354 Db corespeechd[598:56b34] [com.apple.coreaudio:AQ]      AudioQueueObject.cpp:7205  ConvertInput: bufid 1001 0x0/0x800 bytes, 0/512 packets, mNumPacketDescriptions=0
2026-05-09 21:40:20.354 Db corespeechd[598:56b34] [com.apple.coreaudio:AQ]      AudioQueueObject.cpp:7234  ConvertInput: <-0x200/0x200 packets, 0x800/0x800 bytes [buffer 1001]
2026-05-09 21:40:20.354 Db corespeechd[598:56b34] [com.apple.coreaudio:aqiotime]              AQIONode.cpp:122     ionode anchor 10381.939394, 86842559 st, 1.000000 rs
2026-05-09 21:40:20.354 Db corespeechd[598:56b34] [com.apple.coreaudio:AQ]      AudioQueueObject.cpp:7205  ConvertInput: bufid 1002 0x0/0x800 bytes, 0/512 packets, mNumPacketDescriptions=0
2026-05-09 21:40:20.354 Db corespeechd[598:5618a] [com.apple.coreaudio:AQ]      AudioQueueObject.cpp:5719  EnqueueBuffer: aq@0x710c4e800: bufid 1000, cmd 0x7104f8ee8, data 0x108398030: 0 bytes, 0 frames (trim 0/0), 0 packets, invalid ht, invalid st, outActualStartTime 0x0
2026-05-09 21:40:20.354 Db corespeechd[598:56b34] [com.apple.coreaudio:AQ]      AudioQueueObject.cpp:7205  ConvertInput: bufid 1002 0x0/0x800 bytes, 0/512 packets, mNumPacketDescriptions=0
2026-05-09 21:40:20.354 Db corespeechd[598:5618a] [com.apple.coreaudio:AQ]      AudioQueueObject.cpp:5719  EnqueueBuffer: aq@0x710c4e800: bufid 1001, cmd 0x7104f8e78, data 0x108398870: 0 bytes, 0 frames (trim 0/0), 0 packets, invalid ht, invalid st, outActualStartTime 0x0
2026-05-09 21:40:20.354 Db corespeechd[598:56b34] [com.apple.coreaudio:AQ]      AudioQueueObject.cpp:7205  ConvertInput: bufid 1002 0x0/0x800 bytes, 0/512 packets, mNumPacketDescriptions=0
2026-05-09 21:40:20.386 Db corespeechd[598:56b34] [com.apple.coreaudio:AQ]      AudioQueueObject.cpp:7205  ConvertInput: bufid 1002 0x0/0x800 bytes, 0/512 packets, mNumPacketDescriptions=0
2026-05-09 21:40:20.397 Db corespeechd[598:56b34] [com.apple.coreaudio:AQ]      AudioQueueObject.cpp:7205  ConvertInput: bufid 1002 0x0/0x800 bytes, 0/512 packets, mNumPacketDescriptions=0
2026-05-09 21:40:20.407 Db corespeechd[598:56b34] [com.apple.coreaudio:AQ]      AudioQueueObject.cpp:7205  ConvertInput: bufid 1002 0x0/0x800 bytes, 0/512 packets, mNumPacketDescriptions=0
2026-05-09 21:40:20.418 Db corespeechd[598:56b34] [com.apple.coreaudio:AQ]      AudioQueueObject.cpp:7205  ConvertInput: bufid 1002 0x0/0x800 bytes, 0/512 packets, mNumPacketDescriptions=0
2026-05-09 21:40:20.418 Db corespeechd[598:56b34] [com.apple.coreaudio:AQ]        AudioQueueObject.h:1269  AQFetch: Input ring buffer returning 0x400 frames, t: 0x52d1d6a - 0x52d216a
2026-05-09 21:40:20.418 Db corespeechd[598:56b34] [com.apple.coreaudio:AQ]      AudioQueueObject.cpp:7354  EncoderInputProc: ->1024 fr, 4096 bytes @ t=86842730 fr
2026-05-09 21:40:20.418 Db corespeechd[598:56b34] [com.apple.coreaudio:AQ]      AudioQueueObject.cpp:7234  ConvertInput: <-0x200/0x200 packets, 0x800/0x800 bytes [buffer 1002]
2026-05-09 21:40:20.418 Db corespeechd[598:56b34] [com.apple.coreaudio:aqiotime]              AQIONode.cpp:122     ionode anchor 10382.003394, 86843583 st, 1.000000 rs
2026-05-09 21:40:20.418 Db corespeechd[598:56b34] [com.apple.coreaudio:AQ]      AudioQueueObject.cpp:7205  ConvertInput: bufid 1003 0x0/0x800 bytes, 0/512 packets, mNumPacketDescriptions=0
2026-05-09 21:40:20.418 Db corespeechd[598:56b34] [com.apple.coreaudio:AQ]      AudioQueueObject.cpp:7234  ConvertInput: <-0x200/0x200 packets, 0x800/0x800 bytes [buffer 1003]
2026-05-09 21:40:20.418 Db corespeechd[598:56b34] [com.apple.coreaudio:aqiotime]              AQIONode.cpp:122     ionode anchor 10382.003394, 86843583 st, 1.000000 rs
2026-05-09 21:40:20.418 Db corespeechd[598:5620e] [com.apple.coreaudio:AQ]      AudioQueueObject.cpp:5719  EnqueueBuffer: aq@0x710c4e800: bufid 1002, cmd 0x7104f8f58, data 0x1083990b0: 0 bytes, 0 frames (trim 0/0), 0 packets, invalid ht, invalid st, outActualStartTime 0x0
2026-05-09 21:40:20.418 Db corespeechd[598:56b34] [com.apple.coreaudio:AQ]      AudioQueueObject.cpp:7205  ConvertInput: bufid 1000 0x0/0x800 bytes, 0/512 packets, mNumPacketDescriptions=0
2026-05-09 21:40:20.419 Db corespeechd[598:5620e] [com.apple.coreaudio:AQ]      AudioQueueObject.cpp:5719  EnqueueBuffer: aq@0x710c4e800: bufid 1003, cmd 0x7104f8fc8, data 0x1083998f0: 0 bytes, 0 frames (trim 0/0), 0 packets, invalid ht, invalid st, outActualStartTime 0x0
2026-05-09 21:40:20.419 Db corespeechd[598:56b34] [com.apple.coreaudio:AQ]      AudioQueueObject.cpp:7205  ConvertInput: bufid 1000 0x0/0x800 bytes, 0/512 packets, mNumPacketDescriptions=0
2026-05-09 21:40:20.450 Db corespeechd[598:56b34] [com.apple.coreaudio:AQ]      AudioQueueObject.cpp:7205  ConvertInput: bufid 1000 0x0/0x800 bytes, 0/512 packets, mNumPacketDescriptions=0
2026-05-09 21:40:20.461 Db corespeechd[598:56b34] [com.apple.coreaudio:AQ]      AudioQueueObject.cpp:7205  ConvertInput: bufid 1000 0x0/0x800 bytes, 0/512 packets, mNumPacketDescriptions=0
2026-05-09 21:40:20.471 Db corespeechd[598:56b34] [com.apple.coreaudio:AQ]      AudioQueueObject.cpp:7205  ConvertInput: bufid 1000 0x0/0x800 bytes, 0/512 packets, mNumPacketDescriptions=0
2026-05-09 21:40:20.482 Db corespeechd[598:56b34] [com.apple.coreaudio:AQ]      AudioQueueObject.cpp:7205  ConvertInput: bufid 1000 0x0/0x800 bytes, 0/512 packets, mNumPacketDescriptions=0
2026-05-09 21:40:20.482 Db corespeechd[598:56b34] [com.apple.coreaudio:AQ]        AudioQueueObject.h:1269  AQFetch: Input ring buffer returning 0x400 frames, t: 0x52d216a - 0x52d256a
2026-05-09 21:40:20.482 Db corespeechd[598:56b34] [com.apple.coreaudio:AQ]      AudioQueueObject.cpp:7354  EncoderInputProc: ->1024 fr, 4096 bytes @ t=86843754 fr
2026-05-09 21:40:20.482 Db corespeechd[598:56b34] [com.apple.coreaudio:AQ]      AudioQueueObject.cpp:7234  ConvertInput: <-0x200/0x200 packets, 0x800/0x800 bytes [buffer 1000]
2026-05-09 21:40:20.482 Db corespeechd[598:56b34] [com.apple.coreaudio:aqiotime]              AQIONode.cpp:122     ionode anchor 10382.067394, 86844607 st, 1.000000 rs
2026-05-09 21:40:20.482 Db corespeechd[598:56b34] [com.apple.coreaudio:AQ]      AudioQueueObject.cpp:7205  ConvertInput: bufid 1001 0x0/0x800 bytes, 0/512 packets, mNumPacketDescriptions=0
2026-05-09 21:40:20.482 Db corespeechd[598:56b34] [com.apple.coreaudio:AQ]      AudioQueueObject.cpp:7234  ConvertInput: <-0x200/0x200 packets, 0x800/0x800 bytes [buffer 1001]
2026-05-09 21:40:20.482 Db corespeechd[598:56b34] [com.apple.coreaudio:aqiotime]              AQIONode.cpp:122     ionode anchor 10382.067394, 86844607 st, 1.000000 rs
2026-05-09 21:40:20.482 Db corespeechd[598:56b34] [com.apple.coreaudio:AQ]      AudioQueueObject.cpp:7205  ConvertInput: bufid 1002 0x0/0x800 bytes, 0/512 packets, mNumPacketDescriptions=0
