2026-05-09 21:40:26.755 Db corespeechd[598:56183] [com.apple.coreaudio:AQ]      AudioQueueObject.cpp:5719  EnqueueBuffer: aq@0x710c4e800: bufid 1000, cmd 0x7104f8ee8, data 0x108398030: 0 bytes, 0 frames (trim 0/0), 0 packets, invalid ht, invalid st, outActualStartTime 0x0
2026-05-09 21:40:26.755 Db corespeechd[598:56b34] [com.apple.coreaudio:AQ]      AudioQueueObject.cpp:7205  ConvertInput: bufid 1001 0x0/0x800 bytes, 0/512 packets, mNumPacketDescriptions=0
2026-05-09 21:40:26.786 Db corespeechd[598:56b34] [com.apple.coreaudio:AQ]      AudioQueueObject.cpp:7205  ConvertInput: bufid 1001 0x0/0x800 bytes, 0/512 packets, mNumPacketDescriptions=0
2026-05-09 21:40:26.797 Db corespeechd[598:56b34] [com.apple.coreaudio:AQ]      AudioQueueObject.cpp:7205  ConvertInput: bufid 1001 0x0/0x800 bytes, 0/512 packets, mNumPacketDescriptions=0
2026-05-09 21:40:26.807 Db corespeechd[598:56b34] [com.apple.coreaudio:AQ]      AudioQueueObject.cpp:7205  ConvertInput: bufid 1001 0x0/0x800 bytes, 0/512 packets, mNumPacketDescriptions=0
2026-05-09 21:40:26.818 Db corespeechd[598:56b34] [com.apple.coreaudio:AQ]      AudioQueueObject.cpp:7205  ConvertInput: bufid 1001 0x0/0x800 bytes, 0/512 packets, mNumPacketDescriptions=0
2026-05-09 21:40:26.818 Db corespeechd[598:56b34] [com.apple.coreaudio:AQ]        AudioQueueObject.h:1269  AQFetch: Input ring buffer returning 0x400 frames, t: 0x52ead00 - 0x52eb100
2026-05-09 21:40:26.818 Db corespeechd[598:56b34] [com.apple.coreaudio:AQ]      AudioQueueObject.cpp:7354  EncoderInputProc: ->1024 fr, 4096 bytes @ t=86945024 fr
2026-05-09 21:40:26.818 Db corespeechd[598:56b34] [com.apple.coreaudio:AQ]      AudioQueueObject.cpp:7234  ConvertInput: <-0x200/0x200 packets, 0x800/0x800 bytes [buffer 1001]
2026-05-09 21:40:26.818 Db corespeechd[598:56b34] [com.apple.coreaudio:aqiotime]              AQIONode.cpp:122     ionode anchor 10388.403394, 86945983 st, 1.000000 rs
2026-05-09 21:40:26.818 Db corespeechd[598:56b34] [com.apple.coreaudio:AQ]      AudioQueueObject.cpp:7205  ConvertInput: bufid 1002 0x0/0x800 bytes, 0/512 packets, mNumPacketDescriptions=0
2026-05-09 21:40:26.818 Db corespeechd[598:56b34] [com.apple.coreaudio:AQ]      AudioQueueObject.cpp:7234  ConvertInput: <-0x200/0x200 packets, 0x800/0x800 bytes [buffer 1002]
2026-05-09 21:40:26.818 Db corespeechd[598:56b34] [com.apple.coreaudio:aqiotime]              AQIONode.cpp:122     ionode anchor 10388.403394, 86945983 st, 1.000000 rs
2026-05-09 21:40:26.818 Db corespeechd[598:5620e] [com.apple.coreaudio:AQ]      AudioQueueObject.cpp:5719  EnqueueBuffer: aq@0x710c4e800: bufid 1001, cmd 0x7104f8f58, data 0x108398870: 0 bytes, 0 frames (trim 0/0), 0 packets, invalid ht, invalid st, outActualStartTime 0x0
2026-05-09 21:40:26.818 Db corespeechd[598:56b34] [com.apple.coreaudio:AQ]      AudioQueueObject.cpp:7205  ConvertInput: bufid 1003 0x0/0x800 bytes, 0/512 packets, mNumPacketDescriptions=0
2026-05-09 21:40:26.818 Db corespeechd[598:5620e] [com.apple.coreaudio:AQ]      AudioQueueObject.cpp:5719  EnqueueBuffer: aq@0x710c4e800: bufid 1002, cmd 0x7104f8fc8, data 0x1083990b0: 0 bytes, 0 frames (trim 0/0), 0 packets, invalid ht, invalid st, outActualStartTime 0x0
2026-05-09 21:40:26.818 Db corespeechd[598:56b34] [com.apple.coreaudio:AQ]      AudioQueueObject.cpp:7205  ConvertInput: bufid 1003 0x0/0x800 bytes, 0/512 packets, mNumPacketDescriptions=0
2026-05-09 21:40:26.850 Db corespeechd[598:56b34] [com.apple.coreaudio:AQ]      AudioQueueObject.cpp:7205  ConvertInput: bufid 1003 0x0/0x800 bytes, 0/512 packets, mNumPacketDescriptions=0
2026-05-09 21:40:26.861 Db corespeechd[598:56b34] [com.apple.coreaudio:AQ]      AudioQueueObject.cpp:7205  ConvertInput: bufid 1003 0x0/0x800 bytes, 0/512 packets, mNumPacketDescriptions=0
2026-05-09 21:40:26.871 Db corespeechd[598:56b34] [com.apple.coreaudio:AQ]      AudioQueueObject.cpp:7205  ConvertInput: bufid 1003 0x0/0x800 bytes, 0/512 packets, mNumPacketDescriptions=0
2026-05-09 21:40:26.882 Db corespeechd[598:56b34] [com.apple.coreaudio:AQ]      AudioQueueObject.cpp:7205  ConvertInput: bufid 1003 0x0/0x800 bytes, 0/512 packets, mNumPacketDescriptions=0
2026-05-09 21:40:26.882 Db corespeechd[598:56b34] [com.apple.coreaudio:AQ]        AudioQueueObject.h:1269  AQFetch: Input ring buffer returning 0x400 frames, t: 0x52eb100 - 0x52eb500
2026-05-09 21:40:26.882 Db corespeechd[598:56b34] [com.apple.coreaudio:AQ]      AudioQueueObject.cpp:7354  EncoderInputProc: ->1024 fr, 4096 bytes @ t=86946048 fr
2026-05-09 21:40:26.882 Db corespeechd[598:56b34] [com.apple.coreaudio:AQ]      AudioQueueObject.cpp:7234  ConvertInput: <-0x200/0x200 packets, 0x800/0x800 bytes [buffer 1003]
2026-05-09 21:40:26.882 Db corespeechd[598:56b34] [com.apple.coreaudio:aqiotime]              AQIONode.cpp:122     ionode anchor 10388.467394, 86947007 st, 1.000000 rs
2026-05-09 21:40:26.882 Db corespeechd[598:56b34] [com.apple.coreaudio:AQ]      AudioQueueObject.cpp:7205  ConvertInput: bufid 1000 0x0/0x800 bytes, 0/512 packets, mNumPacketDescriptions=0
2026-05-09 21:40:26.882 Db corespeechd[598:56b34] [com.apple.coreaudio:AQ]      AudioQueueObject.cpp:7234  ConvertInput: <-0x200/0x200 packets, 0x800/0x800 bytes [buffer 1000]
2026-05-09 21:40:26.882 Db corespeechd[598:56b34] [com.apple.coreaudio:aqiotime]              AQIONode.cpp:122     ionode anchor 10388.467394, 86947007 st, 1.000000 rs
2026-05-09 21:40:26.882 Db corespeechd[598:56b34] [com.apple.coreaudio:AQ]      AudioQueueObject.cpp:7205  ConvertInput: bufid 1001 0x0/0x800 bytes, 0/512 packets, mNumPacketDescriptions=0
2026-05-09 21:40:26.882 Db corespeechd[598:5620e] [com.apple.coreaudio:AQ]      AudioQueueObject.cpp:5719  EnqueueBuffer: aq@0x710c4e800: bufid 1003, cmd 0x7104f8e78, data 0x1083998f0: 0 bytes, 0 frames (trim 0/0), 0 packets, invalid ht, invalid st, outActualStartTime 0x0
2026-05-09 21:40:26.883 Db corespeechd[598:56b34] [com.apple.coreaudio:AQ]      AudioQueueObject.cpp:7205  ConvertInput: bufid 1001 0x0/0x800 bytes, 0/512 packets, mNumPacketDescriptions=0
2026-05-09 21:40:26.883 Db corespeechd[598:5620e] [com.apple.coreaudio:AQ]      AudioQueueObject.cpp:5719  EnqueueBuffer: aq@0x710c4e800: bufid 1000, cmd 0x7104f8ee8, data 0x108398030: 0 bytes, 0 frames (trim 0/0), 0 packets, invalid ht, invalid st, outActualStartTime 0x0
2026-05-09 21:40:26.883 Db corespeechd[598:56b34] [com.apple.coreaudio:AQ]      AudioQueueObject.cpp:7205  ConvertInput: bufid 1001 0x0/0x800 bytes, 0/512 packets, mNumPacketDescriptions=0
2026-05-09 21:40:26.914 Db corespeechd[598:56b34] [com.apple.coreaudio:AQ]      AudioQueueObject.cpp:7205  ConvertInput: bufid 1001 0x0/0x800 bytes, 0/512 packets, mNumPacketDescriptions=0
2026-05-09 21:40:26.925 Db corespeechd[598:56b34] [com.apple.coreaudio:AQ]      AudioQueueObject.cpp:7205  ConvertInput: bufid 1001 0x0/0x800 bytes, 0/512 packets, mNumPacketDescriptions=0
2026-05-09 21:40:26.935 Db corespeechd[598:56b34] [com.apple.coreaudio:AQ]      AudioQueueObject.cpp:7205  ConvertInput: bufid 1001 0x0/0x800 bytes, 0/512 packets, mNumPacketDescriptions=0
2026-05-09 21:40:26.946 Db corespeechd[598:56b34] [com.apple.coreaudio:AQ]      AudioQueueObject.cpp:7205  ConvertInput: bufid 1001 0x0/0x800 bytes, 0/512 packets, mNumPacketDescriptions=0
2026-05-09 21:40:26.946 Db corespeechd[598:56b34] [com.apple.coreaudio:AQ]        AudioQueueObject.h:1269  AQFetch: Input ring buffer returning 0x400 frames, t: 0x52eb500 - 0x52eb900
2026-05-09 21:40:26.946 Db corespeechd[598:56b34] [com.apple.coreaudio:AQ]      AudioQueueObject.cpp:7354  EncoderInputProc: ->1024 fr, 4096 bytes @ t=86947072 fr
2026-05-09 21:40:26.946 Db corespeechd[598:56b34] [com.apple.coreaudio:AQ]      AudioQueueObject.cpp:7234  ConvertInput: <-0x200/0x200 packets, 0x800/0x800 bytes [buffer 1001]
2026-05-09 21:40:26.946 Db corespeechd[598:56b34] [com.apple.coreaudio:aqiotime]              AQIONode.cpp:122     ionode anchor 10388.531394, 86948031 st, 1.000000 rs
2026-05-09 21:40:26.946 Db corespeechd[598:56b34] [com.apple.coreaudio:AQ]      AudioQueueObject.cpp:7205  ConvertInput: bufid 1002 0x0/0x800 bytes, 0/512 packets, mNumPacketDescriptions=0
2026-05-09 21:40:26.946 Db corespeechd[598:56b34] [com.apple.coreaudio:AQ]      AudioQueueObject.cpp:7234  ConvertInput: <-0x200/0x200 packets, 0x800/0x800 bytes [buffer 1002]
2026-05-09 21:40:26.946 Db corespeechd[598:56b34] [com.apple.coreaudio:aqiotime]              AQIONode.cpp:122     ionode anchor 10388.531394, 86948031 st, 1.000000 rs
2026-05-09 21:40:26.946 Db corespeechd[598:5620e] [com.apple.coreaudio:AQ]      AudioQueueObject.cpp:5719  EnqueueBuffer: aq@0x710c4e800: bufid 1001, cmd 0x7104f8f58, data 0x108398870: 0 bytes, 0 frames (trim 0/0), 0 packets, invalid ht, invalid st, outActualStartTime 0x0
2026-05-09 21:40:26.947 Db corespeechd[598:56b34] [com.apple.coreaudio:AQ]      AudioQueueObject.cpp:7205  ConvertInput: bufid 1003 0x0/0x800 bytes, 0/512 packets, mNumPacketDescriptions=0
2026-05-09 21:40:26.947 Db corespeechd[598:5620e] [com.apple.coreaudio:AQ]      AudioQueueObject.cpp:5719  EnqueueBuffer: aq@0x710c4e800: bufid 1002, cmd 0x7104f8fc8, data 0x1083990b0: 0 bytes, 0 frames (trim 0/0), 0 packets, invalid ht, invalid st, outActualStartTime 0x0
2026-05-09 21:40:26.947 Db corespeechd[598:56b34] [com.apple.coreaudio:AQ]      AudioQueueObject.cpp:7205  ConvertInput: bufid 1003 0x0/0x800 bytes, 0/512 packets, mNumPacketDescriptions=0
2026-05-09 21:40:26.978 Db corespeechd[598:56b34] [com.apple.coreaudio:AQ]      AudioQueueObject.cpp:7205  ConvertInput: bufid 1003 0x0/0x800 bytes, 0/512 packets, mNumPacketDescriptions=0
2026-05-09 21:40:26.989 Db corespeechd[598:56b34] [com.apple.coreaudio:AQ]      AudioQueueObject.cpp:7205  ConvertInput: bufid 1003 0x0/0x800 bytes, 0/512 packets, mNumPacketDescriptions=0
2026-05-09 21:40:26.999 Db corespeechd[598:56b34] [com.apple.coreaudio:AQ]      AudioQueueObject.cpp:7205  ConvertInput: bufid 1003 0x0/0x800 bytes, 0/512 packets, mNumPacketDescriptions=0
2026-05-09 21:40:27.010 Db corespeechd[598:56b34] [com.apple.coreaudio:AQ]      AudioQueueObject.cpp:7205  ConvertInput: bufid 1003 0x0/0x800 bytes, 0/512 packets, mNumPacketDescriptions=0
2026-05-09 21:40:27.010 Db corespeechd[598:56b34] [com.apple.coreaudio:AQ]        AudioQueueObject.h:1269  AQFetch: Input ring buffer returning 0x400 frames, t: 0x52eb900 - 0x52ebd00
2026-05-09 21:40:27.010 Db corespeechd[598:56b34] [com.apple.coreaudio:AQ]      AudioQueueObject.cpp:7354  EncoderInputProc: ->1024 fr, 4096 bytes @ t=86948096 fr
2026-05-09 21:40:27.010 Db corespeechd[598:56b34] [com.apple.coreaudio:AQ]      AudioQueueObject.cpp:7234  ConvertInput: <-0x200/0x200 packets, 0x800/0x800 bytes [buffer 1003]
2026-05-09 21:40:27.010 Db corespeechd[598:56b34] [com.apple.coreaudio:aqiotime]              AQIONode.cpp:122     ionode anchor 10388.595394, 86949055 st, 1.000000 rs
2026-05-09 21:40:27.010 Db corespeechd[598:56b34] [com.apple.coreaudio:AQ]      AudioQueueObject.cpp:7205  ConvertInput: bufid 1000 0x0/0x800 bytes, 0/512 packets, mNumPacketDescriptions=0
2026-05-09 21:40:27.010 Db corespeechd[598:56b34] [com.apple.coreaudio:AQ]      AudioQueueObject.cpp:7234  ConvertInput: <-0x200/0x200 packets, 0x800/0x800 bytes [buffer 1000]
2026-05-09 21:40:27.010 Db corespeechd[598:56b34] [com.apple.coreaudio:aqiotime]              AQIONode.cpp:122     ionode anchor 10388.595394, 86949055 st, 1.000000 rs
2026-05-09 21:40:27.010 Db corespeechd[598:56b34] [com.apple.coreaudio:AQ]      AudioQueueObject.cpp:7205  ConvertInput: bufid 1001 0x0/0x800 bytes, 0/512 packets, mNumPacketDescriptions=0
2026-05-09 21:40:27.010 Db corespeechd[598:5620e] [com.apple.coreaudio:AQ]      AudioQueueObject.cpp:5719  EnqueueBuffer: aq@0x710c4e800: bufid 1003, cmd 0x7104f8ee8, data 0x1083998f0: 0 bytes, 0 frames (trim 0/0), 0 packets, invalid ht, invalid st, outActualStartTime 0x0
2026-05-09 21:40:27.010 Db corespeechd[598:56b34] [com.apple.coreaudio:AQ]      AudioQueueObject.cpp:7205  ConvertInput: bufid 1001 0x0/0x800 bytes, 0/512 packets, mNumPacketDescriptions=0
2026-05-09 21:40:27.010 Db corespeechd[598:5620e] [com.apple.coreaudio:AQ]      AudioQueueObject.cpp:5719  EnqueueBuffer: aq@0x710c4e800: bufid 1000, cmd 0x7104f8e78, data 0x108398030: 0 bytes, 0 frames (trim 0/0), 0 packets, invalid ht, invalid st, outActualStartTime 0x0
2026-05-09 21:40:27.010 Db corespeechd[598:56b34] [com.apple.coreaudio:AQ]      AudioQueueObject.cpp:7205  ConvertInput: bufid 1001 0x0/0x800 bytes, 0/512 packets, mNumPacketDescriptions=0
2026-05-09 21:40:27.042 Db corespeechd[598:56b34] [com.apple.coreaudio:AQ]      AudioQueueObject.cpp:7205  ConvertInput: bufid 1001 0x0/0x800 bytes, 0/512 packets, mNumPacketDescriptions=0
2026-05-09 21:40:27.053 Db corespeechd[598:56b34] [com.apple.coreaudio:AQ]      AudioQueueObject.cpp:7205  ConvertInput: bufid 1001 0x0/0x800 bytes, 0/512 packets, mNumPacketDescriptions=0
2026-05-09 21:40:27.063 Db corespeechd[598:56b34] [com.apple.coreaudio:AQ]      AudioQueueObject.cpp:7205  ConvertInput: bufid 1001 0x0/0x800 bytes, 0/512 packets, mNumPacketDescriptions=0
2026-05-09 21:40:27.074 Db corespeechd[598:56b34] [com.apple.coreaudio:AQ]      AudioQueueObject.cpp:7205  ConvertInput: bufid 1001 0x0/0x800 bytes, 0/512 packets, mNumPacketDescriptions=0
2026-05-09 21:40:27.074 Db corespeechd[598:56b34] [com.apple.coreaudio:AQ]        AudioQueueObject.h:1269  AQFetch: Input ring buffer returning 0x400 frames, t: 0x52ebd00 - 0x52ec100
2026-05-09 21:40:27.074 Db corespeechd[598:56b34] [com.apple.coreaudio:AQ]      AudioQueueObject.cpp:7354  EncoderInputProc: ->1024 fr, 4096 bytes @ t=86949120 fr
2026-05-09 21:40:27.074 Db corespeechd[598:56b34] [com.apple.coreaudio:AQ]      AudioQueueObject.cpp:7234  ConvertInput: <-0x200/0x200 packets, 0x800/0x800 bytes [buffer 1001]
2026-05-09 21:40:27.074 Db corespeechd[598:56b34] [com.apple.coreaudio:aqiotime]              AQIONode.cpp:122     ionode anchor 10388.659394, 86950079 st, 1.000000 rs
2026-05-09 21:40:27.074 Db corespeechd[598:56b34] [com.apple.coreaudio:AQ]      AudioQueueObject.cpp:7205  ConvertInput: bufid 1002 0x0/0x800 bytes, 0/512 packets, mNumPacketDescriptions=0
2026-05-09 21:40:27.074 Db corespeechd[598:56b34] [com.apple.coreaudio:AQ]      AudioQueueObject.cpp:7234  ConvertInput: <-0x200/0x200 packets, 0x800/0x800 bytes [buffer 1002]
2026-05-09 21:40:27.074 Db corespeechd[598:56b34] [com.apple.coreaudio:aqiotime]              AQIONode.cpp:122     ionode anchor 10388.659394, 86950079 st, 1.000000 rs
2026-05-09 21:40:27.074 Db corespeechd[598:5620e] [com.apple.coreaudio:AQ]      AudioQueueObject.cpp:5719  EnqueueBuffer: aq@0x710c4e800: bufid 1001, cmd 0x7104f8f58, data 0x108398870: 0 bytes, 0 frames (trim 0/0), 0 packets, invalid ht, invalid st, outActualStartTime 0x0
2026-05-09 21:40:27.075 Db corespeechd[598:56b34] [com.apple.coreaudio:AQ]      AudioQueueObject.cpp:7205  ConvertInput: bufid 1003 0x0/0x800 bytes, 0/512 packets, mNumPacketDescriptions=0
2026-05-09 21:40:27.075 Db corespeechd[598:5618a] [com.apple.coreaudio:AQ]      AudioQueueObject.cpp:5719  EnqueueBuffer: aq@0x710c4e800: bufid 1002, cmd 0x7104f8fc8, data 0x1083990b0: 0 bytes, 0 frames (trim 0/0), 0 packets, invalid ht, invalid st, outActualStartTime 0x0
2026-05-09 21:40:27.075 Db corespeechd[598:56b34] [com.apple.coreaudio:AQ]      AudioQueueObject.cpp:7205  ConvertInput: bufid 1003 0x0/0x800 bytes, 0/512 packets, mNumPacketDescriptions=0
2026-05-09 21:40:27.106 Db corespeechd[598:56b34] [com.apple.coreaudio:AQ]      AudioQueueObject.cpp:7205  ConvertInput: bufid 1003 0x0/0x800 bytes, 0/512 packets, mNumPacketDescriptions=0
2026-05-09 21:40:27.117 Db corespeechd[598:56b34] [com.apple.coreaudio:AQ]      AudioQueueObject.cpp:7205  ConvertInput: bufid 1003 0x0/0x800 bytes, 0/512 packets, mNumPacketDescriptions=0
2026-05-09 21:40:27.127 Db corespeechd[598:56b34] [com.apple.coreaudio:AQ]      AudioQueueObject.cpp:7205  ConvertInput: bufid 1003 0x0/0x800 bytes, 0/512 packets, mNumPacketDescriptions=0
2026-05-09 21:40:27.138 Db corespeechd[598:56b34] [com.apple.coreaudio:AQ]      AudioQueueObject.cpp:7205  ConvertInput: bufid 1003 0x0/0x800 bytes, 0/512 packets, mNumPacketDescriptions=0
2026-05-09 21:40:27.138 Db corespeechd[598:56b34] [com.apple.coreaudio:AQ]        AudioQueueObject.h:1269  AQFetch: Input ring buffer returning 0x400 frames, t: 0x52ec100 - 0x52ec500
2026-05-09 21:40:27.138 Db corespeechd[598:56b34] [com.apple.coreaudio:AQ]      AudioQueueObject.cpp:7354  EncoderInputProc: ->1024 fr, 4096 bytes @ t=86950144 fr
2026-05-09 21:40:27.138 Db corespeechd[598:56b34] [com.apple.coreaudio:AQ]      AudioQueueObject.cpp:7234  ConvertInput: <-0x200/0x200 packets, 0x800/0x800 bytes [buffer 1003]
2026-05-09 21:40:27.138 Db corespeechd[598:56b34] [com.apple.coreaudio:aqiotime]              AQIONode.cpp:122     ionode anchor 10388.723394, 86951103 st, 1.000000 rs
2026-05-09 21:40:27.138 Db corespeechd[598:56b34] [com.apple.coreaudio:AQ]      AudioQueueObject.cpp:7205  ConvertInput: bufid 1000 0x0/0x800 bytes, 0/512 packets, mNumPacketDescriptions=0
2026-05-09 21:40:27.138 Db corespeechd[598:56b34] [com.apple.coreaudio:AQ]      AudioQueueObject.cpp:7234  ConvertInput: <-0x200/0x200 packets, 0x800/0x800 bytes [buffer 1000]
2026-05-09 21:40:27.138 Db corespeechd[598:56b34] [com.apple.coreaudio:aqiotime]              AQIONode.cpp:122     ionode anchor 10388.723394, 86951103 st, 1.000000 rs
2026-05-09 21:40:27.138 Db corespeechd[598:56b34] [com.apple.coreaudio:AQ]      AudioQueueObject.cpp:7205  ConvertInput: bufid 1001 0x0/0x800 bytes, 0/512 packets, mNumPacketDescriptions=0
2026-05-09 21:40:27.138 Db corespeechd[598:5620e] [com.apple.coreaudio:AQ]      AudioQueueObject.cpp:5719  EnqueueBuffer: aq@0x710c4e800: bufid 1003, cmd 0x7104f8e78, data 0x1083998f0: 0 bytes, 0 frames (trim 0/0), 0 packets, invalid ht, invalid st, outActualStartTime 0x0
2026-05-09 21:40:27.138 Db corespeechd[598:56b34] [com.apple.coreaudio:AQ]      AudioQueueObject.cpp:7205  ConvertInput: bufid 1001 0x0/0x800 bytes, 0/512 packets, mNumPacketDescriptions=0
2026-05-09 21:40:27.138 Db corespeechd[598:5620e] [com.apple.coreaudio:AQ]      AudioQueueObject.cpp:5719  EnqueueBuffer: aq@0x710c4e800: bufid 1000, cmd 0x7104f8ee8, data 0x108398030: 0 bytes, 0 frames (trim 0/0), 0 packets, invalid ht, invalid st, outActualStartTime 0x0
2026-05-09 21:40:27.138 Db corespeechd[598:56b34] [com.apple.coreaudio:AQ]      AudioQueueObject.cpp:7205  ConvertInput: bufid 1001 0x0/0x800 bytes, 0/512 packets, mNumPacketDescriptions=0
2026-05-09 21:40:27.170 Db corespeechd[598:56b34] [com.apple.coreaudio:AQ]      AudioQueueObject.cpp:7205  ConvertInput: bufid 1001 0x0/0x800 bytes, 0/512 packets, mNumPacketDescriptions=0
2026-05-09 21:40:27.181 Db corespeechd[598:56b34] [com.apple.coreaudio:AQ]      AudioQueueObject.cpp:7205  ConvertInput: bufid 1001 0x0/0x800 bytes, 0/512 packets, mNumPacketDescriptions=0
2026-05-09 21:40:27.191 Db corespeechd[598:56b34] [com.apple.coreaudio:AQ]      AudioQueueObject.cpp:7205  ConvertInput: bufid 1001 0x0/0x800 bytes, 0/512 packets, mNumPacketDescriptions=0
2026-05-09 21:40:27.202 Db corespeechd[598:56b34] [com.apple.coreaudio:AQ]      AudioQueueObject.cpp:7205  ConvertInput: bufid 1001 0x0/0x800 bytes, 0/512 packets, mNumPacketDescriptions=0
2026-05-09 21:40:27.202 Db corespeechd[598:56b34] [com.apple.coreaudio:AQ]        AudioQueueObject.h:1269  AQFetch: Input ring buffer returning 0x400 frames, t: 0x52ec500 - 0x52ec900
2026-05-09 21:40:27.202 Db corespeechd[598:56b34] [com.apple.coreaudio:AQ]      AudioQueueObject.cpp:7354  EncoderInputProc: ->1024 fr, 4096 bytes @ t=86951168 fr
2026-05-09 21:40:27.202 Db corespeechd[598:56b34] [com.apple.coreaudio:AQ]      AudioQueueObject.cpp:7234  ConvertInput: <-0x200/0x200 packets, 0x800/0x800 bytes [buffer 1001]
2026-05-09 21:40:27.202 Db corespeechd[598:56b34] [com.apple.coreaudio:aqiotime]              AQIONode.cpp:122     ionode anchor 10388.787394, 86952127 st, 1.000000 rs
2026-05-09 21:40:27.202 Db corespeechd[598:56b34] [com.apple.coreaudio:AQ]      AudioQueueObject.cpp:7205  ConvertInput: bufid 1002 0x0/0x800 bytes, 0/512 packets, mNumPacketDescriptions=0
2026-05-09 21:40:27.202 Db corespeechd[598:56b34] [com.apple.coreaudio:AQ]      AudioQueueObject.cpp:7234  ConvertInput: <-0x200/0x200 packets, 0x800/0x800 bytes [buffer 1002]
2026-05-09 21:40:27.202 Db corespeechd[598:56b34] [com.apple.coreaudio:aqiotime]              AQIONode.cpp:122     ionode anchor 10388.787394, 86952127 st, 1.000000 rs
2026-05-09 21:40:27.202 Db corespeechd[598:5620e] [com.apple.coreaudio:AQ]      AudioQueueObject.cpp:5719  EnqueueBuffer: aq@0x710c4e800: bufid 1001, cmd 0x7104f8f58, data 0x108398870: 0 bytes, 0 frames (trim 0/0), 0 packets, invalid ht, invalid st, outActualStartTime 0x0
2026-05-09 21:40:27.202 Db corespeechd[598:56b34] [com.apple.coreaudio:AQ]      AudioQueueObject.cpp:7205  ConvertInput: bufid 1003 0x0/0x800 bytes, 0/512 packets, mNumPacketDescriptions=0
2026-05-09 21:40:27.203 Db corespeechd[598:5620e] [com.apple.coreaudio:AQ]      AudioQueueObject.cpp:5719  EnqueueBuffer: aq@0x710c4e800: bufid 1002, cmd 0x7104f8fc8, data 0x1083990b0: 0 bytes, 0 frames (trim 0/0), 0 packets, invalid ht, invalid st, outActualStartTime 0x0
2026-05-09 21:40:27.203 Db corespeechd[598:56b34] [com.apple.coreaudio:AQ]      AudioQueueObject.cpp:7205  ConvertInput: bufid 1003 0x0/0x800 bytes, 0/512 packets, mNumPacketDescriptions=0
2026-05-09 21:40:27.234 Db corespeechd[598:56b34] [com.apple.coreaudio:AQ]      AudioQueueObject.cpp:7205  ConvertInput: bufid 1003 0x0/0x800 bytes, 0/512 packets, mNumPacketDescriptions=0
2026-05-09 21:40:27.245 Db corespeechd[598:56b34] [com.apple.coreaudio:AQ]      AudioQueueObject.cpp:7205  ConvertInput: bufid 1003 0x0/0x800 bytes, 0/512 packets, mNumPacketDescriptions=0
2026-05-09 21:40:27.255 Db corespeechd[598:56b34] [com.apple.coreaudio:AQ]      AudioQueueObject.cpp:7205  ConvertInput: bufid 1003 0x0/0x800 bytes, 0/512 packets, mNumPacketDescriptions=0
2026-05-09 21:40:27.266 Db corespeechd[598:56b34] [com.apple.coreaudio:AQ]      AudioQueueObject.cpp:7205  ConvertInput: bufid 1003 0x0/0x800 bytes, 0/512 packets, mNumPacketDescriptions=0
2026-05-09 21:40:27.266 Db corespeechd[598:56b34] [com.apple.coreaudio:AQ]        AudioQueueObject.h:1269  AQFetch: Input ring buffer returning 0x400 frames, t: 0x52ec900 - 0x52ecd00
2026-05-09 21:40:27.266 Db corespeechd[598:56b34] [com.apple.coreaudio:AQ]      AudioQueueObject.cpp:7354  EncoderInputProc: ->1024 fr, 4096 bytes @ t=86952192 fr
2026-05-09 21:40:27.266 Db corespeechd[598:56b34] [com.apple.coreaudio:AQ]      AudioQueueObject.cpp:7234  ConvertInput: <-0x200/0x200 packets, 0x800/0x800 bytes [buffer 1003]
2026-05-09 21:40:27.266 Db corespeechd[598:56b34] [com.apple.coreaudio:aqiotime]              AQIONode.cpp:122     ionode anchor 10388.851394, 86953151 st, 1.000000 rs
2026-05-09 21:40:27.266 Db corespeechd[598:56b34] [com.apple.coreaudio:AQ]      AudioQueueObject.cpp:7205  ConvertInput: bufid 1000 0x0/0x800 bytes, 0/512 packets, mNumPacketDescriptions=0
2026-05-09 21:40:27.266 Db corespeechd[598:56b34] [com.apple.coreaudio:AQ]      AudioQueueObject.cpp:7234  ConvertInput: <-0x200/0x200 packets, 0x800/0x800 bytes [buffer 1000]
2026-05-09 21:40:27.266 Db corespeechd[598:56b34] [com.apple.coreaudio:aqiotime]              AQIONode.cpp:122     ionode anchor 10388.851394, 86953151 st, 1.000000 rs
2026-05-09 21:40:27.266 Db corespeechd[598:56b34] [com.apple.coreaudio:AQ]      AudioQueueObject.cpp:7205  ConvertInput: bufid 1001 0x0/0x800 bytes, 0/512 packets, mNumPacketDescriptions=0
2026-05-09 21:40:27.266 Db corespeechd[598:55fc4] [com.apple.coreaudio:AQ]      AudioQueueObject.cpp:5719  EnqueueBuffer: aq@0x710c4e800: bufid 1003, cmd 0x7104f8ee8, data 0x1083998f0: 0 bytes, 0 frames (trim 0/0), 0 packets, invalid ht, invalid st, outActualStartTime 0x0
2026-05-09 21:40:27.266 Db corespeechd[598:56b34] [com.apple.coreaudio:AQ]      AudioQueueObject.cpp:7205  ConvertInput: bufid 1001 0x0/0x800 bytes, 0/512 packets, mNumPacketDescriptions=0
2026-05-09 21:40:27.266 Db corespeechd[598:55fc4] [com.apple.coreaudio:AQ]      AudioQueueObject.cpp:5719  EnqueueBuffer: aq@0x710c4e800: bufid 1000, cmd 0x7104f8e78, data 0x108398030: 0 bytes, 0 frames (trim 0/0), 0 packets, invalid ht, invalid st, outActualStartTime 0x0
2026-05-09 21:40:27.266 Db corespeechd[598:56b34] [com.apple.coreaudio:AQ]      AudioQueueObject.cpp:7205  ConvertInput: bufid 1001 0x0/0x800 bytes, 0/512 packets, mNumPacketDescriptions=0
2026-05-09 21:40:27.298 Db corespeechd[598:56b34] [com.apple.coreaudio:AQ]      AudioQueueObject.cpp:7205  ConvertInput: bufid 1001 0x0/0x800 bytes, 0/512 packets, mNumPacketDescriptions=0
2026-05-09 21:40:27.309 Db corespeechd[598:56b34] [com.apple.coreaudio:AQ]      AudioQueueObject.cpp:7205  ConvertInput: bufid 1001 0x0/0x800 bytes, 0/512 packets, mNumPacketDescriptions=0
2026-05-09 21:40:27.319 Db corespeechd[598:56b34] [com.apple.coreaudio:AQ]      AudioQueueObject.cpp:7205  ConvertInput: bufid 1001 0x0/0x800 bytes, 0/512 packets, mNumPacketDescriptions=0
2026-05-09 21:40:27.330 Db corespeechd[598:56b34] [com.apple.coreaudio:AQ]      AudioQueueObject.cpp:7205  ConvertInput: bufid 1001 0x0/0x800 bytes, 0/512 packets, mNumPacketDescriptions=0
2026-05-09 21:40:27.330 Db corespeechd[598:56b34] [com.apple.coreaudio:AQ]        AudioQueueObject.h:1269  AQFetch: Input ring buffer returning 0x400 frames, t: 0x52ecd00 - 0x52ed100
2026-05-09 21:40:27.330 Db corespeechd[598:56b34] [com.apple.coreaudio:AQ]      AudioQueueObject.cpp:7354  EncoderInputProc: ->1024 fr, 4096 bytes @ t=86953216 fr
2026-05-09 21:40:27.330 Db corespeechd[598:56b34] [com.apple.coreaudio:AQ]      AudioQueueObject.cpp:7234  ConvertInput: <-0x200/0x200 packets, 0x800/0x800 bytes [buffer 1001]
2026-05-09 21:40:27.330 Db corespeechd[598:56b34] [com.apple.coreaudio:aqiotime]              AQIONode.cpp:122     ionode anchor 10388.915394, 86954175 st, 1.000000 rs
2026-05-09 21:40:27.330 Db corespeechd[598:56b34] [com.apple.coreaudio:AQ]      AudioQueueObject.cpp:7205  ConvertInput: bufid 1002 0x0/0x800 bytes, 0/512 packets, mNumPacketDescriptions=0
2026-05-09 21:40:27.330 Db corespeechd[598:56b34] [com.apple.coreaudio:AQ]      AudioQueueObject.cpp:7234  ConvertInput: <-0x200/0x200 packets, 0x800/0x800 bytes [buffer 1002]
2026-05-09 21:40:27.330 Db corespeechd[598:56b34] [com.apple.coreaudio:aqiotime]              AQIONode.cpp:122     ionode anchor 10388.915394, 86954175 st, 1.000000 rs
2026-05-09 21:40:27.330 Db corespeechd[598:56b34] [com.apple.coreaudio:AQ]      AudioQueueObject.cpp:7205  ConvertInput: bufid 1003 0x0/0x800 bytes, 0/512 packets, mNumPacketDescriptions=0
2026-05-09 21:40:27.330 Db corespeechd[598:5620e] [com.apple.coreaudio:AQ]      AudioQueueObject.cpp:5719  EnqueueBuffer: aq@0x710c4e800: bufid 1001, cmd 0x7104f8fc8, data 0x108398870: 0 bytes, 0 frames (trim 0/0), 0 packets, invalid ht, invalid st, outActualStartTime 0x0
2026-05-09 21:40:27.330 Db corespeechd[598:56b34] [com.apple.coreaudio:AQ]      AudioQueueObject.cpp:7205  ConvertInput: bufid 1003 0x0/0x800 bytes, 0/512 packets, mNumPacketDescriptions=0
2026-05-09 21:40:27.330 Db corespeechd[598:5620e] [com.apple.coreaudio:AQ]      AudioQueueObject.cpp:5719  EnqueueBuffer: aq@0x710c4e800: bufid 1002, cmd 0x7104f8f58, data 0x1083990b0: 0 bytes, 0 frames (trim 0/0), 0 packets, invalid ht, invalid st, outActualStartTime 0x0
2026-05-09 21:40:27.330 Db corespeechd[598:56b34] [com.apple.coreaudio:AQ]      AudioQueueObject.cpp:7205  ConvertInput: bufid 1003 0x0/0x800 bytes, 0/512 packets, mNumPacketDescriptions=0
2026-05-09 21:40:27.362 Db corespeechd[598:56b34] [com.apple.coreaudio:AQ]      AudioQueueObject.cpp:7205  ConvertInput: bufid 1003 0x0/0x800 bytes, 0/512 packets, mNumPacketDescriptions=0
2026-05-09 21:40:27.373 Db corespeechd[598:56b34] [com.apple.coreaudio:AQ]      AudioQueueObject.cpp:7205  ConvertInput: bufid 1003 0x0/0x800 bytes, 0/512 packets, mNumPacketDescriptions=0
2026-05-09 21:40:27.383 Db corespeechd[598:56b34] [com.apple.coreaudio:AQ]      AudioQueueObject.cpp:7205  ConvertInput: bufid 1003 0x0/0x800 bytes, 0/512 packets, mNumPacketDescriptions=0
2026-05-09 21:40:27.394 Db corespeechd[598:56b34] [com.apple.coreaudio:AQ]      AudioQueueObject.cpp:7205  ConvertInput: bufid 1003 0x0/0x800 bytes, 0/512 packets, mNumPacketDescriptions=0
2026-05-09 21:40:27.394 Db corespeechd[598:56b34] [com.apple.coreaudio:AQ]        AudioQueueObject.h:1269  AQFetch: Input ring buffer returning 0x400 frames, t: 0x52ed100 - 0x52ed500
2026-05-09 21:40:27.394 Db corespeechd[598:56b34] [com.apple.coreaudio:AQ]      AudioQueueObject.cpp:7354  EncoderInputProc: ->1024 fr, 4096 bytes @ t=86954240 fr
2026-05-09 21:40:27.394 Db corespeechd[598:56b34] [com.apple.coreaudio:AQ]      AudioQueueObject.cpp:7234  ConvertInput: <-0x200/0x200 packets, 0x800/0x800 bytes [buffer 1003]
2026-05-09 21:40:27.394 Db corespeechd[598:56b34] [com.apple.coreaudio:aqiotime]              AQIONode.cpp:122     ionode anchor 10388.979394, 86955199 st, 1.000000 rs
2026-05-09 21:40:27.394 Db corespeechd[598:56b34] [com.apple.coreaudio:AQ]      AudioQueueObject.cpp:7205  ConvertInput: bufid 1000 0x0/0x800 bytes, 0/512 packets, mNumPacketDescriptions=0
2026-05-09 21:40:27.394 Db corespeechd[598:56b34] [com.apple.coreaudio:AQ]      AudioQueueObject.cpp:7234  ConvertInput: <-0x200/0x200 packets, 0x800/0x800 bytes [buffer 1000]
2026-05-09 21:40:27.394 Db corespeechd[598:56b34] [com.apple.coreaudio:aqiotime]              AQIONode.cpp:122     ionode anchor 10388.979394, 86955199 st, 1.000000 rs
2026-05-09 21:40:27.394 Db corespeechd[598:56b34] [com.apple.coreaudio:AQ]      AudioQueueObject.cpp:7205  ConvertInput: bufid 1001 0x0/0x800 bytes, 0/512 packets, mNumPacketDescriptions=0
2026-05-09 21:40:27.394 Db corespeechd[598:5620e] [com.apple.coreaudio:AQ]      AudioQueueObject.cpp:5719  EnqueueBuffer: aq@0x710c4e800: bufid 1003, cmd 0x7104f8e78, data 0x1083998f0: 0 bytes, 0 frames (trim 0/0), 0 packets, invalid ht, invalid st, outActualStartTime 0x0
2026-05-09 21:40:27.394 Db corespeechd[598:56b34] [com.apple.coreaudio:AQ]      AudioQueueObject.cpp:7205  ConvertInput: bufid 1001 0x0/0x800 bytes, 0/512 packets, mNumPacketDescriptions=0
2026-05-09 21:40:27.394 Db corespeechd[598:5620e] [com.apple.coreaudio:AQ]      AudioQueueObject.cpp:5719  EnqueueBuffer: aq@0x710c4e800: bufid 1000, cmd 0x7104f8ee8, data 0x108398030: 0 bytes, 0 frames (trim 0/0), 0 packets, invalid ht, invalid st, outActualStartTime 0x0
2026-05-09 21:40:27.395 Db corespeechd[598:56b34] [com.apple.coreaudio:AQ]      AudioQueueObject.cpp:7205  ConvertInput: bufid 1001 0x0/0x800 bytes, 0/512 packets, mNumPacketDescriptions=0
2026-05-09 21:40:27.426 Db corespeechd[598:56b34] [com.apple.coreaudio:AQ]      AudioQueueObject.cpp:7205  ConvertInput: bufid 1001 0x0/0x800 bytes, 0/512 packets, mNumPacketDescriptions=0
2026-05-09 21:40:27.437 Db corespeechd[598:56b34] [com.apple.coreaudio:AQ]      AudioQueueObject.cpp:7205  ConvertInput: bufid 1001 0x0/0x800 bytes, 0/512 packets, mNumPacketDescriptions=0
2026-05-09 21:40:27.447 Db corespeechd[598:56b34] [com.apple.coreaudio:AQ]      AudioQueueObject.cpp:7205  ConvertInput: bufid 1001 0x0/0x800 bytes, 0/512 packets, mNumPacketDescriptions=0
2026-05-09 21:40:27.458 Db corespeechd[598:56b34] [com.apple.coreaudio:AQ]      AudioQueueObject.cpp:7205  ConvertInput: bufid 1001 0x0/0x800 bytes, 0/512 packets, mNumPacketDescriptions=0
2026-05-09 21:40:27.458 Db corespeechd[598:56b34] [com.apple.coreaudio:AQ]        AudioQueueObject.h:1269  AQFetch: Input ring buffer returning 0x400 frames, t: 0x52ed500 - 0x52ed900
2026-05-09 21:40:27.458 Db corespeechd[598:56b34] [com.apple.coreaudio:AQ]      AudioQueueObject.cpp:7354  EncoderInputProc: ->1024 fr, 4096 bytes @ t=86955264 fr
2026-05-09 21:40:27.458 Db corespeechd[598:56b34] [com.apple.coreaudio:AQ]      AudioQueueObject.cpp:7234  ConvertInput: <-0x200/0x200 packets, 0x800/0x800 bytes [buffer 1001]
2026-05-09 21:40:27.458 Db corespeechd[598:56b34] [com.apple.coreaudio:aqiotime]              AQIONode.cpp:122     ionode anchor 10389.043394, 86956223 st, 1.000000 rs
2026-05-09 21:40:27.458 Db corespeechd[598:56b34] [com.apple.coreaudio:AQ]      AudioQueueObject.cpp:7205  ConvertInput: bufid 1002 0x0/0x800 bytes, 0/512 packets, mNumPacketDescriptions=0
2026-05-09 21:40:27.458 Db corespeechd[598:56b34] [com.apple.coreaudio:AQ]      AudioQueueObject.cpp:7234  ConvertInput: <-0x200/0x200 packets, 0x800/0x800 bytes [buffer 1002]
2026-05-09 21:40:27.458 Db corespeechd[598:56b34] [com.apple.coreaudio:aqiotime]              AQIONode.cpp:122     ionode anchor 10389.043394, 86956223 st, 1.000000 rs
2026-05-09 21:40:27.458 Db corespeechd[598:56b34] [com.apple.coreaudio:AQ]      AudioQueueObject.cpp:7205  ConvertInput: bufid 1003 0x0/0x800 bytes, 0/512 packets, mNumPacketDescriptions=0
2026-05-09 21:40:27.458 Db corespeechd[598:56183] [com.apple.coreaudio:AQ]      AudioQueueObject.cpp:5719  EnqueueBuffer: aq@0x710c4e800: bufid 1001, cmd 0x7104f8fc8, data 0x108398870: 0 bytes, 0 frames (trim 0/0), 0 packets, invalid ht, invalid st, outActualStartTime 0x0
2026-05-09 21:40:27.459 Db corespeechd[598:56b34] [com.apple.coreaudio:AQ]      AudioQueueObject.cpp:7205  ConvertInput: bufid 1003 0x0/0x800 bytes, 0/512 packets, mNumPacketDescriptions=0
2026-05-09 21:40:27.459 Db corespeechd[598:56183] [com.apple.coreaudio:AQ]      AudioQueueObject.cpp:5719  EnqueueBuffer: aq@0x710c4e800: bufid 1002, cmd 0x7104f8f58, data 0x1083990b0: 0 bytes, 0 frames (trim 0/0), 0 packets, invalid ht, invalid st, outActualStartTime 0x0
2026-05-09 21:40:27.459 Db corespeechd[598:56b34] [com.apple.coreaudio:AQ]      AudioQueueObject.cpp:7205  ConvertInput: bufid 1003 0x0/0x800 bytes, 0/512 packets, mNumPacketDescriptions=0
2026-05-09 21:40:27.490 Db corespeechd[598:56b34] [com.apple.coreaudio:AQ]      AudioQueueObject.cpp:7205  ConvertInput: bufid 1003 0x0/0x800 bytes, 0/512 packets, mNumPacketDescriptions=0
2026-05-09 21:40:27.501 Db corespeechd[598:56b34] [com.apple.coreaudio:AQ]      AudioQueueObject.cpp:7205  ConvertInput: bufid 1003 0x0/0x800 bytes, 0/512 packets, mNumPacketDescriptions=0
2026-05-09 21:40:27.511 Db corespeechd[598:56b34] [com.apple.coreaudio:AQ]      AudioQueueObject.cpp:7205  ConvertInput: bufid 1003 0x0/0x800 bytes, 0/512 packets, mNumPacketDescriptions=0
2026-05-09 21:40:27.516 Df coreaudiod[5493:56b08] [com.apple.modelmanager:General] InferenceMonitor received event: Inferences Running
2026-05-09 21:40:27.516 Df coreaudiod[5493:56b08] (MacAudio) ModelManagerMonitor processing event with inferencesRunning = true
2026-05-09 21:40:27.516 Db coreaudiod[5493:56b08] [com.apple.audioanalytics:carc] Sending message. { reporterID=0, category=Undefined, type=generic }
2026-05-09 21:40:27.517 Df coreaudiod[5493:56b08] (AudioServerDriver) Setting dsp graph level parameter <private> on graph: <private> to 1.000000
2026-05-09 21:40:27.517 Db coreaudiod[5493:56b08] [com.apple.audioanalytics:carc] Sending message. { reporterID=0, category=Undefined, type=generic }
2026-05-09 21:40:27.517 Db audioanalyticsd[61133:5698c] [com.apple.audioanalytics:cars] sendMessage() called. { reporterID=<private>, category=Inference, type=Generic }
2026-05-09 21:40:27.517 Db audioanalyticsd[61133:5698c] [com.apple.audioanalytics:cars] sendMessage { reporterID=0 }
2026-05-09 21:40:27.517 Db audioanalyticsd[61133:5698c] [com.apple.audioanalytics:carr] Processing message. { reporterID=358183092617217, singleServerSession=false }
2026-05-09 21:40:27.517 Db audioanalyticsd[61133:5698c] [com.apple.audioanalytics:carr] Processing message. { reporterID=23592255356959, singleServerSession=false }
2026-05-09 21:40:27.517 Db audioanalyticsd[61133:5698c] [com.apple.audioanalytics:carr] Processing message. { reporterID=23592255356958, singleServerSession=false }
2026-05-09 21:40:27.517 Db audioanalyticsd[61133:5698c] [com.apple.audioanalytics:carr] Processing message. { reporterID=2924872728582, singleServerSession=false }
2026-05-09 21:40:27.517 Db audioanalyticsd[61133:5698c] [com.apple.audioanalytics:carr] Processing message. { reporterID=2954937499649, singleServerSession=false }
2026-05-09 21:40:27.517 Db audioanalyticsd[61133:5698c] [com.apple.audioanalytics:cars] sendMessage() called. { reporterID=<private>, category=Inference, type=Generic }
2026-05-09 21:40:27.517 Db audioanalyticsd[61133:5698c] [com.apple.audioanalytics:cars] sendMessage { reporterID=0 }
2026-05-09 21:40:27.518 Db audioanalyticsd[61133:5698c] [com.apple.audioanalytics:carr] Processing message. { reporterID=358183092617217, singleServerSession=false }
2026-05-09 21:40:27.518 Db audioanalyticsd[61133:5698c] [com.apple.audioanalytics:carr] Processing message. { reporterID=23592255356959, singleServerSession=false }
2026-05-09 21:40:27.519 Db audioanalyticsd[61133:5698c] [com.apple.audioanalytics:carr] Processing message. { reporterID=23592255356958, singleServerSession=false }
2026-05-09 21:40:27.519 Db audioanalyticsd[61133:5698c] [com.apple.audioanalytics:carr] Processing message. { reporterID=2924872728582, singleServerSession=false }
2026-05-09 21:40:27.520 Db audioanalyticsd[61133:5698c] [com.apple.audioanalytics:carr] Processing message. { reporterID=2954937499649, singleServerSession=false }
2026-05-09 21:40:27.522 Db corespeechd[598:56b34] [com.apple.coreaudio:AQ]      AudioQueueObject.cpp:7205  ConvertInput: bufid 1003 0x0/0x800 bytes, 0/512 packets, mNumPacketDescriptions=0
2026-05-09 21:40:27.522 Db corespeechd[598:56b34] [com.apple.coreaudio:AQ]        AudioQueueObject.h:1269  AQFetch: Input ring buffer returning 0x400 frames, t: 0x52ed900 - 0x52edd00
2026-05-09 21:40:27.522 Db corespeechd[598:56b34] [com.apple.coreaudio:AQ]      AudioQueueObject.cpp:7354  EncoderInputProc: ->1024 fr, 4096 bytes @ t=86956288 fr
2026-05-09 21:40:27.522 Db corespeechd[598:56b34] [com.apple.coreaudio:AQ]      AudioQueueObject.cpp:7234  ConvertInput: <-0x200/0x200 packets, 0x800/0x800 bytes [buffer 1003]
2026-05-09 21:40:27.522 Db corespeechd[598:56b34] [com.apple.coreaudio:aqiotime]              AQIONode.cpp:122     ionode anchor 10389.107394, 86957247 st, 1.000000 rs
2026-05-09 21:40:27.522 Db corespeechd[598:56b34] [com.apple.coreaudio:AQ]      AudioQueueObject.cpp:7205  ConvertInput: bufid 1000 0x0/0x800 bytes, 0/512 packets, mNumPacketDescriptions=0
2026-05-09 21:40:27.522 Db corespeechd[598:56b34] [com.apple.coreaudio:AQ]      AudioQueueObject.cpp:7234  ConvertInput: <-0x200/0x200 packets, 0x800/0x800 bytes [buffer 1000]
2026-05-09 21:40:27.522 Db corespeechd[598:56b34] [com.apple.coreaudio:aqiotime]              AQIONode.cpp:122     ionode anchor 10389.107394, 86957247 st, 1.000000 rs
2026-05-09 21:40:27.522 Db corespeechd[598:5620e] [com.apple.coreaudio:AQ]      AudioQueueObject.cpp:5719  EnqueueBuffer: aq@0x710c4e800: bufid 1003, cmd 0x7104f8e78, data 0x1083998f0: 0 bytes, 0 frames (trim 0/0), 0 packets, invalid ht, invalid st, outActualStartTime 0x0
2026-05-09 21:40:27.522 Db corespeechd[598:56b34] [com.apple.coreaudio:AQ]      AudioQueueObject.cpp:7205  ConvertInput: bufid 1001 0x0/0x800 bytes, 0/512 packets, mNumPacketDescriptions=0
2026-05-09 21:40:27.522 Db corespeechd[598:5620e] [com.apple.coreaudio:AQ]      AudioQueueObject.cpp:5719  EnqueueBuffer: aq@0x710c4e800: bufid 1000, cmd 0x7104f8ee8, data 0x108398030: 0 bytes, 0 frames (trim 0/0), 0 packets, invalid ht, invalid st, outActualStartTime 0x0
2026-05-09 21:40:27.522 Db corespeechd[598:56b34] [com.apple.coreaudio:AQ]      AudioQueueObject.cpp:7205  ConvertInput: bufid 1001 0x0/0x800 bytes, 0/512 packets, mNumPacketDescriptions=0
2026-05-09 21:40:27.554 Db corespeechd[598:56b34] [com.apple.coreaudio:AQ]      AudioQueueObject.cpp:7205  ConvertInput: bufid 1001 0x0/0x800 bytes, 0/512 packets, mNumPacketDescriptions=0
2026-05-09 21:40:27.565 Db corespeechd[598:56b34] [com.apple.coreaudio:AQ]      AudioQueueObject.cpp:7205  ConvertInput: bufid 1001 0x0/0x800 bytes, 0/512 packets, mNumPacketDescriptions=0
2026-05-09 21:40:27.575 Db corespeechd[598:56b34] [com.apple.coreaudio:AQ]      AudioQueueObject.cpp:7205  ConvertInput: bufid 1001 0x0/0x800 bytes, 0/512 packets, mNumPacketDescriptions=0
2026-05-09 21:40:27.586 Db corespeechd[598:56b34] [com.apple.coreaudio:AQ]      AudioQueueObject.cpp:7205  ConvertInput: bufid 1001 0x0/0x800 bytes, 0/512 packets, mNumPacketDescriptions=0
2026-05-09 21:40:27.586 Db corespeechd[598:56b34] [com.apple.coreaudio:AQ]        AudioQueueObject.h:1269  AQFetch: Input ring buffer returning 0x400 frames, t: 0x52edd00 - 0x52ee100
2026-05-09 21:40:27.586 Db corespeechd[598:56b34] [com.apple.coreaudio:AQ]      AudioQueueObject.cpp:7354  EncoderInputProc: ->1024 fr, 4096 bytes @ t=86957312 fr
2026-05-09 21:40:27.586 Db corespeechd[598:56b34] [com.apple.coreaudio:AQ]      AudioQueueObject.cpp:7234  ConvertInput: <-0x200/0x200 packets, 0x800/0x800 bytes [buffer 1001]
2026-05-09 21:40:27.586 Db corespeechd[598:56b34] [com.apple.coreaudio:aqiotime]              AQIONode.cpp:122     ionode anchor 10389.171394, 86958271 st, 1.000000 rs
2026-05-09 21:40:27.586 Db corespeechd[598:56b34] [com.apple.coreaudio:AQ]      AudioQueueObject.cpp:7205  ConvertInput: bufid 1002 0x0/0x800 bytes, 0/512 packets, mNumPacketDescriptions=0
2026-05-09 21:40:27.586 Db corespeechd[598:56b34] [com.apple.coreaudio:AQ]      AudioQueueObject.cpp:7234  ConvertInput: <-0x200/0x200 packets, 0x800/0x800 bytes [buffer 1002]
2026-05-09 21:40:27.586 Db corespeechd[598:56b34] [com.apple.coreaudio:aqiotime]              AQIONode.cpp:122     ionode anchor 10389.171394, 86958271 st, 1.000000 rs
2026-05-09 21:40:27.586 Db corespeechd[598:5620e] [com.apple.coreaudio:AQ]      AudioQueueObject.cpp:5719  EnqueueBuffer: aq@0x710c4e800: bufid 1001, cmd 0x7104f8fc8, data 0x108398870: 0 bytes, 0 frames (trim 0/0), 0 packets, invalid ht, invalid st, outActualStartTime 0x0
2026-05-09 21:40:27.586 Db corespeechd[598:56b34] [com.apple.coreaudio:AQ]      AudioQueueObject.cpp:7205  ConvertInput: bufid 1003 0x0/0x800 bytes, 0/512 packets, mNumPacketDescriptions=0
2026-05-09 21:40:27.586 Db corespeechd[598:5620e] [com.apple.coreaudio:AQ]      AudioQueueObject.cpp:5719  EnqueueBuffer: aq@0x710c4e800: bufid 1002, cmd 0x7104f8f58, data 0x1083990b0: 0 bytes, 0 frames (trim 0/0), 0 packets, invalid ht, invalid st, outActualStartTime 0x0
2026-05-09 21:40:27.587 Db corespeechd[598:56b34] [com.apple.coreaudio:AQ]      AudioQueueObject.cpp:7205  ConvertInput: bufid 1003 0x0/0x800 bytes, 0/512 packets, mNumPacketDescriptions=0
2026-05-09 21:40:27.618 Db corespeechd[598:56b34] [com.apple.coreaudio:AQ]      AudioQueueObject.cpp:7205  ConvertInput: bufid 1003 0x0/0x800 bytes, 0/512 packets, mNumPacketDescriptions=0
2026-05-09 21:40:27.629 Db corespeechd[598:56b34] [com.apple.coreaudio:AQ]      AudioQueueObject.cpp:7205  ConvertInput: bufid 1003 0x0/0x800 bytes, 0/512 packets, mNumPacketDescriptions=0
2026-05-09 21:40:27.639 Db corespeechd[598:56b34] [com.apple.coreaudio:AQ]      AudioQueueObject.cpp:7205  ConvertInput: bufid 1003 0x0/0x800 bytes, 0/512 packets, mNumPacketDescriptions=0
2026-05-09 21:40:27.650 Db corespeechd[598:56b34] [com.apple.coreaudio:AQ]      AudioQueueObject.cpp:7205  ConvertInput: bufid 1003 0x0/0x800 bytes, 0/512 packets, mNumPacketDescriptions=0
2026-05-09 21:40:27.650 Db corespeechd[598:56b34] [com.apple.coreaudio:AQ]        AudioQueueObject.h:1269  AQFetch: Input ring buffer returning 0x400 frames, t: 0x52ee100 - 0x52ee500
2026-05-09 21:40:27.650 Db corespeechd[598:56b34] [com.apple.coreaudio:AQ]      AudioQueueObject.cpp:7354  EncoderInputProc: ->1024 fr, 4096 bytes @ t=86958336 fr
2026-05-09 21:40:27.650 Db corespeechd[598:56b34] [com.apple.coreaudio:AQ]      AudioQueueObject.cpp:7234  ConvertInput: <-0x200/0x200 packets, 0x800/0x800 bytes [buffer 1003]
2026-05-09 21:40:27.650 Db corespeechd[598:56b34] [com.apple.coreaudio:aqiotime]              AQIONode.cpp:122     ionode anchor 10389.235394, 86959295 st, 1.000000 rs
2026-05-09 21:40:27.650 Db corespeechd[598:56b34] [com.apple.coreaudio:AQ]      AudioQueueObject.cpp:7205  ConvertInput: bufid 1000 0x0/0x800 bytes, 0/512 packets, mNumPacketDescriptions=0
2026-05-09 21:40:27.650 Db corespeechd[598:56b34] [com.apple.coreaudio:AQ]      AudioQueueObject.cpp:7234  ConvertInput: <-0x200/0x200 packets, 0x800/0x800 bytes [buffer 1000]
2026-05-09 21:40:27.650 Db corespeechd[598:56b34] [com.apple.coreaudio:aqiotime]              AQIONode.cpp:122     ionode anchor 10389.235394, 86959295 st, 1.000000 rs
2026-05-09 21:40:27.650 Db corespeechd[598:5620e] [com.apple.coreaudio:AQ]      AudioQueueObject.cpp:5719  EnqueueBuffer: aq@0x710c4e800: bufid 1003, cmd 0x7104f8e78, data 0x1083998f0: 0 bytes, 0 frames (trim 0/0), 0 packets, invalid ht, invalid st, outActualStartTime 0x0
2026-05-09 21:40:27.650 Db corespeechd[598:56b34] [com.apple.coreaudio:AQ]      AudioQueueObject.cpp:7205  ConvertInput: bufid 1001 0x0/0x800 bytes, 0/512 packets, mNumPacketDescriptions=0
2026-05-09 21:40:27.650 Db corespeechd[598:5620e] [com.apple.coreaudio:AQ]      AudioQueueObject.cpp:5719  EnqueueBuffer: aq@0x710c4e800: bufid 1000, cmd 0x7104f8ee8, data 0x108398030: 0 bytes, 0 frames (trim 0/0), 0 packets, invalid ht, invalid st, outActualStartTime 0x0
2026-05-09 21:40:27.650 Db corespeechd[598:56b34] [com.apple.coreaudio:AQ]      AudioQueueObject.cpp:7205  ConvertInput: bufid 1001 0x0/0x800 bytes, 0/512 packets, mNumPacketDescriptions=0
2026-05-09 21:40:27.682 Db corespeechd[598:56b34] [com.apple.coreaudio:AQ]      AudioQueueObject.cpp:7205  ConvertInput: bufid 1001 0x0/0x800 bytes, 0/512 packets, mNumPacketDescriptions=0
2026-05-09 21:40:27.693 Db corespeechd[598:56b34] [com.apple.coreaudio:AQ]      AudioQueueObject.cpp:7205  ConvertInput: bufid 1001 0x0/0x800 bytes, 0/512 packets, mNumPacketDescriptions=0
2026-05-09 21:40:27.703 Db corespeechd[598:56b34] [com.apple.coreaudio:AQ]      AudioQueueObject.cpp:7205  ConvertInput: bufid 1001 0x0/0x800 bytes, 0/512 packets, mNumPacketDescriptions=0
2026-05-09 21:40:27.714 Db corespeechd[598:56b34] [com.apple.coreaudio:AQ]      AudioQueueObject.cpp:7205  ConvertInput: bufid 1001 0x0/0x800 bytes, 0/512 packets, mNumPacketDescriptions=0
2026-05-09 21:40:27.714 Db corespeechd[598:56b34] [com.apple.coreaudio:AQ]        AudioQueueObject.h:1269  AQFetch: Input ring buffer returning 0x280 frames, t: 0x52ee500 - 0x52ee780
2026-05-09 21:40:27.714 Db corespeechd[598:56b34] [com.apple.coreaudio:AQ]      AudioQueueObject.cpp:7354  EncoderInputProc: ->640 fr, 2560 bytes @ t=86959360 fr
2026-05-09 21:40:27.714 Db corespeechd[598:56b34] [com.apple.coreaudio:AQ]      AudioQueueObject.cpp:7234  ConvertInput: <-0x200/0x200 packets, 0x800/0x800 bytes [buffer 1001]
2026-05-09 21:40:27.714 Db corespeechd[598:56b34] [com.apple.coreaudio:aqiotime]              AQIONode.cpp:122     ionode anchor 10389.299394, 86960319 st, 1.000000 rs
2026-05-09 21:40:27.714 Db corespeechd[598:56b34] [com.apple.coreaudio:AQ]      AudioQueueObject.cpp:7205  ConvertInput: bufid 1002 0x0/0x800 bytes, 0/512 packets, mNumPacketDescriptions=0
2026-05-09 21:40:27.714 Db corespeechd[598:56b34] [com.apple.coreaudio:AQ]      AudioQueueObject.cpp:7234  ConvertInput: <-0x200/0x200 packets, 0x800/0x800 bytes [buffer 1002]
2026-05-09 21:40:27.714 Db corespeechd[598:56b34] [com.apple.coreaudio:aqiotime]              AQIONode.cpp:122     ionode anchor 10389.299394, 86960319 st, 1.000000 rs
2026-05-09 21:40:27.714 Db corespeechd[598:5618a] [com.apple.coreaudio:AQ]      AudioQueueObject.cpp:5719  EnqueueBuffer: aq@0x710c4e800: bufid 1001, cmd 0x7104f8fc8, data 0x108398870: 0 bytes, 0 frames (trim 0/0), 0 packets, invalid ht, invalid st, outActualStartTime 0x0
2026-05-09 21:40:27.714 Db corespeechd[598:56b34] [com.apple.coreaudio:AQ]      AudioQueueObject.cpp:7205  ConvertInput: bufid 1003 0x0/0x800 bytes, 0/512 packets, mNumPacketDescriptions=0
2026-05-09 21:40:27.714 Db corespeechd[598:565e6] [com.apple.coreaudio:AQ]      AudioQueueObject.cpp:5719  EnqueueBuffer: aq@0x710c4e800: bufid 1002, cmd 0x7104f8f58, data 0x1083990b0: 0 bytes, 0 frames (trim 0/0), 0 packets, invalid ht, invalid st, outActualStartTime 0x0
2026-05-09 21:40:27.715 Db corespeechd[598:56b34] [com.apple.coreaudio:AQ]      AudioQueueObject.cpp:7205  ConvertInput: bufid 1003 0x0/0x800 bytes, 0/512 packets, mNumPacketDescriptions=0
2026-05-09 21:40:27.725 Db corespeechd[598:56b34] [com.apple.coreaudio:AQ]      AudioQueueObject.cpp:7205  ConvertInput: bufid 1003 0x0/0x800 bytes, 0/512 packets, mNumPacketDescriptions=0
2026-05-09 21:40:27.735 Db corespeechd[598:56b34] [com.apple.coreaudio:AQ]      AudioQueueObject.cpp:7205  ConvertInput: bufid 1003 0x0/0x800 bytes, 0/512 packets, mNumPacketDescriptions=0
2026-05-09 21:40:27.746 Db corespeechd[598:56b34] [com.apple.coreaudio:AQ]      AudioQueueObject.cpp:7205  ConvertInput: bufid 1003 0x0/0x800 bytes, 0/512 packets, mNumPacketDescriptions=0
2026-05-09 21:40:27.757 Db corespeechd[598:56b34] [com.apple.coreaudio:AQ]      AudioQueueObject.cpp:7205  ConvertInput: bufid 1003 0x0/0x800 bytes, 0/512 packets, mNumPacketDescriptions=0
2026-05-09 21:40:27.757 Db corespeechd[598:56b34] [com.apple.coreaudio:AQ]        AudioQueueObject.h:1269  AQFetch: Input ring buffer returning 0x400 frames, t: 0x52ee780 - 0x52eeb80
2026-05-09 21:40:27.757 Db corespeechd[598:56b34] [com.apple.coreaudio:AQ]      AudioQueueObject.cpp:7354  EncoderInputProc: ->1024 fr, 4096 bytes @ t=86960000 fr
2026-05-09 21:40:27.757 Db corespeechd[598:56b34] [com.apple.coreaudio:AQ]      AudioQueueObject.cpp:7234  ConvertInput: <-0x200/0x200 packets, 0x800/0x800 bytes [buffer 1003]
2026-05-09 21:40:27.757 Db corespeechd[598:56b34] [com.apple.coreaudio:aqiotime]              AQIONode.cpp:122     ionode anchor 10389.342060, 86961002 st, 1.000000 rs
2026-05-09 21:40:27.757 Db corespeechd[598:56b34] [com.apple.coreaudio:AQ]      AudioQueueObject.cpp:7205  ConvertInput: bufid 1000 0x0/0x800 bytes, 0/512 packets, mNumPacketDescriptions=0
