2026-05-09 22:13:06.291 Db corespeechd[598:681ae] [com.apple.coreaudio:AQ]      AudioQueueObject.cpp:7205  ConvertInput: bufid 1004 0x0/0x800 bytes, 0/512 packets, mNumPacketDescriptions=0
2026-05-09 22:13:06.291 Db corespeechd[598:681ae] [com.apple.coreaudio:AQ]        AudioQueueObject.h:1269  AQFetch: Input ring buffer returning 0x400 frames, t: 0x811400 - 0x811800
2026-05-09 22:13:06.291 Db corespeechd[598:681ae] [com.apple.coreaudio:AQ]      AudioQueueObject.cpp:7354  EncoderInputProc: ->1024 fr, 4096 bytes @ t=8459264 fr
2026-05-09 22:13:06.291 Db corespeechd[598:681ae] [com.apple.coreaudio:AQ]      AudioQueueObject.cpp:7234  ConvertInput: <-0x200/0x200 packets, 0x800/0x800 bytes [buffer 1004]
2026-05-09 22:13:06.291 Db corespeechd[598:681ae] [com.apple.coreaudio:aqiotime]              AQIONode.cpp:122     ionode anchor 12347.875946, 8460251 st, 1.000000 rs
2026-05-09 22:13:06.291 Db corespeechd[598:681ae] [com.apple.coreaudio:AQ]      AudioQueueObject.cpp:7205  ConvertInput: bufid 1005 0x0/0x800 bytes, 0/512 packets, mNumPacketDescriptions=0
2026-05-09 22:13:06.291 Db corespeechd[598:681ae] [com.apple.coreaudio:AQ]      AudioQueueObject.cpp:7234  ConvertInput: <-0x200/0x200 packets, 0x800/0x800 bytes [buffer 1005]
2026-05-09 22:13:06.291 Db corespeechd[598:681ae] [com.apple.coreaudio:aqiotime]              AQIONode.cpp:122     ionode anchor 12347.875946, 8460251 st, 1.000000 rs
2026-05-09 22:13:06.291 Db corespeechd[598:681ad] [com.apple.coreaudio:AQ]      AudioQueueObject.cpp:5719  EnqueueBuffer: aq@0x710c4e800: bufid 1004, cmd 0x7104f8f58, data 0x108398030: 0 bytes, 0 frames (trim 0/0), 0 packets, invalid ht, invalid st, outActualStartTime 0x0
2026-05-09 22:13:06.291 Db corespeechd[598:681ae] [com.apple.coreaudio:AQ]      AudioQueueObject.cpp:7205  ConvertInput: bufid 1006 0x0/0x800 bytes, 0/512 packets, mNumPacketDescriptions=0
2026-05-09 22:13:06.291 Db corespeechd[598:681ad] [com.apple.coreaudio:AQ]      AudioQueueObject.cpp:5719  EnqueueBuffer: aq@0x710c4e800: bufid 1005, cmd 0x7104f93b8, data 0x108398870: 0 bytes, 0 frames (trim 0/0), 0 packets, invalid ht, invalid st, outActualStartTime 0x0
2026-05-09 22:13:06.291 Db corespeechd[598:681ae] [com.apple.coreaudio:AQ]      AudioQueueObject.cpp:7205  ConvertInput: bufid 1006 0x0/0x800 bytes, 0/512 packets, mNumPacketDescriptions=0
2026-05-09 22:13:06.323 Db corespeechd[598:681ae] [com.apple.coreaudio:AQ]      AudioQueueObject.cpp:7205  ConvertInput: bufid 1006 0x0/0x800 bytes, 0/512 packets, mNumPacketDescriptions=0
2026-05-09 22:13:06.333 Db corespeechd[598:681ae] [com.apple.coreaudio:AQ]      AudioQueueObject.cpp:7205  ConvertInput: bufid 1006 0x0/0x800 bytes, 0/512 packets, mNumPacketDescriptions=0
2026-05-09 22:13:06.344 Db corespeechd[598:681ae] [com.apple.coreaudio:AQ]      AudioQueueObject.cpp:7205  ConvertInput: bufid 1006 0x0/0x800 bytes, 0/512 packets, mNumPacketDescriptions=0
2026-05-09 22:13:06.355 Db corespeechd[598:681ae] [com.apple.coreaudio:AQ]      AudioQueueObject.cpp:7205  ConvertInput: bufid 1006 0x0/0x800 bytes, 0/512 packets, mNumPacketDescriptions=0
2026-05-09 22:13:06.355 Db corespeechd[598:681ae] [com.apple.coreaudio:AQ]        AudioQueueObject.h:1269  AQFetch: Input ring buffer returning 0x400 frames, t: 0x811800 - 0x811c00
2026-05-09 22:13:06.355 Db corespeechd[598:681ae] [com.apple.coreaudio:AQ]      AudioQueueObject.cpp:7354  EncoderInputProc: ->1024 fr, 4096 bytes @ t=8460288 fr
2026-05-09 22:13:06.355 Db corespeechd[598:681ae] [com.apple.coreaudio:AQ]      AudioQueueObject.cpp:7234  ConvertInput: <-0x200/0x200 packets, 0x800/0x800 bytes [buffer 1006]
2026-05-09 22:13:06.355 Db corespeechd[598:681ae] [com.apple.coreaudio:aqiotime]              AQIONode.cpp:122     ionode anchor 12347.939946, 8461275 st, 1.000000 rs
2026-05-09 22:13:06.355 Db corespeechd[598:681ae] [com.apple.coreaudio:AQ]      AudioQueueObject.cpp:7205  ConvertInput: bufid 1007 0x0/0x800 bytes, 0/512 packets, mNumPacketDescriptions=0
2026-05-09 22:13:06.355 Db corespeechd[598:681ae] [com.apple.coreaudio:AQ]      AudioQueueObject.cpp:7234  ConvertInput: <-0x200/0x200 packets, 0x800/0x800 bytes [buffer 1007]
2026-05-09 22:13:06.355 Db corespeechd[598:681ae] [com.apple.coreaudio:aqiotime]              AQIONode.cpp:122     ionode anchor 12347.939946, 8461275 st, 1.000000 rs
2026-05-09 22:13:06.355 Db corespeechd[598:66880] [com.apple.coreaudio:AQ]      AudioQueueObject.cpp:5719  EnqueueBuffer: aq@0x710c4e800: bufid 1006, cmd 0x7104f8e78, data 0x1083990b0: 0 bytes, 0 frames (trim 0/0), 0 packets, invalid ht, invalid st, outActualStartTime 0x0
2026-05-09 22:13:06.355 Db corespeechd[598:681ae] [com.apple.coreaudio:AQ]      AudioQueueObject.cpp:7205  ConvertInput: bufid 1004 0x0/0x800 bytes, 0/512 packets, mNumPacketDescriptions=0
2026-05-09 22:13:06.355 Db corespeechd[598:66880] [com.apple.coreaudio:AQ]      AudioQueueObject.cpp:5719  EnqueueBuffer: aq@0x710c4e800: bufid 1007, cmd 0x7104f8fc8, data 0x1083998f0: 0 bytes, 0 frames (trim 0/0), 0 packets, invalid ht, invalid st, outActualStartTime 0x0
2026-05-09 22:13:06.355 Db corespeechd[598:681ae] [com.apple.coreaudio:AQ]      AudioQueueObject.cpp:7205  ConvertInput: bufid 1004 0x0/0x800 bytes, 0/512 packets, mNumPacketDescriptions=0
2026-05-09 22:13:06.387 Db corespeechd[598:681ae] [com.apple.coreaudio:AQ]      AudioQueueObject.cpp:7205  ConvertInput: bufid 1004 0x0/0x800 bytes, 0/512 packets, mNumPacketDescriptions=0
2026-05-09 22:13:06.397 Db corespeechd[598:681ae] [com.apple.coreaudio:AQ]      AudioQueueObject.cpp:7205  ConvertInput: bufid 1004 0x0/0x800 bytes, 0/512 packets, mNumPacketDescriptions=0
2026-05-09 22:13:06.398 Df coreaudiod[93820:68185] [com.apple.modelmanager:General] InferenceMonitor received event: Inferences Not Running
2026-05-09 22:13:06.399 Df coreaudiod[93820:68185] (MacAudio) ModelManagerMonitor processing event with inferencesRunning = false
2026-05-09 22:13:06.399 Db coreaudiod[93820:68185] [com.apple.audioanalytics:carc] Sending message. { reporterID=0, category=Undefined, type=generic }
2026-05-09 22:13:06.399 Db audioanalyticsd[61133:6746c] [com.apple.audioanalytics:cars] sendMessage() called. { reporterID=<private>, category=Inference, type=Generic }
2026-05-09 22:13:06.399 Db audioanalyticsd[61133:6746c] [com.apple.audioanalytics:cars] sendMessage { reporterID=0 }
2026-05-09 22:13:06.400 Db audioanalyticsd[61133:6746c] [com.apple.audioanalytics:carr] Processing message. { reporterID=392972327714819, singleServerSession=false }
2026-05-09 22:13:06.400 Db audioanalyticsd[61133:6746c] [com.apple.audioanalytics:carr] Processing message. { reporterID=404405530656769, singleServerSession=false }
2026-05-09 22:13:06.400 Df coreaudiod[93820:68185] [com.apple.modelmanager:General] InferenceMonitor received event: Inferences Running
2026-05-09 22:13:06.400 Df coreaudiod[93820:68185] (MacAudio) ModelManagerMonitor processing event with inferencesRunning = true
2026-05-09 22:13:06.400 Db coreaudiod[93820:68185] [com.apple.audioanalytics:carc] Sending message. { reporterID=0, category=Undefined, type=generic }
2026-05-09 22:13:06.400 Db audioanalyticsd[61133:6746c] [com.apple.audioanalytics:carr] Processing message. { reporterID=402953831710726, singleServerSession=false }
2026-05-09 22:13:06.401 Db audioanalyticsd[61133:6746c] [com.apple.audioanalytics:carr] Processing message. { reporterID=424832395116547, singleServerSession=false }
2026-05-09 22:13:06.401 Db audioanalyticsd[61133:6746c] [com.apple.audioanalytics:carr] Processing message. { reporterID=424832395116548, singleServerSession=false }
2026-05-09 22:13:06.401 Db audioanalyticsd[61133:6746c] [com.apple.audioanalytics:carr] Processing message. { reporterID=2954937499649, singleServerSession=false }
2026-05-09 22:13:06.401 Db audioanalyticsd[61133:6746c] [com.apple.audioanalytics:cars] sendMessage() called. { reporterID=<private>, category=Inference, type=Generic }
2026-05-09 22:13:06.401 Db audioanalyticsd[61133:6746c] [com.apple.audioanalytics:cars] sendMessage { reporterID=0 }
2026-05-09 22:13:06.401 Db audioanalyticsd[61133:6746c] [com.apple.audioanalytics:carr] Processing message. { reporterID=392972327714819, singleServerSession=false }
2026-05-09 22:13:06.401 Db audioanalyticsd[61133:6746c] [com.apple.audioanalytics:carr] Processing message. { reporterID=404405530656769, singleServerSession=false }
2026-05-09 22:13:06.401 Db audioanalyticsd[61133:6746c] [com.apple.audioanalytics:carr] Processing message. { reporterID=402953831710726, singleServerSession=false }
2026-05-09 22:13:06.401 Db audioanalyticsd[61133:6746c] [com.apple.audioanalytics:carr] Processing message. { reporterID=424832395116547, singleServerSession=false }
2026-05-09 22:13:06.401 Db audioanalyticsd[61133:6746c] [com.apple.audioanalytics:carr] Processing message. { reporterID=424832395116548, singleServerSession=false }
2026-05-09 22:13:06.401 Db audioanalyticsd[61133:6746c] [com.apple.audioanalytics:carr] Processing message. { reporterID=2954937499649, singleServerSession=false }
2026-05-09 22:13:06.408 Db corespeechd[598:681ae] [com.apple.coreaudio:AQ]      AudioQueueObject.cpp:7205  ConvertInput: bufid 1004 0x0/0x800 bytes, 0/512 packets, mNumPacketDescriptions=0
2026-05-09 22:13:06.419 Db corespeechd[598:681ae] [com.apple.coreaudio:AQ]      AudioQueueObject.cpp:7205  ConvertInput: bufid 1004 0x0/0x800 bytes, 0/512 packets, mNumPacketDescriptions=0
2026-05-09 22:13:06.419 Db corespeechd[598:681ae] [com.apple.coreaudio:AQ]        AudioQueueObject.h:1269  AQFetch: Input ring buffer returning 0x400 frames, t: 0x811c00 - 0x812000
2026-05-09 22:13:06.419 Db corespeechd[598:681ae] [com.apple.coreaudio:AQ]      AudioQueueObject.cpp:7354  EncoderInputProc: ->1024 fr, 4096 bytes @ t=8461312 fr
2026-05-09 22:13:06.419 Db corespeechd[598:681ae] [com.apple.coreaudio:AQ]      AudioQueueObject.cpp:7234  ConvertInput: <-0x200/0x200 packets, 0x800/0x800 bytes [buffer 1004]
2026-05-09 22:13:06.419 Db corespeechd[598:681ae] [com.apple.coreaudio:aqiotime]              AQIONode.cpp:122     ionode anchor 12348.003946, 8462299 st, 1.000000 rs
2026-05-09 22:13:06.419 Db corespeechd[598:681ae] [com.apple.coreaudio:AQ]      AudioQueueObject.cpp:7205  ConvertInput: bufid 1005 0x0/0x800 bytes, 0/512 packets, mNumPacketDescriptions=0
2026-05-09 22:13:06.419 Db corespeechd[598:681ae] [com.apple.coreaudio:AQ]      AudioQueueObject.cpp:7234  ConvertInput: <-0x200/0x200 packets, 0x800/0x800 bytes [buffer 1005]
2026-05-09 22:13:06.419 Db corespeechd[598:681ae] [com.apple.coreaudio:aqiotime]              AQIONode.cpp:122     ionode anchor 12348.003946, 8462299 st, 1.000000 rs
2026-05-09 22:13:06.419 Db corespeechd[598:681ae] [com.apple.coreaudio:AQ]      AudioQueueObject.cpp:7205  ConvertInput: bufid 1006 0x0/0x800 bytes, 0/512 packets, mNumPacketDescriptions=0
2026-05-09 22:13:06.419 Db corespeechd[598:681ad] [com.apple.coreaudio:AQ]      AudioQueueObject.cpp:5719  EnqueueBuffer: aq@0x710c4e800: bufid 1004, cmd 0x7104f8f58, data 0x108398030: 0 bytes, 0 frames (trim 0/0), 0 packets, invalid ht, invalid st, outActualStartTime 0x0
2026-05-09 22:13:06.419 Db corespeechd[598:681ae] [com.apple.coreaudio:AQ]      AudioQueueObject.cpp:7205  ConvertInput: bufid 1006 0x0/0x800 bytes, 0/512 packets, mNumPacketDescriptions=0
2026-05-09 22:13:06.419 Db corespeechd[598:681ad] [com.apple.coreaudio:AQ]      AudioQueueObject.cpp:5719  EnqueueBuffer: aq@0x710c4e800: bufid 1005, cmd 0x7104f93b8, data 0x108398870: 0 bytes, 0 frames (trim 0/0), 0 packets, invalid ht, invalid st, outActualStartTime 0x0
2026-05-09 22:13:06.419 Db corespeechd[598:681ae] [com.apple.coreaudio:AQ]      AudioQueueObject.cpp:7205  ConvertInput: bufid 1006 0x0/0x800 bytes, 0/512 packets, mNumPacketDescriptions=0
2026-05-09 22:13:06.451 Db corespeechd[598:681ae] [com.apple.coreaudio:AQ]      AudioQueueObject.cpp:7205  ConvertInput: bufid 1006 0x0/0x800 bytes, 0/512 packets, mNumPacketDescriptions=0
2026-05-09 22:13:06.461 Db corespeechd[598:681ae] [com.apple.coreaudio:AQ]      AudioQueueObject.cpp:7205  ConvertInput: bufid 1006 0x0/0x800 bytes, 0/512 packets, mNumPacketDescriptions=0
2026-05-09 22:13:06.472 Db corespeechd[598:681ae] [com.apple.coreaudio:AQ]      AudioQueueObject.cpp:7205  ConvertInput: bufid 1006 0x0/0x800 bytes, 0/512 packets, mNumPacketDescriptions=0
2026-05-09 22:13:06.483 Db corespeechd[598:681ae] [com.apple.coreaudio:AQ]      AudioQueueObject.cpp:7205  ConvertInput: bufid 1006 0x0/0x800 bytes, 0/512 packets, mNumPacketDescriptions=0
2026-05-09 22:13:06.483 Db corespeechd[598:681ae] [com.apple.coreaudio:AQ]        AudioQueueObject.h:1269  AQFetch: Input ring buffer returning 0x400 frames, t: 0x812000 - 0x812400
2026-05-09 22:13:06.483 Db corespeechd[598:681ae] [com.apple.coreaudio:AQ]      AudioQueueObject.cpp:7354  EncoderInputProc: ->1024 fr, 4096 bytes @ t=8462336 fr
2026-05-09 22:13:06.483 Db corespeechd[598:681ae] [com.apple.coreaudio:AQ]      AudioQueueObject.cpp:7234  ConvertInput: <-0x200/0x200 packets, 0x800/0x800 bytes [buffer 1006]
2026-05-09 22:13:06.483 Db corespeechd[598:681ae] [com.apple.coreaudio:aqiotime]              AQIONode.cpp:122     ionode anchor 12348.067946, 8463323 st, 1.000000 rs
2026-05-09 22:13:06.483 Db corespeechd[598:681ae] [com.apple.coreaudio:AQ]      AudioQueueObject.cpp:7205  ConvertInput: bufid 1007 0x0/0x800 bytes, 0/512 packets, mNumPacketDescriptions=0
2026-05-09 22:13:06.483 Db corespeechd[598:681ae] [com.apple.coreaudio:AQ]      AudioQueueObject.cpp:7234  ConvertInput: <-0x200/0x200 packets, 0x800/0x800 bytes [buffer 1007]
2026-05-09 22:13:06.483 Db corespeechd[598:681ae] [com.apple.coreaudio:aqiotime]              AQIONode.cpp:122     ionode anchor 12348.067946, 8463323 st, 1.000000 rs
2026-05-09 22:13:06.483 Db corespeechd[598:681ae] [com.apple.coreaudio:AQ]      AudioQueueObject.cpp:7205  ConvertInput: bufid 1004 0x0/0x800 bytes, 0/512 packets, mNumPacketDescriptions=0
2026-05-09 22:13:06.483 Db corespeechd[598:68195] [com.apple.coreaudio:AQ]      AudioQueueObject.cpp:5719  EnqueueBuffer: aq@0x710c4e800: bufid 1006, cmd 0x7104f8fc8, data 0x1083990b0: 0 bytes, 0 frames (trim 0/0), 0 packets, invalid ht, invalid st, outActualStartTime 0x0
2026-05-09 22:13:06.483 Db corespeechd[598:681ae] [com.apple.coreaudio:AQ]      AudioQueueObject.cpp:7205  ConvertInput: bufid 1004 0x0/0x800 bytes, 0/512 packets, mNumPacketDescriptions=0
2026-05-09 22:13:06.483 Db corespeechd[598:68195] [com.apple.coreaudio:AQ]      AudioQueueObject.cpp:5719  EnqueueBuffer: aq@0x710c4e800: bufid 1007, cmd 0x7104f8e78, data 0x1083998f0: 0 bytes, 0 frames (trim 0/0), 0 packets, invalid ht, invalid st, outActualStartTime 0x0
2026-05-09 22:13:06.483 Db corespeechd[598:681ae] [com.apple.coreaudio:AQ]      AudioQueueObject.cpp:7205  ConvertInput: bufid 1004 0x0/0x800 bytes, 0/512 packets, mNumPacketDescriptions=0
2026-05-09 22:13:06.515 Db corespeechd[598:681ae] [com.apple.coreaudio:AQ]      AudioQueueObject.cpp:7205  ConvertInput: bufid 1004 0x0/0x800 bytes, 0/512 packets, mNumPacketDescriptions=0
2026-05-09 22:13:06.525 Db corespeechd[598:681ae] [com.apple.coreaudio:AQ]      AudioQueueObject.cpp:7205  ConvertInput: bufid 1004 0x0/0x800 bytes, 0/512 packets, mNumPacketDescriptions=0
2026-05-09 22:13:06.536 Db corespeechd[598:681ae] [com.apple.coreaudio:AQ]      AudioQueueObject.cpp:7205  ConvertInput: bufid 1004 0x0/0x800 bytes, 0/512 packets, mNumPacketDescriptions=0
2026-05-09 22:13:06.547 Db corespeechd[598:681ae] [com.apple.coreaudio:AQ]      AudioQueueObject.cpp:7205  ConvertInput: bufid 1004 0x0/0x800 bytes, 0/512 packets, mNumPacketDescriptions=0
2026-05-09 22:13:06.547 Db corespeechd[598:681ae] [com.apple.coreaudio:AQ]        AudioQueueObject.h:1269  AQFetch: Input ring buffer returning 0x280 frames, t: 0x812400 - 0x812680
2026-05-09 22:13:06.547 Db corespeechd[598:681ae] [com.apple.coreaudio:AQ]      AudioQueueObject.cpp:7354  EncoderInputProc: ->640 fr, 2560 bytes @ t=8463360 fr
2026-05-09 22:13:06.547 Db corespeechd[598:681ae] [com.apple.coreaudio:AQ]      AudioQueueObject.cpp:7234  ConvertInput: <-0x200/0x200 packets, 0x800/0x800 bytes [buffer 1004]
2026-05-09 22:13:06.547 Db corespeechd[598:681ae] [com.apple.coreaudio:aqiotime]              AQIONode.cpp:122     ionode anchor 12348.131946, 8464347 st, 1.000000 rs
2026-05-09 22:13:06.547 Db corespeechd[598:681ae] [com.apple.coreaudio:AQ]      AudioQueueObject.cpp:7205  ConvertInput: bufid 1005 0x0/0x800 bytes, 0/512 packets, mNumPacketDescriptions=0
2026-05-09 22:13:06.547 Db corespeechd[598:68195] [com.apple.coreaudio:AQ]      AudioQueueObject.cpp:5719  EnqueueBuffer: aq@0x710c4e800: bufid 1004, cmd 0x7104f8f58, data 0x108398030: 0 bytes, 0 frames (trim 0/0), 0 packets, invalid ht, invalid st, outActualStartTime 0x0
2026-05-09 22:13:06.547 Db corespeechd[598:681ae] [com.apple.coreaudio:AQ]      AudioQueueObject.cpp:7205  ConvertInput: bufid 1005 0x0/0x800 bytes, 0/512 packets, mNumPacketDescriptions=0
2026-05-09 22:13:06.557 Db corespeechd[598:681ae] [com.apple.coreaudio:AQ]      AudioQueueObject.cpp:7205  ConvertInput: bufid 1005 0x0/0x800 bytes, 0/512 packets, mNumPacketDescriptions=0
2026-05-09 22:13:06.568 Db corespeechd[598:681ae] [com.apple.coreaudio:AQ]      AudioQueueObject.cpp:7205  ConvertInput: bufid 1005 0x0/0x800 bytes, 0/512 packets, mNumPacketDescriptions=0
2026-05-09 22:13:06.579 Db corespeechd[598:681ae] [com.apple.coreaudio:AQ]      AudioQueueObject.cpp:7205  ConvertInput: bufid 1005 0x0/0x800 bytes, 0/512 packets, mNumPacketDescriptions=0
2026-05-09 22:13:06.579 Db corespeechd[598:681ae] [com.apple.coreaudio:AQ]        AudioQueueObject.h:1269  AQFetch: Input ring buffer returning 0x400 frames, t: 0x812680 - 0x812a80
2026-05-09 22:13:06.579 Db corespeechd[598:681ae] [com.apple.coreaudio:AQ]      AudioQueueObject.cpp:7354  EncoderInputProc: ->1024 fr, 4096 bytes @ t=8464000 fr
2026-05-09 22:13:06.579 Db corespeechd[598:681ae] [com.apple.coreaudio:AQ]      AudioQueueObject.cpp:7234  ConvertInput: <-0x200/0x200 packets, 0x800/0x800 bytes [buffer 1005]
2026-05-09 22:13:06.579 Db corespeechd[598:681ae] [com.apple.coreaudio:aqiotime]              AQIONode.cpp:122     ionode anchor 12348.163946, 8464859 st, 1.000000 rs
2026-05-09 22:13:06.579 Db corespeechd[598:681ae] [com.apple.coreaudio:AQ]      AudioQueueObject.cpp:7205  ConvertInput: bufid 1006 0x0/0x800 bytes, 0/512 packets, mNumPacketDescriptions=0
2026-05-09 22:13:06.579 Db corespeechd[598:681ae] [com.apple.coreaudio:AQ]      AudioQueueObject.cpp:7234  ConvertInput: <-0x200/0x200 packets, 0x800/0x800 bytes [buffer 1006]
2026-05-09 22:13:06.579 Db corespeechd[598:681ae] [com.apple.coreaudio:aqiotime]              AQIONode.cpp:122     ionode anchor 12348.163946, 8464859 st, 1.000000 rs
2026-05-09 22:13:06.579 Db corespeechd[598:68195] [com.apple.coreaudio:AQ]      AudioQueueObject.cpp:5719  EnqueueBuffer: aq@0x710c4e800: bufid 1005, cmd 0x7104f93b8, data 0x108398870: 0 bytes, 0 frames (trim 0/0), 0 packets, invalid ht, invalid st, outActualStartTime 0x0
2026-05-09 22:13:06.579 Db corespeechd[598:681ae] [com.apple.coreaudio:AQ]      AudioQueueObject.cpp:7205  ConvertInput: bufid 1007 0x0/0x800 bytes, 0/512 packets, mNumPacketDescriptions=0
2026-05-09 22:13:06.579 Db corespeechd[598:68195] [com.apple.coreaudio:AQ]      AudioQueueObject.cpp:5719  EnqueueBuffer: aq@0x710c4e800: bufid 1006, cmd 0x7104f8fc8, data 0x1083990b0: 0 bytes, 0 frames (trim 0/0), 0 packets, invalid ht, invalid st, outActualStartTime 0x0
2026-05-09 22:13:06.579 Db corespeechd[598:681ae] [com.apple.coreaudio:AQ]      AudioQueueObject.cpp:7205  ConvertInput: bufid 1007 0x0/0x800 bytes, 0/512 packets, mNumPacketDescriptions=0
2026-05-09 22:13:06.611 Db corespeechd[598:681ae] [com.apple.coreaudio:AQ]      AudioQueueObject.cpp:7205  ConvertInput: bufid 1007 0x0/0x800 bytes, 0/512 packets, mNumPacketDescriptions=0
2026-05-09 22:13:06.621 Db corespeechd[598:681ae] [com.apple.coreaudio:AQ]      AudioQueueObject.cpp:7205  ConvertInput: bufid 1007 0x0/0x800 bytes, 0/512 packets, mNumPacketDescriptions=0
2026-05-09 22:13:06.632 Db corespeechd[598:681ae] [com.apple.coreaudio:AQ]      AudioQueueObject.cpp:7205  ConvertInput: bufid 1007 0x0/0x800 bytes, 0/512 packets, mNumPacketDescriptions=0
2026-05-09 22:13:06.643 Db corespeechd[598:681ae] [com.apple.coreaudio:AQ]      AudioQueueObject.cpp:7205  ConvertInput: bufid 1007 0x0/0x800 bytes, 0/512 packets, mNumPacketDescriptions=0
2026-05-09 22:13:06.643 Db corespeechd[598:681ae] [com.apple.coreaudio:AQ]        AudioQueueObject.h:1269  AQFetch: Input ring buffer returning 0x400 frames, t: 0x812a80 - 0x812e80
2026-05-09 22:13:06.643 Db corespeechd[598:681ae] [com.apple.coreaudio:AQ]      AudioQueueObject.cpp:7354  EncoderInputProc: ->1024 fr, 4096 bytes @ t=8465024 fr
2026-05-09 22:13:06.643 Db corespeechd[598:681ae] [com.apple.coreaudio:AQ]      AudioQueueObject.cpp:7234  ConvertInput: <-0x200/0x200 packets, 0x800/0x800 bytes [buffer 1007]
2026-05-09 22:13:06.643 Db corespeechd[598:681ae] [com.apple.coreaudio:aqiotime]              AQIONode.cpp:122     ionode anchor 12348.227946, 8465883 st, 1.000000 rs
2026-05-09 22:13:06.643 Db corespeechd[598:681ae] [com.apple.coreaudio:AQ]      AudioQueueObject.cpp:7205  ConvertInput: bufid 1004 0x0/0x800 bytes, 0/512 packets, mNumPacketDescriptions=0
2026-05-09 22:13:06.643 Db corespeechd[598:681ae] [com.apple.coreaudio:AQ]      AudioQueueObject.cpp:7234  ConvertInput: <-0x200/0x200 packets, 0x800/0x800 bytes [buffer 1004]
2026-05-09 22:13:06.643 Db corespeechd[598:681ae] [com.apple.coreaudio:aqiotime]              AQIONode.cpp:122     ionode anchor 12348.227946, 8465883 st, 1.000000 rs
2026-05-09 22:13:06.643 Db corespeechd[598:681ae] [com.apple.coreaudio:AQ]      AudioQueueObject.cpp:7205  ConvertInput: bufid 1005 0x0/0x800 bytes, 0/512 packets, mNumPacketDescriptions=0
2026-05-09 22:13:06.643 Db corespeechd[598:681ad] [com.apple.coreaudio:AQ]      AudioQueueObject.cpp:5719  EnqueueBuffer: aq@0x710c4e800: bufid 1007, cmd 0x7104f8e78, data 0x1083998f0: 0 bytes, 0 frames (trim 0/0), 0 packets, invalid ht, invalid st, outActualStartTime 0x0
2026-05-09 22:13:06.643 Db corespeechd[598:681ae] [com.apple.coreaudio:AQ]      AudioQueueObject.cpp:7205  ConvertInput: bufid 1005 0x0/0x800 bytes, 0/512 packets, mNumPacketDescriptions=0
2026-05-09 22:13:06.643 Db corespeechd[598:681ad] [com.apple.coreaudio:AQ]      AudioQueueObject.cpp:5719  EnqueueBuffer: aq@0x710c4e800: bufid 1004, cmd 0x7104f8f58, data 0x108398030: 0 bytes, 0 frames (trim 0/0), 0 packets, invalid ht, invalid st, outActualStartTime 0x0
2026-05-09 22:13:06.643 Db corespeechd[598:681ae] [com.apple.coreaudio:AQ]      AudioQueueObject.cpp:7205  ConvertInput: bufid 1005 0x0/0x800 bytes, 0/512 packets, mNumPacketDescriptions=0
2026-05-09 22:13:06.675 Db corespeechd[598:681ae] [com.apple.coreaudio:AQ]      AudioQueueObject.cpp:7205  ConvertInput: bufid 1005 0x0/0x800 bytes, 0/512 packets, mNumPacketDescriptions=0
2026-05-09 22:13:06.685 Db corespeechd[598:681ae] [com.apple.coreaudio:AQ]      AudioQueueObject.cpp:7205  ConvertInput: bufid 1005 0x0/0x800 bytes, 0/512 packets, mNumPacketDescriptions=0
2026-05-09 22:13:06.696 Db corespeechd[598:681ae] [com.apple.coreaudio:AQ]      AudioQueueObject.cpp:7205  ConvertInput: bufid 1005 0x0/0x800 bytes, 0/512 packets, mNumPacketDescriptions=0
2026-05-09 22:13:06.707 Db corespeechd[598:681ae] [com.apple.coreaudio:AQ]      AudioQueueObject.cpp:7205  ConvertInput: bufid 1005 0x0/0x800 bytes, 0/512 packets, mNumPacketDescriptions=0
2026-05-09 22:13:06.707 Db corespeechd[598:681ae] [com.apple.coreaudio:AQ]        AudioQueueObject.h:1269  AQFetch: Input ring buffer returning 0x400 frames, t: 0x812e80 - 0x813280
2026-05-09 22:13:06.707 Db corespeechd[598:681ae] [com.apple.coreaudio:AQ]      AudioQueueObject.cpp:7354  EncoderInputProc: ->1024 fr, 4096 bytes @ t=8466048 fr
2026-05-09 22:13:06.707 Db corespeechd[598:681ae] [com.apple.coreaudio:AQ]      AudioQueueObject.cpp:7234  ConvertInput: <-0x200/0x200 packets, 0x800/0x800 bytes [buffer 1005]
2026-05-09 22:13:06.707 Db corespeechd[598:681ae] [com.apple.coreaudio:aqiotime]              AQIONode.cpp:122     ionode anchor 12348.291946, 8466907 st, 1.000000 rs
2026-05-09 22:13:06.707 Db corespeechd[598:681ae] [com.apple.coreaudio:AQ]      AudioQueueObject.cpp:7205  ConvertInput: bufid 1006 0x0/0x800 bytes, 0/512 packets, mNumPacketDescriptions=0
2026-05-09 22:13:06.707 Db corespeechd[598:681ae] [com.apple.coreaudio:AQ]      AudioQueueObject.cpp:7234  ConvertInput: <-0x200/0x200 packets, 0x800/0x800 bytes [buffer 1006]
2026-05-09 22:13:06.707 Db corespeechd[598:681ae] [com.apple.coreaudio:aqiotime]              AQIONode.cpp:122     ionode anchor 12348.291946, 8466907 st, 1.000000 rs
2026-05-09 22:13:06.707 Db corespeechd[598:68082] [com.apple.coreaudio:AQ]      AudioQueueObject.cpp:5719  EnqueueBuffer: aq@0x710c4e800: bufid 1005, cmd 0x7104f93b8, data 0x108398870: 0 bytes, 0 frames (trim 0/0), 0 packets, invalid ht, invalid st, outActualStartTime 0x0
2026-05-09 22:13:06.707 Db corespeechd[598:681ae] [com.apple.coreaudio:AQ]      AudioQueueObject.cpp:7205  ConvertInput: bufid 1007 0x0/0x800 bytes, 0/512 packets, mNumPacketDescriptions=0
2026-05-09 22:13:06.707 Db corespeechd[598:68082] [com.apple.coreaudio:AQ]      AudioQueueObject.cpp:5719  EnqueueBuffer: aq@0x710c4e800: bufid 1006, cmd 0x7104f8fc8, data 0x1083990b0: 0 bytes, 0 frames (trim 0/0), 0 packets, invalid ht, invalid st, outActualStartTime 0x0
2026-05-09 22:13:06.707 Db corespeechd[598:681ae] [com.apple.coreaudio:AQ]      AudioQueueObject.cpp:7205  ConvertInput: bufid 1007 0x0/0x800 bytes, 0/512 packets, mNumPacketDescriptions=0
2026-05-09 22:13:06.739 Db corespeechd[598:681ae] [com.apple.coreaudio:AQ]      AudioQueueObject.cpp:7205  ConvertInput: bufid 1007 0x0/0x800 bytes, 0/512 packets, mNumPacketDescriptions=0
2026-05-09 22:13:06.749 Db corespeechd[598:681ae] [com.apple.coreaudio:AQ]      AudioQueueObject.cpp:7205  ConvertInput: bufid 1007 0x0/0x800 bytes, 0/512 packets, mNumPacketDescriptions=0
2026-05-09 22:13:06.760 Db corespeechd[598:681ae] [com.apple.coreaudio:AQ]      AudioQueueObject.cpp:7205  ConvertInput: bufid 1007 0x0/0x800 bytes, 0/512 packets, mNumPacketDescriptions=0
2026-05-09 22:13:06.771 Db corespeechd[598:681ae] [com.apple.coreaudio:AQ]      AudioQueueObject.cpp:7205  ConvertInput: bufid 1007 0x0/0x800 bytes, 0/512 packets, mNumPacketDescriptions=0
2026-05-09 22:13:06.771 Db corespeechd[598:681ae] [com.apple.coreaudio:AQ]        AudioQueueObject.h:1269  AQFetch: Input ring buffer returning 0x400 frames, t: 0x813280 - 0x813680
2026-05-09 22:13:06.771 Db corespeechd[598:681ae] [com.apple.coreaudio:AQ]      AudioQueueObject.cpp:7354  EncoderInputProc: ->1024 fr, 4096 bytes @ t=8467072 fr
2026-05-09 22:13:06.771 Db corespeechd[598:681ae] [com.apple.coreaudio:AQ]      AudioQueueObject.cpp:7234  ConvertInput: <-0x200/0x200 packets, 0x800/0x800 bytes [buffer 1007]
2026-05-09 22:13:06.771 Db corespeechd[598:681ae] [com.apple.coreaudio:aqiotime]              AQIONode.cpp:122     ionode anchor 12348.355946, 8467931 st, 1.000000 rs
2026-05-09 22:13:06.771 Db corespeechd[598:681ae] [com.apple.coreaudio:AQ]      AudioQueueObject.cpp:7205  ConvertInput: bufid 1004 0x0/0x800 bytes, 0/512 packets, mNumPacketDescriptions=0
2026-05-09 22:13:06.771 Db corespeechd[598:681ae] [com.apple.coreaudio:AQ]      AudioQueueObject.cpp:7234  ConvertInput: <-0x200/0x200 packets, 0x800/0x800 bytes [buffer 1004]
2026-05-09 22:13:06.771 Db corespeechd[598:681ae] [com.apple.coreaudio:aqiotime]              AQIONode.cpp:122     ionode anchor 12348.355946, 8467931 st, 1.000000 rs
2026-05-09 22:13:06.771 Db corespeechd[598:68082] [com.apple.coreaudio:AQ]      AudioQueueObject.cpp:5719  EnqueueBuffer: aq@0x710c4e800: bufid 1007, cmd 0x7104f8e78, data 0x1083998f0: 0 bytes, 0 frames (trim 0/0), 0 packets, invalid ht, invalid st, outActualStartTime 0x0
2026-05-09 22:13:06.771 Db corespeechd[598:681ae] [com.apple.coreaudio:AQ]      AudioQueueObject.cpp:7205  ConvertInput: bufid 1005 0x0/0x800 bytes, 0/512 packets, mNumPacketDescriptions=0
2026-05-09 22:13:06.771 Db corespeechd[598:68082] [com.apple.coreaudio:AQ]      AudioQueueObject.cpp:5719  EnqueueBuffer: aq@0x710c4e800: bufid 1004, cmd 0x7104f8f58, data 0x108398030: 0 bytes, 0 frames (trim 0/0), 0 packets, invalid ht, invalid st, outActualStartTime 0x0
2026-05-09 22:13:06.771 Db corespeechd[598:681ae] [com.apple.coreaudio:AQ]      AudioQueueObject.cpp:7205  ConvertInput: bufid 1005 0x0/0x800 bytes, 0/512 packets, mNumPacketDescriptions=0
2026-05-09 22:13:06.790 Df coreaudiod[93820:68221] [com.apple.modelmanager:General] InferenceMonitor received event: Inferences Not Running
2026-05-09 22:13:06.793 Df coreaudiod[93820:68185] (MacAudio) ModelManagerMonitor processing event with inferencesRunning = false
2026-05-09 22:13:06.794 Df coreaudiod[93820:68221] [com.apple.modelmanager:General] InferenceMonitor received event: Inferences Running
2026-05-09 22:13:06.795 Db coreaudiod[93820:68185] [com.apple.audioanalytics:carc] Sending message. { reporterID=0, category=Undefined, type=generic }
2026-05-09 22:13:06.795 Df coreaudiod[93820:68185] (MacAudio) ModelManagerMonitor processing event with inferencesRunning = true
2026-05-09 22:13:06.796 Db coreaudiod[93820:68185] [com.apple.audioanalytics:carc] Sending message. { reporterID=0, category=Undefined, type=generic }
2026-05-09 22:13:06.797 Db audioanalyticsd[61133:6763b] [com.apple.audioanalytics:cars] sendMessage() called. { reporterID=<private>, category=Inference, type=Generic }
2026-05-09 22:13:06.797 Db audioanalyticsd[61133:6763b] [com.apple.audioanalytics:cars] sendMessage { reporterID=0 }
2026-05-09 22:13:06.797 Db audioanalyticsd[61133:6763b] [com.apple.audioanalytics:carr] Processing message. { reporterID=392972327714819, singleServerSession=false }
2026-05-09 22:13:06.797 Db audioanalyticsd[61133:6763b] [com.apple.audioanalytics:carr] Processing message. { reporterID=404405530656769, singleServerSession=false }
2026-05-09 22:13:06.798 Db audioanalyticsd[61133:6763b] [com.apple.audioanalytics:carr] Processing message. { reporterID=402953831710726, singleServerSession=false }
2026-05-09 22:13:06.798 Db audioanalyticsd[61133:6763b] [com.apple.audioanalytics:carr] Processing message. { reporterID=424832395116547, singleServerSession=false }
2026-05-09 22:13:06.798 Db audioanalyticsd[61133:6763b] [com.apple.audioanalytics:carr] Processing message. { reporterID=424832395116548, singleServerSession=false }
2026-05-09 22:13:06.798 Db audioanalyticsd[61133:6763b] [com.apple.audioanalytics:carr] Processing message. { reporterID=2954937499649, singleServerSession=false }
2026-05-09 22:13:06.798 Db audioanalyticsd[61133:6763b] [com.apple.audioanalytics:cars] sendMessage() called. { reporterID=<private>, category=Inference, type=Generic }
2026-05-09 22:13:06.798 Db audioanalyticsd[61133:6763b] [com.apple.audioanalytics:cars] sendMessage { reporterID=0 }
2026-05-09 22:13:06.798 Db audioanalyticsd[61133:6763b] [com.apple.audioanalytics:carr] Processing message. { reporterID=392972327714819, singleServerSession=false }
2026-05-09 22:13:06.798 Db audioanalyticsd[61133:6763b] [com.apple.audioanalytics:carr] Processing message. { reporterID=404405530656769, singleServerSession=false }
2026-05-09 22:13:06.798 Db audioanalyticsd[61133:6763b] [com.apple.audioanalytics:carr] Processing message. { reporterID=402953831710726, singleServerSession=false }
2026-05-09 22:13:06.798 Db audioanalyticsd[61133:6763b] [com.apple.audioanalytics:carr] Processing message. { reporterID=424832395116547, singleServerSession=false }
2026-05-09 22:13:06.798 Db audioanalyticsd[61133:6763b] [com.apple.audioanalytics:carr] Processing message. { reporterID=424832395116548, singleServerSession=false }
2026-05-09 22:13:06.798 Db audioanalyticsd[61133:6763b] [com.apple.audioanalytics:carr] Processing message. { reporterID=2954937499649, singleServerSession=false }
2026-05-09 22:13:06.803 Db corespeechd[598:681ae] [com.apple.coreaudio:AQ]      AudioQueueObject.cpp:7205  ConvertInput: bufid 1005 0x0/0x800 bytes, 0/512 packets, mNumPacketDescriptions=0
2026-05-09 22:13:06.813 Db corespeechd[598:681ae] [com.apple.coreaudio:AQ]      AudioQueueObject.cpp:7205  ConvertInput: bufid 1005 0x0/0x800 bytes, 0/512 packets, mNumPacketDescriptions=0
2026-05-09 22:13:06.824 Db corespeechd[598:681ae] [com.apple.coreaudio:AQ]      AudioQueueObject.cpp:7205  ConvertInput: bufid 1005 0x0/0x800 bytes, 0/512 packets, mNumPacketDescriptions=0
2026-05-09 22:13:06.835 Db corespeechd[598:681ae] [com.apple.coreaudio:AQ]      AudioQueueObject.cpp:7205  ConvertInput: bufid 1005 0x0/0x800 bytes, 0/512 packets, mNumPacketDescriptions=0
2026-05-09 22:13:06.835 Db corespeechd[598:681ae] [com.apple.coreaudio:AQ]        AudioQueueObject.h:1269  AQFetch: Input ring buffer returning 0x400 frames, t: 0x813680 - 0x813a80
2026-05-09 22:13:06.835 Db corespeechd[598:681ae] [com.apple.coreaudio:AQ]      AudioQueueObject.cpp:7354  EncoderInputProc: ->1024 fr, 4096 bytes @ t=8468096 fr
2026-05-09 22:13:06.835 Db corespeechd[598:681ae] [com.apple.coreaudio:AQ]      AudioQueueObject.cpp:7234  ConvertInput: <-0x200/0x200 packets, 0x800/0x800 bytes [buffer 1005]
2026-05-09 22:13:06.835 Db corespeechd[598:681ae] [com.apple.coreaudio:aqiotime]              AQIONode.cpp:122     ionode anchor 12348.419946, 8468955 st, 1.000000 rs
2026-05-09 22:13:06.835 Db corespeechd[598:681ae] [com.apple.coreaudio:AQ]      AudioQueueObject.cpp:7205  ConvertInput: bufid 1006 0x0/0x800 bytes, 0/512 packets, mNumPacketDescriptions=0
2026-05-09 22:13:06.835 Db corespeechd[598:681ae] [com.apple.coreaudio:AQ]      AudioQueueObject.cpp:7234  ConvertInput: <-0x200/0x200 packets, 0x800/0x800 bytes [buffer 1006]
2026-05-09 22:13:06.835 Db corespeechd[598:681ae] [com.apple.coreaudio:aqiotime]              AQIONode.cpp:122     ionode anchor 12348.419946, 8468955 st, 1.000000 rs
2026-05-09 22:13:06.835 Db corespeechd[598:66880] [com.apple.coreaudio:AQ]      AudioQueueObject.cpp:5719  EnqueueBuffer: aq@0x710c4e800: bufid 1005, cmd 0x7104f93b8, data 0x108398870: 0 bytes, 0 frames (trim 0/0), 0 packets, invalid ht, invalid st, outActualStartTime 0x0
2026-05-09 22:13:06.835 Db corespeechd[598:681ae] [com.apple.coreaudio:AQ]      AudioQueueObject.cpp:7205  ConvertInput: bufid 1007 0x0/0x800 bytes, 0/512 packets, mNumPacketDescriptions=0
2026-05-09 22:13:06.836 Db corespeechd[598:66880] [com.apple.coreaudio:AQ]      AudioQueueObject.cpp:5719  EnqueueBuffer: aq@0x710c4e800: bufid 1006, cmd 0x7104f8fc8, data 0x1083990b0: 0 bytes, 0 frames (trim 0/0), 0 packets, invalid ht, invalid st, outActualStartTime 0x0
2026-05-09 22:13:06.836 Db corespeechd[598:681ae] [com.apple.coreaudio:AQ]      AudioQueueObject.cpp:7205  ConvertInput: bufid 1007 0x0/0x800 bytes, 0/512 packets, mNumPacketDescriptions=0
2026-05-09 22:13:06.867 Db corespeechd[598:681ae] [com.apple.coreaudio:AQ]      AudioQueueObject.cpp:7205  ConvertInput: bufid 1007 0x0/0x800 bytes, 0/512 packets, mNumPacketDescriptions=0
2026-05-09 22:13:06.877 Db corespeechd[598:681ae] [com.apple.coreaudio:AQ]      AudioQueueObject.cpp:7205  ConvertInput: bufid 1007 0x0/0x800 bytes, 0/512 packets, mNumPacketDescriptions=0
2026-05-09 22:13:06.884 Df coreaudiod[93820:68188] [com.apple.xpc:connection] [0x9f01a48c0] Re-initialization successful; calling out to event handler with XPC_ERROR_CONNECTION_INTERRUPTED
2026-05-09 22:13:06.885 Df systemsoundserverd[94158:6803b] [com.apple.coreaudio:audiocomp] AudioComponentPluginMgr.mm:326   registration server connection interrupted
2026-05-09 22:13:06.884 Df coreaudiod[93820:68188] [com.apple.coreaudio:audiocomp] AudioComponentPluginMgr.mm:326   registration server connection interrupted
2026-05-09 22:13:06.888 Db corespeechd[598:681ae] [com.apple.coreaudio:AQ]      AudioQueueObject.cpp:7205  ConvertInput: bufid 1007 0x0/0x800 bytes, 0/512 packets, mNumPacketDescriptions=0
2026-05-09 22:13:06.899 Db corespeechd[598:681ae] [com.apple.coreaudio:AQ]      AudioQueueObject.cpp:7205  ConvertInput: bufid 1007 0x0/0x800 bytes, 0/512 packets, mNumPacketDescriptions=0
2026-05-09 22:13:06.899 Db corespeechd[598:681ae] [com.apple.coreaudio:AQ]        AudioQueueObject.h:1269  AQFetch: Input ring buffer returning 0x400 frames, t: 0x813a80 - 0x813e80
2026-05-09 22:13:06.899 Db corespeechd[598:681ae] [com.apple.coreaudio:AQ]      AudioQueueObject.cpp:7354  EncoderInputProc: ->1024 fr, 4096 bytes @ t=8469120 fr
2026-05-09 22:13:06.899 Db corespeechd[598:681ae] [com.apple.coreaudio:AQ]      AudioQueueObject.cpp:7234  ConvertInput: <-0x200/0x200 packets, 0x800/0x800 bytes [buffer 1007]
2026-05-09 22:13:06.899 Db corespeechd[598:681ae] [com.apple.coreaudio:aqiotime]              AQIONode.cpp:122     ionode anchor 12348.483946, 8469979 st, 1.000000 rs
2026-05-09 22:13:06.899 Db corespeechd[598:681ae] [com.apple.coreaudio:AQ]      AudioQueueObject.cpp:7205  ConvertInput: bufid 1004 0x0/0x800 bytes, 0/512 packets, mNumPacketDescriptions=0
2026-05-09 22:13:06.899 Db corespeechd[598:681ae] [com.apple.coreaudio:AQ]      AudioQueueObject.cpp:7234  ConvertInput: <-0x200/0x200 packets, 0x800/0x800 bytes [buffer 1004]
2026-05-09 22:13:06.899 Db corespeechd[598:681ae] [com.apple.coreaudio:aqiotime]              AQIONode.cpp:122     ionode anchor 12348.483946, 8469979 st, 1.000000 rs
2026-05-09 22:13:06.899 Db corespeechd[598:68195] [com.apple.coreaudio:AQ]      AudioQueueObject.cpp:5719  EnqueueBuffer: aq@0x710c4e800: bufid 1007, cmd 0x7104f8e78, data 0x1083998f0: 0 bytes, 0 frames (trim 0/0), 0 packets, invalid ht, invalid st, outActualStartTime 0x0
2026-05-09 22:13:06.899 Db corespeechd[598:681ae] [com.apple.coreaudio:AQ]      AudioQueueObject.cpp:7205  ConvertInput: bufid 1005 0x0/0x800 bytes, 0/512 packets, mNumPacketDescriptions=0
2026-05-09 22:13:06.899 Db corespeechd[598:68195] [com.apple.coreaudio:AQ]      AudioQueueObject.cpp:5719  EnqueueBuffer: aq@0x710c4e800: bufid 1004, cmd 0x7104f8f58, data 0x108398030: 0 bytes, 0 frames (trim 0/0), 0 packets, invalid ht, invalid st, outActualStartTime 0x0
2026-05-09 22:13:06.899 Db corespeechd[598:681ae] [com.apple.coreaudio:AQ]      AudioQueueObject.cpp:7205  ConvertInput: bufid 1005 0x0/0x800 bytes, 0/512 packets, mNumPacketDescriptions=0
2026-05-09 22:13:06.931 Db corespeechd[598:681ae] [com.apple.coreaudio:AQ]      AudioQueueObject.cpp:7205  ConvertInput: bufid 1005 0x0/0x800 bytes, 0/512 packets, mNumPacketDescriptions=0
2026-05-09 22:13:06.941 Db corespeechd[598:681ae] [com.apple.coreaudio:AQ]      AudioQueueObject.cpp:7205  ConvertInput: bufid 1005 0x0/0x800 bytes, 0/512 packets, mNumPacketDescriptions=0
2026-05-09 22:13:06.952 Db corespeechd[598:681ae] [com.apple.coreaudio:AQ]      AudioQueueObject.cpp:7205  ConvertInput: bufid 1005 0x0/0x800 bytes, 0/512 packets, mNumPacketDescriptions=0
2026-05-09 22:13:06.963 Db corespeechd[598:681ae] [com.apple.coreaudio:AQ]      AudioQueueObject.cpp:7205  ConvertInput: bufid 1005 0x0/0x800 bytes, 0/512 packets, mNumPacketDescriptions=0
2026-05-09 22:13:06.963 Db corespeechd[598:681ae] [com.apple.coreaudio:AQ]        AudioQueueObject.h:1269  AQFetch: Input ring buffer returning 0x400 frames, t: 0x813e80 - 0x814280
2026-05-09 22:13:06.963 Db corespeechd[598:681ae] [com.apple.coreaudio:AQ]      AudioQueueObject.cpp:7354  EncoderInputProc: ->1024 fr, 4096 bytes @ t=8470144 fr
2026-05-09 22:13:06.963 Db corespeechd[598:681ae] [com.apple.coreaudio:AQ]      AudioQueueObject.cpp:7234  ConvertInput: <-0x200/0x200 packets, 0x800/0x800 bytes [buffer 1005]
2026-05-09 22:13:06.963 Db corespeechd[598:681ae] [com.apple.coreaudio:aqiotime]              AQIONode.cpp:122     ionode anchor 12348.547946, 8471003 st, 1.000000 rs
2026-05-09 22:13:06.963 Db corespeechd[598:681ae] [com.apple.coreaudio:AQ]      AudioQueueObject.cpp:7205  ConvertInput: bufid 1006 0x0/0x800 bytes, 0/512 packets, mNumPacketDescriptions=0
2026-05-09 22:13:06.963 Db corespeechd[598:681ae] [com.apple.coreaudio:AQ]      AudioQueueObject.cpp:7234  ConvertInput: <-0x200/0x200 packets, 0x800/0x800 bytes [buffer 1006]
2026-05-09 22:13:06.963 Db corespeechd[598:68403] [com.apple.coreaudio:AQ]      AudioQueueObject.cpp:5719  EnqueueBuffer: aq@0x710c4e800: bufid 1005, cmd 0x7104f93b8, data 0x108398870: 0 bytes, 0 frames (trim 0/0), 0 packets, invalid ht, invalid st, outActualStartTime 0x0
2026-05-09 22:13:06.963 Db corespeechd[598:681ae] [com.apple.coreaudio:aqiotime]              AQIONode.cpp:122     ionode anchor 12348.547946, 8471003 st, 1.000000 rs
2026-05-09 22:13:06.963 Db corespeechd[598:681ae] [com.apple.coreaudio:AQ]      AudioQueueObject.cpp:7205  ConvertInput: bufid 1007 0x0/0x800 bytes, 0/512 packets, mNumPacketDescriptions=0
2026-05-09 22:13:06.963 Db corespeechd[598:68195] [com.apple.coreaudio:AQ]      AudioQueueObject.cpp:5719  EnqueueBuffer: aq@0x710c4e800: bufid 1006, cmd 0x7104f8fc8, data 0x1083990b0: 0 bytes, 0 frames (trim 0/0), 0 packets, invalid ht, invalid st, outActualStartTime 0x0
2026-05-09 22:13:06.963 Db corespeechd[598:681ae] [com.apple.coreaudio:AQ]      AudioQueueObject.cpp:7205  ConvertInput: bufid 1007 0x0/0x800 bytes, 0/512 packets, mNumPacketDescriptions=0
2026-05-09 22:13:06.995 Db corespeechd[598:681ae] [com.apple.coreaudio:AQ]      AudioQueueObject.cpp:7205  ConvertInput: bufid 1007 0x0/0x800 bytes, 0/512 packets, mNumPacketDescriptions=0
2026-05-09 22:13:07.005 Db corespeechd[598:681ae] [com.apple.coreaudio:AQ]      AudioQueueObject.cpp:7205  ConvertInput: bufid 1007 0x0/0x800 bytes, 0/512 packets, mNumPacketDescriptions=0
2026-05-09 22:13:07.016 Db corespeechd[598:681ae] [com.apple.coreaudio:AQ]      AudioQueueObject.cpp:7205  ConvertInput: bufid 1007 0x0/0x800 bytes, 0/512 packets, mNumPacketDescriptions=0
2026-05-09 22:13:07.027 Db corespeechd[598:681ae] [com.apple.coreaudio:AQ]      AudioQueueObject.cpp:7205  ConvertInput: bufid 1007 0x0/0x800 bytes, 0/512 packets, mNumPacketDescriptions=0
2026-05-09 22:13:07.027 Db corespeechd[598:681ae] [com.apple.coreaudio:AQ]        AudioQueueObject.h:1269  AQFetch: Input ring buffer returning 0x400 frames, t: 0x814280 - 0x814680
2026-05-09 22:13:07.027 Db corespeechd[598:681ae] [com.apple.coreaudio:AQ]      AudioQueueObject.cpp:7354  EncoderInputProc: ->1024 fr, 4096 bytes @ t=8471168 fr
2026-05-09 22:13:07.027 Db corespeechd[598:681ae] [com.apple.coreaudio:AQ]      AudioQueueObject.cpp:7234  ConvertInput: <-0x200/0x200 packets, 0x800/0x800 bytes [buffer 1007]
2026-05-09 22:13:07.027 Db corespeechd[598:681ae] [com.apple.coreaudio:aqiotime]              AQIONode.cpp:122     ionode anchor 12348.611946, 8472027 st, 1.000000 rs
2026-05-09 22:13:07.027 Db corespeechd[598:681ae] [com.apple.coreaudio:AQ]      AudioQueueObject.cpp:7205  ConvertInput: bufid 1004 0x0/0x800 bytes, 0/512 packets, mNumPacketDescriptions=0
2026-05-09 22:13:07.027 Db corespeechd[598:681ae] [com.apple.coreaudio:AQ]      AudioQueueObject.cpp:7234  ConvertInput: <-0x200/0x200 packets, 0x800/0x800 bytes [buffer 1004]
2026-05-09 22:13:07.027 Db corespeechd[598:681ae] [com.apple.coreaudio:aqiotime]              AQIONode.cpp:122     ionode anchor 12348.611946, 8472027 st, 1.000000 rs
2026-05-09 22:13:07.027 Db corespeechd[598:66880] [com.apple.coreaudio:AQ]      AudioQueueObject.cpp:5719  EnqueueBuffer: aq@0x710c4e800: bufid 1007, cmd 0x7104f8e78, data 0x1083998f0: 0 bytes, 0 frames (trim 0/0), 0 packets, invalid ht, invalid st, outActualStartTime 0x0
2026-05-09 22:13:07.027 Db corespeechd[598:681ae] [com.apple.coreaudio:AQ]      AudioQueueObject.cpp:7205  ConvertInput: bufid 1005 0x0/0x800 bytes, 0/512 packets, mNumPacketDescriptions=0
2026-05-09 22:13:07.027 Db corespeechd[598:66880] [com.apple.coreaudio:AQ]      AudioQueueObject.cpp:5719  EnqueueBuffer: aq@0x710c4e800: bufid 1004, cmd 0x7104f8f58, data 0x108398030: 0 bytes, 0 frames (trim 0/0), 0 packets, invalid ht, invalid st, outActualStartTime 0x0
2026-05-09 22:13:07.027 Db corespeechd[598:681ae] [com.apple.coreaudio:AQ]      AudioQueueObject.cpp:7205  ConvertInput: bufid 1005 0x0/0x800 bytes, 0/512 packets, mNumPacketDescriptions=0
2026-05-09 22:13:07.059 Db corespeechd[598:681ae] [com.apple.coreaudio:AQ]      AudioQueueObject.cpp:7205  ConvertInput: bufid 1005 0x0/0x800 bytes, 0/512 packets, mNumPacketDescriptions=0
2026-05-09 22:13:07.069 Db corespeechd[598:681ae] [com.apple.coreaudio:AQ]      AudioQueueObject.cpp:7205  ConvertInput: bufid 1005 0x0/0x800 bytes, 0/512 packets, mNumPacketDescriptions=0
2026-05-09 22:13:07.080 Db corespeechd[598:681ae] [com.apple.coreaudio:AQ]      AudioQueueObject.cpp:7205  ConvertInput: bufid 1005 0x0/0x800 bytes, 0/512 packets, mNumPacketDescriptions=0
2026-05-09 22:13:07.091 Db corespeechd[598:681ae] [com.apple.coreaudio:AQ]      AudioQueueObject.cpp:7205  ConvertInput: bufid 1005 0x0/0x800 bytes, 0/512 packets, mNumPacketDescriptions=0
2026-05-09 22:13:07.091 Db corespeechd[598:681ae] [com.apple.coreaudio:AQ]        AudioQueueObject.h:1269  AQFetch: Input ring buffer returning 0x400 frames, t: 0x814680 - 0x814a80
2026-05-09 22:13:07.091 Db corespeechd[598:681ae] [com.apple.coreaudio:AQ]      AudioQueueObject.cpp:7354  EncoderInputProc: ->1024 fr, 4096 bytes @ t=8472192 fr
2026-05-09 22:13:07.091 Db corespeechd[598:681ae] [com.apple.coreaudio:AQ]      AudioQueueObject.cpp:7234  ConvertInput: <-0x200/0x200 packets, 0x800/0x800 bytes [buffer 1005]
2026-05-09 22:13:07.091 Db corespeechd[598:681ae] [com.apple.coreaudio:aqiotime]              AQIONode.cpp:122     ionode anchor 12348.675946, 8473051 st, 1.000000 rs
2026-05-09 22:13:07.091 Db corespeechd[598:681ae] [com.apple.coreaudio:AQ]      AudioQueueObject.cpp:7205  ConvertInput: bufid 1006 0x0/0x800 bytes, 0/512 packets, mNumPacketDescriptions=0
2026-05-09 22:13:07.091 Db corespeechd[598:681ae] [com.apple.coreaudio:AQ]      AudioQueueObject.cpp:7234  ConvertInput: <-0x200/0x200 packets, 0x800/0x800 bytes [buffer 1006]
2026-05-09 22:13:07.091 Db corespeechd[598:681ae] [com.apple.coreaudio:aqiotime]              AQIONode.cpp:122     ionode anchor 12348.675946, 8473051 st, 1.000000 rs
2026-05-09 22:13:07.091 Db corespeechd[598:68403] [com.apple.coreaudio:AQ]      AudioQueueObject.cpp:5719  EnqueueBuffer: aq@0x710c4e800: bufid 1005, cmd 0x7104f93b8, data 0x108398870: 0 bytes, 0 frames (trim 0/0), 0 packets, invalid ht, invalid st, outActualStartTime 0x0
2026-05-09 22:13:07.091 Db corespeechd[598:681ae] [com.apple.coreaudio:AQ]      AudioQueueObject.cpp:7205  ConvertInput: bufid 1007 0x0/0x800 bytes, 0/512 packets, mNumPacketDescriptions=0
2026-05-09 22:13:07.091 Db corespeechd[598:68403] [com.apple.coreaudio:AQ]      AudioQueueObject.cpp:5719  EnqueueBuffer: aq@0x710c4e800: bufid 1006, cmd 0x7104f8fc8, data 0x1083990b0: 0 bytes, 0 frames (trim 0/0), 0 packets, invalid ht, invalid st, outActualStartTime 0x0
2026-05-09 22:13:07.091 Db corespeechd[598:681ae] [com.apple.coreaudio:AQ]      AudioQueueObject.cpp:7205  ConvertInput: bufid 1007 0x0/0x800 bytes, 0/512 packets, mNumPacketDescriptions=0
2026-05-09 22:13:07.123 Db corespeechd[598:681ae] [com.apple.coreaudio:AQ]      AudioQueueObject.cpp:7205  ConvertInput: bufid 1007 0x0/0x800 bytes, 0/512 packets, mNumPacketDescriptions=0
2026-05-09 22:13:07.133 Db corespeechd[598:681ae] [com.apple.coreaudio:AQ]      AudioQueueObject.cpp:7205  ConvertInput: bufid 1007 0x0/0x800 bytes, 0/512 packets, mNumPacketDescriptions=0
2026-05-09 22:13:07.144 Db corespeechd[598:681ae] [com.apple.coreaudio:AQ]      AudioQueueObject.cpp:7205  ConvertInput: bufid 1007 0x0/0x800 bytes, 0/512 packets, mNumPacketDescriptions=0
2026-05-09 22:13:07.155 Db corespeechd[598:681ae] [com.apple.coreaudio:AQ]      AudioQueueObject.cpp:7205  ConvertInput: bufid 1007 0x0/0x800 bytes, 0/512 packets, mNumPacketDescriptions=0
2026-05-09 22:13:07.155 Db corespeechd[598:681ae] [com.apple.coreaudio:AQ]        AudioQueueObject.h:1269  AQFetch: Input ring buffer returning 0x400 frames, t: 0x814a80 - 0x814e80
2026-05-09 22:13:07.155 Db corespeechd[598:681ae] [com.apple.coreaudio:AQ]      AudioQueueObject.cpp:7354  EncoderInputProc: ->1024 fr, 4096 bytes @ t=8473216 fr
2026-05-09 22:13:07.155 Db corespeechd[598:681ae] [com.apple.coreaudio:AQ]      AudioQueueObject.cpp:7234  ConvertInput: <-0x200/0x200 packets, 0x800/0x800 bytes [buffer 1007]
2026-05-09 22:13:07.155 Db corespeechd[598:681ae] [com.apple.coreaudio:aqiotime]              AQIONode.cpp:122     ionode anchor 12348.739946, 8474075 st, 1.000000 rs
2026-05-09 22:13:07.155 Db corespeechd[598:681ae] [com.apple.coreaudio:AQ]      AudioQueueObject.cpp:7205  ConvertInput: bufid 1004 0x0/0x800 bytes, 0/512 packets, mNumPacketDescriptions=0
2026-05-09 22:13:07.155 Db corespeechd[598:681ae] [com.apple.coreaudio:AQ]      AudioQueueObject.cpp:7234  ConvertInput: <-0x200/0x200 packets, 0x800/0x800 bytes [buffer 1004]
2026-05-09 22:13:07.155 Db corespeechd[598:681ae] [com.apple.coreaudio:aqiotime]              AQIONode.cpp:122     ionode anchor 12348.739946, 8474075 st, 1.000000 rs
2026-05-09 22:13:07.155 Db corespeechd[598:66880] [com.apple.coreaudio:AQ]      AudioQueueObject.cpp:5719  EnqueueBuffer: aq@0x710c4e800: bufid 1007, cmd 0x7104f8e78, data 0x1083998f0: 0 bytes, 0 frames (trim 0/0), 0 packets, invalid ht, invalid st, outActualStartTime 0x0
2026-05-09 22:13:07.155 Db corespeechd[598:681ae] [com.apple.coreaudio:AQ]      AudioQueueObject.cpp:7205  ConvertInput: bufid 1005 0x0/0x800 bytes, 0/512 packets, mNumPacketDescriptions=0
2026-05-09 22:13:07.155 Db corespeechd[598:66880] [com.apple.coreaudio:AQ]      AudioQueueObject.cpp:5719  EnqueueBuffer: aq@0x710c4e800: bufid 1004, cmd 0x7104f8f58, data 0x108398030: 0 bytes, 0 frames (trim 0/0), 0 packets, invalid ht, invalid st, outActualStartTime 0x0
2026-05-09 22:13:07.155 Db corespeechd[598:681ae] [com.apple.coreaudio:AQ]      AudioQueueObject.cpp:7205  ConvertInput: bufid 1005 0x0/0x800 bytes, 0/512 packets, mNumPacketDescriptions=0
2026-05-09 22:13:07.163 Db coreaudiod[93820:62344] [com.apple.audioanalytics:carc] Sending message. { reporterID=17914308591650, category=Generic, type=issueDetector }
