2026-05-09 22:13:11.950 Db audioanalyticsd[61133:6746c] [com.apple.audioanalytics:carr] No decorator data found. { audioEventType=<private>, audioEventCategory=<private>, reporterID=404405530656769 }
2026-05-09 22:13:11.950 Db audioanalyticsd[61133:6746c] [com.apple.audioanalytics:apwl] Worker not started, cannot send message to PowerLog. { reporterID=404405530656769 }
2026-05-09 22:13:11.951 Db audioanalyticsd[61133:6746c] [com.apple.audioanalytics:carr] Stopping worker { worker=inferenceSummary, reporterID=404405530656769  }
2026-05-09 22:13:11.952 Db audioanalyticsd[61133:6746c] [com.apple.audioanalytics:carr] Processing message. { reporterID=404405530656769, singleServerSession=false }
2026-05-09 22:13:11.952 Db audioanalyticsd[61133:6746c] [com.apple.audioanalytics:apwl] Worker not started, cannot send message to PowerLog. { reporterID=404405530656769 }
2026-05-09 22:13:11.953 Db audioanalyticsd[61133:6746c] [com.apple.audioanalytics:carr] Stopping worker { worker=<private>, reporterID=404405530656769  }
2026-05-09 22:13:11.954 Db audioanalyticsd[61133:6746c] [com.apple.audioanalytics:carr] Processing message. { reporterID=404405530656769, singleServerSession=false }
2026-05-09 22:13:11.954 Db audioanalyticsd[61133:6746c] [com.apple.audioanalytics:apwl] Worker not started, cannot send message to PowerLog. { reporterID=404405530656769 }
2026-05-09 22:13:11.955 Db corespeechd[598:681ae] [com.apple.coreaudio:AQ]      AudioQueueObject.cpp:7205  ConvertInput: bufid 1005 0x0/0x800 bytes, 0/512 packets, mNumPacketDescriptions=0
2026-05-09 22:13:11.955 Db audioanalyticsd[61133:6746c] [com.apple.audioanalytics:carr] Stopping worker { worker=<private>, reporterID=404405530656769  }
2026-05-09 22:13:11.955 Db audioanalyticsd[61133:6746c] [com.apple.audioanalytics:carr] Stopping worker { worker=<private>, reporterID=404405530656769  }
2026-05-09 22:13:11.957 Db audioanalyticsd[61133:6746c] [com.apple.audioanalytics:cars] Removing from session list. { reporterID=404405530656769 }
2026-05-09 22:13:11.957 Db audioanalyticsd[61133:6746c] [com.apple.audioanalytics:cars] Active reporting sessions. { clientProcessName=<private>, sessionCount=0, activeSessions=<private> }
2026-05-09 22:13:11.957 Df audioanalyticsd[61133:6746c] [com.apple.audioanalytics:carr] requestMessage(): Flushing all requests. { reporterID=404405530656769 }
2026-05-09 22:13:11.965 Db corespeechd[598:681ae] [com.apple.coreaudio:AQ]      AudioQueueObject.cpp:7205  ConvertInput: bufid 1005 0x0/0x800 bytes, 0/512 packets, mNumPacketDescriptions=0
2026-05-09 22:13:11.965 Db corespeechd[598:681ae] [com.apple.coreaudio:AQ]        AudioQueueObject.h:1269  AQFetch: Input ring buffer returning 0x400 frames, t: 0x827700 - 0x827b00
2026-05-09 22:13:11.965 Db corespeechd[598:681ae] [com.apple.coreaudio:AQ]      AudioQueueObject.cpp:7354  EncoderInputProc: ->1024 fr, 4096 bytes @ t=8550144 fr
2026-05-09 22:13:11.966 Db corespeechd[598:681ae] [com.apple.coreaudio:AQ]      AudioQueueObject.cpp:7234  ConvertInput: <-0x200/0x200 packets, 0x800/0x800 bytes [buffer 1005]
2026-05-09 22:13:11.966 Db corespeechd[598:681ae] [com.apple.coreaudio:aqiotime]              AQIONode.cpp:122     ionode anchor 12353.550612, 8551045 st, 1.000000 rs
2026-05-09 22:13:11.966 Db corespeechd[598:681ae] [com.apple.coreaudio:AQ]      AudioQueueObject.cpp:7205  ConvertInput: bufid 1006 0x0/0x800 bytes, 0/512 packets, mNumPacketDescriptions=0
2026-05-09 22:13:11.966 Db corespeechd[598:681ae] [com.apple.coreaudio:AQ]      AudioQueueObject.cpp:7234  ConvertInput: <-0x200/0x200 packets, 0x800/0x800 bytes [buffer 1006]
2026-05-09 22:13:11.966 Db corespeechd[598:681ad] [com.apple.coreaudio:AQ]      AudioQueueObject.cpp:5719  EnqueueBuffer: aq@0x710c4e800: bufid 1005, cmd 0x7104f8f58, data 0x108398870: 0 bytes, 0 frames (trim 0/0), 0 packets, invalid ht, invalid st, outActualStartTime 0x0
2026-05-09 22:13:11.966 Db corespeechd[598:681ae] [com.apple.coreaudio:aqiotime]              AQIONode.cpp:122     ionode anchor 12353.550612, 8551045 st, 1.000000 rs
2026-05-09 22:13:11.966 Db corespeechd[598:681ae] [com.apple.coreaudio:AQ]      AudioQueueObject.cpp:7205  ConvertInput: bufid 1007 0x0/0x800 bytes, 0/512 packets, mNumPacketDescriptions=0
2026-05-09 22:13:11.966 Db corespeechd[598:66880] [com.apple.coreaudio:AQ]      AudioQueueObject.cpp:5719  EnqueueBuffer: aq@0x710c4e800: bufid 1006, cmd 0x7104f8fc8, data 0x1083990b0: 0 bytes, 0 frames (trim 0/0), 0 packets, invalid ht, invalid st, outActualStartTime 0x0
2026-05-09 22:13:11.966 Db corespeechd[598:681ae] [com.apple.coreaudio:AQ]      AudioQueueObject.cpp:7205  ConvertInput: bufid 1007 0x0/0x800 bytes, 0/512 packets, mNumPacketDescriptions=0
2026-05-09 22:13:11.997 Db corespeechd[598:681ae] [com.apple.coreaudio:AQ]      AudioQueueObject.cpp:7205  ConvertInput: bufid 1007 0x0/0x800 bytes, 0/512 packets, mNumPacketDescriptions=0
2026-05-09 22:13:12.008 Db corespeechd[598:681ae] [com.apple.coreaudio:AQ]      AudioQueueObject.cpp:7205  ConvertInput: bufid 1007 0x0/0x800 bytes, 0/512 packets, mNumPacketDescriptions=0
2026-05-09 22:13:12.019 Db corespeechd[598:681ae] [com.apple.coreaudio:AQ]      AudioQueueObject.cpp:7205  ConvertInput: bufid 1007 0x0/0x800 bytes, 0/512 packets, mNumPacketDescriptions=0
2026-05-09 22:13:12.029 Db corespeechd[598:681ae] [com.apple.coreaudio:AQ]      AudioQueueObject.cpp:7205  ConvertInput: bufid 1007 0x0/0x800 bytes, 0/512 packets, mNumPacketDescriptions=0
2026-05-09 22:13:12.029 Db corespeechd[598:681ae] [com.apple.coreaudio:AQ]        AudioQueueObject.h:1269  AQFetch: Input ring buffer returning 0x400 frames, t: 0x827b00 - 0x827f00
2026-05-09 22:13:12.029 Db corespeechd[598:681ae] [com.apple.coreaudio:AQ]      AudioQueueObject.cpp:7354  EncoderInputProc: ->1024 fr, 4096 bytes @ t=8551168 fr
2026-05-09 22:13:12.029 Db corespeechd[598:681ae] [com.apple.coreaudio:AQ]      AudioQueueObject.cpp:7234  ConvertInput: <-0x200/0x200 packets, 0x800/0x800 bytes [buffer 1007]
2026-05-09 22:13:12.030 Db corespeechd[598:681ae] [com.apple.coreaudio:aqiotime]              AQIONode.cpp:122     ionode anchor 12353.614612, 8552069 st, 1.000000 rs
2026-05-09 22:13:12.030 Db corespeechd[598:681ae] [com.apple.coreaudio:AQ]      AudioQueueObject.cpp:7205  ConvertInput: bufid 1004 0x0/0x800 bytes, 0/512 packets, mNumPacketDescriptions=0
2026-05-09 22:13:12.030 Db corespeechd[598:681ae] [com.apple.coreaudio:AQ]      AudioQueueObject.cpp:7234  ConvertInput: <-0x200/0x200 packets, 0x800/0x800 bytes [buffer 1004]
2026-05-09 22:13:12.030 Db corespeechd[598:68082] [com.apple.coreaudio:AQ]      AudioQueueObject.cpp:5719  EnqueueBuffer: aq@0x710c4e800: bufid 1007, cmd 0x7104f8e78, data 0x1083998f0: 0 bytes, 0 frames (trim 0/0), 0 packets, invalid ht, invalid st, outActualStartTime 0x0
2026-05-09 22:13:12.030 Db corespeechd[598:681ae] [com.apple.coreaudio:aqiotime]              AQIONode.cpp:122     ionode anchor 12353.614612, 8552069 st, 1.000000 rs
2026-05-09 22:13:12.031 Db corespeechd[598:681ae] [com.apple.coreaudio:AQ]      AudioQueueObject.cpp:7205  ConvertInput: bufid 1005 0x0/0x800 bytes, 0/512 packets, mNumPacketDescriptions=0
2026-05-09 22:13:12.031 Db corespeechd[598:681ad] [com.apple.coreaudio:AQ]      AudioQueueObject.cpp:5719  EnqueueBuffer: aq@0x710c4e800: bufid 1004, cmd 0x7104f93b8, data 0x108398030: 0 bytes, 0 frames (trim 0/0), 0 packets, invalid ht, invalid st, outActualStartTime 0x0
2026-05-09 22:13:12.031 Db corespeechd[598:681ae] [com.apple.coreaudio:AQ]      AudioQueueObject.cpp:7205  ConvertInput: bufid 1005 0x0/0x800 bytes, 0/512 packets, mNumPacketDescriptions=0
2026-05-09 22:13:12.061 Db corespeechd[598:681ae] [com.apple.coreaudio:AQ]      AudioQueueObject.cpp:7205  ConvertInput: bufid 1005 0x0/0x800 bytes, 0/512 packets, mNumPacketDescriptions=0
2026-05-09 22:13:12.072 Db corespeechd[598:681ae] [com.apple.coreaudio:AQ]      AudioQueueObject.cpp:7205  ConvertInput: bufid 1005 0x0/0x800 bytes, 0/512 packets, mNumPacketDescriptions=0
2026-05-09 22:13:12.083 Db corespeechd[598:681ae] [com.apple.coreaudio:AQ]      AudioQueueObject.cpp:7205  ConvertInput: bufid 1005 0x0/0x800 bytes, 0/512 packets, mNumPacketDescriptions=0
2026-05-09 22:13:12.093 Db corespeechd[598:681ae] [com.apple.coreaudio:AQ]      AudioQueueObject.cpp:7205  ConvertInput: bufid 1005 0x0/0x800 bytes, 0/512 packets, mNumPacketDescriptions=0
2026-05-09 22:13:12.093 Db corespeechd[598:681ae] [com.apple.coreaudio:AQ]        AudioQueueObject.h:1269  AQFetch: Input ring buffer returning 0x400 frames, t: 0x827f00 - 0x828300
2026-05-09 22:13:12.093 Db corespeechd[598:681ae] [com.apple.coreaudio:AQ]      AudioQueueObject.cpp:7354  EncoderInputProc: ->1024 fr, 4096 bytes @ t=8552192 fr
2026-05-09 22:13:12.093 Db corespeechd[598:681ae] [com.apple.coreaudio:AQ]      AudioQueueObject.cpp:7234  ConvertInput: <-0x200/0x200 packets, 0x800/0x800 bytes [buffer 1005]
2026-05-09 22:13:12.093 Db corespeechd[598:681ae] [com.apple.coreaudio:aqiotime]              AQIONode.cpp:122     ionode anchor 12353.678612, 8553093 st, 1.000000 rs
2026-05-09 22:13:12.093 Db corespeechd[598:681ae] [com.apple.coreaudio:AQ]      AudioQueueObject.cpp:7205  ConvertInput: bufid 1006 0x0/0x800 bytes, 0/512 packets, mNumPacketDescriptions=0
2026-05-09 22:13:12.093 Db corespeechd[598:681ae] [com.apple.coreaudio:AQ]      AudioQueueObject.cpp:7234  ConvertInput: <-0x200/0x200 packets, 0x800/0x800 bytes [buffer 1006]
2026-05-09 22:13:12.094 Db corespeechd[598:681ae] [com.apple.coreaudio:aqiotime]              AQIONode.cpp:122     ionode anchor 12353.678612, 8553093 st, 1.000000 rs
2026-05-09 22:13:12.094 Db corespeechd[598:66880] [com.apple.coreaudio:AQ]      AudioQueueObject.cpp:5719  EnqueueBuffer: aq@0x710c4e800: bufid 1005, cmd 0x7104f8f58, data 0x108398870: 0 bytes, 0 frames (trim 0/0), 0 packets, invalid ht, invalid st, outActualStartTime 0x0
2026-05-09 22:13:12.094 Db corespeechd[598:681ae] [com.apple.coreaudio:AQ]      AudioQueueObject.cpp:7205  ConvertInput: bufid 1007 0x0/0x800 bytes, 0/512 packets, mNumPacketDescriptions=0
2026-05-09 22:13:12.094 Db corespeechd[598:66880] [com.apple.coreaudio:AQ]      AudioQueueObject.cpp:5719  EnqueueBuffer: aq@0x710c4e800: bufid 1006, cmd 0x7104f8fc8, data 0x1083990b0: 0 bytes, 0 frames (trim 0/0), 0 packets, invalid ht, invalid st, outActualStartTime 0x0
2026-05-09 22:13:12.094 Db corespeechd[598:681ae] [com.apple.coreaudio:AQ]      AudioQueueObject.cpp:7205  ConvertInput: bufid 1007 0x0/0x800 bytes, 0/512 packets, mNumPacketDescriptions=0
2026-05-09 22:13:12.125 Db corespeechd[598:681ae] [com.apple.coreaudio:AQ]      AudioQueueObject.cpp:7205  ConvertInput: bufid 1007 0x0/0x800 bytes, 0/512 packets, mNumPacketDescriptions=0
2026-05-09 22:13:12.136 Db corespeechd[598:681ae] [com.apple.coreaudio:AQ]      AudioQueueObject.cpp:7205  ConvertInput: bufid 1007 0x0/0x800 bytes, 0/512 packets, mNumPacketDescriptions=0
2026-05-09 22:13:12.147 Db corespeechd[598:681ae] [com.apple.coreaudio:AQ]      AudioQueueObject.cpp:7205  ConvertInput: bufid 1007 0x0/0x800 bytes, 0/512 packets, mNumPacketDescriptions=0
2026-05-09 22:13:12.157 Db corespeechd[598:681ae] [com.apple.coreaudio:AQ]      AudioQueueObject.cpp:7205  ConvertInput: bufid 1007 0x0/0x800 bytes, 0/512 packets, mNumPacketDescriptions=0
2026-05-09 22:13:12.157 Db corespeechd[598:681ae] [com.apple.coreaudio:AQ]        AudioQueueObject.h:1269  AQFetch: Input ring buffer returning 0x400 frames, t: 0x828300 - 0x828700
2026-05-09 22:13:12.157 Db corespeechd[598:681ae] [com.apple.coreaudio:AQ]      AudioQueueObject.cpp:7354  EncoderInputProc: ->1024 fr, 4096 bytes @ t=8553216 fr
2026-05-09 22:13:12.157 Db corespeechd[598:681ae] [com.apple.coreaudio:AQ]      AudioQueueObject.cpp:7234  ConvertInput: <-0x200/0x200 packets, 0x800/0x800 bytes [buffer 1007]
2026-05-09 22:13:12.158 Db corespeechd[598:681ae] [com.apple.coreaudio:aqiotime]              AQIONode.cpp:122     ionode anchor 12353.742612, 8554117 st, 1.000000 rs
2026-05-09 22:13:12.158 Db corespeechd[598:681ae] [com.apple.coreaudio:AQ]      AudioQueueObject.cpp:7205  ConvertInput: bufid 1004 0x0/0x800 bytes, 0/512 packets, mNumPacketDescriptions=0
2026-05-09 22:13:12.158 Db corespeechd[598:681ae] [com.apple.coreaudio:AQ]      AudioQueueObject.cpp:7234  ConvertInput: <-0x200/0x200 packets, 0x800/0x800 bytes [buffer 1004]
2026-05-09 22:13:12.158 Db corespeechd[598:681ae] [com.apple.coreaudio:aqiotime]              AQIONode.cpp:122     ionode anchor 12353.742612, 8554117 st, 1.000000 rs
2026-05-09 22:13:12.158 Db corespeechd[598:681ae] [com.apple.coreaudio:AQ]      AudioQueueObject.cpp:7205  ConvertInput: bufid 1005 0x0/0x800 bytes, 0/512 packets, mNumPacketDescriptions=0
2026-05-09 22:13:12.158 Db corespeechd[598:66880] [com.apple.coreaudio:AQ]      AudioQueueObject.cpp:5719  EnqueueBuffer: aq@0x710c4e800: bufid 1007, cmd 0x7104f93b8, data 0x1083998f0: 0 bytes, 0 frames (trim 0/0), 0 packets, invalid ht, invalid st, outActualStartTime 0x0
2026-05-09 22:13:12.158 Db corespeechd[598:681ae] [com.apple.coreaudio:AQ]      AudioQueueObject.cpp:7205  ConvertInput: bufid 1005 0x0/0x800 bytes, 0/512 packets, mNumPacketDescriptions=0
2026-05-09 22:13:12.158 Db corespeechd[598:66880] [com.apple.coreaudio:AQ]      AudioQueueObject.cpp:5719  EnqueueBuffer: aq@0x710c4e800: bufid 1004, cmd 0x7104f8e78, data 0x108398030: 0 bytes, 0 frames (trim 0/0), 0 packets, invalid ht, invalid st, outActualStartTime 0x0
2026-05-09 22:13:12.158 Db corespeechd[598:681ae] [com.apple.coreaudio:AQ]      AudioQueueObject.cpp:7205  ConvertInput: bufid 1005 0x0/0x800 bytes, 0/512 packets, mNumPacketDescriptions=0
2026-05-09 22:13:12.189 Db corespeechd[598:681ae] [com.apple.coreaudio:AQ]      AudioQueueObject.cpp:7205  ConvertInput: bufid 1005 0x0/0x800 bytes, 0/512 packets, mNumPacketDescriptions=0
2026-05-09 22:13:12.200 Db corespeechd[598:681ae] [com.apple.coreaudio:AQ]      AudioQueueObject.cpp:7205  ConvertInput: bufid 1005 0x0/0x800 bytes, 0/512 packets, mNumPacketDescriptions=0
2026-05-09 22:13:12.211 Db corespeechd[598:681ae] [com.apple.coreaudio:AQ]      AudioQueueObject.cpp:7205  ConvertInput: bufid 1005 0x0/0x800 bytes, 0/512 packets, mNumPacketDescriptions=0
2026-05-09 22:13:12.221 Db corespeechd[598:681ae] [com.apple.coreaudio:AQ]      AudioQueueObject.cpp:7205  ConvertInput: bufid 1005 0x0/0x800 bytes, 0/512 packets, mNumPacketDescriptions=0
2026-05-09 22:13:12.221 Db corespeechd[598:681ae] [com.apple.coreaudio:AQ]        AudioQueueObject.h:1269  AQFetch: Input ring buffer returning 0x400 frames, t: 0x828700 - 0x828b00
2026-05-09 22:13:12.221 Db corespeechd[598:681ae] [com.apple.coreaudio:AQ]      AudioQueueObject.cpp:7354  EncoderInputProc: ->1024 fr, 4096 bytes @ t=8554240 fr
2026-05-09 22:13:12.221 Db corespeechd[598:681ae] [com.apple.coreaudio:AQ]      AudioQueueObject.cpp:7234  ConvertInput: <-0x200/0x200 packets, 0x800/0x800 bytes [buffer 1005]
2026-05-09 22:13:12.222 Db corespeechd[598:681ae] [com.apple.coreaudio:aqiotime]              AQIONode.cpp:122     ionode anchor 12353.806612, 8555141 st, 1.000000 rs
2026-05-09 22:13:12.222 Db corespeechd[598:681ae] [com.apple.coreaudio:AQ]      AudioQueueObject.cpp:7205  ConvertInput: bufid 1006 0x0/0x800 bytes, 0/512 packets, mNumPacketDescriptions=0
2026-05-09 22:13:12.222 Db corespeechd[598:681ae] [com.apple.coreaudio:AQ]      AudioQueueObject.cpp:7234  ConvertInput: <-0x200/0x200 packets, 0x800/0x800 bytes [buffer 1006]
2026-05-09 22:13:12.222 Db corespeechd[598:681ae] [com.apple.coreaudio:aqiotime]              AQIONode.cpp:122     ionode anchor 12353.806612, 8555141 st, 1.000000 rs
2026-05-09 22:13:12.222 Db corespeechd[598:68082] [com.apple.coreaudio:AQ]      AudioQueueObject.cpp:5719  EnqueueBuffer: aq@0x710c4e800: bufid 1005, cmd 0x7104f8f58, data 0x108398870: 0 bytes, 0 frames (trim 0/0), 0 packets, invalid ht, invalid st, outActualStartTime 0x0
2026-05-09 22:13:12.222 Db corespeechd[598:681ae] [com.apple.coreaudio:AQ]      AudioQueueObject.cpp:7205  ConvertInput: bufid 1007 0x0/0x800 bytes, 0/512 packets, mNumPacketDescriptions=0
2026-05-09 22:13:12.222 Db corespeechd[598:68082] [com.apple.coreaudio:AQ]      AudioQueueObject.cpp:5719  EnqueueBuffer: aq@0x710c4e800: bufid 1006, cmd 0x7104f8fc8, data 0x1083990b0: 0 bytes, 0 frames (trim 0/0), 0 packets, invalid ht, invalid st, outActualStartTime 0x0
2026-05-09 22:13:12.222 Db corespeechd[598:681ae] [com.apple.coreaudio:AQ]      AudioQueueObject.cpp:7205  ConvertInput: bufid 1007 0x0/0x800 bytes, 0/512 packets, mNumPacketDescriptions=0
2026-05-09 22:13:12.253 Db corespeechd[598:681ae] [com.apple.coreaudio:AQ]      AudioQueueObject.cpp:7205  ConvertInput: bufid 1007 0x0/0x800 bytes, 0/512 packets, mNumPacketDescriptions=0
2026-05-09 22:13:12.264 Db corespeechd[598:681ae] [com.apple.coreaudio:AQ]      AudioQueueObject.cpp:7205  ConvertInput: bufid 1007 0x0/0x800 bytes, 0/512 packets, mNumPacketDescriptions=0
2026-05-09 22:13:12.275 Db corespeechd[598:681ae] [com.apple.coreaudio:AQ]      AudioQueueObject.cpp:7205  ConvertInput: bufid 1007 0x0/0x800 bytes, 0/512 packets, mNumPacketDescriptions=0
2026-05-09 22:13:12.285 Db corespeechd[598:681ae] [com.apple.coreaudio:AQ]      AudioQueueObject.cpp:7205  ConvertInput: bufid 1007 0x0/0x800 bytes, 0/512 packets, mNumPacketDescriptions=0
2026-05-09 22:13:12.285 Db corespeechd[598:681ae] [com.apple.coreaudio:AQ]        AudioQueueObject.h:1269  AQFetch: Input ring buffer returning 0x400 frames, t: 0x828b00 - 0x828f00
2026-05-09 22:13:12.285 Db corespeechd[598:681ae] [com.apple.coreaudio:AQ]      AudioQueueObject.cpp:7354  EncoderInputProc: ->1024 fr, 4096 bytes @ t=8555264 fr
2026-05-09 22:13:12.285 Db corespeechd[598:681ae] [com.apple.coreaudio:AQ]      AudioQueueObject.cpp:7234  ConvertInput: <-0x200/0x200 packets, 0x800/0x800 bytes [buffer 1007]
2026-05-09 22:13:12.286 Db corespeechd[598:681ae] [com.apple.coreaudio:aqiotime]              AQIONode.cpp:122     ionode anchor 12353.870612, 8556165 st, 1.000000 rs
2026-05-09 22:13:12.286 Db corespeechd[598:681ae] [com.apple.coreaudio:AQ]      AudioQueueObject.cpp:7205  ConvertInput: bufid 1004 0x0/0x800 bytes, 0/512 packets, mNumPacketDescriptions=0
2026-05-09 22:13:12.286 Db corespeechd[598:681ae] [com.apple.coreaudio:AQ]      AudioQueueObject.cpp:7234  ConvertInput: <-0x200/0x200 packets, 0x800/0x800 bytes [buffer 1004]
2026-05-09 22:13:12.286 Db corespeechd[598:681ae] [com.apple.coreaudio:aqiotime]              AQIONode.cpp:122     ionode anchor 12353.870612, 8556165 st, 1.000000 rs
2026-05-09 22:13:12.286 Db corespeechd[598:68403] [com.apple.coreaudio:AQ]      AudioQueueObject.cpp:5719  EnqueueBuffer: aq@0x710c4e800: bufid 1007, cmd 0x7104f93b8, data 0x1083998f0: 0 bytes, 0 frames (trim 0/0), 0 packets, invalid ht, invalid st, outActualStartTime 0x0
2026-05-09 22:13:12.286 Db corespeechd[598:681ae] [com.apple.coreaudio:AQ]      AudioQueueObject.cpp:7205  ConvertInput: bufid 1005 0x0/0x800 bytes, 0/512 packets, mNumPacketDescriptions=0
2026-05-09 22:13:12.286 Db corespeechd[598:68403] [com.apple.coreaudio:AQ]      AudioQueueObject.cpp:5719  EnqueueBuffer: aq@0x710c4e800: bufid 1004, cmd 0x7104f8e78, data 0x108398030: 0 bytes, 0 frames (trim 0/0), 0 packets, invalid ht, invalid st, outActualStartTime 0x0
2026-05-09 22:13:12.286 Db corespeechd[598:681ae] [com.apple.coreaudio:AQ]      AudioQueueObject.cpp:7205  ConvertInput: bufid 1005 0x0/0x800 bytes, 0/512 packets, mNumPacketDescriptions=0
2026-05-09 22:13:12.317 Db corespeechd[598:681ae] [com.apple.coreaudio:AQ]      AudioQueueObject.cpp:7205  ConvertInput: bufid 1005 0x0/0x800 bytes, 0/512 packets, mNumPacketDescriptions=0
2026-05-09 22:13:12.328 Db corespeechd[598:681ae] [com.apple.coreaudio:AQ]      AudioQueueObject.cpp:7205  ConvertInput: bufid 1005 0x0/0x800 bytes, 0/512 packets, mNumPacketDescriptions=0
2026-05-09 22:13:12.339 Db corespeechd[598:681ae] [com.apple.coreaudio:AQ]      AudioQueueObject.cpp:7205  ConvertInput: bufid 1005 0x0/0x800 bytes, 0/512 packets, mNumPacketDescriptions=0
2026-05-09 22:13:12.349 Db corespeechd[598:681ae] [com.apple.coreaudio:AQ]      AudioQueueObject.cpp:7205  ConvertInput: bufid 1005 0x0/0x800 bytes, 0/512 packets, mNumPacketDescriptions=0
2026-05-09 22:13:12.349 Db corespeechd[598:681ae] [com.apple.coreaudio:AQ]        AudioQueueObject.h:1269  AQFetch: Input ring buffer returning 0x400 frames, t: 0x828f00 - 0x829300
2026-05-09 22:13:12.349 Db corespeechd[598:681ae] [com.apple.coreaudio:AQ]      AudioQueueObject.cpp:7354  EncoderInputProc: ->1024 fr, 4096 bytes @ t=8556288 fr
2026-05-09 22:13:12.349 Db corespeechd[598:681ae] [com.apple.coreaudio:AQ]      AudioQueueObject.cpp:7234  ConvertInput: <-0x200/0x200 packets, 0x800/0x800 bytes [buffer 1005]
2026-05-09 22:13:12.349 Db corespeechd[598:681ae] [com.apple.coreaudio:aqiotime]              AQIONode.cpp:122     ionode anchor 12353.934612, 8557189 st, 1.000000 rs
2026-05-09 22:13:12.349 Db corespeechd[598:681ae] [com.apple.coreaudio:AQ]      AudioQueueObject.cpp:7205  ConvertInput: bufid 1006 0x0/0x800 bytes, 0/512 packets, mNumPacketDescriptions=0
2026-05-09 22:13:12.350 Db corespeechd[598:681ae] [com.apple.coreaudio:AQ]      AudioQueueObject.cpp:7234  ConvertInput: <-0x200/0x200 packets, 0x800/0x800 bytes [buffer 1006]
2026-05-09 22:13:12.350 Db corespeechd[598:681ae] [com.apple.coreaudio:aqiotime]              AQIONode.cpp:122     ionode anchor 12353.934612, 8557189 st, 1.000000 rs
2026-05-09 22:13:12.350 Db corespeechd[598:681ae] [com.apple.coreaudio:AQ]      AudioQueueObject.cpp:7205  ConvertInput: bufid 1007 0x0/0x800 bytes, 0/512 packets, mNumPacketDescriptions=0
2026-05-09 22:13:12.350 Db corespeechd[598:68403] [com.apple.coreaudio:AQ]      AudioQueueObject.cpp:5719  EnqueueBuffer: aq@0x710c4e800: bufid 1005, cmd 0x7104f8fc8, data 0x108398870: 0 bytes, 0 frames (trim 0/0), 0 packets, invalid ht, invalid st, outActualStartTime 0x0
2026-05-09 22:13:12.350 Db corespeechd[598:681ae] [com.apple.coreaudio:AQ]      AudioQueueObject.cpp:7205  ConvertInput: bufid 1007 0x0/0x800 bytes, 0/512 packets, mNumPacketDescriptions=0
2026-05-09 22:13:12.350 Db corespeechd[598:68403] [com.apple.coreaudio:AQ]      AudioQueueObject.cpp:5719  EnqueueBuffer: aq@0x710c4e800: bufid 1006, cmd 0x7104f8f58, data 0x1083990b0: 0 bytes, 0 frames (trim 0/0), 0 packets, invalid ht, invalid st, outActualStartTime 0x0
2026-05-09 22:13:12.350 Db corespeechd[598:681ae] [com.apple.coreaudio:AQ]      AudioQueueObject.cpp:7205  ConvertInput: bufid 1007 0x0/0x800 bytes, 0/512 packets, mNumPacketDescriptions=0
2026-05-09 22:13:12.381 Db corespeechd[598:681ae] [com.apple.coreaudio:AQ]      AudioQueueObject.cpp:7205  ConvertInput: bufid 1007 0x0/0x800 bytes, 0/512 packets, mNumPacketDescriptions=0
2026-05-09 22:13:12.392 Db corespeechd[598:681ae] [com.apple.coreaudio:AQ]      AudioQueueObject.cpp:7205  ConvertInput: bufid 1007 0x0/0x800 bytes, 0/512 packets, mNumPacketDescriptions=0
2026-05-09 22:13:12.403 Db corespeechd[598:681ae] [com.apple.coreaudio:AQ]      AudioQueueObject.cpp:7205  ConvertInput: bufid 1007 0x0/0x800 bytes, 0/512 packets, mNumPacketDescriptions=0
2026-05-09 22:13:12.413 Db corespeechd[598:681ae] [com.apple.coreaudio:AQ]      AudioQueueObject.cpp:7205  ConvertInput: bufid 1007 0x0/0x800 bytes, 0/512 packets, mNumPacketDescriptions=0
2026-05-09 22:13:12.413 Db corespeechd[598:681ae] [com.apple.coreaudio:AQ]        AudioQueueObject.h:1269  AQFetch: Input ring buffer returning 0x400 frames, t: 0x829300 - 0x829700
2026-05-09 22:13:12.413 Db corespeechd[598:681ae] [com.apple.coreaudio:AQ]      AudioQueueObject.cpp:7354  EncoderInputProc: ->1024 fr, 4096 bytes @ t=8557312 fr
2026-05-09 22:13:12.413 Db corespeechd[598:681ae] [com.apple.coreaudio:AQ]      AudioQueueObject.cpp:7234  ConvertInput: <-0x200/0x200 packets, 0x800/0x800 bytes [buffer 1007]
2026-05-09 22:13:12.414 Db corespeechd[598:681ae] [com.apple.coreaudio:aqiotime]              AQIONode.cpp:122     ionode anchor 12353.998612, 8558213 st, 1.000000 rs
2026-05-09 22:13:12.414 Db corespeechd[598:681ae] [com.apple.coreaudio:AQ]      AudioQueueObject.cpp:7205  ConvertInput: bufid 1004 0x0/0x800 bytes, 0/512 packets, mNumPacketDescriptions=0
2026-05-09 22:13:12.414 Db corespeechd[598:681ae] [com.apple.coreaudio:AQ]      AudioQueueObject.cpp:7234  ConvertInput: <-0x200/0x200 packets, 0x800/0x800 bytes [buffer 1004]
2026-05-09 22:13:12.414 Db corespeechd[598:681ae] [com.apple.coreaudio:aqiotime]              AQIONode.cpp:122     ionode anchor 12353.998612, 8558213 st, 1.000000 rs
2026-05-09 22:13:12.414 Db corespeechd[598:681ae] [com.apple.coreaudio:AQ]      AudioQueueObject.cpp:7205  ConvertInput: bufid 1005 0x0/0x800 bytes, 0/512 packets, mNumPacketDescriptions=0
2026-05-09 22:13:12.414 Db corespeechd[598:68082] [com.apple.coreaudio:AQ]      AudioQueueObject.cpp:5719  EnqueueBuffer: aq@0x710c4e800: bufid 1007, cmd 0x7104f8e78, data 0x1083998f0: 0 bytes, 0 frames (trim 0/0), 0 packets, invalid ht, invalid st, outActualStartTime 0x0
2026-05-09 22:13:12.414 Db corespeechd[598:68082] [com.apple.coreaudio:AQ]      AudioQueueObject.cpp:5719  EnqueueBuffer: aq@0x710c4e800: bufid 1004, cmd 0x7104f93b8, data 0x108398030: 0 bytes, 0 frames (trim 0/0), 0 packets, invalid ht, invalid st, outActualStartTime 0x0
2026-05-09 22:13:12.414 Db corespeechd[598:681ae] [com.apple.coreaudio:AQ]      AudioQueueObject.cpp:7205  ConvertInput: bufid 1005 0x0/0x800 bytes, 0/512 packets, mNumPacketDescriptions=0
2026-05-09 22:13:12.445 Db corespeechd[598:681ae] [com.apple.coreaudio:AQ]      AudioQueueObject.cpp:7205  ConvertInput: bufid 1005 0x0/0x800 bytes, 0/512 packets, mNumPacketDescriptions=0
2026-05-09 22:13:12.456 Db corespeechd[598:681ae] [com.apple.coreaudio:AQ]      AudioQueueObject.cpp:7205  ConvertInput: bufid 1005 0x0/0x800 bytes, 0/512 packets, mNumPacketDescriptions=0
2026-05-09 22:13:12.467 Db corespeechd[598:681ae] [com.apple.coreaudio:AQ]      AudioQueueObject.cpp:7205  ConvertInput: bufid 1005 0x0/0x800 bytes, 0/512 packets, mNumPacketDescriptions=0
2026-05-09 22:13:12.477 Db corespeechd[598:681ae] [com.apple.coreaudio:AQ]      AudioQueueObject.cpp:7205  ConvertInput: bufid 1005 0x0/0x800 bytes, 0/512 packets, mNumPacketDescriptions=0
2026-05-09 22:13:12.477 Db corespeechd[598:681ae] [com.apple.coreaudio:AQ]        AudioQueueObject.h:1269  AQFetch: Input ring buffer returning 0x400 frames, t: 0x829700 - 0x829b00
2026-05-09 22:13:12.477 Db corespeechd[598:681ae] [com.apple.coreaudio:AQ]      AudioQueueObject.cpp:7354  EncoderInputProc: ->1024 fr, 4096 bytes @ t=8558336 fr
2026-05-09 22:13:12.477 Db corespeechd[598:681ae] [com.apple.coreaudio:AQ]      AudioQueueObject.cpp:7234  ConvertInput: <-0x200/0x200 packets, 0x800/0x800 bytes [buffer 1005]
2026-05-09 22:13:12.478 Db corespeechd[598:681ae] [com.apple.coreaudio:aqiotime]              AQIONode.cpp:122     ionode anchor 12354.062612, 8559237 st, 1.000000 rs
2026-05-09 22:13:12.478 Db corespeechd[598:681ae] [com.apple.coreaudio:AQ]      AudioQueueObject.cpp:7205  ConvertInput: bufid 1006 0x0/0x800 bytes, 0/512 packets, mNumPacketDescriptions=0
2026-05-09 22:13:12.478 Db corespeechd[598:681ae] [com.apple.coreaudio:AQ]      AudioQueueObject.cpp:7234  ConvertInput: <-0x200/0x200 packets, 0x800/0x800 bytes [buffer 1006]
2026-05-09 22:13:12.478 Db corespeechd[598:681ae] [com.apple.coreaudio:aqiotime]              AQIONode.cpp:122     ionode anchor 12354.062612, 8559237 st, 1.000000 rs
2026-05-09 22:13:12.478 Db corespeechd[598:681ae] [com.apple.coreaudio:AQ]      AudioQueueObject.cpp:7205  ConvertInput: bufid 1007 0x0/0x800 bytes, 0/512 packets, mNumPacketDescriptions=0
2026-05-09 22:13:12.478 Db corespeechd[598:66880] [com.apple.coreaudio:AQ]      AudioQueueObject.cpp:5719  EnqueueBuffer: aq@0x710c4e800: bufid 1005, cmd 0x7104f8f58, data 0x108398870: 0 bytes, 0 frames (trim 0/0), 0 packets, invalid ht, invalid st, outActualStartTime 0x0
2026-05-09 22:13:12.478 Db corespeechd[598:681ae] [com.apple.coreaudio:AQ]      AudioQueueObject.cpp:7205  ConvertInput: bufid 1007 0x0/0x800 bytes, 0/512 packets, mNumPacketDescriptions=0
2026-05-09 22:13:12.478 Db corespeechd[598:66880] [com.apple.coreaudio:AQ]      AudioQueueObject.cpp:5719  EnqueueBuffer: aq@0x710c4e800: bufid 1006, cmd 0x7104f8fc8, data 0x1083990b0: 0 bytes, 0 frames (trim 0/0), 0 packets, invalid ht, invalid st, outActualStartTime 0x0
2026-05-09 22:13:12.478 Db corespeechd[598:681ae] [com.apple.coreaudio:AQ]      AudioQueueObject.cpp:7205  ConvertInput: bufid 1007 0x0/0x800 bytes, 0/512 packets, mNumPacketDescriptions=0
2026-05-09 22:13:12.509 Db corespeechd[598:681ae] [com.apple.coreaudio:AQ]      AudioQueueObject.cpp:7205  ConvertInput: bufid 1007 0x0/0x800 bytes, 0/512 packets, mNumPacketDescriptions=0
2026-05-09 22:13:12.520 Db corespeechd[598:681ae] [com.apple.coreaudio:AQ]      AudioQueueObject.cpp:7205  ConvertInput: bufid 1007 0x0/0x800 bytes, 0/512 packets, mNumPacketDescriptions=0
2026-05-09 22:13:12.531 Db corespeechd[598:681ae] [com.apple.coreaudio:AQ]      AudioQueueObject.cpp:7205  ConvertInput: bufid 1007 0x0/0x800 bytes, 0/512 packets, mNumPacketDescriptions=0
2026-05-09 22:13:12.536 Df coreaudiod[93820:68225] (AudioServerDriver) Setting dsp graph level parameter <private> on graph: <private> to 0.000000
2026-05-09 22:13:12.536 Db coreaudiod[93820:68225] [com.apple.audioanalytics:carc] Sending message. { reporterID=0, category=Undefined, type=generic }
2026-05-09 22:13:12.537 Db audioanalyticsd[61133:6763b] [com.apple.audioanalytics:cars] sendMessage() called. { reporterID=<private>, category=Inference, type=Generic }
2026-05-09 22:13:12.537 Db audioanalyticsd[61133:6763b] [com.apple.audioanalytics:cars] sendMessage { reporterID=0 }
2026-05-09 22:13:12.538 Db audioanalyticsd[61133:6763b] [com.apple.audioanalytics:carr] Processing message. { reporterID=392972327714819, singleServerSession=false }
2026-05-09 22:13:12.539 Db audioanalyticsd[61133:6763b] [com.apple.audioanalytics:carr] Processing message. { reporterID=424832395116547, singleServerSession=false }
2026-05-09 22:13:12.540 Db audioanalyticsd[61133:6763b] [com.apple.audioanalytics:carr] Processing message. { reporterID=424832395116548, singleServerSession=false }
2026-05-09 22:13:12.541 Db corespeechd[598:681ae] [com.apple.coreaudio:AQ]      AudioQueueObject.cpp:7205  ConvertInput: bufid 1007 0x0/0x800 bytes, 0/512 packets, mNumPacketDescriptions=0
2026-05-09 22:13:12.541 Db corespeechd[598:681ae] [com.apple.coreaudio:AQ]        AudioQueueObject.h:1269  AQFetch: Input ring buffer returning 0x280 frames, t: 0x829b00 - 0x829d80
2026-05-09 22:13:12.541 Db corespeechd[598:681ae] [com.apple.coreaudio:AQ]      AudioQueueObject.cpp:7354  EncoderInputProc: ->640 fr, 2560 bytes @ t=8559360 fr
2026-05-09 22:13:12.541 Db audioanalyticsd[61133:6763b] [com.apple.audioanalytics:carr] Processing message. { reporterID=402953831710726, singleServerSession=false }
2026-05-09 22:13:12.541 Db corespeechd[598:681ae] [com.apple.coreaudio:AQ]      AudioQueueObject.cpp:7234  ConvertInput: <-0x200/0x200 packets, 0x800/0x800 bytes [buffer 1007]
2026-05-09 22:13:12.542 Db corespeechd[598:681ae] [com.apple.coreaudio:aqiotime]              AQIONode.cpp:122     ionode anchor 12354.126612, 8560261 st, 1.000000 rs
2026-05-09 22:13:12.542 Db corespeechd[598:681ae] [com.apple.coreaudio:AQ]      AudioQueueObject.cpp:7205  ConvertInput: bufid 1004 0x0/0x800 bytes, 0/512 packets, mNumPacketDescriptions=0
2026-05-09 22:13:12.542 Db corespeechd[598:66880] [com.apple.coreaudio:AQ]      AudioQueueObject.cpp:5719  EnqueueBuffer: aq@0x710c4e800: bufid 1007, cmd 0x7104f8e78, data 0x1083998f0: 0 bytes, 0 frames (trim 0/0), 0 packets, invalid ht, invalid st, outActualStartTime 0x0
2026-05-09 22:13:12.542 Db corespeechd[598:681ae] [com.apple.coreaudio:AQ]      AudioQueueObject.cpp:7205  ConvertInput: bufid 1004 0x0/0x800 bytes, 0/512 packets, mNumPacketDescriptions=0
2026-05-09 22:13:12.544 Db audioanalyticsd[61133:6763b] [com.apple.audioanalytics:carr] Processing message. { reporterID=2954937499649, singleServerSession=false }
2026-05-09 22:13:12.552 Db corespeechd[598:681ae] [com.apple.coreaudio:AQ]      AudioQueueObject.cpp:7205  ConvertInput: bufid 1004 0x0/0x800 bytes, 0/512 packets, mNumPacketDescriptions=0
2026-05-09 22:13:12.563 Db corespeechd[598:681ae] [com.apple.coreaudio:AQ]      AudioQueueObject.cpp:7205  ConvertInput: bufid 1004 0x0/0x800 bytes, 0/512 packets, mNumPacketDescriptions=0
2026-05-09 22:13:12.573 Db corespeechd[598:681ae] [com.apple.coreaudio:AQ]      AudioQueueObject.cpp:7205  ConvertInput: bufid 1004 0x0/0x800 bytes, 0/512 packets, mNumPacketDescriptions=0
2026-05-09 22:13:12.584 Db corespeechd[598:681ae] [com.apple.coreaudio:AQ]      AudioQueueObject.cpp:7205  ConvertInput: bufid 1004 0x0/0x800 bytes, 0/512 packets, mNumPacketDescriptions=0
2026-05-09 22:13:12.584 Db corespeechd[598:681ae] [com.apple.coreaudio:AQ]        AudioQueueObject.h:1269  AQFetch: Input ring buffer returning 0x400 frames, t: 0x829d80 - 0x82a180
2026-05-09 22:13:12.584 Db corespeechd[598:681ae] [com.apple.coreaudio:AQ]      AudioQueueObject.cpp:7354  EncoderInputProc: ->1024 fr, 4096 bytes @ t=8560000 fr
2026-05-09 22:13:12.584 Db corespeechd[598:681ae] [com.apple.coreaudio:AQ]      AudioQueueObject.cpp:7234  ConvertInput: <-0x200/0x200 packets, 0x800/0x800 bytes [buffer 1004]
2026-05-09 22:13:12.584 Db corespeechd[598:681ae] [com.apple.coreaudio:aqiotime]              AQIONode.cpp:122     ionode anchor 12354.169279, 8560944 st, 1.000000 rs
2026-05-09 22:13:12.584 Db corespeechd[598:681ae] [com.apple.coreaudio:AQ]      AudioQueueObject.cpp:7205  ConvertInput: bufid 1005 0x0/0x800 bytes, 0/512 packets, mNumPacketDescriptions=0
2026-05-09 22:13:12.584 Db corespeechd[598:681ae] [com.apple.coreaudio:AQ]      AudioQueueObject.cpp:7234  ConvertInput: <-0x200/0x200 packets, 0x800/0x800 bytes [buffer 1005]
2026-05-09 22:13:12.584 Db corespeechd[598:681ae] [com.apple.coreaudio:aqiotime]              AQIONode.cpp:122     ionode anchor 12354.169279, 8560944 st, 1.000000 rs
2026-05-09 22:13:12.584 Db corespeechd[598:68403] [com.apple.coreaudio:AQ]      AudioQueueObject.cpp:5719  EnqueueBuffer: aq@0x710c4e800: bufid 1004, cmd 0x7104f93b8, data 0x108398030: 0 bytes, 0 frames (trim 0/0), 0 packets, invalid ht, invalid st, outActualStartTime 0x0
2026-05-09 22:13:12.584 Db corespeechd[598:681ae] [com.apple.coreaudio:AQ]      AudioQueueObject.cpp:7205  ConvertInput: bufid 1006 0x0/0x800 bytes, 0/512 packets, mNumPacketDescriptions=0
2026-05-09 22:13:12.584 Db corespeechd[598:68403] [com.apple.coreaudio:AQ]      AudioQueueObject.cpp:5719  EnqueueBuffer: aq@0x710c4e800: bufid 1005, cmd 0x7104f8f58, data 0x108398870: 0 bytes, 0 frames (trim 0/0), 0 packets, invalid ht, invalid st, outActualStartTime 0x0
2026-05-09 22:13:12.585 Db corespeechd[598:681ae] [com.apple.coreaudio:AQ]      AudioQueueObject.cpp:7205  ConvertInput: bufid 1006 0x0/0x800 bytes, 0/512 packets, mNumPacketDescriptions=0
2026-05-09 22:13:12.616 Db corespeechd[598:681ae] [com.apple.coreaudio:AQ]      AudioQueueObject.cpp:7205  ConvertInput: bufid 1006 0x0/0x800 bytes, 0/512 packets, mNumPacketDescriptions=0
2026-05-09 22:13:12.627 Db corespeechd[598:681ae] [com.apple.coreaudio:AQ]      AudioQueueObject.cpp:7205  ConvertInput: bufid 1006 0x0/0x800 bytes, 0/512 packets, mNumPacketDescriptions=0
2026-05-09 22:13:12.637 Db corespeechd[598:681ae] [com.apple.coreaudio:AQ]      AudioQueueObject.cpp:7205  ConvertInput: bufid 1006 0x0/0x800 bytes, 0/512 packets, mNumPacketDescriptions=0
2026-05-09 22:13:12.648 Db corespeechd[598:681ae] [com.apple.coreaudio:AQ]      AudioQueueObject.cpp:7205  ConvertInput: bufid 1006 0x0/0x800 bytes, 0/512 packets, mNumPacketDescriptions=0
2026-05-09 22:13:12.648 Db corespeechd[598:681ae] [com.apple.coreaudio:AQ]        AudioQueueObject.h:1269  AQFetch: Input ring buffer returning 0x400 frames, t: 0x82a180 - 0x82a580
2026-05-09 22:13:12.648 Db corespeechd[598:681ae] [com.apple.coreaudio:AQ]      AudioQueueObject.cpp:7354  EncoderInputProc: ->1024 fr, 4096 bytes @ t=8561024 fr
2026-05-09 22:13:12.648 Db corespeechd[598:681ae] [com.apple.coreaudio:AQ]      AudioQueueObject.cpp:7234  ConvertInput: <-0x200/0x200 packets, 0x800/0x800 bytes [buffer 1006]
2026-05-09 22:13:12.648 Db corespeechd[598:681ae] [com.apple.coreaudio:aqiotime]              AQIONode.cpp:122     ionode anchor 12354.233279, 8561968 st, 1.000000 rs
2026-05-09 22:13:12.648 Db corespeechd[598:681ae] [com.apple.coreaudio:AQ]      AudioQueueObject.cpp:7205  ConvertInput: bufid 1007 0x0/0x800 bytes, 0/512 packets, mNumPacketDescriptions=0
2026-05-09 22:13:12.648 Db corespeechd[598:681ae] [com.apple.coreaudio:AQ]      AudioQueueObject.cpp:7234  ConvertInput: <-0x200/0x200 packets, 0x800/0x800 bytes [buffer 1007]
2026-05-09 22:13:12.648 Db corespeechd[598:681ae] [com.apple.coreaudio:aqiotime]              AQIONode.cpp:122     ionode anchor 12354.233279, 8561968 st, 1.000000 rs
2026-05-09 22:13:12.648 Db corespeechd[598:68403] [com.apple.coreaudio:AQ]      AudioQueueObject.cpp:5719  EnqueueBuffer: aq@0x710c4e800: bufid 1006, cmd 0x7104f8e78, data 0x1083990b0: 0 bytes, 0 frames (trim 0/0), 0 packets, invalid ht, invalid st, outActualStartTime 0x0
2026-05-09 22:13:12.648 Db corespeechd[598:681ae] [com.apple.coreaudio:AQ]      AudioQueueObject.cpp:7205  ConvertInput: bufid 1004 0x0/0x800 bytes, 0/512 packets, mNumPacketDescriptions=0
2026-05-09 22:13:12.648 Db corespeechd[598:68403] [com.apple.coreaudio:AQ]      AudioQueueObject.cpp:5719  EnqueueBuffer: aq@0x710c4e800: bufid 1007, cmd 0x7104f8fc8, data 0x1083998f0: 0 bytes, 0 frames (trim 0/0), 0 packets, invalid ht, invalid st, outActualStartTime 0x0
2026-05-09 22:13:12.649 Db corespeechd[598:681ae] [com.apple.coreaudio:AQ]      AudioQueueObject.cpp:7205  ConvertInput: bufid 1004 0x0/0x800 bytes, 0/512 packets, mNumPacketDescriptions=0
2026-05-09 22:13:12.680 Db corespeechd[598:681ae] [com.apple.coreaudio:AQ]      AudioQueueObject.cpp:7205  ConvertInput: bufid 1004 0x0/0x800 bytes, 0/512 packets, mNumPacketDescriptions=0
2026-05-09 22:13:12.691 Db corespeechd[598:681ae] [com.apple.coreaudio:AQ]      AudioQueueObject.cpp:7205  ConvertInput: bufid 1004 0x0/0x800 bytes, 0/512 packets, mNumPacketDescriptions=0
2026-05-09 22:13:12.701 Db corespeechd[598:681ae] [com.apple.coreaudio:AQ]      AudioQueueObject.cpp:7205  ConvertInput: bufid 1004 0x0/0x800 bytes, 0/512 packets, mNumPacketDescriptions=0
2026-05-09 22:13:12.712 Db corespeechd[598:681ae] [com.apple.coreaudio:AQ]      AudioQueueObject.cpp:7205  ConvertInput: bufid 1004 0x0/0x800 bytes, 0/512 packets, mNumPacketDescriptions=0
2026-05-09 22:13:12.712 Db corespeechd[598:681ae] [com.apple.coreaudio:AQ]        AudioQueueObject.h:1269  AQFetch: Input ring buffer returning 0x400 frames, t: 0x82a580 - 0x82a980
2026-05-09 22:13:12.712 Db corespeechd[598:681ae] [com.apple.coreaudio:AQ]      AudioQueueObject.cpp:7354  EncoderInputProc: ->1024 fr, 4096 bytes @ t=8562048 fr
2026-05-09 22:13:12.712 Db corespeechd[598:681ae] [com.apple.coreaudio:AQ]      AudioQueueObject.cpp:7234  ConvertInput: <-0x200/0x200 packets, 0x800/0x800 bytes [buffer 1004]
2026-05-09 22:13:12.712 Db corespeechd[598:681ae] [com.apple.coreaudio:aqiotime]              AQIONode.cpp:122     ionode anchor 12354.297279, 8562992 st, 1.000000 rs
2026-05-09 22:13:12.712 Db corespeechd[598:681ae] [com.apple.coreaudio:AQ]      AudioQueueObject.cpp:7205  ConvertInput: bufid 1005 0x0/0x800 bytes, 0/512 packets, mNumPacketDescriptions=0
2026-05-09 22:13:12.712 Db corespeechd[598:681ae] [com.apple.coreaudio:AQ]      AudioQueueObject.cpp:7234  ConvertInput: <-0x200/0x200 packets, 0x800/0x800 bytes [buffer 1005]
2026-05-09 22:13:12.712 Db corespeechd[598:681ae] [com.apple.coreaudio:aqiotime]              AQIONode.cpp:122     ionode anchor 12354.297279, 8562992 st, 1.000000 rs
2026-05-09 22:13:12.712 Db corespeechd[598:681ae] [com.apple.coreaudio:AQ]      AudioQueueObject.cpp:7205  ConvertInput: bufid 1006 0x0/0x800 bytes, 0/512 packets, mNumPacketDescriptions=0
2026-05-09 22:13:12.712 Db corespeechd[598:66880] [com.apple.coreaudio:AQ]      AudioQueueObject.cpp:5719  EnqueueBuffer: aq@0x710c4e800: bufid 1004, cmd 0x7104f8f58, data 0x108398030: 0 bytes, 0 frames (trim 0/0), 0 packets, invalid ht, invalid st, outActualStartTime 0x0
2026-05-09 22:13:12.712 Db corespeechd[598:681ae] [com.apple.coreaudio:AQ]      AudioQueueObject.cpp:7205  ConvertInput: bufid 1006 0x0/0x800 bytes, 0/512 packets, mNumPacketDescriptions=0
2026-05-09 22:13:12.712 Db corespeechd[598:66880] [com.apple.coreaudio:AQ]      AudioQueueObject.cpp:5719  EnqueueBuffer: aq@0x710c4e800: bufid 1005, cmd 0x7104f93b8, data 0x108398870: 0 bytes, 0 frames (trim 0/0), 0 packets, invalid ht, invalid st, outActualStartTime 0x0
2026-05-09 22:13:12.712 Db corespeechd[598:681ae] [com.apple.coreaudio:AQ]      AudioQueueObject.cpp:7205  ConvertInput: bufid 1006 0x0/0x800 bytes, 0/512 packets, mNumPacketDescriptions=0
2026-05-09 22:13:12.744 Db corespeechd[598:681ae] [com.apple.coreaudio:AQ]      AudioQueueObject.cpp:7205  ConvertInput: bufid 1006 0x0/0x800 bytes, 0/512 packets, mNumPacketDescriptions=0
2026-05-09 22:13:12.755 Db corespeechd[598:681ae] [com.apple.coreaudio:AQ]      AudioQueueObject.cpp:7205  ConvertInput: bufid 1006 0x0/0x800 bytes, 0/512 packets, mNumPacketDescriptions=0
2026-05-09 22:13:12.765 Db corespeechd[598:681ae] [com.apple.coreaudio:AQ]      AudioQueueObject.cpp:7205  ConvertInput: bufid 1006 0x0/0x800 bytes, 0/512 packets, mNumPacketDescriptions=0
2026-05-09 22:13:12.776 Db corespeechd[598:681ae] [com.apple.coreaudio:AQ]      AudioQueueObject.cpp:7205  ConvertInput: bufid 1006 0x0/0x800 bytes, 0/512 packets, mNumPacketDescriptions=0
2026-05-09 22:13:12.776 Db corespeechd[598:681ae] [com.apple.coreaudio:AQ]        AudioQueueObject.h:1269  AQFetch: Input ring buffer returning 0x400 frames, t: 0x82a980 - 0x82ad80
2026-05-09 22:13:12.776 Db corespeechd[598:681ae] [com.apple.coreaudio:AQ]      AudioQueueObject.cpp:7354  EncoderInputProc: ->1024 fr, 4096 bytes @ t=8563072 fr
2026-05-09 22:13:12.776 Db corespeechd[598:681ae] [com.apple.coreaudio:AQ]      AudioQueueObject.cpp:7234  ConvertInput: <-0x200/0x200 packets, 0x800/0x800 bytes [buffer 1006]
2026-05-09 22:13:12.776 Db corespeechd[598:681ae] [com.apple.coreaudio:aqiotime]              AQIONode.cpp:122     ionode anchor 12354.361279, 8564016 st, 1.000000 rs
2026-05-09 22:13:12.776 Db corespeechd[598:681ae] [com.apple.coreaudio:AQ]      AudioQueueObject.cpp:7205  ConvertInput: bufid 1007 0x0/0x800 bytes, 0/512 packets, mNumPacketDescriptions=0
2026-05-09 22:13:12.776 Db corespeechd[598:681ae] [com.apple.coreaudio:AQ]      AudioQueueObject.cpp:7234  ConvertInput: <-0x200/0x200 packets, 0x800/0x800 bytes [buffer 1007]
2026-05-09 22:13:12.776 Db corespeechd[598:681ae] [com.apple.coreaudio:aqiotime]              AQIONode.cpp:122     ionode anchor 12354.361279, 8564016 st, 1.000000 rs
2026-05-09 22:13:12.776 Db corespeechd[598:681ae] [com.apple.coreaudio:AQ]      AudioQueueObject.cpp:7205  ConvertInput: bufid 1004 0x0/0x800 bytes, 0/512 packets, mNumPacketDescriptions=0
2026-05-09 22:13:12.776 Db corespeechd[598:68403] [com.apple.coreaudio:AQ]      AudioQueueObject.cpp:5719  EnqueueBuffer: aq@0x710c4e800: bufid 1006, cmd 0x7104f8e78, data 0x1083990b0: 0 bytes, 0 frames (trim 0/0), 0 packets, invalid ht, invalid st, outActualStartTime 0x0
2026-05-09 22:13:12.776 Db corespeechd[598:681ae] [com.apple.coreaudio:AQ]      AudioQueueObject.cpp:7205  ConvertInput: bufid 1004 0x0/0x800 bytes, 0/512 packets, mNumPacketDescriptions=0
2026-05-09 22:13:12.776 Db corespeechd[598:68403] [com.apple.coreaudio:AQ]      AudioQueueObject.cpp:5719  EnqueueBuffer: aq@0x710c4e800: bufid 1007, cmd 0x7104f8fc8, data 0x1083998f0: 0 bytes, 0 frames (trim 0/0), 0 packets, invalid ht, invalid st, outActualStartTime 0x0
2026-05-09 22:13:12.777 Db corespeechd[598:681ae] [com.apple.coreaudio:AQ]      AudioQueueObject.cpp:7205  ConvertInput: bufid 1004 0x0/0x800 bytes, 0/512 packets, mNumPacketDescriptions=0
2026-05-09 22:13:12.808 Db corespeechd[598:681ae] [com.apple.coreaudio:AQ]      AudioQueueObject.cpp:7205  ConvertInput: bufid 1004 0x0/0x800 bytes, 0/512 packets, mNumPacketDescriptions=0
2026-05-09 22:13:12.819 Db corespeechd[598:681ae] [com.apple.coreaudio:AQ]      AudioQueueObject.cpp:7205  ConvertInput: bufid 1004 0x0/0x800 bytes, 0/512 packets, mNumPacketDescriptions=0
2026-05-09 22:13:12.829 Db corespeechd[598:681ae] [com.apple.coreaudio:AQ]      AudioQueueObject.cpp:7205  ConvertInput: bufid 1004 0x0/0x800 bytes, 0/512 packets, mNumPacketDescriptions=0
2026-05-09 22:13:12.840 Db corespeechd[598:681ae] [com.apple.coreaudio:AQ]      AudioQueueObject.cpp:7205  ConvertInput: bufid 1004 0x0/0x800 bytes, 0/512 packets, mNumPacketDescriptions=0
2026-05-09 22:13:12.840 Db corespeechd[598:681ae] [com.apple.coreaudio:AQ]        AudioQueueObject.h:1269  AQFetch: Input ring buffer returning 0x400 frames, t: 0x82ad80 - 0x82b180
2026-05-09 22:13:12.840 Db corespeechd[598:681ae] [com.apple.coreaudio:AQ]      AudioQueueObject.cpp:7354  EncoderInputProc: ->1024 fr, 4096 bytes @ t=8564096 fr
2026-05-09 22:13:12.840 Db corespeechd[598:681ae] [com.apple.coreaudio:AQ]      AudioQueueObject.cpp:7234  ConvertInput: <-0x200/0x200 packets, 0x800/0x800 bytes [buffer 1004]
2026-05-09 22:13:12.840 Db corespeechd[598:681ae] [com.apple.coreaudio:aqiotime]              AQIONode.cpp:122     ionode anchor 12354.425279, 8565040 st, 1.000000 rs
2026-05-09 22:13:12.840 Db corespeechd[598:681ae] [com.apple.coreaudio:AQ]      AudioQueueObject.cpp:7205  ConvertInput: bufid 1005 0x0/0x800 bytes, 0/512 packets, mNumPacketDescriptions=0
2026-05-09 22:13:12.840 Db corespeechd[598:681ae] [com.apple.coreaudio:AQ]      AudioQueueObject.cpp:7234  ConvertInput: <-0x200/0x200 packets, 0x800/0x800 bytes [buffer 1005]
2026-05-09 22:13:12.840 Db corespeechd[598:681ae] [com.apple.coreaudio:aqiotime]              AQIONode.cpp:122     ionode anchor 12354.425279, 8565040 st, 1.000000 rs
2026-05-09 22:13:12.840 Db corespeechd[598:68403] [com.apple.coreaudio:AQ]      AudioQueueObject.cpp:5719  EnqueueBuffer: aq@0x710c4e800: bufid 1004, cmd 0x7104f8f58, data 0x108398030: 0 bytes, 0 frames (trim 0/0), 0 packets, invalid ht, invalid st, outActualStartTime 0x0
2026-05-09 22:13:12.841 Db corespeechd[598:681ae] [com.apple.coreaudio:AQ]      AudioQueueObject.cpp:7205  ConvertInput: bufid 1006 0x0/0x800 bytes, 0/512 packets, mNumPacketDescriptions=0
2026-05-09 22:13:12.841 Db corespeechd[598:68403] [com.apple.coreaudio:AQ]      AudioQueueObject.cpp:5719  EnqueueBuffer: aq@0x710c4e800: bufid 1005, cmd 0x7104f93b8, data 0x108398870: 0 bytes, 0 frames (trim 0/0), 0 packets, invalid ht, invalid st, outActualStartTime 0x0
2026-05-09 22:13:12.841 Db corespeechd[598:681ae] [com.apple.coreaudio:AQ]      AudioQueueObject.cpp:7205  ConvertInput: bufid 1006 0x0/0x800 bytes, 0/512 packets, mNumPacketDescriptions=0
2026-05-09 22:13:12.872 Db corespeechd[598:681ae] [com.apple.coreaudio:AQ]      AudioQueueObject.cpp:7205  ConvertInput: bufid 1006 0x0/0x800 bytes, 0/512 packets, mNumPacketDescriptions=0
2026-05-09 22:13:12.883 Db corespeechd[598:681ae] [com.apple.coreaudio:AQ]      AudioQueueObject.cpp:7205  ConvertInput: bufid 1006 0x0/0x800 bytes, 0/512 packets, mNumPacketDescriptions=0
2026-05-09 22:13:12.893 Db corespeechd[598:681ae] [com.apple.coreaudio:AQ]      AudioQueueObject.cpp:7205  ConvertInput: bufid 1006 0x0/0x800 bytes, 0/512 packets, mNumPacketDescriptions=0
2026-05-09 22:13:12.904 Db corespeechd[598:681ae] [com.apple.coreaudio:AQ]      AudioQueueObject.cpp:7205  ConvertInput: bufid 1006 0x0/0x800 bytes, 0/512 packets, mNumPacketDescriptions=0
2026-05-09 22:13:12.904 Db corespeechd[598:681ae] [com.apple.coreaudio:AQ]        AudioQueueObject.h:1269  AQFetch: Input ring buffer returning 0x400 frames, t: 0x82b180 - 0x82b580
2026-05-09 22:13:12.904 Db corespeechd[598:681ae] [com.apple.coreaudio:AQ]      AudioQueueObject.cpp:7354  EncoderInputProc: ->1024 fr, 4096 bytes @ t=8565120 fr
2026-05-09 22:13:12.904 Db corespeechd[598:681ae] [com.apple.coreaudio:AQ]      AudioQueueObject.cpp:7234  ConvertInput: <-0x200/0x200 packets, 0x800/0x800 bytes [buffer 1006]
2026-05-09 22:13:12.904 Db corespeechd[598:681ae] [com.apple.coreaudio:aqiotime]              AQIONode.cpp:122     ionode anchor 12354.489279, 8566064 st, 1.000000 rs
2026-05-09 22:13:12.904 Db corespeechd[598:681ae] [com.apple.coreaudio:AQ]      AudioQueueObject.cpp:7205  ConvertInput: bufid 1007 0x0/0x800 bytes, 0/512 packets, mNumPacketDescriptions=0
2026-05-09 22:13:12.904 Db corespeechd[598:681ae] [com.apple.coreaudio:AQ]      AudioQueueObject.cpp:7234  ConvertInput: <-0x200/0x200 packets, 0x800/0x800 bytes [buffer 1007]
2026-05-09 22:13:12.904 Db corespeechd[598:681ae] [com.apple.coreaudio:aqiotime]              AQIONode.cpp:122     ionode anchor 12354.489279, 8566064 st, 1.000000 rs
2026-05-09 22:13:12.904 Db corespeechd[598:681ad] [com.apple.coreaudio:AQ]      AudioQueueObject.cpp:5719  EnqueueBuffer: aq@0x710c4e800: bufid 1006, cmd 0x7104f8e78, data 0x1083990b0: 0 bytes, 0 frames (trim 0/0), 0 packets, invalid ht, invalid st, outActualStartTime 0x0
2026-05-09 22:13:12.904 Db corespeechd[598:681ae] [com.apple.coreaudio:AQ]      AudioQueueObject.cpp:7205  ConvertInput: bufid 1004 0x0/0x800 bytes, 0/512 packets, mNumPacketDescriptions=0
2026-05-09 22:13:12.904 Db corespeechd[598:681ad] [com.apple.coreaudio:AQ]      AudioQueueObject.cpp:5719  EnqueueBuffer: aq@0x710c4e800: bufid 1007, cmd 0x7104f8fc8, data 0x1083998f0: 0 bytes, 0 frames (trim 0/0), 0 packets, invalid ht, invalid st, outActualStartTime 0x0
2026-05-09 22:13:12.905 Db corespeechd[598:681ae] [com.apple.coreaudio:AQ]      AudioQueueObject.cpp:7205  ConvertInput: bufid 1004 0x0/0x800 bytes, 0/512 packets, mNumPacketDescriptions=0
2026-05-09 22:13:12.936 Db corespeechd[598:681ae] [com.apple.coreaudio:AQ]      AudioQueueObject.cpp:7205  ConvertInput: bufid 1004 0x0/0x800 bytes, 0/512 packets, mNumPacketDescriptions=0
