2026-05-09 22:13:10.099 Db corespeechd[598:681ae] [com.apple.coreaudio:AQ]      AudioQueueObject.cpp:7205  ConvertInput: bufid 1004 0x0/0x800 bytes, 0/512 packets, mNumPacketDescriptions=0
2026-05-09 22:13:10.099 Db corespeechd[598:681ae] [com.apple.coreaudio:AQ]      AudioQueueObject.cpp:7234  ConvertInput: <-0x200/0x200 packets, 0x800/0x800 bytes [buffer 1004]
2026-05-09 22:13:10.099 Db corespeechd[598:681ae] [com.apple.coreaudio:aqiotime]              AQIONode.cpp:122     ionode anchor 12351.683946, 8521179 st, 1.000000 rs
2026-05-09 22:13:10.099 Db corespeechd[598:681ae] [com.apple.coreaudio:AQ]      AudioQueueObject.cpp:7205  ConvertInput: bufid 1005 0x0/0x800 bytes, 0/512 packets, mNumPacketDescriptions=0
2026-05-09 22:13:10.099 Db corespeechd[598:68403] [com.apple.coreaudio:AQ]      AudioQueueObject.cpp:5719  EnqueueBuffer: aq@0x710c4e800: bufid 1007, cmd 0x7104f93b8, data 0x1083998f0: 0 bytes, 0 frames (trim 0/0), 0 packets, invalid ht, invalid st, outActualStartTime 0x0
2026-05-09 22:13:10.099 Db corespeechd[598:681ae] [com.apple.coreaudio:AQ]      AudioQueueObject.cpp:7205  ConvertInput: bufid 1005 0x0/0x800 bytes, 0/512 packets, mNumPacketDescriptions=0
2026-05-09 22:13:10.099 Db corespeechd[598:68403] [com.apple.coreaudio:AQ]      AudioQueueObject.cpp:5719  EnqueueBuffer: aq@0x710c4e800: bufid 1004, cmd 0x7104f8fc8, data 0x108398030: 0 bytes, 0 frames (trim 0/0), 0 packets, invalid ht, invalid st, outActualStartTime 0x0
2026-05-09 22:13:10.100 Db corespeechd[598:681ae] [com.apple.coreaudio:AQ]      AudioQueueObject.cpp:7205  ConvertInput: bufid 1005 0x0/0x800 bytes, 0/512 packets, mNumPacketDescriptions=0
2026-05-09 22:13:10.131 Db corespeechd[598:681ae] [com.apple.coreaudio:AQ]      AudioQueueObject.cpp:7205  ConvertInput: bufid 1005 0x0/0x800 bytes, 0/512 packets, mNumPacketDescriptions=0
2026-05-09 22:13:10.141 Db corespeechd[598:681ae] [com.apple.coreaudio:AQ]      AudioQueueObject.cpp:7205  ConvertInput: bufid 1005 0x0/0x800 bytes, 0/512 packets, mNumPacketDescriptions=0
2026-05-09 22:13:10.152 Db corespeechd[598:681ae] [com.apple.coreaudio:AQ]      AudioQueueObject.cpp:7205  ConvertInput: bufid 1005 0x0/0x800 bytes, 0/512 packets, mNumPacketDescriptions=0
2026-05-09 22:13:10.163 Db corespeechd[598:681ae] [com.apple.coreaudio:AQ]      AudioQueueObject.cpp:7205  ConvertInput: bufid 1005 0x0/0x800 bytes, 0/512 packets, mNumPacketDescriptions=0
2026-05-09 22:13:10.163 Db corespeechd[598:681ae] [com.apple.coreaudio:AQ]        AudioQueueObject.h:1269  AQFetch: Input ring buffer returning 0x400 frames, t: 0x820600 - 0x820a00
2026-05-09 22:13:10.163 Db corespeechd[598:681ae] [com.apple.coreaudio:AQ]      AudioQueueObject.cpp:7354  EncoderInputProc: ->1024 fr, 4096 bytes @ t=8521216 fr
2026-05-09 22:13:10.163 Db corespeechd[598:681ae] [com.apple.coreaudio:AQ]      AudioQueueObject.cpp:7234  ConvertInput: <-0x200/0x200 packets, 0x800/0x800 bytes [buffer 1005]
2026-05-09 22:13:10.163 Db corespeechd[598:681ae] [com.apple.coreaudio:aqiotime]              AQIONode.cpp:122     ionode anchor 12351.747946, 8522203 st, 1.000000 rs
2026-05-09 22:13:10.163 Db corespeechd[598:681ae] [com.apple.coreaudio:AQ]      AudioQueueObject.cpp:7205  ConvertInput: bufid 1006 0x0/0x800 bytes, 0/512 packets, mNumPacketDescriptions=0
2026-05-09 22:13:10.163 Db corespeechd[598:681ae] [com.apple.coreaudio:AQ]      AudioQueueObject.cpp:7234  ConvertInput: <-0x200/0x200 packets, 0x800/0x800 bytes [buffer 1006]
2026-05-09 22:13:10.163 Db corespeechd[598:681ae] [com.apple.coreaudio:aqiotime]              AQIONode.cpp:122     ionode anchor 12351.747946, 8522203 st, 1.000000 rs
2026-05-09 22:13:10.163 Db corespeechd[598:681ae] [com.apple.coreaudio:AQ]      AudioQueueObject.cpp:7205  ConvertInput: bufid 1007 0x0/0x800 bytes, 0/512 packets, mNumPacketDescriptions=0
2026-05-09 22:13:10.163 Db corespeechd[598:66880] [com.apple.coreaudio:AQ]      AudioQueueObject.cpp:5719  EnqueueBuffer: aq@0x710c4e800: bufid 1005, cmd 0x7104f8e78, data 0x108398870: 0 bytes, 0 frames (trim 0/0), 0 packets, invalid ht, invalid st, outActualStartTime 0x0
2026-05-09 22:13:10.163 Db corespeechd[598:681ae] [com.apple.coreaudio:AQ]      AudioQueueObject.cpp:7205  ConvertInput: bufid 1007 0x0/0x800 bytes, 0/512 packets, mNumPacketDescriptions=0
2026-05-09 22:13:10.163 Db corespeechd[598:66880] [com.apple.coreaudio:AQ]      AudioQueueObject.cpp:5719  EnqueueBuffer: aq@0x710c4e800: bufid 1006, cmd 0x7104f8f58, data 0x1083990b0: 0 bytes, 0 frames (trim 0/0), 0 packets, invalid ht, invalid st, outActualStartTime 0x0
2026-05-09 22:13:10.163 Db corespeechd[598:681ae] [com.apple.coreaudio:AQ]      AudioQueueObject.cpp:7205  ConvertInput: bufid 1007 0x0/0x800 bytes, 0/512 packets, mNumPacketDescriptions=0
2026-05-09 22:13:10.195 Db corespeechd[598:681ae] [com.apple.coreaudio:AQ]      AudioQueueObject.cpp:7205  ConvertInput: bufid 1007 0x0/0x800 bytes, 0/512 packets, mNumPacketDescriptions=0
2026-05-09 22:13:10.205 Db corespeechd[598:681ae] [com.apple.coreaudio:AQ]      AudioQueueObject.cpp:7205  ConvertInput: bufid 1007 0x0/0x800 bytes, 0/512 packets, mNumPacketDescriptions=0
2026-05-09 22:13:10.216 Db corespeechd[598:681ae] [com.apple.coreaudio:AQ]      AudioQueueObject.cpp:7205  ConvertInput: bufid 1007 0x0/0x800 bytes, 0/512 packets, mNumPacketDescriptions=0
2026-05-09 22:13:10.227 Db corespeechd[598:681ae] [com.apple.coreaudio:AQ]      AudioQueueObject.cpp:7205  ConvertInput: bufid 1007 0x0/0x800 bytes, 0/512 packets, mNumPacketDescriptions=0
2026-05-09 22:13:10.227 Db corespeechd[598:681ae] [com.apple.coreaudio:AQ]        AudioQueueObject.h:1269  AQFetch: Input ring buffer returning 0x400 frames, t: 0x820a00 - 0x820e00
2026-05-09 22:13:10.227 Db corespeechd[598:681ae] [com.apple.coreaudio:AQ]      AudioQueueObject.cpp:7354  EncoderInputProc: ->1024 fr, 4096 bytes @ t=8522240 fr
2026-05-09 22:13:10.227 Db corespeechd[598:681ae] [com.apple.coreaudio:AQ]      AudioQueueObject.cpp:7234  ConvertInput: <-0x200/0x200 packets, 0x800/0x800 bytes [buffer 1007]
2026-05-09 22:13:10.227 Db corespeechd[598:681ae] [com.apple.coreaudio:aqiotime]              AQIONode.cpp:122     ionode anchor 12351.811946, 8523227 st, 1.000000 rs
2026-05-09 22:13:10.227 Db corespeechd[598:681ae] [com.apple.coreaudio:AQ]      AudioQueueObject.cpp:7205  ConvertInput: bufid 1004 0x0/0x800 bytes, 0/512 packets, mNumPacketDescriptions=0
2026-05-09 22:13:10.227 Db corespeechd[598:681ae] [com.apple.coreaudio:AQ]      AudioQueueObject.cpp:7234  ConvertInput: <-0x200/0x200 packets, 0x800/0x800 bytes [buffer 1004]
2026-05-09 22:13:10.227 Db corespeechd[598:681ae] [com.apple.coreaudio:aqiotime]              AQIONode.cpp:122     ionode anchor 12351.811946, 8523227 st, 1.000000 rs
2026-05-09 22:13:10.227 Db corespeechd[598:681ae] [com.apple.coreaudio:AQ]      AudioQueueObject.cpp:7205  ConvertInput: bufid 1005 0x0/0x800 bytes, 0/512 packets, mNumPacketDescriptions=0
2026-05-09 22:13:10.227 Db corespeechd[598:68082] [com.apple.coreaudio:AQ]      AudioQueueObject.cpp:5719  EnqueueBuffer: aq@0x710c4e800: bufid 1007, cmd 0x7104f93b8, data 0x1083998f0: 0 bytes, 0 frames (trim 0/0), 0 packets, invalid ht, invalid st, outActualStartTime 0x0
2026-05-09 22:13:10.227 Db corespeechd[598:681ae] [com.apple.coreaudio:AQ]      AudioQueueObject.cpp:7205  ConvertInput: bufid 1005 0x0/0x800 bytes, 0/512 packets, mNumPacketDescriptions=0
2026-05-09 22:13:10.227 Db corespeechd[598:68082] [com.apple.coreaudio:AQ]      AudioQueueObject.cpp:5719  EnqueueBuffer: aq@0x710c4e800: bufid 1004, cmd 0x7104f8fc8, data 0x108398030: 0 bytes, 0 frames (trim 0/0), 0 packets, invalid ht, invalid st, outActualStartTime 0x0
2026-05-09 22:13:10.228 Db corespeechd[598:681ae] [com.apple.coreaudio:AQ]      AudioQueueObject.cpp:7205  ConvertInput: bufid 1005 0x0/0x800 bytes, 0/512 packets, mNumPacketDescriptions=0
2026-05-09 22:13:10.259 Db corespeechd[598:681ae] [com.apple.coreaudio:AQ]      AudioQueueObject.cpp:7205  ConvertInput: bufid 1005 0x0/0x800 bytes, 0/512 packets, mNumPacketDescriptions=0
2026-05-09 22:13:10.269 Db corespeechd[598:681ae] [com.apple.coreaudio:AQ]      AudioQueueObject.cpp:7205  ConvertInput: bufid 1005 0x0/0x800 bytes, 0/512 packets, mNumPacketDescriptions=0
2026-05-09 22:13:10.280 Db corespeechd[598:681ae] [com.apple.coreaudio:AQ]      AudioQueueObject.cpp:7205  ConvertInput: bufid 1005 0x0/0x800 bytes, 0/512 packets, mNumPacketDescriptions=0
2026-05-09 22:13:10.291 Db corespeechd[598:681ae] [com.apple.coreaudio:AQ]      AudioQueueObject.cpp:7205  ConvertInput: bufid 1005 0x0/0x800 bytes, 0/512 packets, mNumPacketDescriptions=0
2026-05-09 22:13:10.291 Db corespeechd[598:681ae] [com.apple.coreaudio:AQ]        AudioQueueObject.h:1269  AQFetch: Input ring buffer returning 0x400 frames, t: 0x820e00 - 0x821200
2026-05-09 22:13:10.291 Db corespeechd[598:681ae] [com.apple.coreaudio:AQ]      AudioQueueObject.cpp:7354  EncoderInputProc: ->1024 fr, 4096 bytes @ t=8523264 fr
2026-05-09 22:13:10.291 Db corespeechd[598:681ae] [com.apple.coreaudio:AQ]      AudioQueueObject.cpp:7234  ConvertInput: <-0x200/0x200 packets, 0x800/0x800 bytes [buffer 1005]
2026-05-09 22:13:10.291 Db corespeechd[598:681ae] [com.apple.coreaudio:aqiotime]              AQIONode.cpp:122     ionode anchor 12351.875946, 8524251 st, 1.000000 rs
2026-05-09 22:13:10.291 Db corespeechd[598:681ae] [com.apple.coreaudio:AQ]      AudioQueueObject.cpp:7205  ConvertInput: bufid 1006 0x0/0x800 bytes, 0/512 packets, mNumPacketDescriptions=0
2026-05-09 22:13:10.291 Db corespeechd[598:681ae] [com.apple.coreaudio:AQ]      AudioQueueObject.cpp:7234  ConvertInput: <-0x200/0x200 packets, 0x800/0x800 bytes [buffer 1006]
2026-05-09 22:13:10.291 Db corespeechd[598:681ae] [com.apple.coreaudio:aqiotime]              AQIONode.cpp:122     ionode anchor 12351.875946, 8524251 st, 1.000000 rs
2026-05-09 22:13:10.291 Db corespeechd[598:681ae] [com.apple.coreaudio:AQ]      AudioQueueObject.cpp:7205  ConvertInput: bufid 1007 0x0/0x800 bytes, 0/512 packets, mNumPacketDescriptions=0
2026-05-09 22:13:10.291 Db corespeechd[598:68082] [com.apple.coreaudio:AQ]      AudioQueueObject.cpp:5719  EnqueueBuffer: aq@0x710c4e800: bufid 1005, cmd 0x7104f8e78, data 0x108398870: 0 bytes, 0 frames (trim 0/0), 0 packets, invalid ht, invalid st, outActualStartTime 0x0
2026-05-09 22:13:10.291 Db corespeechd[598:681ae] [com.apple.coreaudio:AQ]      AudioQueueObject.cpp:7205  ConvertInput: bufid 1007 0x0/0x800 bytes, 0/512 packets, mNumPacketDescriptions=0
2026-05-09 22:13:10.291 Db corespeechd[598:68082] [com.apple.coreaudio:AQ]      AudioQueueObject.cpp:5719  EnqueueBuffer: aq@0x710c4e800: bufid 1006, cmd 0x7104f8f58, data 0x1083990b0: 0 bytes, 0 frames (trim 0/0), 0 packets, invalid ht, invalid st, outActualStartTime 0x0
2026-05-09 22:13:10.292 Db corespeechd[598:681ae] [com.apple.coreaudio:AQ]      AudioQueueObject.cpp:7205  ConvertInput: bufid 1007 0x0/0x800 bytes, 0/512 packets, mNumPacketDescriptions=0
2026-05-09 22:13:10.323 Db corespeechd[598:681ae] [com.apple.coreaudio:AQ]      AudioQueueObject.cpp:7205  ConvertInput: bufid 1007 0x0/0x800 bytes, 0/512 packets, mNumPacketDescriptions=0
2026-05-09 22:13:10.333 Db corespeechd[598:681ae] [com.apple.coreaudio:AQ]      AudioQueueObject.cpp:7205  ConvertInput: bufid 1007 0x0/0x800 bytes, 0/512 packets, mNumPacketDescriptions=0
2026-05-09 22:13:10.344 Db corespeechd[598:681ae] [com.apple.coreaudio:AQ]      AudioQueueObject.cpp:7205  ConvertInput: bufid 1007 0x0/0x800 bytes, 0/512 packets, mNumPacketDescriptions=0
2026-05-09 22:13:10.355 Db corespeechd[598:681ae] [com.apple.coreaudio:AQ]      AudioQueueObject.cpp:7205  ConvertInput: bufid 1007 0x0/0x800 bytes, 0/512 packets, mNumPacketDescriptions=0
2026-05-09 22:13:10.355 Db corespeechd[598:681ae] [com.apple.coreaudio:AQ]        AudioQueueObject.h:1269  AQFetch: Input ring buffer returning 0x400 frames, t: 0x821200 - 0x821600
2026-05-09 22:13:10.355 Db corespeechd[598:681ae] [com.apple.coreaudio:AQ]      AudioQueueObject.cpp:7354  EncoderInputProc: ->1024 fr, 4096 bytes @ t=8524288 fr
2026-05-09 22:13:10.355 Db corespeechd[598:681ae] [com.apple.coreaudio:AQ]      AudioQueueObject.cpp:7234  ConvertInput: <-0x200/0x200 packets, 0x800/0x800 bytes [buffer 1007]
2026-05-09 22:13:10.355 Db corespeechd[598:681ae] [com.apple.coreaudio:aqiotime]              AQIONode.cpp:122     ionode anchor 12351.939946, 8525275 st, 1.000000 rs
2026-05-09 22:13:10.355 Db corespeechd[598:681ae] [com.apple.coreaudio:AQ]      AudioQueueObject.cpp:7205  ConvertInput: bufid 1004 0x0/0x800 bytes, 0/512 packets, mNumPacketDescriptions=0
2026-05-09 22:13:10.355 Db corespeechd[598:681ae] [com.apple.coreaudio:AQ]      AudioQueueObject.cpp:7234  ConvertInput: <-0x200/0x200 packets, 0x800/0x800 bytes [buffer 1004]
2026-05-09 22:13:10.355 Db corespeechd[598:681ae] [com.apple.coreaudio:aqiotime]              AQIONode.cpp:122     ionode anchor 12351.939946, 8525275 st, 1.000000 rs
2026-05-09 22:13:10.355 Db corespeechd[598:681ae] [com.apple.coreaudio:AQ]      AudioQueueObject.cpp:7205  ConvertInput: bufid 1005 0x0/0x800 bytes, 0/512 packets, mNumPacketDescriptions=0
2026-05-09 22:13:10.355 Db corespeechd[598:68403] [com.apple.coreaudio:AQ]      AudioQueueObject.cpp:5719  EnqueueBuffer: aq@0x710c4e800: bufid 1007, cmd 0x7104f8fc8, data 0x1083998f0: 0 bytes, 0 frames (trim 0/0), 0 packets, invalid ht, invalid st, outActualStartTime 0x0
2026-05-09 22:13:10.355 Db corespeechd[598:681ae] [com.apple.coreaudio:AQ]      AudioQueueObject.cpp:7205  ConvertInput: bufid 1005 0x0/0x800 bytes, 0/512 packets, mNumPacketDescriptions=0
2026-05-09 22:13:10.355 Db corespeechd[598:68403] [com.apple.coreaudio:AQ]      AudioQueueObject.cpp:5719  EnqueueBuffer: aq@0x710c4e800: bufid 1004, cmd 0x7104f93b8, data 0x108398030: 0 bytes, 0 frames (trim 0/0), 0 packets, invalid ht, invalid st, outActualStartTime 0x0
2026-05-09 22:13:10.356 Db corespeechd[598:681ae] [com.apple.coreaudio:AQ]      AudioQueueObject.cpp:7205  ConvertInput: bufid 1005 0x0/0x800 bytes, 0/512 packets, mNumPacketDescriptions=0
2026-05-09 22:13:10.387 Db corespeechd[598:681ae] [com.apple.coreaudio:AQ]      AudioQueueObject.cpp:7205  ConvertInput: bufid 1005 0x0/0x800 bytes, 0/512 packets, mNumPacketDescriptions=0
2026-05-09 22:13:10.397 Db corespeechd[598:681ae] [com.apple.coreaudio:AQ]      AudioQueueObject.cpp:7205  ConvertInput: bufid 1005 0x0/0x800 bytes, 0/512 packets, mNumPacketDescriptions=0
2026-05-09 22:13:10.408 Db corespeechd[598:681ae] [com.apple.coreaudio:AQ]      AudioQueueObject.cpp:7205  ConvertInput: bufid 1005 0x0/0x800 bytes, 0/512 packets, mNumPacketDescriptions=0
2026-05-09 22:13:10.416 Db coreaudiod[93820:62344] [com.apple.audioanalytics:carc] Sending message. { reporterID=17914308591650, category=Generic, type=issueDetector }
2026-05-09 22:13:10.416 Db coreaudiod[93820:62344] [com.apple.audioanalytics:carc] ReporterID not created by client. Returning early. { function=<private>, reporterID=17914308591650 }
2026-05-09 22:13:10.416 Db coreaudiod[93820:62344] [com.apple.audioanalytics:carc] Sending message. { reporterID=392972327714819, category=Generic, type=issueDetector }
2026-05-09 22:13:10.416 Db coreaudiod[93820:62344] [com.apple.audioanalytics:carc] ReporterID not created by client. Returning early. { function=<private>, reporterID=392972327714819 }
2026-05-09 22:13:10.416 Db coreaudiod[93820:62344] [com.apple.audioanalytics:carc] Sending message. { reporterID=404405530656769, category=Generic, type=issueDetector }
2026-05-09 22:13:10.416 Db coreaudiod[93820:62344] [com.apple.audioanalytics:carc] ReporterID not created by client. Returning early. { function=<private>, reporterID=404405530656769 }
2026-05-09 22:13:10.417 Db coreaudiod[93820:62344] [com.apple.audioanalytics:carc] Sending message. { reporterID=424832395116547, category=Generic, type=issueDetector }
2026-05-09 22:13:10.417 Db coreaudiod[93820:62344] [com.apple.audioanalytics:carc] ReporterID not created by client. Returning early. { function=<private>, reporterID=424832395116547 }
2026-05-09 22:13:10.417 Df coreaudiod[93820:62344] [com.apple.coreaudio:aid] IssueReporting.cpp:491   RTAID [ use_case=Generic report_type=RMS Generic Chain clientID=HAL node=-Input issue_detected_sample_time=398472.000000 ] -- [ rms:[-25.070850], peaks:[-0.529401] ]
2026-05-09 22:13:10.417 Db audioanalyticsd[61133:6746c] [com.apple.audioanalytics:cars] sendMessage() called. { reporterID=<private>, category=Generic, type=IssueDetector }
2026-05-09 22:13:10.418 Db audioanalyticsd[61133:6746c] [com.apple.audioanalytics:cars] sendMessage { reporterID=17914308591650 }
2026-05-09 22:13:10.418 Db audioanalyticsd[61133:6746c] [com.apple.audioanalytics:cars] Session not found. { reporterID=17914308591650, action=<private> }
2026-05-09 22:13:10.418 Db audioanalyticsd[61133:6746c] [com.apple.audioanalytics:cars] Session not found. { reporterID=17914308591650, action=<private> }
2026-05-09 22:13:10.418 Db audioanalyticsd[61133:6746c] [com.apple.audioanalytics:cars] Session not found. { reporterID=17914308591650, action=<private> }
2026-05-09 22:13:10.418 Db audioanalyticsd[61133:6746c] [com.apple.audioanalytics:cars] Session not found. { reporterID=17914308591650, action=<private> }
2026-05-09 22:13:10.418 Db audioanalyticsd[61133:6746c] [com.apple.audioanalytics:cars] Session not found. { reporterID=17914308591650, action=<private> }
2026-05-09 22:13:10.418 Db audioanalyticsd[61133:6746c] [com.apple.audioanalytics:cars] Session not found. { reporterID=17914308591650, action=<private> }
2026-05-09 22:13:10.418 E  audioanalyticsd[61133:6746c] [com.apple.audioanalytics:cars] Session not found! Abandoning message. { reporterID=17914308591650 }
2026-05-09 22:13:10.418 Db audioanalyticsd[61133:6746c] [com.apple.audioanalytics:cars] Message not sent. { reporterID=17914308591650 }
2026-05-09 22:13:10.418 Db audioanalyticsd[61133:6746c] [com.apple.audioanalytics:cars] sendMessage() called. { reporterID=<private>, category=Generic, type=IssueDetector }
2026-05-09 22:13:10.419 Db corespeechd[598:681ae] [com.apple.coreaudio:AQ]      AudioQueueObject.cpp:7205  ConvertInput: bufid 1005 0x0/0x800 bytes, 0/512 packets, mNumPacketDescriptions=0
2026-05-09 22:13:10.418 Db audioanalyticsd[61133:6746c] [com.apple.audioanalytics:cars] sendMessage { reporterID=392972327714819 }
2026-05-09 22:13:10.419 Db corespeechd[598:681ae] [com.apple.coreaudio:AQ]        AudioQueueObject.h:1269  AQFetch: Input ring buffer returning 0x400 frames, t: 0x821600 - 0x821a00
2026-05-09 22:13:10.419 Db corespeechd[598:681ae] [com.apple.coreaudio:AQ]      AudioQueueObject.cpp:7354  EncoderInputProc: ->1024 fr, 4096 bytes @ t=8525312 fr
2026-05-09 22:13:10.419 Db corespeechd[598:681ae] [com.apple.coreaudio:AQ]      AudioQueueObject.cpp:7234  ConvertInput: <-0x200/0x200 packets, 0x800/0x800 bytes [buffer 1005]
2026-05-09 22:13:10.419 Db corespeechd[598:681ae] [com.apple.coreaudio:aqiotime]              AQIONode.cpp:122     ionode anchor 12352.003946, 8526299 st, 1.000000 rs
2026-05-09 22:13:10.419 Db corespeechd[598:681ae] [com.apple.coreaudio:AQ]      AudioQueueObject.cpp:7205  ConvertInput: bufid 1006 0x0/0x800 bytes, 0/512 packets, mNumPacketDescriptions=0
2026-05-09 22:13:10.419 Db corespeechd[598:681ae] [com.apple.coreaudio:AQ]      AudioQueueObject.cpp:7234  ConvertInput: <-0x200/0x200 packets, 0x800/0x800 bytes [buffer 1006]
2026-05-09 22:13:10.419 Db corespeechd[598:681ae] [com.apple.coreaudio:aqiotime]              AQIONode.cpp:122     ionode anchor 12352.003946, 8526299 st, 1.000000 rs
2026-05-09 22:13:10.419 Db audioanalyticsd[61133:6746c] [com.apple.audioanalytics:cars] Session not found. { reporterID=392972327714819, action=<private> }
2026-05-09 22:13:10.419 Db corespeechd[598:66880] [com.apple.coreaudio:AQ]      AudioQueueObject.cpp:5719  EnqueueBuffer: aq@0x710c4e800: bufid 1005, cmd 0x7104f8e78, data 0x108398870: 0 bytes, 0 frames (trim 0/0), 0 packets, invalid ht, invalid st, outActualStartTime 0x0
2026-05-09 22:13:10.420 Db audioanalyticsd[61133:6746c] [com.apple.audioanalytics:cars] Found session on another instance. { reporterID=392972327714819, action=<private> }
2026-05-09 22:13:10.419 Db corespeechd[598:681ae] [com.apple.coreaudio:AQ]      AudioQueueObject.cpp:7205  ConvertInput: bufid 1007 0x0/0x800 bytes, 0/512 packets, mNumPacketDescriptions=0
2026-05-09 22:13:10.419 Db corespeechd[598:66880] [com.apple.coreaudio:AQ]      AudioQueueObject.cpp:5719  EnqueueBuffer: aq@0x710c4e800: bufid 1006, cmd 0x7104f8f58, data 0x1083990b0: 0 bytes, 0 frames (trim 0/0), 0 packets, invalid ht, invalid st, outActualStartTime 0x0
2026-05-09 22:13:10.419 Db corespeechd[598:681ae] [com.apple.coreaudio:AQ]      AudioQueueObject.cpp:7205  ConvertInput: bufid 1007 0x0/0x800 bytes, 0/512 packets, mNumPacketDescriptions=0
2026-05-09 22:13:10.420 Db audioanalyticsd[61133:6746c] [com.apple.audioanalytics:carr] Processing message. { reporterID=392972327714819, singleServerSession=false }
2026-05-09 22:13:10.421 Db audioanalyticsd[61133:6746c] [com.apple.audioanalytics:apwl] Skipping sending RMS information, session does not have enough messages. (510 < 1800 { reporterID=392972327714819 }
2026-05-09 22:13:10.421 Db audioanalyticsd[61133:6746c] [com.apple.audioanalytics:cars] sendMessage() called. { reporterID=<private>, category=Generic, type=IssueDetector }
2026-05-09 22:13:10.421 Db audioanalyticsd[61133:6746c] [com.apple.audioanalytics:cars] sendMessage { reporterID=404405530656769 }
2026-05-09 22:13:10.421 Db audioanalyticsd[61133:6746c] [com.apple.audioanalytics:cars] Session not found. { reporterID=404405530656769, action=<private> }
2026-05-09 22:13:10.422 Db audioanalyticsd[61133:6746c] [com.apple.audioanalytics:cars] Session not found. { reporterID=404405530656769, action=<private> }
2026-05-09 22:13:10.422 Db audioanalyticsd[61133:6746c] [com.apple.audioanalytics:cars] Found session on another instance. { reporterID=404405530656769, action=<private> }
2026-05-09 22:13:10.422 Db audioanalyticsd[61133:6746c] [com.apple.audioanalytics:carr] Processing message. { reporterID=404405530656769, singleServerSession=false }
2026-05-09 22:13:10.422 Db audioanalyticsd[61133:6746c] [com.apple.audioanalytics:apwl] Skipping sending RMS information, session does not have enough messages. (480 < 1800 { reporterID=404405530656769 }
2026-05-09 22:13:10.422 Db audioanalyticsd[61133:6746c] [com.apple.audioanalytics:cars] sendMessage() called. { reporterID=<private>, category=Generic, type=IssueDetector }
2026-05-09 22:13:10.423 Db audioanalyticsd[61133:6746c] [com.apple.audioanalytics:cars] sendMessage { reporterID=424832395116547 }
2026-05-09 22:13:10.423 Db audioanalyticsd[61133:6746c] [com.apple.audioanalytics:cars] Session not found. { reporterID=424832395116547, action=<private> }
2026-05-09 22:13:10.423 Db audioanalyticsd[61133:6746c] [com.apple.audioanalytics:cars] Session not found. { reporterID=424832395116547, action=<private> }
2026-05-09 22:13:10.423 Db audioanalyticsd[61133:6746c] [com.apple.audioanalytics:cars] Session not found. { reporterID=424832395116547, action=<private> }
2026-05-09 22:13:10.423 Db audioanalyticsd[61133:6746c] [com.apple.audioanalytics:cars] Found session on another instance. { reporterID=424832395116547, action=<private> }
2026-05-09 22:13:10.423 Db audioanalyticsd[61133:6746c] [com.apple.audioanalytics:carr] Processing message. { reporterID=424832395116547, singleServerSession=false }
2026-05-09 22:13:10.423 Db audioanalyticsd[61133:6746c] [com.apple.audioanalytics:apwl] Skipping sending RMS information, session does not have enough messages. (20 < 1800 { reporterID=424832395116547 }
2026-05-09 22:13:10.451 Db corespeechd[598:681ae] [com.apple.coreaudio:AQ]      AudioQueueObject.cpp:7205  ConvertInput: bufid 1007 0x0/0x800 bytes, 0/512 packets, mNumPacketDescriptions=0
2026-05-09 22:13:10.461 Db corespeechd[598:681ae] [com.apple.coreaudio:AQ]      AudioQueueObject.cpp:7205  ConvertInput: bufid 1007 0x0/0x800 bytes, 0/512 packets, mNumPacketDescriptions=0
2026-05-09 22:13:10.472 Db corespeechd[598:681ae] [com.apple.coreaudio:AQ]      AudioQueueObject.cpp:7205  ConvertInput: bufid 1007 0x0/0x800 bytes, 0/512 packets, mNumPacketDescriptions=0
2026-05-09 22:13:10.483 Db corespeechd[598:681ae] [com.apple.coreaudio:AQ]      AudioQueueObject.cpp:7205  ConvertInput: bufid 1007 0x0/0x800 bytes, 0/512 packets, mNumPacketDescriptions=0
2026-05-09 22:13:10.483 Db corespeechd[598:681ae] [com.apple.coreaudio:AQ]        AudioQueueObject.h:1269  AQFetch: Input ring buffer returning 0x400 frames, t: 0x821a00 - 0x821e00
2026-05-09 22:13:10.483 Db corespeechd[598:681ae] [com.apple.coreaudio:AQ]      AudioQueueObject.cpp:7354  EncoderInputProc: ->1024 fr, 4096 bytes @ t=8526336 fr
2026-05-09 22:13:10.483 Db corespeechd[598:681ae] [com.apple.coreaudio:AQ]      AudioQueueObject.cpp:7234  ConvertInput: <-0x200/0x200 packets, 0x800/0x800 bytes [buffer 1007]
2026-05-09 22:13:10.483 Db corespeechd[598:681ae] [com.apple.coreaudio:aqiotime]              AQIONode.cpp:122     ionode anchor 12352.067946, 8527323 st, 1.000000 rs
2026-05-09 22:13:10.483 Db corespeechd[598:681ae] [com.apple.coreaudio:AQ]      AudioQueueObject.cpp:7205  ConvertInput: bufid 1004 0x0/0x800 bytes, 0/512 packets, mNumPacketDescriptions=0
2026-05-09 22:13:10.483 Db corespeechd[598:681ae] [com.apple.coreaudio:AQ]      AudioQueueObject.cpp:7234  ConvertInput: <-0x200/0x200 packets, 0x800/0x800 bytes [buffer 1004]
2026-05-09 22:13:10.483 Db corespeechd[598:681ae] [com.apple.coreaudio:aqiotime]              AQIONode.cpp:122     ionode anchor 12352.067946, 8527323 st, 1.000000 rs
2026-05-09 22:13:10.483 Db corespeechd[598:681ae] [com.apple.coreaudio:AQ]      AudioQueueObject.cpp:7205  ConvertInput: bufid 1005 0x0/0x800 bytes, 0/512 packets, mNumPacketDescriptions=0
2026-05-09 22:13:10.483 Db corespeechd[598:68403] [com.apple.coreaudio:AQ]      AudioQueueObject.cpp:5719  EnqueueBuffer: aq@0x710c4e800: bufid 1007, cmd 0x7104f93b8, data 0x1083998f0: 0 bytes, 0 frames (trim 0/0), 0 packets, invalid ht, invalid st, outActualStartTime 0x0
2026-05-09 22:13:10.483 Db corespeechd[598:681ae] [com.apple.coreaudio:AQ]      AudioQueueObject.cpp:7205  ConvertInput: bufid 1005 0x0/0x800 bytes, 0/512 packets, mNumPacketDescriptions=0
2026-05-09 22:13:10.483 Db corespeechd[598:68403] [com.apple.coreaudio:AQ]      AudioQueueObject.cpp:5719  EnqueueBuffer: aq@0x710c4e800: bufid 1004, cmd 0x7104f8fc8, data 0x108398030: 0 bytes, 0 frames (trim 0/0), 0 packets, invalid ht, invalid st, outActualStartTime 0x0
2026-05-09 22:13:10.483 Db corespeechd[598:681ae] [com.apple.coreaudio:AQ]      AudioQueueObject.cpp:7205  ConvertInput: bufid 1005 0x0/0x800 bytes, 0/512 packets, mNumPacketDescriptions=0
2026-05-09 22:13:10.515 Db corespeechd[598:681ae] [com.apple.coreaudio:AQ]      AudioQueueObject.cpp:7205  ConvertInput: bufid 1005 0x0/0x800 bytes, 0/512 packets, mNumPacketDescriptions=0
2026-05-09 22:13:10.525 Db corespeechd[598:681ae] [com.apple.coreaudio:AQ]      AudioQueueObject.cpp:7205  ConvertInput: bufid 1005 0x0/0x800 bytes, 0/512 packets, mNumPacketDescriptions=0
2026-05-09 22:13:10.536 Db corespeechd[598:681ae] [com.apple.coreaudio:AQ]      AudioQueueObject.cpp:7205  ConvertInput: bufid 1005 0x0/0x800 bytes, 0/512 packets, mNumPacketDescriptions=0
2026-05-09 22:13:10.547 Db corespeechd[598:681ae] [com.apple.coreaudio:AQ]      AudioQueueObject.cpp:7205  ConvertInput: bufid 1005 0x0/0x800 bytes, 0/512 packets, mNumPacketDescriptions=0
2026-05-09 22:13:10.547 Db corespeechd[598:681ae] [com.apple.coreaudio:AQ]        AudioQueueObject.h:1269  AQFetch: Input ring buffer returning 0x280 frames, t: 0x821e00 - 0x822080
2026-05-09 22:13:10.547 Db corespeechd[598:681ae] [com.apple.coreaudio:AQ]      AudioQueueObject.cpp:7354  EncoderInputProc: ->640 fr, 2560 bytes @ t=8527360 fr
2026-05-09 22:13:10.547 Db corespeechd[598:681ae] [com.apple.coreaudio:AQ]      AudioQueueObject.cpp:7234  ConvertInput: <-0x200/0x200 packets, 0x800/0x800 bytes [buffer 1005]
2026-05-09 22:13:10.547 Db corespeechd[598:681ae] [com.apple.coreaudio:aqiotime]              AQIONode.cpp:122     ionode anchor 12352.131946, 8528347 st, 1.000000 rs
2026-05-09 22:13:10.547 Db corespeechd[598:681ae] [com.apple.coreaudio:AQ]      AudioQueueObject.cpp:7205  ConvertInput: bufid 1006 0x0/0x800 bytes, 0/512 packets, mNumPacketDescriptions=0
2026-05-09 22:13:10.547 Db corespeechd[598:66880] [com.apple.coreaudio:AQ]      AudioQueueObject.cpp:5719  EnqueueBuffer: aq@0x710c4e800: bufid 1005, cmd 0x7104f8e78, data 0x108398870: 0 bytes, 0 frames (trim 0/0), 0 packets, invalid ht, invalid st, outActualStartTime 0x0
2026-05-09 22:13:10.547 Db corespeechd[598:681ae] [com.apple.coreaudio:AQ]      AudioQueueObject.cpp:7205  ConvertInput: bufid 1006 0x0/0x800 bytes, 0/512 packets, mNumPacketDescriptions=0
2026-05-09 22:13:10.549 Db audioanalyticsd[61133:6746c] [com.apple.audioanalytics:cars] osTransaction timeout. { seconds=<private> }
2026-05-09 22:13:10.557 Db corespeechd[598:681ae] [com.apple.coreaudio:AQ]      AudioQueueObject.cpp:7205  ConvertInput: bufid 1006 0x0/0x800 bytes, 0/512 packets, mNumPacketDescriptions=0
2026-05-09 22:13:10.568 Db corespeechd[598:681ae] [com.apple.coreaudio:AQ]      AudioQueueObject.cpp:7205  ConvertInput: bufid 1006 0x0/0x800 bytes, 0/512 packets, mNumPacketDescriptions=0
2026-05-09 22:13:10.579 Db corespeechd[598:681ae] [com.apple.coreaudio:AQ]      AudioQueueObject.cpp:7205  ConvertInput: bufid 1006 0x0/0x800 bytes, 0/512 packets, mNumPacketDescriptions=0
2026-05-09 22:13:10.579 Db corespeechd[598:681ae] [com.apple.coreaudio:AQ]        AudioQueueObject.h:1269  AQFetch: Input ring buffer returning 0x400 frames, t: 0x822080 - 0x822480
2026-05-09 22:13:10.579 Db corespeechd[598:681ae] [com.apple.coreaudio:AQ]      AudioQueueObject.cpp:7354  EncoderInputProc: ->1024 fr, 4096 bytes @ t=8528000 fr
2026-05-09 22:13:10.579 Db corespeechd[598:681ae] [com.apple.coreaudio:AQ]      AudioQueueObject.cpp:7234  ConvertInput: <-0x200/0x200 packets, 0x800/0x800 bytes [buffer 1006]
2026-05-09 22:13:10.579 Db corespeechd[598:681ae] [com.apple.coreaudio:aqiotime]              AQIONode.cpp:122     ionode anchor 12352.163946, 8528859 st, 1.000000 rs
2026-05-09 22:13:10.579 Db corespeechd[598:681ae] [com.apple.coreaudio:AQ]      AudioQueueObject.cpp:7205  ConvertInput: bufid 1007 0x0/0x800 bytes, 0/512 packets, mNumPacketDescriptions=0
2026-05-09 22:13:10.579 Db corespeechd[598:681ae] [com.apple.coreaudio:AQ]      AudioQueueObject.cpp:7234  ConvertInput: <-0x200/0x200 packets, 0x800/0x800 bytes [buffer 1007]
2026-05-09 22:13:10.579 Db corespeechd[598:681ae] [com.apple.coreaudio:aqiotime]              AQIONode.cpp:122     ionode anchor 12352.163946, 8528859 st, 1.000000 rs
2026-05-09 22:13:10.579 Db corespeechd[598:681ae] [com.apple.coreaudio:AQ]      AudioQueueObject.cpp:7205  ConvertInput: bufid 1004 0x0/0x800 bytes, 0/512 packets, mNumPacketDescriptions=0
2026-05-09 22:13:10.579 Db corespeechd[598:66880] [com.apple.coreaudio:AQ]      AudioQueueObject.cpp:5719  EnqueueBuffer: aq@0x710c4e800: bufid 1006, cmd 0x7104f93b8, data 0x1083990b0: 0 bytes, 0 frames (trim 0/0), 0 packets, invalid ht, invalid st, outActualStartTime 0x0
2026-05-09 22:13:10.579 Db corespeechd[598:681ae] [com.apple.coreaudio:AQ]      AudioQueueObject.cpp:7205  ConvertInput: bufid 1004 0x0/0x800 bytes, 0/512 packets, mNumPacketDescriptions=0
2026-05-09 22:13:10.579 Db corespeechd[598:66880] [com.apple.coreaudio:AQ]      AudioQueueObject.cpp:5719  EnqueueBuffer: aq@0x710c4e800: bufid 1007, cmd 0x7104f8f58, data 0x1083998f0: 0 bytes, 0 frames (trim 0/0), 0 packets, invalid ht, invalid st, outActualStartTime 0x0
2026-05-09 22:13:10.579 Db corespeechd[598:681ae] [com.apple.coreaudio:AQ]      AudioQueueObject.cpp:7205  ConvertInput: bufid 1004 0x0/0x800 bytes, 0/512 packets, mNumPacketDescriptions=0
2026-05-09 22:13:10.611 Db corespeechd[598:681ae] [com.apple.coreaudio:AQ]      AudioQueueObject.cpp:7205  ConvertInput: bufid 1004 0x0/0x800 bytes, 0/512 packets, mNumPacketDescriptions=0
2026-05-09 22:13:10.621 Db corespeechd[598:681ae] [com.apple.coreaudio:AQ]      AudioQueueObject.cpp:7205  ConvertInput: bufid 1004 0x0/0x800 bytes, 0/512 packets, mNumPacketDescriptions=0
2026-05-09 22:13:10.632 Db corespeechd[598:681ae] [com.apple.coreaudio:AQ]      AudioQueueObject.cpp:7205  ConvertInput: bufid 1004 0x0/0x800 bytes, 0/512 packets, mNumPacketDescriptions=0
2026-05-09 22:13:10.643 Db corespeechd[598:681ae] [com.apple.coreaudio:AQ]      AudioQueueObject.cpp:7205  ConvertInput: bufid 1004 0x0/0x800 bytes, 0/512 packets, mNumPacketDescriptions=0
2026-05-09 22:13:10.643 Db corespeechd[598:681ae] [com.apple.coreaudio:AQ]        AudioQueueObject.h:1269  AQFetch: Input ring buffer returning 0x400 frames, t: 0x822480 - 0x822880
2026-05-09 22:13:10.643 Db corespeechd[598:681ae] [com.apple.coreaudio:AQ]      AudioQueueObject.cpp:7354  EncoderInputProc: ->1024 fr, 4096 bytes @ t=8529024 fr
2026-05-09 22:13:10.643 Db corespeechd[598:681ae] [com.apple.coreaudio:AQ]      AudioQueueObject.cpp:7234  ConvertInput: <-0x200/0x200 packets, 0x800/0x800 bytes [buffer 1004]
2026-05-09 22:13:10.643 Db corespeechd[598:681ae] [com.apple.coreaudio:aqiotime]              AQIONode.cpp:122     ionode anchor 12352.227946, 8529883 st, 1.000000 rs
2026-05-09 22:13:10.643 Db corespeechd[598:681ae] [com.apple.coreaudio:AQ]      AudioQueueObject.cpp:7205  ConvertInput: bufid 1005 0x0/0x800 bytes, 0/512 packets, mNumPacketDescriptions=0
2026-05-09 22:13:10.643 Db corespeechd[598:681ae] [com.apple.coreaudio:AQ]      AudioQueueObject.cpp:7234  ConvertInput: <-0x200/0x200 packets, 0x800/0x800 bytes [buffer 1005]
2026-05-09 22:13:10.643 Db corespeechd[598:681ae] [com.apple.coreaudio:aqiotime]              AQIONode.cpp:122     ionode anchor 12352.227946, 8529883 st, 1.000000 rs
2026-05-09 22:13:10.643 Db corespeechd[598:681ae] [com.apple.coreaudio:AQ]      AudioQueueObject.cpp:7205  ConvertInput: bufid 1006 0x0/0x800 bytes, 0/512 packets, mNumPacketDescriptions=0
2026-05-09 22:13:10.643 Db corespeechd[598:68403] [com.apple.coreaudio:AQ]      AudioQueueObject.cpp:5719  EnqueueBuffer: aq@0x710c4e800: bufid 1004, cmd 0x7104f8e78, data 0x108398030: 0 bytes, 0 frames (trim 0/0), 0 packets, invalid ht, invalid st, outActualStartTime 0x0
2026-05-09 22:13:10.643 Db corespeechd[598:68403] [com.apple.coreaudio:AQ]      AudioQueueObject.cpp:5719  EnqueueBuffer: aq@0x710c4e800: bufid 1005, cmd 0x7104f8fc8, data 0x108398870: 0 bytes, 0 frames (trim 0/0), 0 packets, invalid ht, invalid st, outActualStartTime 0x0
2026-05-09 22:13:10.643 Db corespeechd[598:681ae] [com.apple.coreaudio:AQ]      AudioQueueObject.cpp:7205  ConvertInput: bufid 1006 0x0/0x800 bytes, 0/512 packets, mNumPacketDescriptions=0
2026-05-09 22:13:10.675 Db corespeechd[598:681ae] [com.apple.coreaudio:AQ]      AudioQueueObject.cpp:7205  ConvertInput: bufid 1006 0x0/0x800 bytes, 0/512 packets, mNumPacketDescriptions=0
2026-05-09 22:13:10.685 Db corespeechd[598:681ae] [com.apple.coreaudio:AQ]      AudioQueueObject.cpp:7205  ConvertInput: bufid 1006 0x0/0x800 bytes, 0/512 packets, mNumPacketDescriptions=0
2026-05-09 22:13:10.696 Db corespeechd[598:681ae] [com.apple.coreaudio:AQ]      AudioQueueObject.cpp:7205  ConvertInput: bufid 1006 0x0/0x800 bytes, 0/512 packets, mNumPacketDescriptions=0
2026-05-09 22:13:10.707 Db corespeechd[598:681ae] [com.apple.coreaudio:AQ]      AudioQueueObject.cpp:7205  ConvertInput: bufid 1006 0x0/0x800 bytes, 0/512 packets, mNumPacketDescriptions=0
2026-05-09 22:13:10.707 Db corespeechd[598:681ae] [com.apple.coreaudio:AQ]        AudioQueueObject.h:1269  AQFetch: Input ring buffer returning 0x400 frames, t: 0x822880 - 0x822c80
2026-05-09 22:13:10.707 Db corespeechd[598:681ae] [com.apple.coreaudio:AQ]      AudioQueueObject.cpp:7354  EncoderInputProc: ->1024 fr, 4096 bytes @ t=8530048 fr
2026-05-09 22:13:10.707 Db corespeechd[598:681ae] [com.apple.coreaudio:AQ]      AudioQueueObject.cpp:7234  ConvertInput: <-0x200/0x200 packets, 0x800/0x800 bytes [buffer 1006]
2026-05-09 22:13:10.707 Db corespeechd[598:681ae] [com.apple.coreaudio:aqiotime]              AQIONode.cpp:122     ionode anchor 12352.291946, 8530907 st, 1.000000 rs
2026-05-09 22:13:10.707 Db corespeechd[598:681ae] [com.apple.coreaudio:AQ]      AudioQueueObject.cpp:7205  ConvertInput: bufid 1007 0x0/0x800 bytes, 0/512 packets, mNumPacketDescriptions=0
2026-05-09 22:13:10.707 Db corespeechd[598:681ae] [com.apple.coreaudio:AQ]      AudioQueueObject.cpp:7234  ConvertInput: <-0x200/0x200 packets, 0x800/0x800 bytes [buffer 1007]
2026-05-09 22:13:10.707 Db corespeechd[598:681ae] [com.apple.coreaudio:aqiotime]              AQIONode.cpp:122     ionode anchor 12352.291946, 8530907 st, 1.000000 rs
2026-05-09 22:13:10.707 Db corespeechd[598:68082] [com.apple.coreaudio:AQ]      AudioQueueObject.cpp:5719  EnqueueBuffer: aq@0x710c4e800: bufid 1006, cmd 0x7104f93b8, data 0x1083990b0: 0 bytes, 0 frames (trim 0/0), 0 packets, invalid ht, invalid st, outActualStartTime 0x0
2026-05-09 22:13:10.707 Db corespeechd[598:681ae] [com.apple.coreaudio:AQ]      AudioQueueObject.cpp:7205  ConvertInput: bufid 1004 0x0/0x800 bytes, 0/512 packets, mNumPacketDescriptions=0
2026-05-09 22:13:10.707 Db corespeechd[598:68082] [com.apple.coreaudio:AQ]      AudioQueueObject.cpp:5719  EnqueueBuffer: aq@0x710c4e800: bufid 1007, cmd 0x7104f8f58, data 0x1083998f0: 0 bytes, 0 frames (trim 0/0), 0 packets, invalid ht, invalid st, outActualStartTime 0x0
2026-05-09 22:13:10.707 Db corespeechd[598:681ae] [com.apple.coreaudio:AQ]      AudioQueueObject.cpp:7205  ConvertInput: bufid 1004 0x0/0x800 bytes, 0/512 packets, mNumPacketDescriptions=0
2026-05-09 22:13:10.739 Db corespeechd[598:681ae] [com.apple.coreaudio:AQ]      AudioQueueObject.cpp:7205  ConvertInput: bufid 1004 0x0/0x800 bytes, 0/512 packets, mNumPacketDescriptions=0
2026-05-09 22:13:10.749 Db corespeechd[598:681ae] [com.apple.coreaudio:AQ]      AudioQueueObject.cpp:7205  ConvertInput: bufid 1004 0x0/0x800 bytes, 0/512 packets, mNumPacketDescriptions=0
2026-05-09 22:13:10.760 Db corespeechd[598:681ae] [com.apple.coreaudio:AQ]      AudioQueueObject.cpp:7205  ConvertInput: bufid 1004 0x0/0x800 bytes, 0/512 packets, mNumPacketDescriptions=0
2026-05-09 22:13:10.771 Db corespeechd[598:681ae] [com.apple.coreaudio:AQ]      AudioQueueObject.cpp:7205  ConvertInput: bufid 1004 0x0/0x800 bytes, 0/512 packets, mNumPacketDescriptions=0
2026-05-09 22:13:10.771 Db corespeechd[598:681ae] [com.apple.coreaudio:AQ]        AudioQueueObject.h:1269  AQFetch: Input ring buffer returning 0x400 frames, t: 0x822c80 - 0x823080
2026-05-09 22:13:10.771 Db corespeechd[598:681ae] [com.apple.coreaudio:AQ]      AudioQueueObject.cpp:7354  EncoderInputProc: ->1024 fr, 4096 bytes @ t=8531072 fr
2026-05-09 22:13:10.771 Db corespeechd[598:681ae] [com.apple.coreaudio:AQ]      AudioQueueObject.cpp:7234  ConvertInput: <-0x200/0x200 packets, 0x800/0x800 bytes [buffer 1004]
2026-05-09 22:13:10.771 Db corespeechd[598:681ae] [com.apple.coreaudio:aqiotime]              AQIONode.cpp:122     ionode anchor 12352.355946, 8531931 st, 1.000000 rs
2026-05-09 22:13:10.771 Db corespeechd[598:681ae] [com.apple.coreaudio:AQ]      AudioQueueObject.cpp:7205  ConvertInput: bufid 1005 0x0/0x800 bytes, 0/512 packets, mNumPacketDescriptions=0
2026-05-09 22:13:10.771 Db corespeechd[598:681ae] [com.apple.coreaudio:AQ]      AudioQueueObject.cpp:7234  ConvertInput: <-0x200/0x200 packets, 0x800/0x800 bytes [buffer 1005]
2026-05-09 22:13:10.771 Db corespeechd[598:681ae] [com.apple.coreaudio:aqiotime]              AQIONode.cpp:122     ionode anchor 12352.355946, 8531931 st, 1.000000 rs
2026-05-09 22:13:10.771 Db corespeechd[598:681ae] [com.apple.coreaudio:AQ]      AudioQueueObject.cpp:7205  ConvertInput: bufid 1006 0x0/0x800 bytes, 0/512 packets, mNumPacketDescriptions=0
2026-05-09 22:13:10.771 Db corespeechd[598:66880] [com.apple.coreaudio:AQ]      AudioQueueObject.cpp:5719  EnqueueBuffer: aq@0x710c4e800: bufid 1004, cmd 0x7104f8fc8, data 0x108398030: 0 bytes, 0 frames (trim 0/0), 0 packets, invalid ht, invalid st, outActualStartTime 0x0
2026-05-09 22:13:10.771 Db corespeechd[598:681ae] [com.apple.coreaudio:AQ]      AudioQueueObject.cpp:7205  ConvertInput: bufid 1006 0x0/0x800 bytes, 0/512 packets, mNumPacketDescriptions=0
2026-05-09 22:13:10.771 Db corespeechd[598:66880] [com.apple.coreaudio:AQ]      AudioQueueObject.cpp:5719  EnqueueBuffer: aq@0x710c4e800: bufid 1005, cmd 0x7104f8e78, data 0x108398870: 0 bytes, 0 frames (trim 0/0), 0 packets, invalid ht, invalid st, outActualStartTime 0x0
2026-05-09 22:13:10.771 Db corespeechd[598:681ae] [com.apple.coreaudio:AQ]      AudioQueueObject.cpp:7205  ConvertInput: bufid 1006 0x0/0x800 bytes, 0/512 packets, mNumPacketDescriptions=0
2026-05-09 22:13:10.803 Db corespeechd[598:681ae] [com.apple.coreaudio:AQ]      AudioQueueObject.cpp:7205  ConvertInput: bufid 1006 0x0/0x800 bytes, 0/512 packets, mNumPacketDescriptions=0
2026-05-09 22:13:10.813 Db corespeechd[598:681ae] [com.apple.coreaudio:AQ]      AudioQueueObject.cpp:7205  ConvertInput: bufid 1006 0x0/0x800 bytes, 0/512 packets, mNumPacketDescriptions=0
2026-05-09 22:13:10.824 Db corespeechd[598:681ae] [com.apple.coreaudio:AQ]      AudioQueueObject.cpp:7205  ConvertInput: bufid 1006 0x0/0x800 bytes, 0/512 packets, mNumPacketDescriptions=0
2026-05-09 22:13:10.835 Db corespeechd[598:681ae] [com.apple.coreaudio:AQ]      AudioQueueObject.cpp:7205  ConvertInput: bufid 1006 0x0/0x800 bytes, 0/512 packets, mNumPacketDescriptions=0
2026-05-09 22:13:10.835 Db corespeechd[598:681ae] [com.apple.coreaudio:AQ]        AudioQueueObject.h:1269  AQFetch: Input ring buffer returning 0x400 frames, t: 0x823080 - 0x823480
2026-05-09 22:13:10.835 Db corespeechd[598:681ae] [com.apple.coreaudio:AQ]      AudioQueueObject.cpp:7354  EncoderInputProc: ->1024 fr, 4096 bytes @ t=8532096 fr
2026-05-09 22:13:10.835 Db corespeechd[598:681ae] [com.apple.coreaudio:AQ]      AudioQueueObject.cpp:7234  ConvertInput: <-0x200/0x200 packets, 0x800/0x800 bytes [buffer 1006]
2026-05-09 22:13:10.835 Db corespeechd[598:681ae] [com.apple.coreaudio:aqiotime]              AQIONode.cpp:122     ionode anchor 12352.419946, 8532955 st, 1.000000 rs
2026-05-09 22:13:10.835 Db corespeechd[598:681ae] [com.apple.coreaudio:AQ]      AudioQueueObject.cpp:7205  ConvertInput: bufid 1007 0x0/0x800 bytes, 0/512 packets, mNumPacketDescriptions=0
2026-05-09 22:13:10.835 Db corespeechd[598:681ae] [com.apple.coreaudio:AQ]      AudioQueueObject.cpp:7234  ConvertInput: <-0x200/0x200 packets, 0x800/0x800 bytes [buffer 1007]
2026-05-09 22:13:10.835 Db corespeechd[598:681ae] [com.apple.coreaudio:aqiotime]              AQIONode.cpp:122     ionode anchor 12352.419946, 8532955 st, 1.000000 rs
2026-05-09 22:13:10.835 Db corespeechd[598:681ae] [com.apple.coreaudio:AQ]      AudioQueueObject.cpp:7205  ConvertInput: bufid 1004 0x0/0x800 bytes, 0/512 packets, mNumPacketDescriptions=0
2026-05-09 22:13:10.835 Db corespeechd[598:681ad] [com.apple.coreaudio:AQ]      AudioQueueObject.cpp:5719  EnqueueBuffer: aq@0x710c4e800: bufid 1006, cmd 0x7104f8f58, data 0x1083990b0: 0 bytes, 0 frames (trim 0/0), 0 packets, invalid ht, invalid st, outActualStartTime 0x0
2026-05-09 22:13:10.836 Db corespeechd[598:681ae] [com.apple.coreaudio:AQ]      AudioQueueObject.cpp:7205  ConvertInput: bufid 1004 0x0/0x800 bytes, 0/512 packets, mNumPacketDescriptions=0
2026-05-09 22:13:10.836 Db corespeechd[598:681ad] [com.apple.coreaudio:AQ]      AudioQueueObject.cpp:5719  EnqueueBuffer: aq@0x710c4e800: bufid 1007, cmd 0x7104f93b8, data 0x1083998f0: 0 bytes, 0 frames (trim 0/0), 0 packets, invalid ht, invalid st, outActualStartTime 0x0
2026-05-09 22:13:10.836 Db corespeechd[598:681ae] [com.apple.coreaudio:AQ]      AudioQueueObject.cpp:7205  ConvertInput: bufid 1004 0x0/0x800 bytes, 0/512 packets, mNumPacketDescriptions=0
2026-05-09 22:13:10.867 Db corespeechd[598:681ae] [com.apple.coreaudio:AQ]      AudioQueueObject.cpp:7205  ConvertInput: bufid 1004 0x0/0x800 bytes, 0/512 packets, mNumPacketDescriptions=0
2026-05-09 22:13:10.877 Db corespeechd[598:681ae] [com.apple.coreaudio:AQ]      AudioQueueObject.cpp:7205  ConvertInput: bufid 1004 0x0/0x800 bytes, 0/512 packets, mNumPacketDescriptions=0
2026-05-09 22:13:10.888 Db corespeechd[598:681ae] [com.apple.coreaudio:AQ]      AudioQueueObject.cpp:7205  ConvertInput: bufid 1004 0x0/0x800 bytes, 0/512 packets, mNumPacketDescriptions=0
2026-05-09 22:13:10.899 Db corespeechd[598:681ae] [com.apple.coreaudio:AQ]      AudioQueueObject.cpp:7205  ConvertInput: bufid 1004 0x0/0x800 bytes, 0/512 packets, mNumPacketDescriptions=0
2026-05-09 22:13:10.899 Db corespeechd[598:681ae] [com.apple.coreaudio:AQ]        AudioQueueObject.h:1269  AQFetch: Input ring buffer returning 0x400 frames, t: 0x823480 - 0x823880
2026-05-09 22:13:10.899 Db corespeechd[598:681ae] [com.apple.coreaudio:AQ]      AudioQueueObject.cpp:7354  EncoderInputProc: ->1024 fr, 4096 bytes @ t=8533120 fr
2026-05-09 22:13:10.899 Db corespeechd[598:681ae] [com.apple.coreaudio:AQ]      AudioQueueObject.cpp:7234  ConvertInput: <-0x200/0x200 packets, 0x800/0x800 bytes [buffer 1004]
2026-05-09 22:13:10.899 Db corespeechd[598:681ae] [com.apple.coreaudio:aqiotime]              AQIONode.cpp:122     ionode anchor 12352.483946, 8533979 st, 1.000000 rs
2026-05-09 22:13:10.899 Db corespeechd[598:681ae] [com.apple.coreaudio:AQ]      AudioQueueObject.cpp:7205  ConvertInput: bufid 1005 0x0/0x800 bytes, 0/512 packets, mNumPacketDescriptions=0
2026-05-09 22:13:10.899 Db corespeechd[598:681ae] [com.apple.coreaudio:AQ]      AudioQueueObject.cpp:7234  ConvertInput: <-0x200/0x200 packets, 0x800/0x800 bytes [buffer 1005]
2026-05-09 22:13:10.899 Db corespeechd[598:681ae] [com.apple.coreaudio:aqiotime]              AQIONode.cpp:122     ionode anchor 12352.483946, 8533979 st, 1.000000 rs
2026-05-09 22:13:10.899 Db corespeechd[598:66880] [com.apple.coreaudio:AQ]      AudioQueueObject.cpp:5719  EnqueueBuffer: aq@0x710c4e800: bufid 1004, cmd 0x7104f8fc8, data 0x108398030: 0 bytes, 0 frames (trim 0/0), 0 packets, invalid ht, invalid st, outActualStartTime 0x0
2026-05-09 22:13:10.899 Db corespeechd[598:681ae] [com.apple.coreaudio:AQ]      AudioQueueObject.cpp:7205  ConvertInput: bufid 1006 0x0/0x800 bytes, 0/512 packets, mNumPacketDescriptions=0
2026-05-09 22:13:10.899 Db corespeechd[598:66880] [com.apple.coreaudio:AQ]      AudioQueueObject.cpp:5719  EnqueueBuffer: aq@0x710c4e800: bufid 1005, cmd 0x7104f8e78, data 0x108398870: 0 bytes, 0 frames (trim 0/0), 0 packets, invalid ht, invalid st, outActualStartTime 0x0
2026-05-09 22:13:10.899 Db corespeechd[598:681ae] [com.apple.coreaudio:AQ]      AudioQueueObject.cpp:7205  ConvertInput: bufid 1006 0x0/0x800 bytes, 0/512 packets, mNumPacketDescriptions=0
2026-05-09 22:13:10.931 Db corespeechd[598:681ae] [com.apple.coreaudio:AQ]      AudioQueueObject.cpp:7205  ConvertInput: bufid 1006 0x0/0x800 bytes, 0/512 packets, mNumPacketDescriptions=0
2026-05-09 22:13:10.941 Db corespeechd[598:681ae] [com.apple.coreaudio:AQ]      AudioQueueObject.cpp:7205  ConvertInput: bufid 1006 0x0/0x800 bytes, 0/512 packets, mNumPacketDescriptions=0
2026-05-09 22:13:10.952 Db corespeechd[598:681ae] [com.apple.coreaudio:AQ]      AudioQueueObject.cpp:7205  ConvertInput: bufid 1006 0x0/0x800 bytes, 0/512 packets, mNumPacketDescriptions=0
2026-05-09 22:13:10.963 Db corespeechd[598:681ae] [com.apple.coreaudio:AQ]      AudioQueueObject.cpp:7205  ConvertInput: bufid 1006 0x0/0x800 bytes, 0/512 packets, mNumPacketDescriptions=0
2026-05-09 22:13:10.963 Db corespeechd[598:681ae] [com.apple.coreaudio:AQ]        AudioQueueObject.h:1269  AQFetch: Input ring buffer returning 0x400 frames, t: 0x823880 - 0x823c80
2026-05-09 22:13:10.963 Db corespeechd[598:681ae] [com.apple.coreaudio:AQ]      AudioQueueObject.cpp:7354  EncoderInputProc: ->1024 fr, 4096 bytes @ t=8534144 fr
2026-05-09 22:13:10.963 Db corespeechd[598:681ae] [com.apple.coreaudio:AQ]      AudioQueueObject.cpp:7234  ConvertInput: <-0x200/0x200 packets, 0x800/0x800 bytes [buffer 1006]
2026-05-09 22:13:10.963 Db corespeechd[598:681ae] [com.apple.coreaudio:aqiotime]              AQIONode.cpp:122     ionode anchor 12352.547946, 8535003 st, 1.000000 rs
2026-05-09 22:13:10.963 Db corespeechd[598:681ae] [com.apple.coreaudio:AQ]      AudioQueueObject.cpp:7205  ConvertInput: bufid 1007 0x0/0x800 bytes, 0/512 packets, mNumPacketDescriptions=0
2026-05-09 22:13:10.963 Db corespeechd[598:681ae] [com.apple.coreaudio:AQ]      AudioQueueObject.cpp:7234  ConvertInput: <-0x200/0x200 packets, 0x800/0x800 bytes [buffer 1007]
2026-05-09 22:13:10.963 Db corespeechd[598:681ae] [com.apple.coreaudio:aqiotime]              AQIONode.cpp:122     ionode anchor 12352.547946, 8535003 st, 1.000000 rs
2026-05-09 22:13:10.963 Db corespeechd[598:681ae] [com.apple.coreaudio:AQ]      AudioQueueObject.cpp:7205  ConvertInput: bufid 1004 0x0/0x800 bytes, 0/512 packets, mNumPacketDescriptions=0
2026-05-09 22:13:10.963 Db corespeechd[598:66880] [com.apple.coreaudio:AQ]      AudioQueueObject.cpp:5719  EnqueueBuffer: aq@0x710c4e800: bufid 1006, cmd 0x7104f8f58, data 0x1083990b0: 0 bytes, 0 frames (trim 0/0), 0 packets, invalid ht, invalid st, outActualStartTime 0x0
2026-05-09 22:13:10.963 Db corespeechd[598:66880] [com.apple.coreaudio:AQ]      AudioQueueObject.cpp:5719  EnqueueBuffer: aq@0x710c4e800: bufid 1007, cmd 0x7104f93b8, data 0x1083998f0: 0 bytes, 0 frames (trim 0/0), 0 packets, invalid ht, invalid st, outActualStartTime 0x0
2026-05-09 22:13:10.963 Db corespeechd[598:681ae] [com.apple.coreaudio:AQ]      AudioQueueObject.cpp:7205  ConvertInput: bufid 1004 0x0/0x800 bytes, 0/512 packets, mNumPacketDescriptions=0
2026-05-09 22:13:10.995 Db corespeechd[598:681ae] [com.apple.coreaudio:AQ]      AudioQueueObject.cpp:7205  ConvertInput: bufid 1004 0x0/0x800 bytes, 0/512 packets, mNumPacketDescriptions=0
2026-05-09 22:13:11.005 Db corespeechd[598:681ae] [com.apple.coreaudio:AQ]      AudioQueueObject.cpp:7205  ConvertInput: bufid 1004 0x0/0x800 bytes, 0/512 packets, mNumPacketDescriptions=0
