2026-05-09 22:13:08.029 Db corespeechd[598:681ae] [com.apple.coreaudio:AQ]      AudioQueueObject.cpp:7354  EncoderInputProc: ->1024 fr, 4096 bytes @ t=8487168 fr
2026-05-09 22:13:08.029 Db corespeechd[598:681ae] [com.apple.coreaudio:AQ]      AudioQueueObject.cpp:7234  ConvertInput: <-0x200/0x200 packets, 0x800/0x800 bytes [buffer 1006]
2026-05-09 22:13:08.030 Db corespeechd[598:681ae] [com.apple.coreaudio:aqiotime]              AQIONode.cpp:122     ionode anchor 12349.614612, 8488069 st, 1.000000 rs
2026-05-09 22:13:08.030 Db corespeechd[598:681ae] [com.apple.coreaudio:AQ]      AudioQueueObject.cpp:7205  ConvertInput: bufid 1007 0x0/0x800 bytes, 0/512 packets, mNumPacketDescriptions=0
2026-05-09 22:13:08.030 Db corespeechd[598:681ae] [com.apple.coreaudio:AQ]      AudioQueueObject.cpp:7234  ConvertInput: <-0x200/0x200 packets, 0x800/0x800 bytes [buffer 1007]
2026-05-09 22:13:08.030 Db corespeechd[598:681ad] [com.apple.coreaudio:AQ]      AudioQueueObject.cpp:5719  EnqueueBuffer: aq@0x710c4e800: bufid 1006, cmd 0x7104f8e78, data 0x1083990b0: 0 bytes, 0 frames (trim 0/0), 0 packets, invalid ht, invalid st, outActualStartTime 0x0
2026-05-09 22:13:08.030 Db corespeechd[598:681ae] [com.apple.coreaudio:aqiotime]              AQIONode.cpp:122     ionode anchor 12349.614612, 8488069 st, 1.000000 rs
2026-05-09 22:13:08.030 Db corespeechd[598:681ae] [com.apple.coreaudio:AQ]      AudioQueueObject.cpp:7205  ConvertInput: bufid 1004 0x0/0x800 bytes, 0/512 packets, mNumPacketDescriptions=0
2026-05-09 22:13:08.030 Db corespeechd[598:68195] [com.apple.coreaudio:AQ]      AudioQueueObject.cpp:5719  EnqueueBuffer: aq@0x710c4e800: bufid 1007, cmd 0x7104f93b8, data 0x1083998f0: 0 bytes, 0 frames (trim 0/0), 0 packets, invalid ht, invalid st, outActualStartTime 0x0
2026-05-09 22:13:08.030 Db corespeechd[598:681ae] [com.apple.coreaudio:AQ]      AudioQueueObject.cpp:7205  ConvertInput: bufid 1004 0x0/0x800 bytes, 0/512 packets, mNumPacketDescriptions=0
2026-05-09 22:13:08.061 Db corespeechd[598:681ae] [com.apple.coreaudio:AQ]      AudioQueueObject.cpp:7205  ConvertInput: bufid 1004 0x0/0x800 bytes, 0/512 packets, mNumPacketDescriptions=0
2026-05-09 22:13:08.072 Db corespeechd[598:681ae] [com.apple.coreaudio:AQ]      AudioQueueObject.cpp:7205  ConvertInput: bufid 1004 0x0/0x800 bytes, 0/512 packets, mNumPacketDescriptions=0
2026-05-09 22:13:08.083 Db corespeechd[598:681ae] [com.apple.coreaudio:AQ]      AudioQueueObject.cpp:7205  ConvertInput: bufid 1004 0x0/0x800 bytes, 0/512 packets, mNumPacketDescriptions=0
2026-05-09 22:13:08.093 Db corespeechd[598:681ae] [com.apple.coreaudio:AQ]      AudioQueueObject.cpp:7205  ConvertInput: bufid 1004 0x0/0x800 bytes, 0/512 packets, mNumPacketDescriptions=0
2026-05-09 22:13:08.093 Db corespeechd[598:681ae] [com.apple.coreaudio:AQ]        AudioQueueObject.h:1269  AQFetch: Input ring buffer returning 0x400 frames, t: 0x818500 - 0x818900
2026-05-09 22:13:08.093 Db corespeechd[598:681ae] [com.apple.coreaudio:AQ]      AudioQueueObject.cpp:7354  EncoderInputProc: ->1024 fr, 4096 bytes @ t=8488192 fr
2026-05-09 22:13:08.093 Db corespeechd[598:681ae] [com.apple.coreaudio:AQ]      AudioQueueObject.cpp:7234  ConvertInput: <-0x200/0x200 packets, 0x800/0x800 bytes [buffer 1004]
2026-05-09 22:13:08.093 Db corespeechd[598:681ae] [com.apple.coreaudio:aqiotime]              AQIONode.cpp:122     ionode anchor 12349.678612, 8489093 st, 1.000000 rs
2026-05-09 22:13:08.093 Db corespeechd[598:681ae] [com.apple.coreaudio:AQ]      AudioQueueObject.cpp:7205  ConvertInput: bufid 1005 0x0/0x800 bytes, 0/512 packets, mNumPacketDescriptions=0
2026-05-09 22:13:08.093 Db corespeechd[598:681ae] [com.apple.coreaudio:AQ]      AudioQueueObject.cpp:7234  ConvertInput: <-0x200/0x200 packets, 0x800/0x800 bytes [buffer 1005]
2026-05-09 22:13:08.093 Db corespeechd[598:681ae] [com.apple.coreaudio:aqiotime]              AQIONode.cpp:122     ionode anchor 12349.678612, 8489093 st, 1.000000 rs
2026-05-09 22:13:08.093 Db corespeechd[598:681ae] [com.apple.coreaudio:AQ]      AudioQueueObject.cpp:7205  ConvertInput: bufid 1006 0x0/0x800 bytes, 0/512 packets, mNumPacketDescriptions=0
2026-05-09 22:13:08.093 Db corespeechd[598:68195] [com.apple.coreaudio:AQ]      AudioQueueObject.cpp:5719  EnqueueBuffer: aq@0x710c4e800: bufid 1004, cmd 0x7104f8f58, data 0x108398030: 0 bytes, 0 frames (trim 0/0), 0 packets, invalid ht, invalid st, outActualStartTime 0x0
2026-05-09 22:13:08.094 Db corespeechd[598:681ae] [com.apple.coreaudio:AQ]      AudioQueueObject.cpp:7205  ConvertInput: bufid 1006 0x0/0x800 bytes, 0/512 packets, mNumPacketDescriptions=0
2026-05-09 22:13:08.094 Db corespeechd[598:68195] [com.apple.coreaudio:AQ]      AudioQueueObject.cpp:5719  EnqueueBuffer: aq@0x710c4e800: bufid 1005, cmd 0x7104f8fc8, data 0x108398870: 0 bytes, 0 frames (trim 0/0), 0 packets, invalid ht, invalid st, outActualStartTime 0x0
2026-05-09 22:13:08.094 Db corespeechd[598:681ae] [com.apple.coreaudio:AQ]      AudioQueueObject.cpp:7205  ConvertInput: bufid 1006 0x0/0x800 bytes, 0/512 packets, mNumPacketDescriptions=0
2026-05-09 22:13:08.125 Db corespeechd[598:681ae] [com.apple.coreaudio:AQ]      AudioQueueObject.cpp:7205  ConvertInput: bufid 1006 0x0/0x800 bytes, 0/512 packets, mNumPacketDescriptions=0
2026-05-09 22:13:08.136 Db corespeechd[598:681ae] [com.apple.coreaudio:AQ]      AudioQueueObject.cpp:7205  ConvertInput: bufid 1006 0x0/0x800 bytes, 0/512 packets, mNumPacketDescriptions=0
2026-05-09 22:13:08.147 Db corespeechd[598:681ae] [com.apple.coreaudio:AQ]      AudioQueueObject.cpp:7205  ConvertInput: bufid 1006 0x0/0x800 bytes, 0/512 packets, mNumPacketDescriptions=0
2026-05-09 22:13:08.157 Db corespeechd[598:681ae] [com.apple.coreaudio:AQ]      AudioQueueObject.cpp:7205  ConvertInput: bufid 1006 0x0/0x800 bytes, 0/512 packets, mNumPacketDescriptions=0
2026-05-09 22:13:08.157 Db corespeechd[598:681ae] [com.apple.coreaudio:AQ]        AudioQueueObject.h:1269  AQFetch: Input ring buffer returning 0x400 frames, t: 0x818900 - 0x818d00
2026-05-09 22:13:08.157 Db corespeechd[598:681ae] [com.apple.coreaudio:AQ]      AudioQueueObject.cpp:7354  EncoderInputProc: ->1024 fr, 4096 bytes @ t=8489216 fr
2026-05-09 22:13:08.157 Db corespeechd[598:681ae] [com.apple.coreaudio:AQ]      AudioQueueObject.cpp:7234  ConvertInput: <-0x200/0x200 packets, 0x800/0x800 bytes [buffer 1006]
2026-05-09 22:13:08.157 Db corespeechd[598:681ae] [com.apple.coreaudio:aqiotime]              AQIONode.cpp:122     ionode anchor 12349.742612, 8490117 st, 1.000000 rs
2026-05-09 22:13:08.157 Db corespeechd[598:681ae] [com.apple.coreaudio:AQ]      AudioQueueObject.cpp:7205  ConvertInput: bufid 1007 0x0/0x800 bytes, 0/512 packets, mNumPacketDescriptions=0
2026-05-09 22:13:08.157 Db corespeechd[598:681ae] [com.apple.coreaudio:AQ]      AudioQueueObject.cpp:7234  ConvertInput: <-0x200/0x200 packets, 0x800/0x800 bytes [buffer 1007]
2026-05-09 22:13:08.157 Db corespeechd[598:681ae] [com.apple.coreaudio:aqiotime]              AQIONode.cpp:122     ionode anchor 12349.742612, 8490117 st, 1.000000 rs
2026-05-09 22:13:08.157 Db corespeechd[598:66880] [com.apple.coreaudio:AQ]      AudioQueueObject.cpp:5719  EnqueueBuffer: aq@0x710c4e800: bufid 1006, cmd 0x7104f8e78, data 0x1083990b0: 0 bytes, 0 frames (trim 0/0), 0 packets, invalid ht, invalid st, outActualStartTime 0x0
2026-05-09 22:13:08.157 Db corespeechd[598:681ae] [com.apple.coreaudio:AQ]      AudioQueueObject.cpp:7205  ConvertInput: bufid 1004 0x0/0x800 bytes, 0/512 packets, mNumPacketDescriptions=0
2026-05-09 22:13:08.158 Db corespeechd[598:66880] [com.apple.coreaudio:AQ]      AudioQueueObject.cpp:5719  EnqueueBuffer: aq@0x710c4e800: bufid 1007, cmd 0x7104f93b8, data 0x1083998f0: 0 bytes, 0 frames (trim 0/0), 0 packets, invalid ht, invalid st, outActualStartTime 0x0
2026-05-09 22:13:08.158 Db corespeechd[598:681ae] [com.apple.coreaudio:AQ]      AudioQueueObject.cpp:7205  ConvertInput: bufid 1004 0x0/0x800 bytes, 0/512 packets, mNumPacketDescriptions=0
2026-05-09 22:13:08.189 Db corespeechd[598:681ae] [com.apple.coreaudio:AQ]      AudioQueueObject.cpp:7205  ConvertInput: bufid 1004 0x0/0x800 bytes, 0/512 packets, mNumPacketDescriptions=0
2026-05-09 22:13:08.200 Db corespeechd[598:681ae] [com.apple.coreaudio:AQ]      AudioQueueObject.cpp:7205  ConvertInput: bufid 1004 0x0/0x800 bytes, 0/512 packets, mNumPacketDescriptions=0
2026-05-09 22:13:08.211 Db corespeechd[598:681ae] [com.apple.coreaudio:AQ]      AudioQueueObject.cpp:7205  ConvertInput: bufid 1004 0x0/0x800 bytes, 0/512 packets, mNumPacketDescriptions=0
2026-05-09 22:13:08.221 Db corespeechd[598:681ae] [com.apple.coreaudio:AQ]      AudioQueueObject.cpp:7205  ConvertInput: bufid 1004 0x0/0x800 bytes, 0/512 packets, mNumPacketDescriptions=0
2026-05-09 22:13:08.221 Db corespeechd[598:681ae] [com.apple.coreaudio:AQ]        AudioQueueObject.h:1269  AQFetch: Input ring buffer returning 0x400 frames, t: 0x818d00 - 0x819100
2026-05-09 22:13:08.221 Db corespeechd[598:681ae] [com.apple.coreaudio:AQ]      AudioQueueObject.cpp:7354  EncoderInputProc: ->1024 fr, 4096 bytes @ t=8490240 fr
2026-05-09 22:13:08.221 Db corespeechd[598:681ae] [com.apple.coreaudio:AQ]      AudioQueueObject.cpp:7234  ConvertInput: <-0x200/0x200 packets, 0x800/0x800 bytes [buffer 1004]
2026-05-09 22:13:08.222 Db corespeechd[598:681ae] [com.apple.coreaudio:aqiotime]              AQIONode.cpp:122     ionode anchor 12349.806612, 8491141 st, 1.000000 rs
2026-05-09 22:13:08.222 Db corespeechd[598:681ae] [com.apple.coreaudio:AQ]      AudioQueueObject.cpp:7205  ConvertInput: bufid 1005 0x0/0x800 bytes, 0/512 packets, mNumPacketDescriptions=0
2026-05-09 22:13:08.222 Db corespeechd[598:681ae] [com.apple.coreaudio:AQ]      AudioQueueObject.cpp:7234  ConvertInput: <-0x200/0x200 packets, 0x800/0x800 bytes [buffer 1005]
2026-05-09 22:13:08.222 Db corespeechd[598:681ae] [com.apple.coreaudio:aqiotime]              AQIONode.cpp:122     ionode anchor 12349.806612, 8491141 st, 1.000000 rs
2026-05-09 22:13:08.222 Db corespeechd[598:681ad] [com.apple.coreaudio:AQ]      AudioQueueObject.cpp:5719  EnqueueBuffer: aq@0x710c4e800: bufid 1004, cmd 0x7104f8f58, data 0x108398030: 0 bytes, 0 frames (trim 0/0), 0 packets, invalid ht, invalid st, outActualStartTime 0x0
2026-05-09 22:13:08.222 Db corespeechd[598:681ae] [com.apple.coreaudio:AQ]      AudioQueueObject.cpp:7205  ConvertInput: bufid 1006 0x0/0x800 bytes, 0/512 packets, mNumPacketDescriptions=0
2026-05-09 22:13:08.222 Db corespeechd[598:681ad] [com.apple.coreaudio:AQ]      AudioQueueObject.cpp:5719  EnqueueBuffer: aq@0x710c4e800: bufid 1005, cmd 0x7104f8fc8, data 0x108398870: 0 bytes, 0 frames (trim 0/0), 0 packets, invalid ht, invalid st, outActualStartTime 0x0
2026-05-09 22:13:08.222 Db corespeechd[598:681ae] [com.apple.coreaudio:AQ]      AudioQueueObject.cpp:7205  ConvertInput: bufid 1006 0x0/0x800 bytes, 0/512 packets, mNumPacketDescriptions=0
2026-05-09 22:13:08.253 Db corespeechd[598:681ae] [com.apple.coreaudio:AQ]      AudioQueueObject.cpp:7205  ConvertInput: bufid 1006 0x0/0x800 bytes, 0/512 packets, mNumPacketDescriptions=0
2026-05-09 22:13:08.264 Db corespeechd[598:681ae] [com.apple.coreaudio:AQ]      AudioQueueObject.cpp:7205  ConvertInput: bufid 1006 0x0/0x800 bytes, 0/512 packets, mNumPacketDescriptions=0
2026-05-09 22:13:08.275 Db corespeechd[598:681ae] [com.apple.coreaudio:AQ]      AudioQueueObject.cpp:7205  ConvertInput: bufid 1006 0x0/0x800 bytes, 0/512 packets, mNumPacketDescriptions=0
2026-05-09 22:13:08.285 Db corespeechd[598:681ae] [com.apple.coreaudio:AQ]      AudioQueueObject.cpp:7205  ConvertInput: bufid 1006 0x0/0x800 bytes, 0/512 packets, mNumPacketDescriptions=0
2026-05-09 22:13:08.285 Db corespeechd[598:681ae] [com.apple.coreaudio:AQ]        AudioQueueObject.h:1269  AQFetch: Input ring buffer returning 0x400 frames, t: 0x819100 - 0x819500
2026-05-09 22:13:08.285 Db corespeechd[598:681ae] [com.apple.coreaudio:AQ]      AudioQueueObject.cpp:7354  EncoderInputProc: ->1024 fr, 4096 bytes @ t=8491264 fr
2026-05-09 22:13:08.285 Db corespeechd[598:681ae] [com.apple.coreaudio:AQ]      AudioQueueObject.cpp:7234  ConvertInput: <-0x200/0x200 packets, 0x800/0x800 bytes [buffer 1006]
2026-05-09 22:13:08.285 Db corespeechd[598:681ae] [com.apple.coreaudio:aqiotime]              AQIONode.cpp:122     ionode anchor 12349.870612, 8492165 st, 1.000000 rs
2026-05-09 22:13:08.285 Db corespeechd[598:681ae] [com.apple.coreaudio:AQ]      AudioQueueObject.cpp:7205  ConvertInput: bufid 1007 0x0/0x800 bytes, 0/512 packets, mNumPacketDescriptions=0
2026-05-09 22:13:08.285 Db corespeechd[598:681ae] [com.apple.coreaudio:AQ]      AudioQueueObject.cpp:7234  ConvertInput: <-0x200/0x200 packets, 0x800/0x800 bytes [buffer 1007]
2026-05-09 22:13:08.285 Db corespeechd[598:681ae] [com.apple.coreaudio:aqiotime]              AQIONode.cpp:122     ionode anchor 12349.870612, 8492165 st, 1.000000 rs
2026-05-09 22:13:08.285 Db corespeechd[598:68195] [com.apple.coreaudio:AQ]      AudioQueueObject.cpp:5719  EnqueueBuffer: aq@0x710c4e800: bufid 1006, cmd 0x7104f8e78, data 0x1083990b0: 0 bytes, 0 frames (trim 0/0), 0 packets, invalid ht, invalid st, outActualStartTime 0x0
2026-05-09 22:13:08.285 Db corespeechd[598:681ae] [com.apple.coreaudio:AQ]      AudioQueueObject.cpp:7205  ConvertInput: bufid 1004 0x0/0x800 bytes, 0/512 packets, mNumPacketDescriptions=0
2026-05-09 22:13:08.286 Db corespeechd[598:68195] [com.apple.coreaudio:AQ]      AudioQueueObject.cpp:5719  EnqueueBuffer: aq@0x710c4e800: bufid 1007, cmd 0x7104f93b8, data 0x1083998f0: 0 bytes, 0 frames (trim 0/0), 0 packets, invalid ht, invalid st, outActualStartTime 0x0
2026-05-09 22:13:08.286 Db corespeechd[598:681ae] [com.apple.coreaudio:AQ]      AudioQueueObject.cpp:7205  ConvertInput: bufid 1004 0x0/0x800 bytes, 0/512 packets, mNumPacketDescriptions=0
2026-05-09 22:13:08.317 Db corespeechd[598:681ae] [com.apple.coreaudio:AQ]      AudioQueueObject.cpp:7205  ConvertInput: bufid 1004 0x0/0x800 bytes, 0/512 packets, mNumPacketDescriptions=0
2026-05-09 22:13:08.328 Db corespeechd[598:681ae] [com.apple.coreaudio:AQ]      AudioQueueObject.cpp:7205  ConvertInput: bufid 1004 0x0/0x800 bytes, 0/512 packets, mNumPacketDescriptions=0
2026-05-09 22:13:08.339 Db corespeechd[598:681ae] [com.apple.coreaudio:AQ]      AudioQueueObject.cpp:7205  ConvertInput: bufid 1004 0x0/0x800 bytes, 0/512 packets, mNumPacketDescriptions=0
2026-05-09 22:13:08.349 Db corespeechd[598:681ae] [com.apple.coreaudio:AQ]      AudioQueueObject.cpp:7205  ConvertInput: bufid 1004 0x0/0x800 bytes, 0/512 packets, mNumPacketDescriptions=0
2026-05-09 22:13:08.349 Db corespeechd[598:681ae] [com.apple.coreaudio:AQ]        AudioQueueObject.h:1269  AQFetch: Input ring buffer returning 0x400 frames, t: 0x819500 - 0x819900
2026-05-09 22:13:08.349 Db corespeechd[598:681ae] [com.apple.coreaudio:AQ]      AudioQueueObject.cpp:7354  EncoderInputProc: ->1024 fr, 4096 bytes @ t=8492288 fr
2026-05-09 22:13:08.350 Db corespeechd[598:681ae] [com.apple.coreaudio:AQ]      AudioQueueObject.cpp:7234  ConvertInput: <-0x200/0x200 packets, 0x800/0x800 bytes [buffer 1004]
2026-05-09 22:13:08.350 Db corespeechd[598:681ae] [com.apple.coreaudio:aqiotime]              AQIONode.cpp:122     ionode anchor 12349.934612, 8493189 st, 1.000000 rs
2026-05-09 22:13:08.350 Db corespeechd[598:681ae] [com.apple.coreaudio:AQ]      AudioQueueObject.cpp:7205  ConvertInput: bufid 1005 0x0/0x800 bytes, 0/512 packets, mNumPacketDescriptions=0
2026-05-09 22:13:08.350 Db corespeechd[598:681ae] [com.apple.coreaudio:AQ]      AudioQueueObject.cpp:7234  ConvertInput: <-0x200/0x200 packets, 0x800/0x800 bytes [buffer 1005]
2026-05-09 22:13:08.350 Db corespeechd[598:681ae] [com.apple.coreaudio:aqiotime]              AQIONode.cpp:122     ionode anchor 12349.934612, 8493189 st, 1.000000 rs
2026-05-09 22:13:08.350 Db corespeechd[598:681ad] [com.apple.coreaudio:AQ]      AudioQueueObject.cpp:5719  EnqueueBuffer: aq@0x710c4e800: bufid 1004, cmd 0x7104f8f58, data 0x108398030: 0 bytes, 0 frames (trim 0/0), 0 packets, invalid ht, invalid st, outActualStartTime 0x0
2026-05-09 22:13:08.350 Db corespeechd[598:681ae] [com.apple.coreaudio:AQ]      AudioQueueObject.cpp:7205  ConvertInput: bufid 1006 0x0/0x800 bytes, 0/512 packets, mNumPacketDescriptions=0
2026-05-09 22:13:08.350 Db corespeechd[598:681ad] [com.apple.coreaudio:AQ]      AudioQueueObject.cpp:5719  EnqueueBuffer: aq@0x710c4e800: bufid 1005, cmd 0x7104f8fc8, data 0x108398870: 0 bytes, 0 frames (trim 0/0), 0 packets, invalid ht, invalid st, outActualStartTime 0x0
2026-05-09 22:13:08.350 Db corespeechd[598:681ae] [com.apple.coreaudio:AQ]      AudioQueueObject.cpp:7205  ConvertInput: bufid 1006 0x0/0x800 bytes, 0/512 packets, mNumPacketDescriptions=0
2026-05-09 22:13:08.381 Db corespeechd[598:681ae] [com.apple.coreaudio:AQ]      AudioQueueObject.cpp:7205  ConvertInput: bufid 1006 0x0/0x800 bytes, 0/512 packets, mNumPacketDescriptions=0
2026-05-09 22:13:08.392 Db corespeechd[598:681ae] [com.apple.coreaudio:AQ]      AudioQueueObject.cpp:7205  ConvertInput: bufid 1006 0x0/0x800 bytes, 0/512 packets, mNumPacketDescriptions=0
2026-05-09 22:13:08.398 Db Sound[94129:62acc] [com.apple.coreaudio:ssc]         AudioServices.cpp:1594  AudioServicesGetProperty id = 1635086956
2026-05-09 22:13:08.399 Db Sound[94129:62acc] [com.apple.coreaudio:ssc]         AudioServices.cpp:1542  AudioServicesGetPropertyInfo id = 1635086956
2026-05-09 22:13:08.399 Db Sound[94129:62acc] [com.apple.coreaudio:ssc]         AudioServices.cpp:1594  AudioServicesGetProperty id = 1936946796
2026-05-09 22:13:08.399 Db Sound[94129:62acc] [com.apple.coreaudio:ssc]         AudioServices.cpp:1542  AudioServicesGetPropertyInfo id = 1936946796
2026-05-09 22:13:08.399 Db Sound[94129:62acc] [com.apple.coreaudio:ssc]         AudioServices.cpp:1594  AudioServicesGetProperty id = 1969844078
2026-05-09 22:13:08.399 Db Sound[94129:62acc] [com.apple.coreaudio:ssc]         AudioServices.cpp:1542  AudioServicesGetPropertyInfo id = 1969844078
2026-05-09 22:13:08.403 Db corespeechd[598:681ae] [com.apple.coreaudio:AQ]      AudioQueueObject.cpp:7205  ConvertInput: bufid 1006 0x0/0x800 bytes, 0/512 packets, mNumPacketDescriptions=0
2026-05-09 22:13:08.413 Db corespeechd[598:681ae] [com.apple.coreaudio:AQ]      AudioQueueObject.cpp:7205  ConvertInput: bufid 1006 0x0/0x800 bytes, 0/512 packets, mNumPacketDescriptions=0
2026-05-09 22:13:08.413 Db corespeechd[598:681ae] [com.apple.coreaudio:AQ]        AudioQueueObject.h:1269  AQFetch: Input ring buffer returning 0x400 frames, t: 0x819900 - 0x819d00
2026-05-09 22:13:08.413 Db corespeechd[598:681ae] [com.apple.coreaudio:AQ]      AudioQueueObject.cpp:7354  EncoderInputProc: ->1024 fr, 4096 bytes @ t=8493312 fr
2026-05-09 22:13:08.413 Db corespeechd[598:681ae] [com.apple.coreaudio:AQ]      AudioQueueObject.cpp:7234  ConvertInput: <-0x200/0x200 packets, 0x800/0x800 bytes [buffer 1006]
2026-05-09 22:13:08.414 Db corespeechd[598:681ae] [com.apple.coreaudio:aqiotime]              AQIONode.cpp:122     ionode anchor 12349.998612, 8494213 st, 1.000000 rs
2026-05-09 22:13:08.414 Db corespeechd[598:681ae] [com.apple.coreaudio:AQ]      AudioQueueObject.cpp:7205  ConvertInput: bufid 1007 0x0/0x800 bytes, 0/512 packets, mNumPacketDescriptions=0
2026-05-09 22:13:08.414 Db corespeechd[598:681ae] [com.apple.coreaudio:AQ]      AudioQueueObject.cpp:7234  ConvertInput: <-0x200/0x200 packets, 0x800/0x800 bytes [buffer 1007]
2026-05-09 22:13:08.414 Db corespeechd[598:681ae] [com.apple.coreaudio:aqiotime]              AQIONode.cpp:122     ionode anchor 12349.998612, 8494213 st, 1.000000 rs
2026-05-09 22:13:08.414 Db corespeechd[598:66880] [com.apple.coreaudio:AQ]      AudioQueueObject.cpp:5719  EnqueueBuffer: aq@0x710c4e800: bufid 1006, cmd 0x7104f8e78, data 0x1083990b0: 0 bytes, 0 frames (trim 0/0), 0 packets, invalid ht, invalid st, outActualStartTime 0x0
2026-05-09 22:13:08.414 Db corespeechd[598:681ae] [com.apple.coreaudio:AQ]      AudioQueueObject.cpp:7205  ConvertInput: bufid 1004 0x0/0x800 bytes, 0/512 packets, mNumPacketDescriptions=0
2026-05-09 22:13:08.414 Db corespeechd[598:66880] [com.apple.coreaudio:AQ]      AudioQueueObject.cpp:5719  EnqueueBuffer: aq@0x710c4e800: bufid 1007, cmd 0x7104f93b8, data 0x1083998f0: 0 bytes, 0 frames (trim 0/0), 0 packets, invalid ht, invalid st, outActualStartTime 0x0
2026-05-09 22:13:08.414 Db corespeechd[598:681ae] [com.apple.coreaudio:AQ]      AudioQueueObject.cpp:7205  ConvertInput: bufid 1004 0x0/0x800 bytes, 0/512 packets, mNumPacketDescriptions=0
2026-05-09 22:13:08.445 Db corespeechd[598:681ae] [com.apple.coreaudio:AQ]      AudioQueueObject.cpp:7205  ConvertInput: bufid 1004 0x0/0x800 bytes, 0/512 packets, mNumPacketDescriptions=0
2026-05-09 22:13:08.456 Db corespeechd[598:681ae] [com.apple.coreaudio:AQ]      AudioQueueObject.cpp:7205  ConvertInput: bufid 1004 0x0/0x800 bytes, 0/512 packets, mNumPacketDescriptions=0
2026-05-09 22:13:08.467 Db corespeechd[598:681ae] [com.apple.coreaudio:AQ]      AudioQueueObject.cpp:7205  ConvertInput: bufid 1004 0x0/0x800 bytes, 0/512 packets, mNumPacketDescriptions=0
2026-05-09 22:13:08.477 Db corespeechd[598:681ae] [com.apple.coreaudio:AQ]      AudioQueueObject.cpp:7205  ConvertInput: bufid 1004 0x0/0x800 bytes, 0/512 packets, mNumPacketDescriptions=0
2026-05-09 22:13:08.477 Db corespeechd[598:681ae] [com.apple.coreaudio:AQ]        AudioQueueObject.h:1269  AQFetch: Input ring buffer returning 0x400 frames, t: 0x819d00 - 0x81a100
2026-05-09 22:13:08.477 Db corespeechd[598:681ae] [com.apple.coreaudio:AQ]      AudioQueueObject.cpp:7354  EncoderInputProc: ->1024 fr, 4096 bytes @ t=8494336 fr
2026-05-09 22:13:08.477 Db corespeechd[598:681ae] [com.apple.coreaudio:AQ]      AudioQueueObject.cpp:7234  ConvertInput: <-0x200/0x200 packets, 0x800/0x800 bytes [buffer 1004]
2026-05-09 22:13:08.477 Db corespeechd[598:681ae] [com.apple.coreaudio:aqiotime]              AQIONode.cpp:122     ionode anchor 12350.062612, 8495237 st, 1.000000 rs
2026-05-09 22:13:08.478 Db corespeechd[598:681ae] [com.apple.coreaudio:AQ]      AudioQueueObject.cpp:7205  ConvertInput: bufid 1005 0x0/0x800 bytes, 0/512 packets, mNumPacketDescriptions=0
2026-05-09 22:13:08.478 Db corespeechd[598:681ae] [com.apple.coreaudio:AQ]      AudioQueueObject.cpp:7234  ConvertInput: <-0x200/0x200 packets, 0x800/0x800 bytes [buffer 1005]
2026-05-09 22:13:08.478 Db corespeechd[598:681ae] [com.apple.coreaudio:aqiotime]              AQIONode.cpp:122     ionode anchor 12350.062612, 8495237 st, 1.000000 rs
2026-05-09 22:13:08.478 Db corespeechd[598:681ae] [com.apple.coreaudio:AQ]      AudioQueueObject.cpp:7205  ConvertInput: bufid 1006 0x0/0x800 bytes, 0/512 packets, mNumPacketDescriptions=0
2026-05-09 22:13:08.478 Db corespeechd[598:681ad] [com.apple.coreaudio:AQ]      AudioQueueObject.cpp:5719  EnqueueBuffer: aq@0x710c4e800: bufid 1004, cmd 0x7104f8fc8, data 0x108398030: 0 bytes, 0 frames (trim 0/0), 0 packets, invalid ht, invalid st, outActualStartTime 0x0
2026-05-09 22:13:08.478 Db corespeechd[598:681ae] [com.apple.coreaudio:AQ]      AudioQueueObject.cpp:7205  ConvertInput: bufid 1006 0x0/0x800 bytes, 0/512 packets, mNumPacketDescriptions=0
2026-05-09 22:13:08.478 Db corespeechd[598:681ad] [com.apple.coreaudio:AQ]      AudioQueueObject.cpp:5719  EnqueueBuffer: aq@0x710c4e800: bufid 1005, cmd 0x7104f8f58, data 0x108398870: 0 bytes, 0 frames (trim 0/0), 0 packets, invalid ht, invalid st, outActualStartTime 0x0
2026-05-09 22:13:08.478 Db corespeechd[598:681ae] [com.apple.coreaudio:AQ]      AudioQueueObject.cpp:7205  ConvertInput: bufid 1006 0x0/0x800 bytes, 0/512 packets, mNumPacketDescriptions=0
2026-05-09 22:13:08.509 Db corespeechd[598:681ae] [com.apple.coreaudio:AQ]      AudioQueueObject.cpp:7205  ConvertInput: bufid 1006 0x0/0x800 bytes, 0/512 packets, mNumPacketDescriptions=0
2026-05-09 22:13:08.520 Db corespeechd[598:681ae] [com.apple.coreaudio:AQ]      AudioQueueObject.cpp:7205  ConvertInput: bufid 1006 0x0/0x800 bytes, 0/512 packets, mNumPacketDescriptions=0
2026-05-09 22:13:08.531 Db corespeechd[598:681ae] [com.apple.coreaudio:AQ]      AudioQueueObject.cpp:7205  ConvertInput: bufid 1006 0x0/0x800 bytes, 0/512 packets, mNumPacketDescriptions=0
2026-05-09 22:13:08.541 Db corespeechd[598:681ae] [com.apple.coreaudio:AQ]      AudioQueueObject.cpp:7205  ConvertInput: bufid 1006 0x0/0x800 bytes, 0/512 packets, mNumPacketDescriptions=0
2026-05-09 22:13:08.541 Db corespeechd[598:681ae] [com.apple.coreaudio:AQ]        AudioQueueObject.h:1269  AQFetch: Input ring buffer returning 0x280 frames, t: 0x81a100 - 0x81a380
2026-05-09 22:13:08.541 Db corespeechd[598:681ae] [com.apple.coreaudio:AQ]      AudioQueueObject.cpp:7354  EncoderInputProc: ->640 fr, 2560 bytes @ t=8495360 fr
2026-05-09 22:13:08.541 Db corespeechd[598:681ae] [com.apple.coreaudio:AQ]      AudioQueueObject.cpp:7234  ConvertInput: <-0x200/0x200 packets, 0x800/0x800 bytes [buffer 1006]
2026-05-09 22:13:08.541 Db corespeechd[598:681ae] [com.apple.coreaudio:aqiotime]              AQIONode.cpp:122     ionode anchor 12350.126612, 8496261 st, 1.000000 rs
2026-05-09 22:13:08.541 Db corespeechd[598:681ae] [com.apple.coreaudio:AQ]      AudioQueueObject.cpp:7205  ConvertInput: bufid 1007 0x0/0x800 bytes, 0/512 packets, mNumPacketDescriptions=0
2026-05-09 22:13:08.542 Db corespeechd[598:681ad] [com.apple.coreaudio:AQ]      AudioQueueObject.cpp:5719  EnqueueBuffer: aq@0x710c4e800: bufid 1006, cmd 0x7104f8e78, data 0x1083990b0: 0 bytes, 0 frames (trim 0/0), 0 packets, invalid ht, invalid st, outActualStartTime 0x0
2026-05-09 22:13:08.542 Db corespeechd[598:681ae] [com.apple.coreaudio:AQ]      AudioQueueObject.cpp:7205  ConvertInput: bufid 1007 0x0/0x800 bytes, 0/512 packets, mNumPacketDescriptions=0
2026-05-09 22:13:08.552 Db corespeechd[598:681ae] [com.apple.coreaudio:AQ]      AudioQueueObject.cpp:7205  ConvertInput: bufid 1007 0x0/0x800 bytes, 0/512 packets, mNumPacketDescriptions=0
2026-05-09 22:13:08.563 Db corespeechd[598:681ae] [com.apple.coreaudio:AQ]      AudioQueueObject.cpp:7205  ConvertInput: bufid 1007 0x0/0x800 bytes, 0/512 packets, mNumPacketDescriptions=0
2026-05-09 22:13:08.573 Db corespeechd[598:681ae] [com.apple.coreaudio:AQ]      AudioQueueObject.cpp:7205  ConvertInput: bufid 1007 0x0/0x800 bytes, 0/512 packets, mNumPacketDescriptions=0
2026-05-09 22:13:08.584 Db corespeechd[598:681ae] [com.apple.coreaudio:AQ]      AudioQueueObject.cpp:7205  ConvertInput: bufid 1007 0x0/0x800 bytes, 0/512 packets, mNumPacketDescriptions=0
2026-05-09 22:13:08.584 Db corespeechd[598:681ae] [com.apple.coreaudio:AQ]        AudioQueueObject.h:1269  AQFetch: Input ring buffer returning 0x400 frames, t: 0x81a380 - 0x81a780
2026-05-09 22:13:08.584 Db corespeechd[598:681ae] [com.apple.coreaudio:AQ]      AudioQueueObject.cpp:7354  EncoderInputProc: ->1024 fr, 4096 bytes @ t=8496000 fr
2026-05-09 22:13:08.584 Db corespeechd[598:681ae] [com.apple.coreaudio:AQ]      AudioQueueObject.cpp:7234  ConvertInput: <-0x200/0x200 packets, 0x800/0x800 bytes [buffer 1007]
2026-05-09 22:13:08.584 Db corespeechd[598:681ae] [com.apple.coreaudio:aqiotime]              AQIONode.cpp:122     ionode anchor 12350.169279, 8496944 st, 1.000000 rs
2026-05-09 22:13:08.584 Db corespeechd[598:681ae] [com.apple.coreaudio:AQ]      AudioQueueObject.cpp:7205  ConvertInput: bufid 1004 0x0/0x800 bytes, 0/512 packets, mNumPacketDescriptions=0
2026-05-09 22:13:08.584 Db corespeechd[598:681ae] [com.apple.coreaudio:AQ]      AudioQueueObject.cpp:7234  ConvertInput: <-0x200/0x200 packets, 0x800/0x800 bytes [buffer 1004]
2026-05-09 22:13:08.584 Db corespeechd[598:681ae] [com.apple.coreaudio:aqiotime]              AQIONode.cpp:122     ionode anchor 12350.169279, 8496944 st, 1.000000 rs
2026-05-09 22:13:08.584 Db corespeechd[598:66880] [com.apple.coreaudio:AQ]      AudioQueueObject.cpp:5719  EnqueueBuffer: aq@0x710c4e800: bufid 1007, cmd 0x7104f93b8, data 0x1083998f0: 0 bytes, 0 frames (trim 0/0), 0 packets, invalid ht, invalid st, outActualStartTime 0x0
2026-05-09 22:13:08.584 Db corespeechd[598:681ae] [com.apple.coreaudio:AQ]      AudioQueueObject.cpp:7205  ConvertInput: bufid 1005 0x0/0x800 bytes, 0/512 packets, mNumPacketDescriptions=0
2026-05-09 22:13:08.584 Db corespeechd[598:66880] [com.apple.coreaudio:AQ]      AudioQueueObject.cpp:5719  EnqueueBuffer: aq@0x710c4e800: bufid 1004, cmd 0x7104f8fc8, data 0x108398030: 0 bytes, 0 frames (trim 0/0), 0 packets, invalid ht, invalid st, outActualStartTime 0x0
2026-05-09 22:13:08.585 Db corespeechd[598:681ae] [com.apple.coreaudio:AQ]      AudioQueueObject.cpp:7205  ConvertInput: bufid 1005 0x0/0x800 bytes, 0/512 packets, mNumPacketDescriptions=0
2026-05-09 22:13:08.616 Db corespeechd[598:681ae] [com.apple.coreaudio:AQ]      AudioQueueObject.cpp:7205  ConvertInput: bufid 1005 0x0/0x800 bytes, 0/512 packets, mNumPacketDescriptions=0
2026-05-09 22:13:08.627 Db corespeechd[598:681ae] [com.apple.coreaudio:AQ]      AudioQueueObject.cpp:7205  ConvertInput: bufid 1005 0x0/0x800 bytes, 0/512 packets, mNumPacketDescriptions=0
2026-05-09 22:13:08.637 Db corespeechd[598:681ae] [com.apple.coreaudio:AQ]      AudioQueueObject.cpp:7205  ConvertInput: bufid 1005 0x0/0x800 bytes, 0/512 packets, mNumPacketDescriptions=0
2026-05-09 22:13:08.648 Db corespeechd[598:681ae] [com.apple.coreaudio:AQ]      AudioQueueObject.cpp:7205  ConvertInput: bufid 1005 0x0/0x800 bytes, 0/512 packets, mNumPacketDescriptions=0
2026-05-09 22:13:08.648 Db corespeechd[598:681ae] [com.apple.coreaudio:AQ]        AudioQueueObject.h:1269  AQFetch: Input ring buffer returning 0x400 frames, t: 0x81a780 - 0x81ab80
2026-05-09 22:13:08.648 Db corespeechd[598:681ae] [com.apple.coreaudio:AQ]      AudioQueueObject.cpp:7354  EncoderInputProc: ->1024 fr, 4096 bytes @ t=8497024 fr
2026-05-09 22:13:08.648 Db corespeechd[598:681ae] [com.apple.coreaudio:AQ]      AudioQueueObject.cpp:7234  ConvertInput: <-0x200/0x200 packets, 0x800/0x800 bytes [buffer 1005]
2026-05-09 22:13:08.648 Db corespeechd[598:681ae] [com.apple.coreaudio:aqiotime]              AQIONode.cpp:122     ionode anchor 12350.233279, 8497968 st, 1.000000 rs
2026-05-09 22:13:08.648 Db corespeechd[598:681ae] [com.apple.coreaudio:AQ]      AudioQueueObject.cpp:7205  ConvertInput: bufid 1006 0x0/0x800 bytes, 0/512 packets, mNumPacketDescriptions=0
2026-05-09 22:13:08.648 Db corespeechd[598:681ae] [com.apple.coreaudio:AQ]      AudioQueueObject.cpp:7234  ConvertInput: <-0x200/0x200 packets, 0x800/0x800 bytes [buffer 1006]
2026-05-09 22:13:08.648 Db corespeechd[598:681ae] [com.apple.coreaudio:aqiotime]              AQIONode.cpp:122     ionode anchor 12350.233279, 8497968 st, 1.000000 rs
2026-05-09 22:13:08.648 Db corespeechd[598:681ad] [com.apple.coreaudio:AQ]      AudioQueueObject.cpp:5719  EnqueueBuffer: aq@0x710c4e800: bufid 1005, cmd 0x7104f8f58, data 0x108398870: 0 bytes, 0 frames (trim 0/0), 0 packets, invalid ht, invalid st, outActualStartTime 0x0
2026-05-09 22:13:08.648 Db corespeechd[598:681ae] [com.apple.coreaudio:AQ]      AudioQueueObject.cpp:7205  ConvertInput: bufid 1007 0x0/0x800 bytes, 0/512 packets, mNumPacketDescriptions=0
2026-05-09 22:13:08.649 Db corespeechd[598:681ad] [com.apple.coreaudio:AQ]      AudioQueueObject.cpp:5719  EnqueueBuffer: aq@0x710c4e800: bufid 1006, cmd 0x7104f8e78, data 0x1083990b0: 0 bytes, 0 frames (trim 0/0), 0 packets, invalid ht, invalid st, outActualStartTime 0x0
2026-05-09 22:13:08.649 Db corespeechd[598:681ae] [com.apple.coreaudio:AQ]      AudioQueueObject.cpp:7205  ConvertInput: bufid 1007 0x0/0x800 bytes, 0/512 packets, mNumPacketDescriptions=0
2026-05-09 22:13:08.680 Db corespeechd[598:681ae] [com.apple.coreaudio:AQ]      AudioQueueObject.cpp:7205  ConvertInput: bufid 1007 0x0/0x800 bytes, 0/512 packets, mNumPacketDescriptions=0
2026-05-09 22:13:08.691 Db corespeechd[598:681ae] [com.apple.coreaudio:AQ]      AudioQueueObject.cpp:7205  ConvertInput: bufid 1007 0x0/0x800 bytes, 0/512 packets, mNumPacketDescriptions=0
2026-05-09 22:13:08.701 Db corespeechd[598:681ae] [com.apple.coreaudio:AQ]      AudioQueueObject.cpp:7205  ConvertInput: bufid 1007 0x0/0x800 bytes, 0/512 packets, mNumPacketDescriptions=0
2026-05-09 22:13:08.712 Db corespeechd[598:681ae] [com.apple.coreaudio:AQ]      AudioQueueObject.cpp:7205  ConvertInput: bufid 1007 0x0/0x800 bytes, 0/512 packets, mNumPacketDescriptions=0
2026-05-09 22:13:08.712 Db corespeechd[598:681ae] [com.apple.coreaudio:AQ]        AudioQueueObject.h:1269  AQFetch: Input ring buffer returning 0x400 frames, t: 0x81ab80 - 0x81af80
2026-05-09 22:13:08.712 Db corespeechd[598:681ae] [com.apple.coreaudio:AQ]      AudioQueueObject.cpp:7354  EncoderInputProc: ->1024 fr, 4096 bytes @ t=8498048 fr
2026-05-09 22:13:08.712 Db corespeechd[598:681ae] [com.apple.coreaudio:AQ]      AudioQueueObject.cpp:7234  ConvertInput: <-0x200/0x200 packets, 0x800/0x800 bytes [buffer 1007]
2026-05-09 22:13:08.712 Db corespeechd[598:681ae] [com.apple.coreaudio:aqiotime]              AQIONode.cpp:122     ionode anchor 12350.297279, 8498992 st, 1.000000 rs
2026-05-09 22:13:08.712 Db corespeechd[598:681ae] [com.apple.coreaudio:AQ]      AudioQueueObject.cpp:7205  ConvertInput: bufid 1004 0x0/0x800 bytes, 0/512 packets, mNumPacketDescriptions=0
2026-05-09 22:13:08.712 Db corespeechd[598:681ae] [com.apple.coreaudio:AQ]      AudioQueueObject.cpp:7234  ConvertInput: <-0x200/0x200 packets, 0x800/0x800 bytes [buffer 1004]
2026-05-09 22:13:08.712 Db corespeechd[598:681ae] [com.apple.coreaudio:aqiotime]              AQIONode.cpp:122     ionode anchor 12350.297279, 8498992 st, 1.000000 rs
2026-05-09 22:13:08.713 Db corespeechd[598:66880] [com.apple.coreaudio:AQ]      AudioQueueObject.cpp:5719  EnqueueBuffer: aq@0x710c4e800: bufid 1007, cmd 0x7104f93b8, data 0x1083998f0: 0 bytes, 0 frames (trim 0/0), 0 packets, invalid ht, invalid st, outActualStartTime 0x0
2026-05-09 22:13:08.713 Db corespeechd[598:681ae] [com.apple.coreaudio:AQ]      AudioQueueObject.cpp:7205  ConvertInput: bufid 1005 0x0/0x800 bytes, 0/512 packets, mNumPacketDescriptions=0
2026-05-09 22:13:08.713 Db corespeechd[598:66880] [com.apple.coreaudio:AQ]      AudioQueueObject.cpp:5719  EnqueueBuffer: aq@0x710c4e800: bufid 1004, cmd 0x7104f8fc8, data 0x108398030: 0 bytes, 0 frames (trim 0/0), 0 packets, invalid ht, invalid st, outActualStartTime 0x0
2026-05-09 22:13:08.713 Db corespeechd[598:681ae] [com.apple.coreaudio:AQ]      AudioQueueObject.cpp:7205  ConvertInput: bufid 1005 0x0/0x800 bytes, 0/512 packets, mNumPacketDescriptions=0
2026-05-09 22:13:08.744 Db corespeechd[598:681ae] [com.apple.coreaudio:AQ]      AudioQueueObject.cpp:7205  ConvertInput: bufid 1005 0x0/0x800 bytes, 0/512 packets, mNumPacketDescriptions=0
2026-05-09 22:13:08.755 Db corespeechd[598:681ae] [com.apple.coreaudio:AQ]      AudioQueueObject.cpp:7205  ConvertInput: bufid 1005 0x0/0x800 bytes, 0/512 packets, mNumPacketDescriptions=0
2026-05-09 22:13:08.765 Db corespeechd[598:681ae] [com.apple.coreaudio:AQ]      AudioQueueObject.cpp:7205  ConvertInput: bufid 1005 0x0/0x800 bytes, 0/512 packets, mNumPacketDescriptions=0
2026-05-09 22:13:08.776 Db corespeechd[598:681ae] [com.apple.coreaudio:AQ]      AudioQueueObject.cpp:7205  ConvertInput: bufid 1005 0x0/0x800 bytes, 0/512 packets, mNumPacketDescriptions=0
2026-05-09 22:13:08.776 Db corespeechd[598:681ae] [com.apple.coreaudio:AQ]        AudioQueueObject.h:1269  AQFetch: Input ring buffer returning 0x400 frames, t: 0x81af80 - 0x81b380
2026-05-09 22:13:08.776 Db corespeechd[598:681ae] [com.apple.coreaudio:AQ]      AudioQueueObject.cpp:7354  EncoderInputProc: ->1024 fr, 4096 bytes @ t=8499072 fr
2026-05-09 22:13:08.776 Db corespeechd[598:681ae] [com.apple.coreaudio:AQ]      AudioQueueObject.cpp:7234  ConvertInput: <-0x200/0x200 packets, 0x800/0x800 bytes [buffer 1005]
2026-05-09 22:13:08.776 Db corespeechd[598:681ae] [com.apple.coreaudio:aqiotime]              AQIONode.cpp:122     ionode anchor 12350.361279, 8500016 st, 1.000000 rs
2026-05-09 22:13:08.776 Db corespeechd[598:681ae] [com.apple.coreaudio:AQ]      AudioQueueObject.cpp:7205  ConvertInput: bufid 1006 0x0/0x800 bytes, 0/512 packets, mNumPacketDescriptions=0
2026-05-09 22:13:08.776 Db corespeechd[598:681ae] [com.apple.coreaudio:AQ]      AudioQueueObject.cpp:7234  ConvertInput: <-0x200/0x200 packets, 0x800/0x800 bytes [buffer 1006]
2026-05-09 22:13:08.776 Db corespeechd[598:681ae] [com.apple.coreaudio:aqiotime]              AQIONode.cpp:122     ionode anchor 12350.361279, 8500016 st, 1.000000 rs
2026-05-09 22:13:08.776 Db corespeechd[598:681ae] [com.apple.coreaudio:AQ]      AudioQueueObject.cpp:7205  ConvertInput: bufid 1007 0x0/0x800 bytes, 0/512 packets, mNumPacketDescriptions=0
2026-05-09 22:13:08.776 Db corespeechd[598:68195] [com.apple.coreaudio:AQ]      AudioQueueObject.cpp:5719  EnqueueBuffer: aq@0x710c4e800: bufid 1005, cmd 0x7104f8f58, data 0x108398870: 0 bytes, 0 frames (trim 0/0), 0 packets, invalid ht, invalid st, outActualStartTime 0x0
2026-05-09 22:13:08.776 Db corespeechd[598:681ae] [com.apple.coreaudio:AQ]      AudioQueueObject.cpp:7205  ConvertInput: bufid 1007 0x0/0x800 bytes, 0/512 packets, mNumPacketDescriptions=0
2026-05-09 22:13:08.776 Db corespeechd[598:68195] [com.apple.coreaudio:AQ]      AudioQueueObject.cpp:5719  EnqueueBuffer: aq@0x710c4e800: bufid 1006, cmd 0x7104f8e78, data 0x1083990b0: 0 bytes, 0 frames (trim 0/0), 0 packets, invalid ht, invalid st, outActualStartTime 0x0
2026-05-09 22:13:08.777 Db corespeechd[598:681ae] [com.apple.coreaudio:AQ]      AudioQueueObject.cpp:7205  ConvertInput: bufid 1007 0x0/0x800 bytes, 0/512 packets, mNumPacketDescriptions=0
2026-05-09 22:13:08.808 Db corespeechd[598:681ae] [com.apple.coreaudio:AQ]      AudioQueueObject.cpp:7205  ConvertInput: bufid 1007 0x0/0x800 bytes, 0/512 packets, mNumPacketDescriptions=0
2026-05-09 22:13:08.819 Db corespeechd[598:681ae] [com.apple.coreaudio:AQ]      AudioQueueObject.cpp:7205  ConvertInput: bufid 1007 0x0/0x800 bytes, 0/512 packets, mNumPacketDescriptions=0
2026-05-09 22:13:08.829 Db corespeechd[598:681ae] [com.apple.coreaudio:AQ]      AudioQueueObject.cpp:7205  ConvertInput: bufid 1007 0x0/0x800 bytes, 0/512 packets, mNumPacketDescriptions=0
2026-05-09 22:13:08.840 Db corespeechd[598:681ae] [com.apple.coreaudio:AQ]      AudioQueueObject.cpp:7205  ConvertInput: bufid 1007 0x0/0x800 bytes, 0/512 packets, mNumPacketDescriptions=0
2026-05-09 22:13:08.840 Db corespeechd[598:681ae] [com.apple.coreaudio:AQ]        AudioQueueObject.h:1269  AQFetch: Input ring buffer returning 0x400 frames, t: 0x81b380 - 0x81b780
2026-05-09 22:13:08.840 Db corespeechd[598:681ae] [com.apple.coreaudio:AQ]      AudioQueueObject.cpp:7354  EncoderInputProc: ->1024 fr, 4096 bytes @ t=8500096 fr
2026-05-09 22:13:08.840 Db corespeechd[598:681ae] [com.apple.coreaudio:AQ]      AudioQueueObject.cpp:7234  ConvertInput: <-0x200/0x200 packets, 0x800/0x800 bytes [buffer 1007]
2026-05-09 22:13:08.840 Db corespeechd[598:681ae] [com.apple.coreaudio:aqiotime]              AQIONode.cpp:122     ionode anchor 12350.425279, 8501040 st, 1.000000 rs
2026-05-09 22:13:08.840 Db corespeechd[598:681ae] [com.apple.coreaudio:AQ]      AudioQueueObject.cpp:7205  ConvertInput: bufid 1004 0x0/0x800 bytes, 0/512 packets, mNumPacketDescriptions=0
2026-05-09 22:13:08.840 Db corespeechd[598:681ae] [com.apple.coreaudio:AQ]      AudioQueueObject.cpp:7234  ConvertInput: <-0x200/0x200 packets, 0x800/0x800 bytes [buffer 1004]
2026-05-09 22:13:08.840 Db corespeechd[598:681ae] [com.apple.coreaudio:aqiotime]              AQIONode.cpp:122     ionode anchor 12350.425279, 8501040 st, 1.000000 rs
2026-05-09 22:13:08.840 Db corespeechd[598:66880] [com.apple.coreaudio:AQ]      AudioQueueObject.cpp:5719  EnqueueBuffer: aq@0x710c4e800: bufid 1007, cmd 0x7104f93b8, data 0x1083998f0: 0 bytes, 0 frames (trim 0/0), 0 packets, invalid ht, invalid st, outActualStartTime 0x0
2026-05-09 22:13:08.840 Db corespeechd[598:681ae] [com.apple.coreaudio:AQ]      AudioQueueObject.cpp:7205  ConvertInput: bufid 1005 0x0/0x800 bytes, 0/512 packets, mNumPacketDescriptions=0
2026-05-09 22:13:08.841 Db corespeechd[598:66880] [com.apple.coreaudio:AQ]      AudioQueueObject.cpp:5719  EnqueueBuffer: aq@0x710c4e800: bufid 1004, cmd 0x7104f8fc8, data 0x108398030: 0 bytes, 0 frames (trim 0/0), 0 packets, invalid ht, invalid st, outActualStartTime 0x0
2026-05-09 22:13:08.841 Db corespeechd[598:681ae] [com.apple.coreaudio:AQ]      AudioQueueObject.cpp:7205  ConvertInput: bufid 1005 0x0/0x800 bytes, 0/512 packets, mNumPacketDescriptions=0
2026-05-09 22:13:08.861 Db coreaudiod[93820:62344] [com.apple.audioanalytics:carc] Sending message. { reporterID=424832395116548, category=Generic, type=issueDetector }
2026-05-09 22:13:08.862 Db coreaudiod[93820:62344] [com.apple.audioanalytics:carc] ReporterID not created by client. Returning early. { function=<private>, reporterID=424832395116548 }
2026-05-09 22:13:08.863 Df coreaudiod[93820:62344] [com.apple.coreaudio:aid] IssueReporting.cpp:491   RTAID [ use_case=Generic report_type=RMS Generic Chain clientID=HAL node=-Output issue_detected_sample_time=489644.000000 ] -- [ rms:[-21.827000], peaks:[-1.286457] ]
2026-05-09 22:13:08.864 Db audioanalyticsd[61133:6763b] [com.apple.audioanalytics:cars] sendMessage() called. { reporterID=<private>, category=Generic, type=IssueDetector }
2026-05-09 22:13:08.864 Db audioanalyticsd[61133:6763b] [com.apple.audioanalytics:cars] sendMessage { reporterID=424832395116548 }
2026-05-09 22:13:08.865 Db audioanalyticsd[61133:6763b] [com.apple.audioanalytics:cars] Session not found. { reporterID=424832395116548, action=<private> }
2026-05-09 22:13:08.865 Db audioanalyticsd[61133:6763b] [com.apple.audioanalytics:cars] Session not found. { reporterID=424832395116548, action=<private> }
2026-05-09 22:13:08.865 Db audioanalyticsd[61133:6763b] [com.apple.audioanalytics:cars] Session not found. { reporterID=424832395116548, action=<private> }
2026-05-09 22:13:08.865 Db audioanalyticsd[61133:6763b] [com.apple.audioanalytics:cars] Found session on another instance. { reporterID=424832395116548, action=<private> }
2026-05-09 22:13:08.865 Db audioanalyticsd[61133:6763b] [com.apple.audioanalytics:carr] Processing message. { reporterID=424832395116548, singleServerSession=false }
2026-05-09 22:13:08.867 Db audioanalyticsd[61133:6763b] [com.apple.audioanalytics:apwl] Skipping sending RMS information, session does not have enough messages. (10 < 1800 { reporterID=424832395116548 }
2026-05-09 22:13:08.872 Db corespeechd[598:681ae] [com.apple.coreaudio:AQ]      AudioQueueObject.cpp:7205  ConvertInput: bufid 1005 0x0/0x800 bytes, 0/512 packets, mNumPacketDescriptions=0
2026-05-09 22:13:08.883 Db corespeechd[598:681ae] [com.apple.coreaudio:AQ]      AudioQueueObject.cpp:7205  ConvertInput: bufid 1005 0x0/0x800 bytes, 0/512 packets, mNumPacketDescriptions=0
2026-05-09 22:13:08.893 Db corespeechd[598:681ae] [com.apple.coreaudio:AQ]      AudioQueueObject.cpp:7205  ConvertInput: bufid 1005 0x0/0x800 bytes, 0/512 packets, mNumPacketDescriptions=0
2026-05-09 22:13:08.904 Db corespeechd[598:681ae] [com.apple.coreaudio:AQ]      AudioQueueObject.cpp:7205  ConvertInput: bufid 1005 0x0/0x800 bytes, 0/512 packets, mNumPacketDescriptions=0
2026-05-09 22:13:08.904 Db corespeechd[598:681ae] [com.apple.coreaudio:AQ]        AudioQueueObject.h:1269  AQFetch: Input ring buffer returning 0x400 frames, t: 0x81b780 - 0x81bb80
2026-05-09 22:13:08.904 Db corespeechd[598:681ae] [com.apple.coreaudio:AQ]      AudioQueueObject.cpp:7354  EncoderInputProc: ->1024 fr, 4096 bytes @ t=8501120 fr
2026-05-09 22:13:08.904 Db corespeechd[598:681ae] [com.apple.coreaudio:AQ]      AudioQueueObject.cpp:7234  ConvertInput: <-0x200/0x200 packets, 0x800/0x800 bytes [buffer 1005]
2026-05-09 22:13:08.904 Db corespeechd[598:681ae] [com.apple.coreaudio:aqiotime]              AQIONode.cpp:122     ionode anchor 12350.489279, 8502064 st, 1.000000 rs
2026-05-09 22:13:08.904 Db corespeechd[598:681ae] [com.apple.coreaudio:AQ]      AudioQueueObject.cpp:7205  ConvertInput: bufid 1006 0x0/0x800 bytes, 0/512 packets, mNumPacketDescriptions=0
2026-05-09 22:13:08.904 Db corespeechd[598:681ae] [com.apple.coreaudio:AQ]      AudioQueueObject.cpp:7234  ConvertInput: <-0x200/0x200 packets, 0x800/0x800 bytes [buffer 1006]
2026-05-09 22:13:08.904 Db corespeechd[598:681ae] [com.apple.coreaudio:aqiotime]              AQIONode.cpp:122     ionode anchor 12350.489279, 8502064 st, 1.000000 rs
2026-05-09 22:13:08.904 Db corespeechd[598:681ad] [com.apple.coreaudio:AQ]      AudioQueueObject.cpp:5719  EnqueueBuffer: aq@0x710c4e800: bufid 1005, cmd 0x7104f8f58, data 0x108398870: 0 bytes, 0 frames (trim 0/0), 0 packets, invalid ht, invalid st, outActualStartTime 0x0
2026-05-09 22:13:08.905 Db corespeechd[598:681ae] [com.apple.coreaudio:AQ]      AudioQueueObject.cpp:7205  ConvertInput: bufid 1007 0x0/0x800 bytes, 0/512 packets, mNumPacketDescriptions=0
2026-05-09 22:13:08.905 Db corespeechd[598:681ad] [com.apple.coreaudio:AQ]      AudioQueueObject.cpp:5719  EnqueueBuffer: aq@0x710c4e800: bufid 1006, cmd 0x7104f8e78, data 0x1083990b0: 0 bytes, 0 frames (trim 0/0), 0 packets, invalid ht, invalid st, outActualStartTime 0x0
2026-05-09 22:13:08.905 Db corespeechd[598:681ae] [com.apple.coreaudio:AQ]      AudioQueueObject.cpp:7205  ConvertInput: bufid 1007 0x0/0x800 bytes, 0/512 packets, mNumPacketDescriptions=0
2026-05-09 22:13:08.936 Db corespeechd[598:681ae] [com.apple.coreaudio:AQ]      AudioQueueObject.cpp:7205  ConvertInput: bufid 1007 0x0/0x800 bytes, 0/512 packets, mNumPacketDescriptions=0
2026-05-09 22:13:08.947 Db corespeechd[598:681ae] [com.apple.coreaudio:AQ]      AudioQueueObject.cpp:7205  ConvertInput: bufid 1007 0x0/0x800 bytes, 0/512 packets, mNumPacketDescriptions=0
2026-05-09 22:13:08.957 Db corespeechd[598:681ae] [com.apple.coreaudio:AQ]      AudioQueueObject.cpp:7205  ConvertInput: bufid 1007 0x0/0x800 bytes, 0/512 packets, mNumPacketDescriptions=0
2026-05-09 22:13:08.968 Db corespeechd[598:681ae] [com.apple.coreaudio:AQ]      AudioQueueObject.cpp:7205  ConvertInput: bufid 1007 0x0/0x800 bytes, 0/512 packets, mNumPacketDescriptions=0
2026-05-09 22:13:08.968 Db corespeechd[598:681ae] [com.apple.coreaudio:AQ]        AudioQueueObject.h:1269  AQFetch: Input ring buffer returning 0x400 frames, t: 0x81bb80 - 0x81bf80
2026-05-09 22:13:08.968 Db corespeechd[598:681ae] [com.apple.coreaudio:AQ]      AudioQueueObject.cpp:7354  EncoderInputProc: ->1024 fr, 4096 bytes @ t=8502144 fr
2026-05-09 22:13:08.968 Db corespeechd[598:681ae] [com.apple.coreaudio:AQ]      AudioQueueObject.cpp:7234  ConvertInput: <-0x200/0x200 packets, 0x800/0x800 bytes [buffer 1007]
2026-05-09 22:13:08.968 Db corespeechd[598:681ae] [com.apple.coreaudio:aqiotime]              AQIONode.cpp:122     ionode anchor 12350.553279, 8503088 st, 1.000000 rs
2026-05-09 22:13:08.968 Db corespeechd[598:681ae] [com.apple.coreaudio:AQ]      AudioQueueObject.cpp:7205  ConvertInput: bufid 1004 0x0/0x800 bytes, 0/512 packets, mNumPacketDescriptions=0
2026-05-09 22:13:08.968 Db corespeechd[598:681ae] [com.apple.coreaudio:AQ]      AudioQueueObject.cpp:7234  ConvertInput: <-0x200/0x200 packets, 0x800/0x800 bytes [buffer 1004]
2026-05-09 22:13:08.968 Db corespeechd[598:681ae] [com.apple.coreaudio:aqiotime]              AQIONode.cpp:122     ionode anchor 12350.553279, 8503088 st, 1.000000 rs
2026-05-09 22:13:08.968 Db corespeechd[598:681ad] [com.apple.coreaudio:AQ]      AudioQueueObject.cpp:5719  EnqueueBuffer: aq@0x710c4e800: bufid 1007, cmd 0x7104f93b8, data 0x1083998f0: 0 bytes, 0 frames (trim 0/0), 0 packets, invalid ht, invalid st, outActualStartTime 0x0
2026-05-09 22:13:08.968 Db corespeechd[598:681ae] [com.apple.coreaudio:AQ]      AudioQueueObject.cpp:7205  ConvertInput: bufid 1005 0x0/0x800 bytes, 0/512 packets, mNumPacketDescriptions=0
2026-05-09 22:13:08.969 Db corespeechd[598:681ad] [com.apple.coreaudio:AQ]      AudioQueueObject.cpp:5719  EnqueueBuffer: aq@0x710c4e800: bufid 1004, cmd 0x7104f8fc8, data 0x108398030: 0 bytes, 0 frames (trim 0/0), 0 packets, invalid ht, invalid st, outActualStartTime 0x0
2026-05-09 22:13:08.969 Db corespeechd[598:681ae] [com.apple.coreaudio:AQ]      AudioQueueObject.cpp:7205  ConvertInput: bufid 1005 0x0/0x800 bytes, 0/512 packets, mNumPacketDescriptions=0
2026-05-09 22:13:09.000 Db corespeechd[598:681ae] [com.apple.coreaudio:AQ]      AudioQueueObject.cpp:7205  ConvertInput: bufid 1005 0x0/0x800 bytes, 0/512 packets, mNumPacketDescriptions=0
2026-05-09 22:13:09.011 Db corespeechd[598:681ae] [com.apple.coreaudio:AQ]      AudioQueueObject.cpp:7205  ConvertInput: bufid 1005 0x0/0x800 bytes, 0/512 packets, mNumPacketDescriptions=0
2026-05-09 22:13:09.021 Db corespeechd[598:681ae] [com.apple.coreaudio:AQ]      AudioQueueObject.cpp:7205  ConvertInput: bufid 1005 0x0/0x800 bytes, 0/512 packets, mNumPacketDescriptions=0
2026-05-09 22:13:09.032 Db corespeechd[598:681ae] [com.apple.coreaudio:AQ]      AudioQueueObject.cpp:7205  ConvertInput: bufid 1005 0x0/0x800 bytes, 0/512 packets, mNumPacketDescriptions=0
2026-05-09 22:13:09.032 Db corespeechd[598:681ae] [com.apple.coreaudio:AQ]        AudioQueueObject.h:1269  AQFetch: Input ring buffer returning 0x400 frames, t: 0x81bf80 - 0x81c380
2026-05-09 22:13:09.032 Db corespeechd[598:681ae] [com.apple.coreaudio:AQ]      AudioQueueObject.cpp:7354  EncoderInputProc: ->1024 fr, 4096 bytes @ t=8503168 fr
2026-05-09 22:13:09.032 Db corespeechd[598:681ae] [com.apple.coreaudio:AQ]      AudioQueueObject.cpp:7234  ConvertInput: <-0x200/0x200 packets, 0x800/0x800 bytes [buffer 1005]
2026-05-09 22:13:09.032 Db corespeechd[598:681ae] [com.apple.coreaudio:aqiotime]              AQIONode.cpp:122     ionode anchor 12350.617279, 8504112 st, 1.000000 rs
2026-05-09 22:13:09.032 Db corespeechd[598:681ae] [com.apple.coreaudio:AQ]      AudioQueueObject.cpp:7205  ConvertInput: bufid 1006 0x0/0x800 bytes, 0/512 packets, mNumPacketDescriptions=0
2026-05-09 22:13:09.032 Db corespeechd[598:681ae] [com.apple.coreaudio:AQ]      AudioQueueObject.cpp:7234  ConvertInput: <-0x200/0x200 packets, 0x800/0x800 bytes [buffer 1006]
2026-05-09 22:13:09.032 Db corespeechd[598:681ae] [com.apple.coreaudio:aqiotime]              AQIONode.cpp:122     ionode anchor 12350.617279, 8504112 st, 1.000000 rs
