2026-05-09 20:45:41.891 I  Spatial[57003:3a99e] [com.apple.coreaudio:ddagg]        AggregateDevice.mm:188   device 49 scope 'outp': streamChannelCounts 2, totalChannelCount 2, defaultPair (1, 2)
2026-05-09 20:45:41.891 Df coreaudiod[5493:3a9c5] (CoreAudio)    HALS_UCRemotePlugIn.mm:1344   HALS_UCRemotePlugIn::ObjectGetPropertyData: failed:  [<private>/<private>/0], Error: 2003332927 (<private>)
2026-05-09 20:45:41.892 Df coreaudiod[5493:3a9c5] (CoreAudio)    HALS_UCRemotePlugIn.mm:1344   HALS_UCRemotePlugIn::ObjectGetPropertyData: failed:  [<private>/<private>/0], Error: 2003332927 (<private>)
2026-05-09 20:45:41.894 Df Spatial[57003:3a99e] [com.apple.coreaudio:ddagg]        AggregateDevice.mm:644   Built valid aggregate 131
2026-05-09 20:45:41.894 Df Spatial[57003:3a99e] [com.apple.coreaudio:AUHAL]                 AUHAL.cpp:1826  SetStreamUsage: Output stream enables: Stream 0 is ENABLED
2026-05-09 20:45:41.895 Df coreaudiod[5493:3abcb] (CoreAudio)    HALS_UCRemotePlugIn.mm:1344   HALS_UCRemotePlugIn::ObjectGetPropertyData: failed:  [<private>/<private>/0], Error: 2003332927 (<private>)
2026-05-09 20:45:41.895 Df coreaudiod[5493:3a577] (CoreAudio)    HALS_UCRemotePlugIn.mm:1344   HALS_UCRemotePlugIn::ObjectGetPropertyData: failed:  [<private>/<private>/0], Error: 2003332927 (<private>)
2026-05-09 20:45:41.895 Df coreaudiod[5493:3a577] (CoreAudio)    HALS_UCRemotePlugIn.mm:1344   HALS_UCRemotePlugIn::ObjectGetPropertyData: failed:  [<private>/<private>/0], Error: 2003332927 (<private>)
2026-05-09 20:45:41.896 Df coreaudiod[5493:3abcb] (CoreAudio)    HALS_UCRemotePlugIn.mm:1344   HALS_UCRemotePlugIn::ObjectGetPropertyData: failed:  [<private>/<private>/0], Error: 2003332927 (<private>)
2026-05-09 20:45:41.896 Df coreaudiod[5493:3abcf] (CoreAudio)    HALS_UCRemotePlugIn.mm:1344   HALS_UCRemotePlugIn::ObjectGetPropertyData: failed:  [<private>/<private>/0], Error: 2003332927 (<private>)
2026-05-09 20:45:41.896 Df coreaudiod[5493:3a577] (CoreAudio)    HALS_UCRemotePlugIn.mm:1344   HALS_UCRemotePlugIn::ObjectGetPropertyData: failed:  [<private>/<private>/0], Error: 2003332927 (<private>)
2026-05-09 20:45:41.898 Db Spatial[57003:3a99e] [com.apple.coreaudio:AUHAL]                 AUHAL.cpp:483   Initialize: -> (0x15784a240)
2026-05-09 20:45:41.898 Df Spatial[57003:3a99e] [com.apple.coreaudio:AudioConverter]        ACv2Workarounds.mm:51    com.spatial.app: fix84702776_86723525_86479548_89800354_SinglePacketDesc: false
2026-05-09 20:45:41.898 Df Spatial[57003:3a99e] [com.apple.audio.caulk:alloc] Registered notify signal com.apple.caulk.alloc.audiodump (0)
2026-05-09 20:45:41.898 Df Spatial[57003:3a99e] [com.apple.coreaudio:AudioConverter]        AudioConverter.cpp:1007  Created a new in process converter -> 0x60000353cff0, from  2 ch,  44100 Hz, Float32, deinterleaved to  2 ch,  48000 Hz, Float32, interleaved
2026-05-09 20:45:41.898 Df Spatial[57003:3a99e] [com.apple.coreaudio:AUHAL]                 AUHAL.cpp:1826  SetStreamUsage: Output stream enables: Stream 0 is ENABLED
2026-05-09 20:45:41.899 Df Spatial[57003:3a99e] [com.apple.coreaudio:AudioConverter]        AudioConverter.cpp:1007  Created a new in process converter -> 0x600003527840, from  2 ch,  48000 Hz, Float32, interleaved to  2 ch,  44100 Hz, Float32, deinterleaved
2026-05-09 20:45:41.899 Df Spatial[57003:3a99e] [com.apple.coreaudio:AUHAL]                 AUHAL.cpp:1826  SetStreamUsage: Input stream enables: Stream 0 is DISABLED
2026-05-09 20:45:41.899 Db Spatial[57003:3a99e] [com.apple.coreaudio:AUHAL]                 AUHAL.cpp:491   Initialize: <- (0x15784a240) err 0
2026-05-09 20:45:41.900 Db Spatial[57003:3a99e] [com.apple.audioanalytics:carc] Game mode state retrieved. { value=0 }
2026-05-09 20:45:41.900 Db Spatial[57003:3a99e] [com.apple.audioanalytics:carc] Listening for GameMode notifications. { result=0, token=37 }
2026-05-09 20:45:41.900 Db Spatial[57003:3a99e] [com.apple.audioanalytics:carc] Created new reporting session. { reporterID=244826020773889 }
2026-05-09 20:45:41.900 Db Spatial[57003:3a99e] [com.apple.audioanalytics:carc] Set serviceType. { reporterID=244826020773889, serviceType=audioDeviceUsage }
2026-05-09 20:45:41.900 Db coreaudiod[5493:3a577] [com.apple.audioanalytics:carc] Get serviceType. { reporterID=2924872728582 }
2026-05-09 20:45:41.900 Db coreaudiod[5493:3a577] [com.apple.audioanalytics:carc] ReporterID not created by client. Returning early. { function=<private>, reporterID=2924872728582 }
2026-05-09 20:45:41.900 Db coreaudiod[5493:3a577] [com.apple.audioanalytics:carc] Get serviceType. { reporterID=244826020773889 }
2026-05-09 20:45:41.900 Db coreaudiod[5493:3a577] [com.apple.audioanalytics:carc] ReporterID not created by client. Returning early. { function=<private>, reporterID=244826020773889 }
2026-05-09 20:45:41.900 Db coreaudiod[5493:3a577] [com.apple.coreaudio:aid] [AudioIssueDetectorManager.cpp:289   rtaid::Manager:0x2042893b0] enabling global NonFinite analyzer for client HAL
2026-05-09 20:45:41.900 Db coreaudiod[5493:3a577] [com.apple.coreaudio:aid] [AudioIssueDetectorManager.cpp:289   rtaid::Manager:0x2042893b0] enabling global AnalyzerRealTimeError analyzer for client HAL
2026-05-09 20:45:41.900 Db coreaudiod[5493:3a577] [com.apple.coreaudio:aid] [AudioIssueDetectorManager.cpp:289   rtaid::Manager:0x2042893b0] enabling global RMS analyzer for client HAL
2026-05-09 20:45:41.901 Db Spatial[57003:3a99e] [com.apple.audioanalytics:carc] Set configuration. { reporterID=244826020773889, configuration=["APIUsage": Optional(16), "APIUsageVersion": Optional(1), "ClientID": Optional(avae), "HostApplicationDisplayID": Optional(com.spatial.app)] }
2026-05-09 20:45:41.901 Db Spatial[57003:3a99e] [com.apple.audioanalytics:carc] Starting reporter. { reporterID=244826020773889 }
2026-05-09 20:45:41.902 Df coreaudiod[5493:3a577] (CoreAudio)    HALS_UCRemotePlugIn.mm:1344   HALS_UCRemotePlugIn::ObjectGetPropertyData: failed:  [<private>/<private>/0], Error: 2003332927 (<private>)
2026-05-09 20:45:41.902 Df coreaudiod[5493:3abce] (CoreAudio)    HALS_UCRemotePlugIn.mm:1344   HALS_UCRemotePlugIn::ObjectGetPropertyData: failed:  [<private>/<private>/0], Error: 2003332927 (<private>)
2026-05-09 20:45:41.902 Db audioanalyticsd[508:3a58a] [com.apple.audioanalytics:cars] ClientServerInstance created. { processName=<private>, pid=57003
2026-05-09 20:45:41.902 Db audioanalyticsd[508:3a58a] [com.apple.audioanalytics:cars] New connection. { pid=<private>, clientProcessName=<private> }
2026-05-09 20:45:41.902 Df coreaudiod[5493:3abcf] (CoreAudio)    HALS_UCRemotePlugIn.mm:1344   HALS_UCRemotePlugIn::ObjectGetPropertyData: failed:  [<private>/<private>/0], Error: 2003332927 (<private>)
2026-05-09 20:45:41.902 Df coreaudiod[5493:3abce] (CoreAudio)    HALS_UCRemotePlugIn.mm:1344   HALS_UCRemotePlugIn::ObjectGetPropertyData: failed:  [<private>/<private>/0], Error: 2003332927 (<private>)
2026-05-09 20:45:41.903 Db audioanalyticsd[508:3a8b3] [com.apple.audioanalytics:cars] createSession() called. { reporterID=244826020773889 }
2026-05-09 20:45:41.903 Df coreaudiod[5493:3a577] (CoreAudio)    HALS_UCRemotePlugIn.mm:1344   HALS_UCRemotePlugIn::ObjectGetPropertyData: failed:  [<private>/<private>/0], Error: 2003332927 (<private>)
2026-05-09 20:45:41.903 Db audioanalyticsd[508:3a8b3] [com.apple.audioanalytics:carr] Created reporting session. { reporterID=244826020773889 }
2026-05-09 20:45:41.903 Db audioanalyticsd[508:3a8b3] [com.apple.audioanalytics:cars] Created session. { reporterID=244826020773889, pid=57003, processName=<private> }
2026-05-09 20:45:41.903 Df coreaudiod[5493:3abcf] (CoreAudio)    HALS_UCRemotePlugIn.mm:1344   HALS_UCRemotePlugIn::ObjectGetPropertyData: failed:  [<private>/<private>/0], Error: 2003332927 (<private>)
2026-05-09 20:45:41.903 Db audioanalyticsd[508:3a8b3] [com.apple.audioanalytics:cars] Active reporting sessions. { clientProcessName=<private>, sessionCount=1, activeSessions=<private> }
2026-05-09 20:45:41.904 Db audioanalyticsd[508:3a8b3] [com.apple.audioanalytics:cars] setConfiguration() called. { reporterID=244826020773889 }
2026-05-09 20:45:41.904 Df Spatial[57003:3a99e] [com.apple.coreaudio:AUHAL]                 AUHAL.cpp:1826  SetStreamUsage: Output stream enables: Stream 0 is ENABLED
2026-05-09 20:45:41.904 Df Spatial[57003:3a99e] [com.apple.coreaudio:AUHAL]                 AUHAL.cpp:1826  SetStreamUsage: Output stream enables: Stream 0 is ENABLED
2026-05-09 20:45:41.904 Db audioanalyticsd[508:3a8b3] [com.apple.audioanalytics:cars] Setting configuration { configuration=<private>, reporterID=244826020773889 }
2026-05-09 20:45:41.904 Db Spatial[57003:3a99e] [com.apple.coreaudio:audiocomp] AudioComponentPluginMgr.mm:1213  findNext aumx/mcmx/appl -> 0x600000209420 aumx/mcmx/appl/0x2/0x0
2026-05-09 20:45:41.904 Db audioanalyticsd[508:3a8b3] [com.apple.audioanalytics:cars] setServiceType() called. { reporterID=244826020773889 }
2026-05-09 20:45:41.905 Db audioanalyticsd[508:3a8b3] [com.apple.audioanalytics:carr] serviceType set. { serviceType=<private>, reporterID=244826020773889 }
2026-05-09 20:45:41.905 Db audioanalyticsd[508:3a8b3] [com.apple.audioanalytics:cars] Received serviceType for reporterID. { serviceType=audioDeviceUsage, reporterID=244826020773889 }
2026-05-09 20:45:41.905 Df Spatial[57003:3a99e] [com.apple.coreaudio:AUHAL]                 AUHAL.cpp:1826  SetStreamUsage: Output stream enables: Stream 0 is ENABLED
2026-05-09 20:45:41.905 Db audioanalyticsd[508:3a8b3] [com.apple.audioanalytics:cars] startSession() called. { reporterID=244826020773889 }
2026-05-09 20:45:41.905 Db audioanalyticsd[508:3a8b3] [com.apple.audioanalytics:carr] startOnQueue() called. { reporterID=244826020773889 }
2026-05-09 20:45:41.905 Df Spatial[57003:3a99e] [com.apple.coreaudio:AUHAL]                 AUHAL.cpp:1826  SetStreamUsage: Output stream enables: Stream 0 is ENABLED
2026-05-09 20:45:41.906 Db audioanalyticsd[508:3a8b3] [com.apple.audioanalytics:carr] Started worker. { worker=<private>, reporterID=244826020773889 }
2026-05-09 20:45:41.907 Df audioanalyticsd[508:3a8b3] [com.apple.audioanalytics:cats] Synced TailspinStatus. { isEnabled=false, isReady=false }
2026-05-09 20:45:41.907 Db audioanalyticsd[508:3a8b3] [com.apple.audioanalytics:cats] Skipping TailspinWorker initialization: Tailspin not enabled. { isTailspinReady=false }
2026-05-09 20:45:41.907 Db audioanalyticsd[508:3a8b3] [com.apple.audioanalytics:carr] Unable to initialize worker. Disabled for session lifetime. { worker=<private>, reporterID=244826020773889 }
2026-05-09 20:45:41.908 Db audioanalyticsd[508:3a8b3] [com.apple.audioanalytics:carr] Unable to initialize worker. Disabled for session lifetime. { worker=<private>, reporterID=244826020773889 }
2026-05-09 20:45:41.908 Db audioanalyticsd[508:3a8b3] [com.apple.audioanalytics:carr] Started worker. { worker=<private>, reporterID=244826020773889 }
2026-05-09 20:45:41.908 Db audioanalyticsd[508:3a8b3] [com.apple.audioanalytics:carr] Started worker. { worker=<private>, reporterID=244826020773889 }
2026-05-09 20:45:41.909 Db audioanalyticsd[508:3a8b3] [com.apple.audioanalytics:carr] Adding decorator worker. { worker=<private>, reporterID=244826020773889 }
2026-05-09 20:45:41.909 Db audioanalyticsd[508:3a8b3] [com.apple.audioanalytics:carr] Started worker. { worker=summaryDecorator, reporterID=244826020773889 }
2026-05-09 20:45:41.909 Db audioanalyticsd[508:3a8b3] [com.apple.audioanalytics:carr] Started worker. { worker=<private>, reporterID=244826020773889 }
2026-05-09 20:45:41.909 Db audioanalyticsd[508:3a8b3] [com.apple.audioanalytics:carr] Started worker. { worker=<private>, reporterID=244826020773889 }
2026-05-09 20:45:41.909 Db audioanalyticsd[508:3a8b3] [com.apple.audioanalytics:carr] Started worker. { worker=<private>, reporterID=244826020773889 }
2026-05-09 20:45:41.909 Db audioanalyticsd[508:3a8b3] [com.apple.audioanalytics:carr] Started worker. { worker=<private>, reporterID=244826020773889 }
2026-05-09 20:45:41.909 Db audioanalyticsd[508:3a8b3] [com.apple.audioanalytics:carr] Started worker. { worker=inferenceSummary, reporterID=244826020773889 }
2026-05-09 20:45:41.909 Db audioanalyticsd[508:3a8b3] [com.apple.audioanalytics:carr] Processing message. { reporterID=244826020773889, singleServerSession=false }
2026-05-09 20:45:41.909 Db audioanalyticsd[508:3a8b3] [com.apple.audioanalytics:carr] HAL_IO__Start message received. { context=<private> }
2026-05-09 20:45:41.909 Db audioanalyticsd[508:3a8b3] [com.apple.audioanalytics:carr] Expected keys absent from HAL_IO__Start message. Exiting early.
2026-05-09 20:45:41.909 Db audioanalyticsd[508:3a8b3] [com.apple.audioanalytics:carr] Expected keys absent from HAL_IO__Start message. Exiting early.
2026-05-09 20:45:41.910 Db audioanalyticsd[508:3a8b3] [com.apple.audioanalytics:artc] RTC started { reporterID=244826020773889 }
2026-05-09 20:45:42.652 Db audioanalyticsd[508:3a8b3] [com.apple.audioanalytics:cars] osTransaction timeout. { seconds=<private> }
2026-05-09 20:45:43.289 Db coreaudiod[5493:3abce] [com.apple.coreaudio:AMCP] 189939   HALS_IOContext_Legacy_Impl.cpp:5974  HALS_IOContext_Legacy_Impl::Start_ActivateDSP [hal_dsp] >>>> (Context ID: 144) - HOSTED DSP IS NOT ENABLED <<<<
2026-05-09 20:45:43.290 Df coreaudiod[5493:3abff] (CoreAudio) HALS_IOContext_Legacy_Impl.cpp:1707   HALS_IOContext_Legacy_Impl::IOWorkLoopInit: 144 com.spatial.app.driver.speaker (com.spatial.app.driver.speaker): starting
2026-05-09 20:45:43.292 Df coreaudiod[5493:3abff] (CoreAudio)    HALS_UCRemotePlugIn.mm:1344   HALS_UCRemotePlugIn::ObjectGetPropertyData: failed:  [<private>/<private>/0], Error: 2003332927 (<private>)
2026-05-09 20:45:43.292 Df coreaudiod[5493:3abcf] (CoreAudio)   HALB_PowerAssertion.cpp:115    HALB_PowerAssertion::Take: taking power assertion ID 33957 of type 'PreventUserIdleSystemSleep' with name: 'com.apple.audio.com.spatial.app.driver.speaker.context.preventuseridlesleep' on behalf of 681
2026-05-09 20:45:43.293 Df coreaudiod[5493:3abff] (CoreAudio)        HALS_IOEngine2.cpp:2275   HALS_IOEngine2::StartIO: starting IO on device <private>
2026-05-09 20:45:43.294 Db coreaudiod[5493:3abff] [com.apple.defaults:User Defaults] found no value for key converterkTracesPermitted in CFPrefsSearchListSource<0x61211e800> (Domain: com.apple.coreaudio, Container: (null))
2026-05-09 20:45:43.294 Db coreaudiod[5493:3abff] [com.apple.defaults:User Defaults] found no value for key converterkTracesPermitted in CFPrefsSearchListSource<0x61211e800> (Domain: com.apple.coreaudio, Container: (null))
2026-05-09 20:45:43.294 Db coreaudiod[5493:3abff] [com.apple.defaults:User Defaults] found no value for key converterkTracesPermitted in CFPrefsSearchListSource<0x61211e800> (Domain: com.apple.coreaudio, Container: (null))
2026-05-09 20:45:43.294 Df coreaudiod[5493:3abff] [com.apple.coreaudio:AudioConverter]        AudioConverter.cpp:1007  Created a new in process converter -> 0x613cdaa30, from  2 ch,  48000 Hz, Float32, interleaved to  2 ch,  48000 Hz, Float32, interleaved
2026-05-09 20:45:43.305 Df Spotify[681:2debb] [com.apple.coreaudio:as_client]   AVAudioSession_MacOS.mm:2783  --> setPlayState Started  Output {com.spatial.app.driver.speaker, 0xe}
2026-05-09 20:45:43.294 Db coreaudiod[5493:3abff] [com.apple.defaults:User Defaults] found no value for key converterkTracesPermitted in CFPrefsSearchListSource<0x61211e800> (Domain: com.apple.coreaudio, Container: (null))
2026-05-09 20:45:43.305 I  Spotify[681:2debb] [com.apple.coreaudio:as_client]   AVAudioSession_MacOS.mm:2803  Devices are same: =0. Previous: {(
)}. Current: {(
    "com.spatial.app.driver.speaker"
)}
2026-05-09 20:45:43.294 Db coreaudiod[5493:3abff] [com.apple.defaults:User Defaults] found no value for key converterkTracesPermitted in CFPrefsSearchListSource<0x61211e800> (Domain: com.apple.coreaudio, Container: (null))
2026-05-09 20:45:43.295 Db coreaudiod[5493:3abff] [com.apple.defaults:User Defaults] found no value for key converterkTracesPermitted in CFPrefsSearchListSource<0x61211e800> (Domain: com.apple.coreaudio, Container: (null))
2026-05-09 20:45:43.299 Df coreaudiod[5493:3abff] [com.apple.coreaudio:AudioConverter]        AudioConverter.cpp:1007  Created a new in process converter -> 0x613cdb150, from  2 ch,  48000 Hz, Float32, interleaved to  2 ch,  48000 Hz, Float32, interleaved
2026-05-09 20:45:43.300 Db coreaudiod[5493:7be5] [com.apple.coreaudio:AMCP] 193315               HALS_IOEngine2.cpp:2585  >>> HALS_IOEngine2::_StartIO(40) called on Context 144  current state: Prewarm: 0 Play: 0 State: Stopped
2026-05-09 20:45:43.305 Df coreaudiod[5493:7be5] [com.apple.coreaudio:AMCP] 193315               HALS_IOEngine2.cpp:2617  		HALS_IOEngine2::_StartIO(40) succeeded on Context 144  new state: Prewarm: 0 Play: 1 State: Running
2026-05-09 20:45:43.305 Db coreaudiod[5493:7be5] [com.apple.coreaudio:AMCP] 193315   HALS_IOContext_Legacy_Impl.cpp:1964  Completed HALS_IOContext_Legacy_Impl::IOWorkLoopInit - 0
2026-05-09 20:45:43.307 Df audiomxd[2438:3a9e5] [com.apple.coreaudio:as_server] AVAudioSessionXPCServer.mm:2667  { "action":"update_running_state", "session":{"ID":"0x986001","name":"Spotify(681)"}, "details":{"deviceUIDs":[],"implicit_category":"MediaPlayback","input_running":false,"output_running":true} }
2026-05-09 20:45:43.308 I  audiomxd[2438:3a594] [com.apple.coreaudio:as_server] AudioSessionServerImpNotificationHandlers.mm:686   HandleMXNotification, session ID = 0x986001, name = CMSessionIsActiveDidChange, payload = {
    CMSessionIsActive = 1;
}
2026-05-09 20:45:43.308 Db coreaudiod[5493:3a9c5] [com.apple.audioanalytics:carc] Sending message. { reporterID=2924872728582, category=HAL_IO, type=start }
2026-05-09 20:45:43.308 Df Spotify[681:2debb] [com.apple.coreaudio:as_client]   AVAudioSession_MacOS.mm:1227  Sent updated IOState to server: [0, 1]. BT device UIDS: {(
)}
2026-05-09 20:45:43.308 Db coreaudiod[5493:3a9c5] [com.apple.audioanalytics:carc] ReporterID not created by client. Returning early. { function=<private>, reporterID=2924872728582 }
2026-05-09 20:45:43.308 Df Spotify[681:2debb] [com.apple.coreaudio:as_client]   AVAudioSession_MacOS.mm:2819  <-- setPlayState Server update was required.
2026-05-09 20:45:43.310 Db audioanalyticsd[508:3a58a] [com.apple.audioanalytics:cars] sendMessage() called. { reporterID=<private>, category=HAL_IO, type=Start }
2026-05-09 20:45:43.310 Db audioanalyticsd[508:3a58a] [com.apple.audioanalytics:cars] sendMessage { reporterID=2924872728582 }
2026-05-09 20:45:43.310 Db audioanalyticsd[508:3a58a] [com.apple.audioanalytics:cars] Session not found. { reporterID=2924872728582, action=<private> }
2026-05-09 20:45:43.310 Db audioanalyticsd[508:3a58a] [com.apple.audioanalytics:cars] Session not found. { reporterID=2924872728582, action=<private> }
2026-05-09 20:45:43.310 Db audioanalyticsd[508:3a58a] [com.apple.audioanalytics:cars] Session not found. { reporterID=2924872728582, action=<private> }
2026-05-09 20:45:43.311 Db audioanalyticsd[508:3a58a] [com.apple.audioanalytics:cars] Session not found. { reporterID=2924872728582, action=<private> }
2026-05-09 20:45:43.311 Db audioanalyticsd[508:3a58a] [com.apple.audioanalytics:cars] Found session on another instance. { reporterID=2924872728582, action=<private> }
2026-05-09 20:45:43.313 Db audioanalyticsd[508:3a58a] [com.apple.audioanalytics:carr] Processing message. { reporterID=2924872728582, singleServerSession=false }
2026-05-09 20:45:43.314 Db audioanalyticsd[508:3a58a] [com.apple.audioanalytics:carr] HAL_IO__Start message received. { context=<private> }
2026-05-09 20:45:43.314 Db audioanalyticsd[508:3a58a] [com.apple.audioanalytics:carr] Processing message. { reporterID=2924872728582, singleServerSession=false }
2026-05-09 20:45:43.315 Db audioanalyticsd[508:3a58a] [com.apple.audioanalytics:carr] Processing message. { reporterID=2924872728582, singleServerSession=false }
2026-05-09 20:45:43.320 Db Spotify[681:1683] [com.apple.coreaudio:AMCP]    259           HALRBSAssertionGlue.mm:102   Acquired the AudioHAL RBSAssertion for pid: 681
2026-05-09 20:45:45.226 Db coreaudiod[5493:7c13] [com.apple.audioanalytics:carc] Sending message. { reporterID=2924872728582, category=Generic, type=issueDetector }
2026-05-09 20:45:45.226 Db coreaudiod[5493:7c13] [com.apple.audioanalytics:carc] ReporterID not created by client. Returning early. { function=<private>, reporterID=2924872728582 }
2026-05-09 20:45:45.227 Db coreaudiod[5493:7c13] [com.apple.audioanalytics:carc] Sending message. { reporterID=244826020773889, category=Generic, type=issueDetector }
2026-05-09 20:45:45.227 Db coreaudiod[5493:7c13] [com.apple.audioanalytics:carc] ReporterID not created by client. Returning early. { function=<private>, reporterID=244826020773889 }
2026-05-09 20:45:45.227 Df coreaudiod[5493:7c13] [com.apple.coreaudio:aid] IssueReporting.cpp:491   RTAID [ use_case=Generic report_type=RMS Generic Chain clientID=HAL node=-Output issue_detected_sample_time=93192.000000 ] -- [ rms:[-13.777614], peaks:[0.453043] ]
2026-05-09 20:45:45.228 Db audioanalyticsd[508:3a8b3] [com.apple.audioanalytics:cars] sendMessage() called. { reporterID=<private>, category=Generic, type=IssueDetector }
2026-05-09 20:45:45.228 Db audioanalyticsd[508:3a8b3] [com.apple.audioanalytics:cars] sendMessage { reporterID=2924872728582 }
2026-05-09 20:45:45.228 Db audioanalyticsd[508:3a8b3] [com.apple.audioanalytics:cars] Session not found. { reporterID=2924872728582, action=<private> }
2026-05-09 20:45:45.228 Db audioanalyticsd[508:3a8b3] [com.apple.audioanalytics:cars] Session not found. { reporterID=2924872728582, action=<private> }
2026-05-09 20:45:45.228 Db audioanalyticsd[508:3a8b3] [com.apple.audioanalytics:cars] Session not found. { reporterID=2924872728582, action=<private> }
2026-05-09 20:45:45.228 Db audioanalyticsd[508:3a8b3] [com.apple.audioanalytics:cars] Session not found. { reporterID=2924872728582, action=<private> }
2026-05-09 20:45:45.228 Db audioanalyticsd[508:3a8b3] [com.apple.audioanalytics:cars] Found session on another instance. { reporterID=2924872728582, action=<private> }
2026-05-09 20:45:45.229 Db audioanalyticsd[508:3a8b3] [com.apple.audioanalytics:carr] Processing message. { reporterID=2924872728582, singleServerSession=false }
2026-05-09 20:45:45.231 Db audioanalyticsd[508:3a8b3] [com.apple.audioanalytics:apwl] Skipping sending RMS information, session does not have enough messages. (10 < 1800 { reporterID=2924872728582 }
2026-05-09 20:45:45.232 Db audioanalyticsd[508:3a8b3] [com.apple.audioanalytics:cars] sendMessage() called. { reporterID=<private>, category=Generic, type=IssueDetector }
2026-05-09 20:45:45.232 Db audioanalyticsd[508:3a8b3] [com.apple.audioanalytics:cars] sendMessage { reporterID=244826020773889 }
2026-05-09 20:45:45.232 Db audioanalyticsd[508:3a8b3] [com.apple.audioanalytics:cars] Found session on another instance. { reporterID=244826020773889, action=<private> }
2026-05-09 20:45:45.232 Db audioanalyticsd[508:3a8b3] [com.apple.audioanalytics:carr] Processing message. { reporterID=244826020773889, singleServerSession=false }
2026-05-09 20:45:45.234 Db audioanalyticsd[508:3a8b3] [com.apple.audioanalytics:apwl] Skipping sending RMS information, session does not have enough messages. (10 < 1800 { reporterID=244826020773889 }
2026-05-09 20:45:48.158 Df coreaudiod[5493:3a9c5] (CoreAudio) HALS_DefaultDeviceManager.cpp:1068   HALS_DefaultDeviceManager::SetDefaultDevice:           'dOut' |  542: '37330022-0000-0000-1C20-0103802F1E78'/''
2026-05-09 20:45:48.158 Df Music[688:3aade] [com.apple.coreaudio:AUHAL]                 AUHAL.cpp:947   HALListener: ->(0x123010a40) 1 addresses @ 0x6000014dcdc0; thread 0x16b76f000
2026-05-09 20:45:48.159 Df Music[688:3aade] [com.apple.coreaudio:AUHAL]                 AUHAL.cpp:960   HALListener:   (0x123010a40) Property dOut/glob/0x00000000 changed; value 0xf0 (0x0)
2026-05-09 20:45:48.159 Df Music[688:3aade] [com.apple.coreaudio:AUHAL]                 AUHAL.cpp:610   SelectDevice: -> (0x123010a40)
2026-05-09 20:45:48.159 Df Music[688:3aade] [com.apple.coreaudio:AUHAL]                 AUHAL.cpp:662   SelectDevice: (0x123010a40) not already running
2026-05-09 20:45:48.159 Df Music[688:3aade] [com.apple.coreaudio:AUHAL]                 AUHAL.cpp:668   SelectDevice: (0x123010a40) disconnecting device 139
2026-05-09 20:45:48.159 Df Music[688:3aade] [com.apple.coreaudio:AUHAL]                 AUHAL.cpp:732   SelectDevice: (0x123010a40) destroying ioproc 0x10 for device 139
2026-05-09 20:45:48.159 Df Music[688:3aade] [com.apple.coreaudio:as_client]   AVAudioSession_MacOS.mm:2783  --> setPlayState Stopped  Output {com.spatial.app.driver.speaker, 0x10}
2026-05-09 20:45:48.159 I  Music[688:3aade] [com.apple.coreaudio:as_client]   AVAudioSession_MacOS.mm:2803  Devices are same: =1. Previous: {(
)}. Current: {(
)}
2026-05-09 20:45:48.159 Df Music[688:3aade] [com.apple.coreaudio:as_client]   AVAudioSession_MacOS.mm:2814  <-- setPlayState IOState: [0, 0]. BT device UIDS: {(
)} Server update was not required.
2026-05-09 20:45:48.159 Df Music[688:3aade] [com.apple.coreaudio:AUHAL]                 AUHAL.cpp:743   SelectDevice: (0x123010a40) connecting device 240
2026-05-09 20:45:48.160 Df Music[688:3aade] [com.apple.coreaudio:AUHAL]                 AUHAL.cpp:3331  IsDeviceUsable: (0x123010a40) Device ID: 240 (Input:No | Output:Yes): true
2026-05-09 20:45:48.160 Df Music[688:3aade] [com.apple.coreaudio:AUHAL]                 AUHAL.cpp:755   SelectDevice: (0x123010a40) created ioproc 0xa for device 240
2026-05-09 20:45:48.158 Df coreaudiod[5493:3a9c5] (CoreAudio) HALS_DefaultDeviceManager.cpp:1706   HALS_DefaultDeviceManager::FindPreferredDefaultDevice: 'dOut' | found preferred[0] 542: '37330022-0000-0000-1C20-0103802F1E78'/''
2026-05-09 20:45:48.158 Df coreaudiod[5493:3a9c5] (CoreAudio) HALS_DefaultDeviceManager.cpp:1706   HALS_DefaultDeviceManager::FindPreferredDefaultDevice: 'shrd' | found preferred[0] 542: '37330022-0000-0000-1C20-0103802F1E78'/''
2026-05-09 20:45:48.158 Df coreaudiod[5493:3a577] (CoreAudio) HALS_DefaultDeviceManager.cpp:1068   HALS_DefaultDeviceManager::SetDefaultDevice:           'sOut' |  542: '37330022-0000-0000-1C20-0103802F1E78'/''
2026-05-09 20:45:48.160 Df Music[688:3aade] [com.apple.coreaudio:AUHAL]                 AUHAL.cpp:844   SelectDevice: (0x123010a40) adding 6 device listeners to device 240
2026-05-09 20:45:48.160 Df Music[688:3aade] [com.apple.coreaudio:AUHAL]                 AUHAL.cpp:844   SelectDevice: (0x123010a40) adding 3 device delegate listeners to device 240
2026-05-09 20:45:48.158 Df coreaudiod[5493:3a577] (CoreAudio) HALS_DefaultDeviceManager.cpp:1706   HALS_DefaultDeviceManager::FindPreferredDefaultDevice: 'sOut' | found preferred[0] 542: '37330022-0000-0000-1C20-0103802F1E78'/''
2026-05-09 20:45:48.161 Df Music[688:3aade] [com.apple.coreaudio:AUHAL]                 AUHAL.cpp:1514  UpdateStreamFormats: -> (0x123010a40)
2026-05-09 20:45:48.160 Df coreaudiod[5493:3abcb] (CoreAudio) HALS_DefaultDeviceManager.cpp:1068   HALS_DefaultDeviceManager::SetDefaultDevice:           'dOut' |  36: 'com.spatial.app.driver.speaker'/''
2026-05-09 20:45:48.161 Df Music[688:3aade] [com.apple.coreaudio:AUHAL]                 AUHAL.cpp:1610  UpdateStreamFormats: 
  output stream 0 [0xf1]:  2 ch,  48000 Hz, Float32, interleaved
2026-05-09 20:45:48.162 Df coreaudiod[5493:3acc8] (CoreAudio)    HALS_UCRemotePlugIn.mm:1344   HALS_UCRemotePlugIn::ObjectGetPropertyData: failed:  [<private>/<private>/0], Error: 2003332927 (<private>)
2026-05-09 20:45:48.161 Df Music[688:3aade] [com.apple.coreaudio:AUHAL]                 AUHAL.cpp:1622  UpdateStreamFormats: 1 output streams; not all mono
2026-05-09 20:45:48.162 Df coreaudiod[5493:3abcb] (CoreAudio) HALS_DefaultDeviceManager.cpp:1706   HALS_DefaultDeviceManager::FindPreferredDefaultDevice: 'dOut' | found preferred[0] 36: 'com.spatial.app.driver.speaker'/''
2026-05-09 20:45:48.161 Df Music[688:3aade] [com.apple.coreaudio:AUHAL]                 AUHAL.cpp:1634  UpdateStreamFormats: 
  Output render format:  2 ch,  48000 Hz, Float32, interleaved
2026-05-09 20:45:48.163 Df coreaudiod[5493:3acc8] (CoreAudio)    HALS_UCRemotePlugIn.mm:1344   HALS_UCRemotePlugIn::ObjectGetPropertyData: failed:  [<private>/<private>/0], Error: 2003332927 (<private>)
2026-05-09 20:45:48.161 Df Music[688:3aade] [com.apple.coreaudio:AUHAL]                 AUHAL.cpp:1622  UpdateStreamFormats: 0 input streams; not all mono
2026-05-09 20:45:48.160 Df Spotify[681:3ac0b] [com.apple.coreaudio:AUHAL]                 AUHAL.cpp:947   HALListener: ->(0x1140315e540) 1 addresses @ 0x1140984f8a0; thread 0x16de27000
2026-05-09 20:45:48.162 Df Music[688:3aade] [com.apple.coreaudio:AUHAL]                 AUHAL.cpp:1826  SetStreamUsage: Output stream enables: Stream 0 is ENABLED
2026-05-09 20:45:48.162 Df Music[688:3aade] [com.apple.coreaudio:AUHAL]                 AUHAL.cpp:1704  UpdateStreamFormats: AUHAL(0x123010a40) Calling PropertyChanged() for kAudioUnitProperty_StreamFormat, Scope:Output, Bus:Output
2026-05-09 20:45:48.165 I  systemsoundserverd[45034:3a9ad] [com.apple.coreaudio:sssg]              SSSGraph.cpp:154   OutputDeviceChangeListenerProc: output device changed to 90
2026-05-09 20:45:48.165 Df systemsoundserverd[45034:3a9ad] [com.apple.coreaudio:AUHAL]                 AUHAL.cpp:2231  SetProperty: (0x104640d30) caller requesting device change from 49 to 90
2026-05-09 20:45:48.165 Df systemsoundserverd[45034:3a9ad] [com.apple.coreaudio:AUHAL]                 AUHAL.cpp:610   SelectDevice: -> (0x104640d30)
2026-05-09 20:45:48.165 Df systemsoundserverd[45034:3a9ad] [com.apple.coreaudio:AUHAL]                 AUHAL.cpp:662   SelectDevice: (0x104640d30) not already running
2026-05-09 20:45:48.165 Df systemsoundserverd[45034:3a9ad] [com.apple.coreaudio:AUHAL]                 AUHAL.cpp:668   SelectDevice: (0x104640d30) disconnecting device 49
2026-05-09 20:45:48.159 Df Spatial[57003:3abb0] [com.apple.coreaudio:ddagg]        AggregateDevice.mm:852   HAL notification: default output device changed
2026-05-09 20:45:48.165 Df systemsoundserverd[45034:3a9ad] [com.apple.coreaudio:AUHAL]                 AUHAL.cpp:732   SelectDevice: (0x104640d30) destroying ioproc 0xa for device 49
2026-05-09 20:45:48.165 Df systemsoundserverd[45034:3a9ad] [com.apple.coreaudio:as_client]   AVAudioSession_MacOS.mm:2783  --> setPlayState Stopped  Output {com.spatial.app.driver.speaker, 0xa}
2026-05-09 20:45:48.165 I  systemsoundserverd[45034:3a9ad] [com.apple.coreaudio:as_client]   AVAudioSession_MacOS.mm:2803  Devices are same: =1. Previous: {(
)}. Current: {(
)}
2026-05-09 20:45:48.159 Df Spatial[57003:3abb0] [com.apple.coreaudio:ddagg]        AggregateDevice.mm:884   fetched default output device, ID = 90
2026-05-09 20:45:48.165 Df systemsoundserverd[45034:3a9ad] [com.apple.coreaudio:as_client]   AVAudioSession_MacOS.mm:2814  <-- setPlayState IOState: [0, 0]. BT device UIDS: {(
)} Server update was not required.
2026-05-09 20:45:48.166 Df systemsoundserverd[45034:3a9ad] [com.apple.coreaudio:AUHAL]                 AUHAL.cpp:743   SelectDevice: (0x104640d30) connecting device 90
2026-05-09 20:45:48.166 Df systemsoundserverd[45034:3a9ad] [com.apple.coreaudio:AUHAL]                 AUHAL.cpp:3331  IsDeviceUsable: (0x104640d30) Device ID: 90 (Input:No | Output:Yes): true
2026-05-09 20:45:48.166 Df systemsoundserverd[45034:3a9ad] [com.apple.coreaudio:AUHAL]                 AUHAL.cpp:755   SelectDevice: (0x104640d30) created ioproc 0xa for device 90
2026-05-09 20:45:48.166 Df systemsoundserverd[45034:3a9ad] [com.apple.coreaudio:AUHAL]                 AUHAL.cpp:844   SelectDevice: (0x104640d30) adding 7 device listeners to device 90
2026-05-09 20:45:48.167 Df systemsoundserverd[45034:3a9ad] [com.apple.coreaudio:AUHAL]                 AUHAL.cpp:844   SelectDevice: (0x104640d30) adding 0 device delegate listeners to device 90
2026-05-09 20:45:48.167 Df systemsoundserverd[45034:3a9ad] [com.apple.coreaudio:AUHAL]                 AUHAL.cpp:1514  UpdateStreamFormats: -> (0x104640d30)
2026-05-09 20:45:48.167 Df systemsoundserverd[45034:3a9ad] [com.apple.coreaudio:AUHAL]                 AUHAL.cpp:1610  UpdateStreamFormats: 
  output stream 0 [0x5b]:  2 ch,  48000 Hz, Float32, interleaved
2026-05-09 20:45:48.167 Df systemsoundserverd[45034:3a9ad] [com.apple.coreaudio:AUHAL]                 AUHAL.cpp:1622  UpdateStreamFormats: 1 output streams; not all mono
2026-05-09 20:45:48.164 Df coreaudiod[5493:3acc8] (CoreAudio)    HALS_UCRemotePlugIn.mm:1344   HALS_UCRemotePlugIn::ObjectGetPropertyData: failed:  [<private>/<private>/0], Error: 2003332927 (<private>)
2026-05-09 20:45:48.167 Df systemsoundserverd[45034:3a9ad] [com.apple.coreaudio:AUHAL]                 AUHAL.cpp:1634  UpdateStreamFormats: 
  Output render format:  2 ch,  48000 Hz, Float32, interleaved
2026-05-09 20:45:48.164 Df coreaudiod[5493:3acc8] (CoreAudio)    HALS_UCRemotePlugIn.mm:1344   HALS_UCRemotePlugIn::ObjectGetPropertyData: failed:  [<private>/<private>/0], Error: 2003332927 (<private>)
2026-05-09 20:45:48.167 Df systemsoundserverd[45034:3a9ad] [com.apple.coreaudio:AUHAL]                 AUHAL.cpp:1622  UpdateStreamFormats: 0 input streams; not all mono
2026-05-09 20:45:48.164 Df coreaudiod[5493:3abcb] (CoreAudio) HALS_DefaultDeviceManager.cpp:1706   HALS_DefaultDeviceManager::FindPreferredDefaultDevice: 'shrd' | found preferred[0] 36: 'com.spatial.app.driver.speaker'/''
2026-05-09 20:45:48.167 Df systemsoundserverd[45034:3a9ad] [com.apple.coreaudio:AUHAL]                 AUHAL.cpp:1634  UpdateStreamFormats: 
  Input render format:  0 ch,      0 Hz, lpcm (0x00000029) 32-bit little-endian float, deinterleaved
2026-05-09 20:45:48.168 Df systemsoundserverd[45034:3a9ad] [com.apple.coreaudio:AudioConverter]        AudioConverter.cpp:1007  Created a new in process converter -> 0xb5e2281b0, from  2 ch,  48000 Hz, Float32, deinterleaved to  2 ch,  48000 Hz, Float32, interleaved
2026-05-09 20:45:48.165 Df coreaudiod[5493:3abcb] (CoreAudio) HALS_DefaultDeviceManager.cpp:1068   HALS_DefaultDeviceManager::SetDefaultDevice:           'sOut' |  36: 'com.spatial.app.driver.speaker'/''
2026-05-09 20:45:48.166 Df coreaudiod[5493:3abcb] (CoreAudio) HALS_DefaultDeviceManager.cpp:1706   HALS_DefaultDeviceManager::FindPreferredDefaultDevice: 'sOut' | found preferred[0] 36: 'com.spatial.app.driver.speaker'/''
2026-05-09 20:45:48.168 Df coreaudiod[5493:3abd0] (CoreAudio)           HALS_Device.cpp:162    HALS_Device::Activate: activating device 706: CADefaultDeviceAggregate-57003-1 Transport Type: <private> Clock Domain: 1835100526
2026-05-09 20:45:48.168 Df coreaudiod[5493:3abd0] [com.apple.Accessibility:AXHearingHalPlugin] IsHidden: 1
2026-05-09 20:45:48.168 Df coreaudiod[5493:3abd0] [com.apple.Accessibility:AXHearingHalPlugin] IsHidden: 1
2026-05-09 20:45:48.164 Df Spotify[681:3ac0b] [com.apple.coreaudio:AUHAL]                 AUHAL.cpp:960   HALListener:   (0x1140315e540) Property dOut/glob/0x00000000 changed; value 0x7f (0x0)
2026-05-09 20:45:48.168 Df coreaudiod[5493:3abd0] [com.apple.Accessibility:AXHearingHalPlugin] IsHidden: 1
2026-05-09 20:45:48.164 Df Spotify[681:3ac0b] [com.apple.coreaudio:AUHAL]                 AUHAL.cpp:610   SelectDevice: -> (0x1140315e540)
2026-05-09 20:45:48.168 Df systemsoundserverd[45034:3a9ad] [com.apple.coreaudio:AUHAL]                 AUHAL.cpp:1826  SetStreamUsage: Output stream enables: Stream 0 is ENABLED
2026-05-09 20:45:48.168 Db systemsoundserverd[45034:3a9ad] [com.apple.coreaudio:sssg]              SSSGraph.cpp:177   OutputAUPropertyChangeListener: called for output device 90
2026-05-09 20:45:48.168 Df systemsoundserverd[45034:3a9ad] [com.apple.coreaudio:sssg]              SSSGraph.cpp:194   OutputAUPropertyChangeListener: FramesPerSlice 940 -> 512, SampleRate mMixerAU: 48000.000000 mOutputAU: 48000.000000
2026-05-09 20:45:48.168 Df systemsoundserverd[45034:3a9ad] [com.apple.coreaudio:AUHAL]                 AUHAL.cpp:1704  UpdateStreamFormats: AUHAL(0x104640d30) Calling PropertyChanged() for kAudioUnitProperty_StreamFormat, Scope:Output, Bus:Output
2026-05-09 20:45:48.168 Df systemsoundserverd[45034:3a9ad] [com.apple.coreaudio:AUHAL]                 AUHAL.cpp:1710  UpdateStreamFormats: AUHAL(0x104640d30) Calling PropertyChanged() for kAudioUnitProperty_StreamFormat, Scope:Input, Bus:Input
2026-05-09 20:45:48.168 Df systemsoundserverd[45034:3a9ad] [com.apple.coreaudio:AUHAL]                 AUHAL.cpp:1720  UpdateStreamFormats: <-
2026-05-09 20:45:48.166 Df Music[688:3aade] [com.apple.coreaudio:AUHAL]                 AUHAL.cpp:1720  UpdateStreamFormats: <-
2026-05-09 20:45:48.169 Df systemsoundserverd[45034:3a9ad] [com.apple.coreaudio:AUHAL]                 AUHAL.cpp:881   SelectDevice: (0x104640d30) removing 7 device listeners from device 49
2026-05-09 20:45:48.167 Df Music[688:3aade] [com.apple.coreaudio:AUHAL]                 AUHAL.cpp:881   SelectDevice: (0x123010a40) removing 6 device listeners from device 139
2026-05-09 20:45:48.174 Df systemsoundserverd[45034:3a9ad] [com.apple.coreaudio:AUHAL]                 AUHAL.cpp:881   SelectDevice: (0x104640d30) removing 0 device delegate listeners from device 49
2026-05-09 20:45:48.171 Df Music[688:3aade] [com.apple.coreaudio:AUHAL]                 AUHAL.cpp:881   SelectDevice: (0x123010a40) removing 3 device delegate listeners from device 139
2026-05-09 20:45:48.168 Df coreaudiod[5493:3abd0] [com.apple.Accessibility:AXHearingHalPlugin] IsHidden: 1
2026-05-09 20:45:48.173 Df Music[688:3aade] [com.apple.coreaudio:AUHAL]                 AUHAL.cpp:897   SelectDevice: <- (0x123010a40)
2026-05-09 20:45:48.174 Df systemsoundserverd[45034:3a9ad] [com.apple.coreaudio:AUHAL]                 AUHAL.cpp:897   SelectDevice: <- (0x104640d30)
2026-05-09 20:45:48.176 I  systemsoundserverd[45034:3a9ad] [com.apple.coreaudio:sssg]              SSSGraph.cpp:154   OutputDeviceChangeListenerProc: output device changed to 49
2026-05-09 20:45:48.176 Df systemsoundserverd[45034:3a9ad] [com.apple.coreaudio:AUHAL]                 AUHAL.cpp:2231  SetProperty: (0x104640d30) caller requesting device change from 90 to 49
2026-05-09 20:45:48.176 Df systemsoundserverd[45034:3a9ad] [com.apple.coreaudio:AUHAL]                 AUHAL.cpp:610   SelectDevice: -> (0x104640d30)
2026-05-09 20:45:48.164 Df Spotify[681:3ac0b] [com.apple.coreaudio:AUHAL]                 AUHAL.cpp:645   SelectDevice: <- (0x1140315e540) exiting with nothing to do
2026-05-09 20:45:48.168 Df coreaudiod[5493:3abd0] [com.apple.Accessibility:AXHearingHalPlugin] IsHidden: 1
2026-05-09 20:45:48.169 Df coreaudiod[5493:3abd0] [com.apple.Accessibility:AXHearingHalPlugin] IsHidden: 1
2026-05-09 20:45:48.169 Df coreaudiod[5493:3abd0] [com.apple.Accessibility:AXHearingHalPlugin] IsHidden: 1
2026-05-09 20:45:48.173 Df coreaudiod[5493:3abd0] (CoreAudio) HALS_DefaultDeviceManager.cpp:1706   HALS_DefaultDeviceManager::FindPreferredDefaultDevice: 'dIn ' | found preferred[0] 36: 'com.spatial.app.driver.speaker'/''
2026-05-09 20:45:48.176 Df systemsoundserverd[45034:3a9ad] [com.apple.coreaudio:AUHAL]                 AUHAL.cpp:662   SelectDevice: (0x104640d30) not already running
2026-05-09 20:45:48.173 Df Music[688:3aade] [com.apple.coreaudio:AUHAL]                 AUHAL.cpp:967   HALListener: <-(0x123010a40)
2026-05-09 20:45:48.173 Df Music[688:3aade] [com.apple.coreaudio:AUHAL]                 AUHAL.cpp:947   HALListener: ->(0x12304ea40) 1 addresses @ 0x6000014de9e0; thread 0x16b76f000
2026-05-09 20:45:48.174 Df coreaudiod[5493:3abd0] (CoreAudio) HALS_DefaultDeviceManager.cpp:1706   HALS_DefaultDeviceManager::FindPreferredDefaultDevice: 'dOut' | found preferred[0] 36: 'com.spatial.app.driver.speaker'/''
2026-05-09 20:45:48.176 Df Music[688:3aade] [com.apple.coreaudio:AUHAL]                 AUHAL.cpp:960   HALListener:   (0x12304ea40) Property dOut/glob/0x00000000 changed; value 0x8b (0x0)
2026-05-09 20:45:48.175 Df coreaudiod[5493:3abd0] (CoreAudio) HALS_DefaultDeviceManager.cpp:1706   HALS_DefaultDeviceManager::FindPreferredDefaultDevice: 'sOut' | found preferred[0] 36: 'com.spatial.app.driver.speaker'/''
2026-05-09 20:45:48.176 Df Music[688:3aade] [com.apple.coreaudio:AUHAL]                 AUHAL.cpp:610   SelectDevice: -> (0x12304ea40)
2026-05-09 20:45:48.176 Df coreaudiod[5493:3abd0] (CoreAudio) HALS_DefaultDeviceManager.cpp:1706   HALS_DefaultDeviceManager::FindPreferredDefaultDevice: 'shrd' | found preferred[0] 36: 'com.spatial.app.driver.speaker'/''
2026-05-09 20:45:48.176 Df Music[688:3aade] [com.apple.coreaudio:AUHAL]                 AUHAL.cpp:645   SelectDevice: <- (0x12304ea40) exiting with nothing to do
2026-05-09 20:45:48.177 Db coreaudiod[5493:3abcf] [com.apple.coreaudio:AMCP] 241159                  HALS_Device.cpp:4163  [hal_dsp][offloads][bypass] (Client ID: 692) (Device ID: 706) (Storage: 0x0) get client bypassed offload <no offloads>
2026-05-09 20:45:48.177 Df coreaudiod[5493:3abcf] (CoreAudio) HALS_Device_HostedDSP.cpp:102    [hal_dsp][offloads] (Client ID: 692) (Device ID: 706) Offloads are available, but this device will not offload -> Device Does Not Request Offloads
2026-05-09 20:45:48.159 Df Spatial[57003:3abb0] [com.apple.coreaudio:ddagg]        AggregateDevice.mm:884   fetched default input device, ID = 49
2026-05-09 20:45:48.161 I  Spatial[57003:3abb0] [com.apple.coreaudio:ddagg]        AggregateDevice.mm:188   device 49 scope 'inpt': streamChannelCounts 2, totalChannelCount 2, defaultPair (1, 2)
2026-05-09 20:45:48.163 I  Spatial[57003:3abb0] [com.apple.coreaudio:ddagg]        AggregateDevice.mm:188   device 49 scope 'outp': streamChannelCounts 2, totalChannelCount 2, defaultPair (1, 2)
2026-05-09 20:45:48.164 I  Spatial[57003:3abb0] [com.apple.coreaudio:ddagg]        AggregateDevice.mm:188   device 90 scope 'inpt': streamChannelCounts , totalChannelCount 0, defaultPair (0, 0)
2026-05-09 20:45:48.164 I  Spatial[57003:3abb0] [com.apple.coreaudio:ddagg]        AggregateDevice.mm:188   device 90 scope 'outp': streamChannelCounts 2, totalChannelCount 2, defaultPair (1, 2)
2026-05-09 20:45:48.165 I  Spatial[57003:3abb0] [com.apple.coreaudio:ddagg]        AggregateDevice.mm:754   New aggregate device dictionary (49 90):
{
    master = "37330022-0000-0000-1C20-0103802F1E78";
    name = "CADefaultDeviceAggregate-57003-1";
    private = 1;
    subdevices =     (
                {
            "channels-in" = 2;
            "channels-out" = 2;
            drift = 1;
            name = "Spatial Speaker";
            uid = "com.spatial.app.driver.speaker";
        },
                {
            "channels-in" = 0;
            "channels-out" = 2;
            drift = 1;
            name = MYS220;
            uid = "37330022-0000-0000-1C20-0103802F1E78";
        }
    );
    uid = "CADefaultDeviceAggregate-57003-1";
}
2026-05-09 20:45:48.176 Df systemsoundserverd[45034:3a9ad] [com.apple.coreaudio:AUHAL]                 AUHAL.cpp:668   SelectDevice: (0x104640d30) disconnecting device 90
2026-05-09 20:45:48.176 Df systemsoundserverd[45034:3a9ad] [com.apple.coreaudio:AUHAL]                 AUHAL.cpp:732   SelectDevice: (0x104640d30) destroying ioproc 0xa for device 90
2026-05-09 20:45:48.176 Df Music[688:3aade] [com.apple.coreaudio:AUHAL]                 AUHAL.cpp:967   HALListener: <-(0x12304ea40)
2026-05-09 20:45:48.178 Df Music[688:3aade] [com.apple.coreaudio:AUHAL]                 AUHAL.cpp:947   HALListener: ->(0x125864840) 1 addresses @ 0x6000014de860; thread 0x16b76f000
2026-05-09 20:45:48.178 Df Music[688:3aade] [com.apple.coreaudio:AUHAL]                 AUHAL.cpp:960   HALListener:   (0x125864840) Property dOut/glob/0x00000000 changed; value 0x8b (0x0)
2026-05-09 20:45:48.178 Df Music[688:3aade] [com.apple.coreaudio:AUHAL]                 AUHAL.cpp:610   SelectDevice: -> (0x125864840)
2026-05-09 20:45:48.178 Df Music[688:3aade] [com.apple.coreaudio:AUHAL]                 AUHAL.cpp:645   SelectDevice: <- (0x125864840) exiting with nothing to do
2026-05-09 20:45:48.178 Df Music[688:3aade] [com.apple.coreaudio:AUHAL]                 AUHAL.cpp:967   HALListener: <-(0x125864840)
2026-05-09 20:45:48.178 Df Music[688:3aade] [com.apple.coreaudio:AUHAL]                 AUHAL.cpp:947   HALListener: ->(0x123010a40) 1 addresses @ 0x6000014fcb90; thread 0x16b76f000
2026-05-09 20:45:48.179 Df Music[688:3aade] [com.apple.coreaudio:AUHAL]                 AUHAL.cpp:960   HALListener:   (0x123010a40) Property dOut/glob/0x00000000 changed; value 0x8b (0x0)
2026-05-09 20:45:48.177 Db coreaudiod[5493:3abcf] [com.apple.coreaudio:AMCP] 241159              HALS_MetaDevice.cpp:939   [hal_dsp][offloads] (Client ID: 692) (Device ID: 706) Aggregate context description has NOTHING for offloads.
2026-05-09 20:45:48.179 Df Music[688:3aade] [com.apple.coreaudio:AUHAL]                 AUHAL.cpp:610   SelectDevice: -> (0x123010a40)
2026-05-09 20:45:48.178 Db coreaudiod[5493:3abcf] [com.apple.coreaudio:AMCP] 241159              HALS_MetaDevice.cpp:1148  [hal_dsp][iso] (Device ID: 706) <private>.
2026-05-09 20:45:48.178 A  coreaudiod[5493:3acc5] (TCC) TCCAccessRequest() IPC
2026-05-09 20:45:48.178 I  coreaudiod[5493:3acc5] [com.apple.TCC:access] auid = -1; routing based on euid (0) instead
2026-05-09 20:45:48.178 Df coreaudiod[5493:3a577] [com.apple.coreaudio:AMCP] 242223   HALS_IOContext_Legacy_Impl.cpp:4776  AllowNegotiateAdaptInSetComposition: useCaseID = 0, isServerBuild = true, isIsolatedUseCase = false, isSharedDsp = false, istvos = false, adaptNow = false
2026-05-09 20:45:48.176 Df systemsoundserverd[45034:3a9ad] [com.apple.coreaudio:as_client]   AVAudioSession_MacOS.mm:2783  --> setPlayState Stopped  Output {37330022-0000-0000-1C20-0103802F1E78, 0xa}
2026-05-09 20:45:48.178 Df coreaudiod[5493:3acc5] [com.apple.xpc:connection] [0x612150900] activating connection: mach=true listener=false peer=false name=com.apple.tccd.system
2026-05-09 20:45:48.165 Df Spotify[681:3ac0b] [com.apple.coreaudio:AUHAL]                 AUHAL.cpp:967   HALListener: <-(0x1140315e540)
2026-05-09 20:45:48.176 I  systemsoundserverd[45034:3a9ad] [com.apple.coreaudio:as_client]   AVAudioSession_MacOS.mm:2803  Devices are same: =1. Previous: {(
)}. Current: {(
)}
2026-05-09 20:45:48.180 Db Spatial[57003:3abfa] [com.apple.coreaudio:audiocomp] AudioComponentPluginMgr.mm:1213  findNext auou/genr/appl -> 0x600000209c00 auou/genr/appl/0x2/0x0
2026-05-09 20:45:48.180 I  Spatial[57003:3abb0] [com.apple.coreaudio:ddagg]        AggregateDevice.mm:188   device 135 scope 'inpt': streamChannelCounts 2, totalChannelCount 2, defaultPair (1, 2)
2026-05-09 20:45:48.181 Db Spatial[57003:3abfa] [com.apple.coreaudio:audiocomp]            APComponent.mm:916   CFBundle 0x6000002081c0 </System/Library/Components/CoreAudio.component> (bundle, loaded) AUGenericOutputFactory -> 0x1051f476c
2026-05-09 20:45:48.179 Df Music[688:3aade] [com.apple.coreaudio:AUHAL]                 AUHAL.cpp:662   SelectDevice: (0x123010a40) not already running
2026-05-09 20:45:48.176 Df systemsoundserverd[45034:3a9ad] [com.apple.coreaudio:as_client]   AVAudioSession_MacOS.mm:2814  <-- setPlayState IOState: [0, 0]. BT device UIDS: {(
)} Server update was not required.
2026-05-09 20:45:48.177 Df systemsoundserverd[45034:3a9ad] [com.apple.coreaudio:AUHAL]                 AUHAL.cpp:743   SelectDevice: (0x104640d30) connecting device 49
2026-05-09 20:45:48.178 Df systemsoundserverd[45034:3a9ad] [com.apple.coreaudio:AUHAL]                 AUHAL.cpp:3331  IsDeviceUsable: (0x104640d30) Device ID: 49 (Input:No | Output:Yes): true
2026-05-09 20:45:48.178 I  coreaudiod[5493:3acc5] [com.apple.TCC:access] SEND: 0/7 synchronous to com.apple.tccd.system: request: msgID=5493.761, function=TCCAccessRequest, service=kTCCServiceMicrophone, target_token={pid:45034, auid:-1, euid:0},
2026-05-09 20:45:48.177 Df Spotify[681:3ac0b] [com.apple.coreaudio:AUHAL]                 AUHAL.cpp:947   HALListener: ->(0x1140315e540) 1 addresses @ 0x1140c74eae0; thread 0x16de27000
2026-05-09 20:45:48.180 I  coreaudiod[5493:3acc5] [com.apple.TCC:access] RECV: synchronous reply <dictionary: 0x612150700> { count = 0, transaction: 0, voucher = 0x0, contents =
}
2026-05-09 20:45:48.177 Df Spotify[681:3ac0b] [com.apple.coreaudio:AUHAL]                 AUHAL.cpp:960   HALListener:   (0x1140315e540) Property dOut/glob/0x00000000 changed; value 0x7f (0x0)
2026-05-09 20:45:48.180 Df coreaudiod[5493:3acc5] [com.apple.xpc:connection] [0x612150900] invalidated after the last release of the connection object
2026-05-09 20:45:48.177 Df Spotify[681:3ac0b] [com.apple.coreaudio:AUHAL]                 AUHAL.cpp:610   SelectDevice: -> (0x1140315e540)
2026-05-09 20:45:48.180 E  coreaudiod[5493:3acc5] (CoreAudio)        HALS_IOContext.cpp:1481   Client is not granted access to the <private>.
2026-05-09 20:45:48.177 Df Spotify[681:3ac0b] [com.apple.coreaudio:AUHAL]                 AUHAL.cpp:645   SelectDevice: <- (0x1140315e540) exiting with nothing to do
2026-05-09 20:45:48.184 A  coreaudiod[5493:3acc6] (TCC) TCCAccessRequest() IPC
2026-05-09 20:45:48.177 Df Spotify[681:3ac0b] [com.apple.coreaudio:AUHAL]                 AUHAL.cpp:967   HALListener: <-(0x1140315e540)
2026-05-09 20:45:48.184 Df coreaudiod[5493:3acc6] [com.apple.xpc:connection] [0x612150900] activating connection: mach=true listener=false peer=false name=com.apple.tccd.system
2026-05-09 20:45:48.184 I  coreaudiod[5493:3acc6] [com.apple.TCC:access] SEND: 0/7 synchronous to com.apple.tccd.system: request: msgID=5493.762, function=TCCAccessRequest, service=kTCCServiceMicrophone, target_token={pid:688, auid:501, euid:501},
2026-05-09 20:45:48.187 Df coreaudiod[5493:3acc5] (CoreAudio)    HALS_UCRemotePlugIn.mm:1344   HALS_UCRemotePlugIn::ObjectGetPropertyData: failed:  [<private>/<private>/0], Error: 2003332927 (<private>)
2026-05-09 20:45:48.188 Df coreaudiod[5493:3acc5] (CoreAudio)    HALS_UCRemotePlugIn.mm:1344   HALS_UCRemotePlugIn::ObjectGetPropertyData: failed:  [<private>/<private>/0], Error: 2003332927 (<private>)
