2026-05-09 20:45:50.820 Df Spatial[57003:3abad] [com.apple.coreaudio:AUHAL]                 AUHAL.cpp:466   ~AUHAL: (0x146013040) Selecting device 0 from destructor
2026-05-09 20:45:50.819 Db coreaudiod[5493:7be5] [com.apple.coreaudio:AMCP] 232287               HALS_IOContext.cpp:1822  HALS_IOContext::CallClientIOProc: received an out of order message (got 241 want: 241)
2026-05-09 20:45:50.820 Df Spatial[57003:3abad] [com.apple.coreaudio:AUHAL]                 AUHAL.cpp:610   SelectDevice: -> (0x146013040)
2026-05-09 20:45:50.820 Db coreaudiod[5493:7be5] [com.apple.coreaudio:AMCP] 226895               HALS_IOContext.cpp:1822  HALS_IOContext::CallClientIOProc: received an out of order message (got 223 want: 223)
2026-05-09 20:45:50.820 Df Spatial[57003:3abad] [com.apple.coreaudio:AUHAL]                 AUHAL.cpp:662   SelectDevice: (0x146013040) not already running
2026-05-09 20:45:50.820 Df coreaudiod[5493:7be5] [com.apple.coreaudio:AMCP] 232287   HALS_IOContext_Legacy_Impl.cpp:2292  Exitted PerformIO early - thread hasBeenStopped: 1 and shouldExit: 0
2026-05-09 20:45:50.820 Df Spatial[57003:3abad] [com.apple.coreaudio:AUHAL]                 AUHAL.cpp:668   SelectDevice: (0x146013040) disconnecting device 90
2026-05-09 20:45:50.820 Df coreaudiod[5493:7be5] [com.apple.coreaudio:AMCP] 226895   HALS_IOContext_Legacy_Impl.cpp:2292  Exitted PerformIO early - thread hasBeenStopped: 1 and shouldExit: 0
2026-05-09 20:45:50.820 Df Spatial[57003:3abad] [com.apple.coreaudio:AUHAL]                 AUHAL.cpp:732   SelectDevice: (0x146013040) destroying ioproc 0xb for device 90
2026-05-09 20:45:50.820 Df coreaudiod[5493:7be5] [com.apple.coreaudio:AMCP] 226895               HALS_IOEngine2.cpp:2685  HALS_IOEngine2::_StopIO(557) called on Context 700  current state: Prewarm: 0 Play: 1 State: Running
2026-05-09 20:45:50.821 Df Music[688:3aade] [com.apple.coreaudio:AUHAL]                 AUHAL.cpp:947   HALListener: ->(0x123010a40) 1 addresses @ 0x6000014de860; thread 0x16b76f000
2026-05-09 20:45:50.820 Df Spatial[57003:3abad] [com.apple.coreaudio:as_client]   AVAudioSession_MacOS.mm:2783  --> setPlayState Stopped  Output {37330022-0000-0000-1C20-0103802F1E78, 0xb}
2026-05-09 20:45:50.820 Df coreaudiod[5493:7be5] [com.apple.coreaudio:AMCP] 232287               HALS_IOEngine2.cpp:2685  HALS_IOEngine2::_StopIO(40) called on Context 693  current state: Prewarm: 0 Play: 2 State: Running
2026-05-09 20:45:50.821 Df Music[688:3aade] [com.apple.coreaudio:AUHAL]                 AUHAL.cpp:960   HALListener:   (0x123010a40) Property dOut/glob/0x00000000 changed; value 0xf0 (0x0)
2026-05-09 20:45:50.821 Df Music[688:3aade] [com.apple.coreaudio:AUHAL]                 AUHAL.cpp:610   SelectDevice: -> (0x123010a40)
2026-05-09 20:45:50.820 Db coreaudiod[5493:7be5] [com.apple.coreaudio:AMCP] 232287   HALS_IOContext_Legacy_Impl.cpp:2073  Completed HALS_IOContext_Legacy_Impl::IOWorkLoopDeinit
2026-05-09 20:45:50.820 I  Spatial[57003:3abad] [com.apple.coreaudio:as_client]   AVAudioSession_MacOS.mm:2803  Devices are same: =1. Previous: {(
)}. Current: {(
)}
2026-05-09 20:45:50.822 I  systemsoundserverd[45034:3a9ad] [com.apple.coreaudio:sssg]              SSSGraph.cpp:154   OutputDeviceChangeListenerProc: output device changed to 90
2026-05-09 20:45:50.822 Df systemsoundserverd[45034:3a9ad] [com.apple.coreaudio:AUHAL]                 AUHAL.cpp:2231  SetProperty: (0x104640d30) caller requesting device change from 49 to 90
2026-05-09 20:45:50.821 Df Music[688:3aade] [com.apple.coreaudio:AUHAL]                 AUHAL.cpp:662   SelectDevice: (0x123010a40) not already running
2026-05-09 20:45:50.822 Df systemsoundserverd[45034:3a9ad] [com.apple.coreaudio:AUHAL]                 AUHAL.cpp:610   SelectDevice: -> (0x104640d30)
2026-05-09 20:45:50.820 Df Spatial[57003:3abad] [com.apple.coreaudio:as_client]   AVAudioSession_MacOS.mm:2814  <-- setPlayState IOState: [0, 0]. BT device UIDS: {(
)} Server update was not required.
2026-05-09 20:45:50.821 Df Music[688:3aade] [com.apple.coreaudio:AUHAL]                 AUHAL.cpp:668   SelectDevice: (0x123010a40) disconnecting device 139
2026-05-09 20:45:50.821 Df Spatial[57003:3abad] [com.apple.coreaudio:AUHAL]                 AUHAL.cpp:834   SelectDevice: (0x146013040) nothing to setup
2026-05-09 20:45:50.821 Df Spatial[57003:3abad] [com.apple.coreaudio:AUHAL]                 AUHAL.cpp:844   SelectDevice: (0x146013040) adding 0 device listeners to device 0
2026-05-09 20:45:50.822 Df systemsoundserverd[45034:3a9ad] [com.apple.coreaudio:AUHAL]                 AUHAL.cpp:662   SelectDevice: (0x104640d30) not already running
2026-05-09 20:45:50.821 Df Music[688:3aade] [com.apple.coreaudio:AUHAL]                 AUHAL.cpp:732   SelectDevice: (0x123010a40) destroying ioproc 0x13 for device 139
2026-05-09 20:45:50.822 Df systemsoundserverd[45034:3a9ad] [com.apple.coreaudio:AUHAL]                 AUHAL.cpp:668   SelectDevice: (0x104640d30) disconnecting device 49
2026-05-09 20:45:50.822 Df systemsoundserverd[45034:3a9ad] [com.apple.coreaudio:AUHAL]                 AUHAL.cpp:732   SelectDevice: (0x104640d30) destroying ioproc 0xb for device 49
2026-05-09 20:45:50.821 Df Music[688:3aade] [com.apple.coreaudio:as_client]   AVAudioSession_MacOS.mm:2783  --> setPlayState Stopped  Output {com.spatial.app.driver.speaker, 0x13}
2026-05-09 20:45:50.822 Df systemsoundserverd[45034:3a9ad] [com.apple.coreaudio:as_client]   AVAudioSession_MacOS.mm:2783  --> setPlayState Stopped  Output {com.spatial.app.driver.speaker, 0xb}
2026-05-09 20:45:50.821 I  Music[688:3aade] [com.apple.coreaudio:as_client]   AVAudioSession_MacOS.mm:2803  Devices are same: =1. Previous: {(
)}. Current: {(
)}
2026-05-09 20:45:50.822 I  systemsoundserverd[45034:3a9ad] [com.apple.coreaudio:as_client]   AVAudioSession_MacOS.mm:2803  Devices are same: =1. Previous: {(
)}. Current: {(
)}
2026-05-09 20:45:50.821 Df Spatial[57003:3abad] [com.apple.coreaudio:AUHAL]                 AUHAL.cpp:844   SelectDevice: (0x146013040) adding 0 device delegate listeners to device 0
2026-05-09 20:45:50.822 Df Music[688:3aade] [com.apple.coreaudio:as_client]   AVAudioSession_MacOS.mm:2814  <-- setPlayState IOState: [0, 0]. BT device UIDS: {(
)} Server update was not required.
2026-05-09 20:45:50.822 Df systemsoundserverd[45034:3a9ad] [com.apple.coreaudio:as_client]   AVAudioSession_MacOS.mm:2814  <-- setPlayState IOState: [0, 0]. BT device UIDS: {(
)} Server update was not required.
2026-05-09 20:45:50.822 Df Music[688:3aade] [com.apple.coreaudio:AUHAL]                 AUHAL.cpp:743   SelectDevice: (0x123010a40) connecting device 240
2026-05-09 20:45:50.823 Df systemsoundserverd[45034:3a9ad] [com.apple.coreaudio:AUHAL]                 AUHAL.cpp:743   SelectDevice: (0x104640d30) connecting device 90
2026-05-09 20:45:50.823 Df Music[688:3aade] [com.apple.coreaudio:AUHAL]                 AUHAL.cpp:3331  IsDeviceUsable: (0x123010a40) Device ID: 240 (Input:No | Output:Yes): true
2026-05-09 20:45:50.823 Df systemsoundserverd[45034:3a9ad] [com.apple.coreaudio:AUHAL]                 AUHAL.cpp:3331  IsDeviceUsable: (0x104640d30) Device ID: 90 (Input:No | Output:Yes): true
2026-05-09 20:45:50.823 Df Music[688:3aade] [com.apple.coreaudio:AUHAL]                 AUHAL.cpp:755   SelectDevice: (0x123010a40) created ioproc 0xb for device 240
2026-05-09 20:45:50.823 Df systemsoundserverd[45034:3a9ad] [com.apple.coreaudio:AUHAL]                 AUHAL.cpp:755   SelectDevice: (0x104640d30) created ioproc 0xb for device 90
2026-05-09 20:45:50.823 Df Music[688:3aade] [com.apple.coreaudio:AUHAL]                 AUHAL.cpp:844   SelectDevice: (0x123010a40) adding 6 device listeners to device 240
2026-05-09 20:45:50.823 Df systemsoundserverd[45034:3a9ad] [com.apple.coreaudio:AUHAL]                 AUHAL.cpp:844   SelectDevice: (0x104640d30) adding 7 device listeners to device 90
2026-05-09 20:45:50.821 Df Spatial[57003:3acf1] [com.apple.coreaudio:ddagg]        AggregateDevice.mm:852   HAL notification: default output device changed
2026-05-09 20:45:50.824 Df systemsoundserverd[45034:3a9ad] [com.apple.coreaudio:AUHAL]                 AUHAL.cpp:844   SelectDevice: (0x104640d30) adding 0 device delegate listeners to device 90
2026-05-09 20:45:50.824 Df Music[688:3aade] [com.apple.coreaudio:AUHAL]                 AUHAL.cpp:844   SelectDevice: (0x123010a40) adding 3 device delegate listeners to device 240
2026-05-09 20:45:50.824 Df systemsoundserverd[45034:3a9ad] [com.apple.coreaudio:AUHAL]                 AUHAL.cpp:1514  UpdateStreamFormats: -> (0x104640d30)
2026-05-09 20:45:50.824 Df Music[688:3aade] [com.apple.coreaudio:AUHAL]                 AUHAL.cpp:1514  UpdateStreamFormats: -> (0x123010a40)
2026-05-09 20:45:50.824 Df Music[688:3aade] [com.apple.coreaudio:AUHAL]                 AUHAL.cpp:1610  UpdateStreamFormats: 
  output stream 0 [0xf1]:  2 ch,  48000 Hz, Float32, interleaved
2026-05-09 20:45:50.820 Df coreaudiod[5493:3acc5] (CoreAudio) HALS_DefaultDeviceManager.cpp:1068   HALS_DefaultDeviceManager::SetDefaultDevice:           'dOut' |  542: '37330022-0000-0000-1C20-0103802F1E78'/''
2026-05-09 20:45:50.824 Df systemsoundserverd[45034:3a9ad] [com.apple.coreaudio:AUHAL]                 AUHAL.cpp:1610  UpdateStreamFormats: 
  output stream 0 [0x5b]:  2 ch,  48000 Hz, Float32, interleaved
2026-05-09 20:45:50.824 Df systemsoundserverd[45034:3a9ad] [com.apple.coreaudio:AUHAL]                 AUHAL.cpp:1622  UpdateStreamFormats: 1 output streams; not all mono
2026-05-09 20:45:50.824 Df systemsoundserverd[45034:3a9ad] [com.apple.coreaudio:AUHAL]                 AUHAL.cpp:1634  UpdateStreamFormats: 
  Output render format:  2 ch,  48000 Hz, Float32, interleaved
2026-05-09 20:45:50.824 Df systemsoundserverd[45034:3a9ad] [com.apple.coreaudio:AUHAL]                 AUHAL.cpp:1622  UpdateStreamFormats: 0 input streams; not all mono
2026-05-09 20:45:50.824 Df systemsoundserverd[45034:3a9ad] [com.apple.coreaudio:AUHAL]                 AUHAL.cpp:1634  UpdateStreamFormats: 
  Input render format:  0 ch,      0 Hz, lpcm (0x00000029) 32-bit little-endian float, deinterleaved
2026-05-09 20:45:50.825 Df systemsoundserverd[45034:3a9ad] [com.apple.coreaudio:AudioConverter]        AudioConverter.cpp:1007  Created a new in process converter -> 0xb5e2281b0, from  2 ch,  48000 Hz, Float32, deinterleaved to  2 ch,  48000 Hz, Float32, interleaved
2026-05-09 20:45:50.822 Df Spatial[57003:3acf1] [com.apple.coreaudio:ddagg]        AggregateDevice.mm:884   fetched default output device, ID = 90
2026-05-09 20:45:50.823 Df Spatial[57003:3acf1] [com.apple.coreaudio:ddagg]        AggregateDevice.mm:884   fetched default input device, ID = 49
2026-05-09 20:45:50.824 I  Spatial[57003:3acf1] [com.apple.coreaudio:ddagg]        AggregateDevice.mm:188   device 49 scope 'inpt': streamChannelCounts 2, totalChannelCount 2, defaultPair (1, 2)
2026-05-09 20:45:50.824 Df Music[688:3aade] [com.apple.coreaudio:AUHAL]                 AUHAL.cpp:1622  UpdateStreamFormats: 1 output streams; not all mono
2026-05-09 20:45:50.821 Df Spatial[57003:3abad] [com.apple.coreaudio:AUHAL]                 AUHAL.cpp:881   SelectDevice: (0x146013040) removing 7 device listeners from device 90
2026-05-09 20:45:50.822 Df Spotify[681:3a7c7] [com.apple.coreaudio:AUHAL]                 AUHAL.cpp:947   HALListener: ->(0x1140315e540) 1 addresses @ 0x11410088700; thread 0x16dd9b000
2026-05-09 20:45:50.826 Df Spatial[57003:3abad] [com.apple.coreaudio:AUHAL]                 AUHAL.cpp:881   SelectDevice: (0x146013040) removing 0 device delegate listeners from device 90
2026-05-09 20:45:50.820 Db coreaudiod[5493:7be5] [com.apple.coreaudio:AMCP] 226895   HALS_IOContext_Legacy_Impl.cpp:2073  Completed HALS_IOContext_Legacy_Impl::IOWorkLoopDeinit
2026-05-09 20:45:50.826 Db Spatial[57003:3a99e] [com.apple.coreaudio:AMCP]    259           HALRBSAssertionGlue.mm:122   Released the AudioHAL RBSAssertion for pid: 57003
2026-05-09 20:45:50.821 Df coreaudiod[5493:3acc5] (CoreAudio) HALS_DefaultDeviceManager.cpp:1706   HALS_DefaultDeviceManager::FindPreferredDefaultDevice: 'dOut' | found preferred[0] 542: '37330022-0000-0000-1C20-0103802F1E78'/''
2026-05-09 20:45:50.826 Df Spatial[57003:3abad] [com.apple.coreaudio:AUHAL]                 AUHAL.cpp:897   SelectDevice: <- (0x146013040)
2026-05-09 20:45:50.821 Df coreaudiod[5493:3acc5] (CoreAudio) HALS_DefaultDeviceManager.cpp:1706   HALS_DefaultDeviceManager::FindPreferredDefaultDevice: 'shrd' | found preferred[0] 542: '37330022-0000-0000-1C20-0103802F1E78'/''
2026-05-09 20:45:50.822 Df Spotify[681:3a7c7] [com.apple.coreaudio:AUHAL]                 AUHAL.cpp:960   HALListener:   (0x1140315e540) Property dOut/glob/0x00000000 changed; value 0xf0 (0x0)
2026-05-09 20:45:50.821 Df coreaudiod[5493:3acc8] (CoreAudio) HALS_DefaultDeviceManager.cpp:1068   HALS_DefaultDeviceManager::SetDefaultDevice:           'sOut' |  542: '37330022-0000-0000-1C20-0103802F1E78'/''
2026-05-09 20:45:50.825 Df systemsoundserverd[45034:3a9ad] [com.apple.coreaudio:AUHAL]                 AUHAL.cpp:1826  SetStreamUsage: Output stream enables: Stream 0 is ENABLED
2026-05-09 20:45:50.824 Df Music[688:3aade] [com.apple.coreaudio:AUHAL]                 AUHAL.cpp:1634  UpdateStreamFormats: 
  Output render format:  2 ch,  48000 Hz, Float32, interleaved
2026-05-09 20:45:50.822 Df Spotify[681:3a7c7] [com.apple.coreaudio:AUHAL]                 AUHAL.cpp:610   SelectDevice: -> (0x1140315e540)
2026-05-09 20:45:50.822 Df coreaudiod[5493:3acc8] (CoreAudio) HALS_DefaultDeviceManager.cpp:1706   HALS_DefaultDeviceManager::FindPreferredDefaultDevice: 'sOut' | found preferred[0] 542: '37330022-0000-0000-1C20-0103802F1E78'/''
2026-05-09 20:45:50.825 Db systemsoundserverd[45034:3a9ad] [com.apple.coreaudio:sssg]              SSSGraph.cpp:177   OutputAUPropertyChangeListener: called for output device 90
2026-05-09 20:45:50.824 Df Music[688:3aade] [com.apple.coreaudio:AUHAL]                 AUHAL.cpp:1622  UpdateStreamFormats: 0 input streams; not all mono
2026-05-09 20:45:50.822 Df Spotify[681:3a7c7] [com.apple.coreaudio:AUHAL]                 AUHAL.cpp:658   SelectDevice: (0x1140315e540) stopping; stopWasPending 0
2026-05-09 20:45:50.825 Df coreaudiod[5493:3abcf] (CoreAudio)    HALS_UCRemotePlugIn.mm:1344   HALS_UCRemotePlugIn::ObjectGetPropertyData: failed:  [<private>/<private>/0], Error: 2003332927 (<private>)
2026-05-09 20:45:50.825 Df systemsoundserverd[45034:3a9ad] [com.apple.coreaudio:sssg]              SSSGraph.cpp:194   OutputAUPropertyChangeListener: FramesPerSlice 940 -> 512, SampleRate mMixerAU: 48000.000000 mOutputAU: 48000.000000
2026-05-09 20:45:50.825 Df Music[688:3aade] [com.apple.coreaudio:AUHAL]                 AUHAL.cpp:1826  SetStreamUsage: Output stream enables: Stream 0 is ENABLED
2026-05-09 20:45:50.827 I  Spatial[57003:3acf1] [com.apple.coreaudio:ddagg]        AggregateDevice.mm:188   device 49 scope 'outp': streamChannelCounts 2, totalChannelCount 2, defaultPair (1, 2)
2026-05-09 20:45:50.826 Df coreaudiod[5493:3abcf] (CoreAudio)    HALS_UCRemotePlugIn.mm:1344   HALS_UCRemotePlugIn::ObjectGetPropertyData: failed:  [<private>/<private>/0], Error: 2003332927 (<private>)
2026-05-09 20:45:50.825 Df Music[688:3aade] [com.apple.coreaudio:AUHAL]                 AUHAL.cpp:1704  UpdateStreamFormats: AUHAL(0x123010a40) Calling PropertyChanged() for kAudioUnitProperty_StreamFormat, Scope:Output, Bus:Output
2026-05-09 20:45:50.826 Df systemsoundserverd[45034:3a9ad] [com.apple.coreaudio:AUHAL]                 AUHAL.cpp:1704  UpdateStreamFormats: AUHAL(0x104640d30) Calling PropertyChanged() for kAudioUnitProperty_StreamFormat, Scope:Output, Bus:Output
2026-05-09 20:45:50.830 I  Spatial[57003:3acf1] [com.apple.coreaudio:ddagg]        AggregateDevice.mm:188   device 90 scope 'inpt': streamChannelCounts , totalChannelCount 0, defaultPair (0, 0)
2026-05-09 20:45:50.828 Df coreaudiod[5493:3abcf] (CoreAudio)    HALS_UCRemotePlugIn.mm:1344   HALS_UCRemotePlugIn::ObjectGetPropertyData: failed:  [<private>/<private>/0], Error: 2003332927 (<private>)
2026-05-09 20:45:50.825 Df Music[688:3aade] [com.apple.coreaudio:AUHAL]                 AUHAL.cpp:1720  UpdateStreamFormats: <-
2026-05-09 20:45:50.826 Df systemsoundserverd[45034:3a9ad] [com.apple.coreaudio:AUHAL]                 AUHAL.cpp:1710  UpdateStreamFormats: AUHAL(0x104640d30) Calling PropertyChanged() for kAudioUnitProperty_StreamFormat, Scope:Input, Bus:Input
2026-05-09 20:45:50.830 I  Spatial[57003:3acf1] [com.apple.coreaudio:ddagg]        AggregateDevice.mm:188   device 90 scope 'outp': streamChannelCounts 2, totalChannelCount 2, defaultPair (1, 2)
2026-05-09 20:45:50.829 Df coreaudiod[5493:3abcf] (CoreAudio)    HALS_UCRemotePlugIn.mm:1344   HALS_UCRemotePlugIn::ObjectGetPropertyData: failed:  [<private>/<private>/0], Error: 2003332927 (<private>)
2026-05-09 20:45:50.825 Df Music[688:3aade] [com.apple.coreaudio:AUHAL]                 AUHAL.cpp:881   SelectDevice: (0x123010a40) removing 6 device listeners from device 139
2026-05-09 20:45:50.826 Df systemsoundserverd[45034:3a9ad] [com.apple.coreaudio:AUHAL]                 AUHAL.cpp:1720  UpdateStreamFormats: <-
2026-05-09 20:45:50.828 Df Music[688:3aade] [com.apple.coreaudio:AUHAL]                 AUHAL.cpp:881   SelectDevice: (0x123010a40) removing 3 device delegate listeners from device 139
2026-05-09 20:45:50.826 Df systemsoundserverd[45034:3a9ad] [com.apple.coreaudio:AUHAL]                 AUHAL.cpp:881   SelectDevice: (0x104640d30) removing 7 device listeners from device 49
2026-05-09 20:45:50.830 Df Music[688:3aade] [com.apple.coreaudio:AUHAL]                 AUHAL.cpp:897   SelectDevice: <- (0x123010a40)
2026-05-09 20:45:50.829 Df systemsoundserverd[45034:3a9ad] [com.apple.coreaudio:AUHAL]                 AUHAL.cpp:881   SelectDevice: (0x104640d30) removing 0 device delegate listeners from device 49
2026-05-09 20:45:50.830 Df Music[688:3aade] [com.apple.coreaudio:AUHAL]                 AUHAL.cpp:967   HALListener: <-(0x123010a40)
2026-05-09 20:45:50.829 Df systemsoundserverd[45034:3a9ad] [com.apple.coreaudio:AUHAL]                 AUHAL.cpp:897   SelectDevice: <- (0x104640d30)
2026-05-09 20:45:50.830 Df Music[688:3aade] [com.apple.coreaudio:AUHAL]                 AUHAL.cpp:947   HALListener: ->(0x12304ea40) 1 addresses @ 0x6000014de4e0; thread 0x16b76f000
2026-05-09 20:45:50.830 Df Music[688:3aade] [com.apple.coreaudio:AUHAL]                 AUHAL.cpp:960   HALListener:   (0x12304ea40) Property dOut/glob/0x00000000 changed; value 0xf0 (0x0)
2026-05-09 20:45:50.830 Df Music[688:3aade] [com.apple.coreaudio:AUHAL]                 AUHAL.cpp:610   SelectDevice: -> (0x12304ea40)
2026-05-09 20:45:50.830 Df Music[688:3aade] [com.apple.coreaudio:AUHAL]                 AUHAL.cpp:662   SelectDevice: (0x12304ea40) not already running
2026-05-09 20:45:50.830 Df Music[688:3aade] [com.apple.coreaudio:AUHAL]                 AUHAL.cpp:668   SelectDevice: (0x12304ea40) disconnecting device 139
2026-05-09 20:45:50.830 Df Music[688:3aade] [com.apple.coreaudio:AUHAL]                 AUHAL.cpp:732   SelectDevice: (0x12304ea40) destroying ioproc 0x11 for device 139
2026-05-09 20:45:50.830 Df Music[688:3aade] [com.apple.coreaudio:as_client]   AVAudioSession_MacOS.mm:2783  --> setPlayState Stopped  Output {com.spatial.app.driver.speaker, 0x11}
2026-05-09 20:45:50.831 I  Music[688:3aade] [com.apple.coreaudio:as_client]   AVAudioSession_MacOS.mm:2803  Devices are same: =1. Previous: {(
)}. Current: {(
)}
2026-05-09 20:45:50.831 Df Music[688:3aade] [com.apple.coreaudio:as_client]   AVAudioSession_MacOS.mm:2814  <-- setPlayState IOState: [0, 0]. BT device UIDS: {(
)} Server update was not required.
2026-05-09 20:45:50.831 I  Spatial[57003:3acf1] [com.apple.coreaudio:ddagg]        AggregateDevice.mm:754   New aggregate device dictionary (49 90):
{
    master = "37330022-0000-0000-1C20-0103802F1E78";
    name = "CADefaultDeviceAggregate-57003-3";
    private = 1;
    subdevices =     (
                {
            "channels-in" = 2;
            "channels-out" = 2;
            drift = 1;
            name = "Spatial Speaker";
            uid = "com.spatial.app.driver.speaker";
        },
                {
            "channels-in" = 0;
            "channels-out" = 2;
            drift = 1;
            name = MYS220;
            uid = "37330022-0000-0000-1C20-0103802F1E78";
        }
    );
    uid = "CADefaultDeviceAggregate-57003-3";
}
2026-05-09 20:45:50.831 Df Music[688:3aade] [com.apple.coreaudio:AUHAL]                 AUHAL.cpp:743   SelectDevice: (0x12304ea40) connecting device 240
2026-05-09 20:45:50.831 Df Music[688:3aade] [com.apple.coreaudio:AUHAL]                 AUHAL.cpp:3331  IsDeviceUsable: (0x12304ea40) Device ID: 240 (Input:No | Output:Yes): true
2026-05-09 20:45:50.831 Df Music[688:3aade] [com.apple.coreaudio:AUHAL]                 AUHAL.cpp:755   SelectDevice: (0x12304ea40) created ioproc 0xc for device 240
2026-05-09 20:45:50.831 Df Music[688:3aade] [com.apple.coreaudio:AUHAL]                 AUHAL.cpp:844   SelectDevice: (0x12304ea40) adding 6 device listeners to device 240
2026-05-09 20:45:50.832 Df Music[688:3aade] [com.apple.coreaudio:AUHAL]                 AUHAL.cpp:844   SelectDevice: (0x12304ea40) adding 0 device delegate listeners to device 240
2026-05-09 20:45:50.832 Df Music[688:3aade] [com.apple.coreaudio:AUHAL]                 AUHAL.cpp:1514  UpdateStreamFormats: -> (0x12304ea40)
2026-05-09 20:45:50.832 Df Music[688:3aade] [com.apple.coreaudio:AUHAL]                 AUHAL.cpp:1610  UpdateStreamFormats: 
  output stream 0 [0xf1]:  2 ch,  48000 Hz, Float32, interleaved
2026-05-09 20:45:50.832 Df Music[688:3aade] [com.apple.coreaudio:AUHAL]                 AUHAL.cpp:1622  UpdateStreamFormats: 1 output streams; not all mono
2026-05-09 20:45:50.832 Df Music[688:3aade] [com.apple.coreaudio:AUHAL]                 AUHAL.cpp:1634  UpdateStreamFormats: 
  Output render format:  2 ch,  48000 Hz, Float32, interleaved
2026-05-09 20:45:50.832 Df Music[688:3aade] [com.apple.coreaudio:AUHAL]                 AUHAL.cpp:1622  UpdateStreamFormats: 0 input streams; not all mono
2026-05-09 20:45:50.832 Df Music[688:3aade] [com.apple.coreaudio:AUHAL]                 AUHAL.cpp:1704  UpdateStreamFormats: AUHAL(0x12304ea40) Calling PropertyChanged() for kAudioUnitProperty_StreamFormat, Scope:Output, Bus:Output
2026-05-09 20:45:50.832 Df Music[688:3aade] [com.apple.coreaudio:AUHAL]                 AUHAL.cpp:1720  UpdateStreamFormats: <-
2026-05-09 20:45:50.832 Df Music[688:3aade] [com.apple.coreaudio:AUHAL]                 AUHAL.cpp:881   SelectDevice: (0x12304ea40) removing 6 device listeners from device 139
2026-05-09 20:45:50.833 Df coreaudiod[5493:3acc5] (CoreAudio)           HALS_Device.cpp:162    HALS_Device::Activate: activating device 718: CADefaultDeviceAggregate-57003-3 Transport Type: <private> Clock Domain: 1835100526
2026-05-09 20:45:50.833 Df coreaudiod[5493:3acc5] [com.apple.Accessibility:AXHearingHalPlugin] IsHidden: 1
2026-05-09 20:45:50.833 Df coreaudiod[5493:3acc5] [com.apple.Accessibility:AXHearingHalPlugin] IsHidden: 1
2026-05-09 20:45:50.833 Df coreaudiod[5493:3acc5] [com.apple.Accessibility:AXHearingHalPlugin] IsHidden: 1
2026-05-09 20:45:50.833 Df coreaudiod[5493:3acc5] [com.apple.Accessibility:AXHearingHalPlugin] IsHidden: 1
2026-05-09 20:45:50.833 Df coreaudiod[5493:3acc5] [com.apple.Accessibility:AXHearingHalPlugin] IsHidden: 1
2026-05-09 20:45:50.833 Df coreaudiod[5493:3acc5] [com.apple.Accessibility:AXHearingHalPlugin] IsHidden: 1
2026-05-09 20:45:50.833 Df coreaudiod[5493:3acc5] [com.apple.Accessibility:AXHearingHalPlugin] IsHidden: 1
2026-05-09 20:45:50.834 Db coreaudiod[5493:3abd0] [com.apple.coreaudio:aid] [AudioIssueDetectorManager.cpp:289   rtaid::Manager:0x2042893b0] enabling global NonFinite analyzer for client HAL
2026-05-09 20:45:50.834 Db coreaudiod[5493:3abd0] [com.apple.coreaudio:aid] [AudioIssueDetectorManager.cpp:289   rtaid::Manager:0x2042893b0] enabling global AnalyzerRealTimeError analyzer for client HAL
2026-05-09 20:45:50.834 Db coreaudiod[5493:3abd0] [com.apple.coreaudio:aid] [AudioIssueDetectorManager.cpp:289   rtaid::Manager:0x2042893b0] enabling global RMS analyzer for client HAL
2026-05-09 20:45:50.835 Df Music[688:3aade] [com.apple.coreaudio:AUHAL]                 AUHAL.cpp:881   SelectDevice: (0x12304ea40) removing 0 device delegate listeners from device 139
2026-05-09 20:45:50.835 Df Music[688:3aade] [com.apple.coreaudio:AUHAL]                 AUHAL.cpp:897   SelectDevice: <- (0x12304ea40)
2026-05-09 20:45:50.835 Df Music[688:3aade] [com.apple.coreaudio:AUHAL]                 AUHAL.cpp:967   HALListener: <-(0x12304ea40)
2026-05-09 20:45:50.835 Df Music[688:3aade] [com.apple.coreaudio:AUHAL]                 AUHAL.cpp:947   HALListener: ->(0x125864840) 1 addresses @ 0x6000014dd6d0; thread 0x16b76f000
2026-05-09 20:45:50.836 Df Music[688:3aade] [com.apple.coreaudio:AUHAL]                 AUHAL.cpp:960   HALListener:   (0x125864840) Property dOut/glob/0x00000000 changed; value 0xf0 (0x0)
2026-05-09 20:45:50.836 Df Music[688:3aade] [com.apple.coreaudio:AUHAL]                 AUHAL.cpp:610   SelectDevice: -> (0x125864840)
2026-05-09 20:45:50.836 Df Music[688:3aade] [com.apple.coreaudio:AUHAL]                 AUHAL.cpp:662   SelectDevice: (0x125864840) not already running
2026-05-09 20:45:50.836 Df Music[688:3aade] [com.apple.coreaudio:AUHAL]                 AUHAL.cpp:668   SelectDevice: (0x125864840) disconnecting device 139
2026-05-09 20:45:50.836 Df Music[688:3aade] [com.apple.coreaudio:AUHAL]                 AUHAL.cpp:732   SelectDevice: (0x125864840) destroying ioproc 0x12 for device 139
2026-05-09 20:45:50.836 Df Music[688:3aade] [com.apple.coreaudio:as_client]   AVAudioSession_MacOS.mm:2783  --> setPlayState Stopped  Output {com.spatial.app.driver.speaker, 0x12}
2026-05-09 20:45:50.836 I  Music[688:3aade] [com.apple.coreaudio:as_client]   AVAudioSession_MacOS.mm:2803  Devices are same: =1. Previous: {(
)}. Current: {(
)}
2026-05-09 20:45:50.836 Df Music[688:3aade] [com.apple.coreaudio:as_client]   AVAudioSession_MacOS.mm:2814  <-- setPlayState IOState: [0, 0]. BT device UIDS: {(
)} Server update was not required.
2026-05-09 20:45:50.836 Df Music[688:3aade] [com.apple.coreaudio:AUHAL]                 AUHAL.cpp:743   SelectDevice: (0x125864840) connecting device 240
2026-05-09 20:45:50.836 Df Music[688:3aade] [com.apple.coreaudio:AUHAL]                 AUHAL.cpp:3331  IsDeviceUsable: (0x125864840) Device ID: 240 (Input:No | Output:Yes): true
2026-05-09 20:45:50.836 Df Music[688:3aade] [com.apple.coreaudio:AUHAL]                 AUHAL.cpp:755   SelectDevice: (0x125864840) created ioproc 0xd for device 240
2026-05-09 20:45:50.837 Df Music[688:3aade] [com.apple.coreaudio:AUHAL]                 AUHAL.cpp:844   SelectDevice: (0x125864840) adding 6 device listeners to device 240
2026-05-09 20:45:50.837 Df coreaudiod[5493:3abcc] (CoreAudio) HALS_DefaultDeviceManager.cpp:1706   HALS_DefaultDeviceManager::FindPreferredDefaultDevice: 'dIn ' | found preferred[0] 36: 'com.spatial.app.driver.speaker'/''
2026-05-09 20:45:50.837 Df Music[688:3aade] [com.apple.coreaudio:AUHAL]                 AUHAL.cpp:844   SelectDevice: (0x125864840) adding 0 device delegate listeners to device 240
2026-05-09 20:45:50.837 Df coreaudiod[5493:3abcc] (CoreAudio) HALS_DefaultDeviceManager.cpp:1706   HALS_DefaultDeviceManager::FindPreferredDefaultDevice: 'dOut' | found preferred[0] 542: '37330022-0000-0000-1C20-0103802F1E78'/''
2026-05-09 20:45:50.837 Df Music[688:3aade] [com.apple.coreaudio:AUHAL]                 AUHAL.cpp:1514  UpdateStreamFormats: -> (0x125864840)
2026-05-09 20:45:50.837 Df Music[688:3aade] [com.apple.coreaudio:AUHAL]                 AUHAL.cpp:1610  UpdateStreamFormats: 
  output stream 0 [0xf1]:  2 ch,  48000 Hz, Float32, interleaved
2026-05-09 20:45:50.837 Df coreaudiod[5493:3abcc] (CoreAudio) HALS_DefaultDeviceManager.cpp:1706   HALS_DefaultDeviceManager::FindPreferredDefaultDevice: 'sOut' | found preferred[0] 542: '37330022-0000-0000-1C20-0103802F1E78'/''
2026-05-09 20:45:50.837 Df Music[688:3aade] [com.apple.coreaudio:AUHAL]                 AUHAL.cpp:1622  UpdateStreamFormats: 1 output streams; not all mono
2026-05-09 20:45:50.837 Df Music[688:3aade] [com.apple.coreaudio:AUHAL]                 AUHAL.cpp:1634  UpdateStreamFormats: 
  Output render format:  2 ch,  48000 Hz, Float32, interleaved
2026-05-09 20:45:50.837 Df coreaudiod[5493:3abcc] (CoreAudio) HALS_DefaultDeviceManager.cpp:1706   HALS_DefaultDeviceManager::FindPreferredDefaultDevice: 'shrd' | found preferred[0] 542: '37330022-0000-0000-1C20-0103802F1E78'/''
2026-05-09 20:45:50.837 Df Music[688:3aade] [com.apple.coreaudio:AUHAL]                 AUHAL.cpp:1622  UpdateStreamFormats: 0 input streams; not all mono
2026-05-09 20:45:50.838 Db coreaudiod[5493:3abcc] [com.apple.coreaudio:AMCP] 234031                  HALS_Device.cpp:4163  [hal_dsp][offloads][bypass] (Client ID: 692) (Device ID: 718) (Storage: 0x0) get client bypassed offload <no offloads>
2026-05-09 20:45:50.840 I  Spatial[57003:3acf1] [com.apple.coreaudio:ddagg]        AggregateDevice.mm:188   device 145 scope 'inpt': streamChannelCounts 2, totalChannelCount 2, defaultPair (1, 2)
2026-05-09 20:45:50.837 Df Music[688:3aade] [com.apple.coreaudio:AUHAL]                 AUHAL.cpp:1704  UpdateStreamFormats: AUHAL(0x125864840) Calling PropertyChanged() for kAudioUnitProperty_StreamFormat, Scope:Output, Bus:Output
2026-05-09 20:45:50.838 Df coreaudiod[5493:3abcc] (CoreAudio) HALS_Device_HostedDSP.cpp:102    [hal_dsp][offloads] (Client ID: 692) (Device ID: 718) Offloads are available, but this device will not offload -> Device Does Not Request Offloads
2026-05-09 20:45:50.837 Df Music[688:3aade] [com.apple.coreaudio:AUHAL]                 AUHAL.cpp:1720  UpdateStreamFormats: <-
2026-05-09 20:45:50.838 Db coreaudiod[5493:3abcc] [com.apple.coreaudio:AMCP] 234031              HALS_MetaDevice.cpp:939   [hal_dsp][offloads] (Client ID: 692) (Device ID: 718) Aggregate context description has NOTHING for offloads.
2026-05-09 20:45:50.837 Df Music[688:3aade] [com.apple.coreaudio:AUHAL]                 AUHAL.cpp:881   SelectDevice: (0x125864840) removing 6 device listeners from device 139
2026-05-09 20:45:50.838 Db coreaudiod[5493:3abcc] [com.apple.coreaudio:AMCP] 234031              HALS_MetaDevice.cpp:1148  [hal_dsp][iso] (Device ID: 718) <private>.
2026-05-09 20:45:50.839 Df Music[688:3aade] [com.apple.coreaudio:AUHAL]                 AUHAL.cpp:881   SelectDevice: (0x125864840) removing 0 device delegate listeners from device 139
2026-05-09 20:45:50.838 Df coreaudiod[5493:3abd0] [com.apple.coreaudio:AMCP] 240227   HALS_IOContext_Legacy_Impl.cpp:4776  AllowNegotiateAdaptInSetComposition: useCaseID = 0, isServerBuild = true, isIsolatedUseCase = false, isSharedDsp = false, istvos = false, adaptNow = false
2026-05-09 20:45:50.839 Df Music[688:3aade] [com.apple.coreaudio:AUHAL]                 AUHAL.cpp:897   SelectDevice: <- (0x125864840)
2026-05-09 20:45:50.839 Df Music[688:3aade] [com.apple.coreaudio:AUHAL]                 AUHAL.cpp:967   HALListener: <-(0x125864840)
2026-05-09 20:45:50.842 I  Spatial[57003:3acf1] [com.apple.coreaudio:ddagg]        AggregateDevice.mm:188   device 145 scope 'outp': streamChannelCounts 2 2, totalChannelCount 4, defaultPair (1, 2)
2026-05-09 20:45:50.842 Db audioanalyticsd[508:3ad01] [com.apple.audioanalytics:carr] Processing message. { reporterID=244826020773891, singleServerSession=false }
2026-05-09 20:45:50.843 Db audioanalyticsd[508:3ad01] [com.apple.audioanalytics:carr] No decorator data found. { audioEventType=<private>, audioEventCategory=<private>, reporterID=244826020773891 }
2026-05-09 20:45:50.843 Db audioanalyticsd[508:3ad01] [com.apple.audioanalytics:carr] No decorator data found. { audioEventType=<private>, audioEventCategory=<private>, reporterID=244826020773891 }
2026-05-09 20:45:50.844 I  Spatial[57003:3acf1] [com.apple.coreaudio:ddagg]        AggregateDevice.mm:188   device 49 scope 'inpt': streamChannelCounts 2, totalChannelCount 2, defaultPair (1, 2)
2026-05-09 20:45:50.844 Df coreaudiod[5493:3abd0] (CoreAudio)    HALS_UCRemotePlugIn.mm:1344   HALS_UCRemotePlugIn::ObjectGetPropertyData: failed:  [<private>/<private>/0], Error: 2003332927 (<private>)
2026-05-09 20:45:50.845 Df coreaudiod[5493:3acc9] (CoreAudio)    HALS_UCRemotePlugIn.mm:1344   HALS_UCRemotePlugIn::ObjectGetPropertyData: failed:  [<private>/<private>/0], Error: 2003332927 (<private>)
2026-05-09 20:45:50.845 I  Spatial[57003:3acf1] [com.apple.coreaudio:ddagg]        AggregateDevice.mm:188   device 49 scope 'outp': streamChannelCounts 2, totalChannelCount 2, defaultPair (1, 2)
2026-05-09 20:45:50.845 Db audioanalyticsd[508:3ad01] [com.apple.audioanalytics:carr] Processing message. { reporterID=244826020773891, singleServerSession=false }
2026-05-09 20:45:50.845 Df coreaudiod[5493:3abd0] (CoreAudio)    HALS_UCRemotePlugIn.mm:1344   HALS_UCRemotePlugIn::ObjectGetPropertyData: failed:  [<private>/<private>/0], Error: 2003332927 (<private>)
2026-05-09 20:45:50.846 Db audioanalyticsd[508:3ad01] [com.apple.audioanalytics:carr] No decorator data found. { audioEventType=<private>, audioEventCategory=<private>, reporterID=244826020773891 }
2026-05-09 20:45:50.846 Df coreaudiod[5493:3acc9] (CoreAudio)    HALS_UCRemotePlugIn.mm:1344   HALS_UCRemotePlugIn::ObjectGetPropertyData: failed:  [<private>/<private>/0], Error: 2003332927 (<private>)
2026-05-09 20:45:50.846 Db audioanalyticsd[508:3ad01] [com.apple.audioanalytics:carr] No decorator data found. { audioEventType=<private>, audioEventCategory=<private>, reporterID=244826020773891 }
2026-05-09 20:45:50.846 I  Spatial[57003:3acf1] [com.apple.coreaudio:ddagg]        AggregateDevice.mm:188   device 90 scope 'inpt': streamChannelCounts , totalChannelCount 0, defaultPair (0, 0)
2026-05-09 20:45:50.846 I  Spatial[57003:3acf1] [com.apple.coreaudio:ddagg]        AggregateDevice.mm:188   device 90 scope 'outp': streamChannelCounts 2, totalChannelCount 2, defaultPair (1, 2)
2026-05-09 20:45:50.847 Db audioanalyticsd[508:3ad01] [com.apple.audioanalytics:cars] stopSession() called. { reporterID=244826020773891 }
2026-05-09 20:45:50.847 Db audioanalyticsd[508:3ad01] [com.apple.audioanalytics:carr] signalStop() called. { isStarted=<private>, reporterID=244826020773891 }
2026-05-09 20:45:50.847 Db audioanalyticsd[508:3ad01] [com.apple.audioanalytics:carr] Processing message. { reporterID=244826020773891, singleServerSession=false }
2026-05-09 20:45:50.848 Db audioanalyticsd[508:3ad01] [com.apple.audioanalytics:carr] enqueueStop() called. { reporterID=244826020773891 }
2026-05-09 20:45:50.848 Db audioanalyticsd[508:3ad01] [com.apple.audioanalytics:cars] Session stop signaled. { reporterID=244826020773891 }
2026-05-09 20:45:50.848 Db audioanalyticsd[508:3ad01] [com.apple.audioanalytics:cars] destroySession() called. { reporterID=244826020773891 }
2026-05-09 20:45:50.848 Db audioanalyticsd[508:3ad01] [com.apple.audioanalytics:carr] stop() called. { isStarted=<private>, reporterID=244826020773891 }
2026-05-09 20:45:50.848 Db audioanalyticsd[508:3ad01] [com.apple.audioanalytics:carr] Processing message. { reporterID=244826020773891, singleServerSession=false }
2026-05-09 20:45:50.848 Db audioanalyticsd[508:3ad01] [com.apple.audioanalytics:carr] Ending session. { reporterID=244826020773891 }
2026-05-09 20:45:50.848 Df Spatial[57003:3acf1] [com.apple.coreaudio:ddagg]        AggregateDevice.mm:644   Built valid aggregate 145
2026-05-09 20:45:50.848 Db audioanalyticsd[508:3ad01] [com.apple.audioanalytics:carr] Stopping worker { worker=<private>, reporterID=244826020773891  }
2026-05-09 20:45:50.848 I  Spatial[57003:3abad] [com.apple.coreaudio:ddagg]        AggregateDevice.mm:586   Destroyed aggregate 141
2026-05-09 20:45:50.849 Db audioanalyticsd[508:3ad01] [com.apple.audioanalytics:carr] Processing message. { reporterID=244826020773891, singleServerSession=false }
2026-05-09 20:45:50.850 Df coreaudiod[5493:3abcc] (CoreAudio)           HALS_Device.cpp:233    HALS_Device::_Deactivate: deactivating device 713: CADefaultDeviceAggregate-57003-2
2026-05-09 20:45:50.850 Df coreaudiod[5493:3abcc] (CoreAudio)           HALS_Device.cpp:233    HALS_Device::_Deactivate: deactivating device 713: CADefaultDeviceAggregate-57003-2
2026-05-09 20:45:50.850 Db coreaudiod[5493:3abcb] [com.apple.coreaudio:AMCP] 237939                  HALS_Device.cpp:5074  HALS_Device::ClientDSPInfo::~ClientDSPInfo() - poof!
2026-05-09 20:45:50.850 Db audioanalyticsd[508:3ad01] [com.apple.audioanalytics:carr] Processing message. { reporterID=244826020773891, singleServerSession=false }
2026-05-09 20:45:50.852 Db audioanalyticsd[508:3ad01] [com.apple.audioanalytics:carr] Stopping worker { worker=<private>, reporterID=244826020773891  }
2026-05-09 20:45:50.852 Db audioanalyticsd[508:3ad01] [com.apple.audioanalytics:carr] Stopping worker { worker=<private>, reporterID=244826020773891  }
2026-05-09 20:45:50.852 Db audioanalyticsd[508:3ad01] [com.apple.audioanalytics:carr] Stopping worker { worker=summaryDecorator, reporterID=244826020773891  }
2026-05-09 20:45:50.852 Db audioanalyticsd[508:3ad01] [com.apple.audioanalytics:carr] Stopping worker { worker=<private>, reporterID=244826020773891  }
2026-05-09 20:45:50.852 Db audioanalyticsd[508:3ad01] [com.apple.audioanalytics:carr] runningTime { runningTime=0.040127 caTimestamp=1778330750.850798 startCaTimestamp=1778330750.810671 reporterID=244826020773891 }
2026-05-09 20:45:50.852 Db audioanalyticsd[508:3ad01] [com.apple.audioanalytics:carr] skipped summary message, too short { action=skip, count=2 }
2026-05-09 20:45:50.852 Db audioanalyticsd[508:3ad01] [com.apple.audioanalytics:carr] runningTime { runningTime=0.038354 caTimestamp=1778330750.849025 startCaTimestamp=1778330750.810671 reporterID=244826020773891 }
2026-05-09 20:45:50.852 Db audioanalyticsd[508:3ad01] [com.apple.audioanalytics:carr] skipped summary message, too short { action=skip, count=2 }
2026-05-09 20:45:50.852 Db audioanalyticsd[508:3ad01] [com.apple.audioanalytics:carr] Stopping worker { worker=inferenceSummary, reporterID=244826020773891  }
2026-05-09 20:45:50.852 Db audioanalyticsd[508:3ad01] [com.apple.audioanalytics:carr] Stopping worker { worker=<private>, reporterID=244826020773891  }
2026-05-09 20:45:50.852 Db audioanalyticsd[508:3ad01] [com.apple.audioanalytics:carr] Processing message. { reporterID=244826020773891, singleServerSession=false }
2026-05-09 20:45:50.853 Db audioanalyticsd[508:3ad01] [com.apple.audioanalytics:apwl] Worker not started, cannot send message to PowerLog. { reporterID=244826020773891 }
2026-05-09 20:45:50.853 Db audioanalyticsd[508:3ad01] [com.apple.audioanalytics:carr] Stopping worker { worker=<private>, reporterID=244826020773891  }
2026-05-09 20:45:50.853 Db audioanalyticsd[508:3ad01] [com.apple.audioanalytics:carr] Stopping worker { worker=<private>, reporterID=244826020773891  }
2026-05-09 20:45:50.853 Df coreaudiod[5493:3acc9] (CoreAudio) HALS_DefaultDeviceManager.cpp:1706   HALS_DefaultDeviceManager::FindPreferredDefaultDevice: 'dIn ' | found preferred[0] 36: 'com.spatial.app.driver.speaker'/''
2026-05-09 20:45:50.853 Df coreaudiod[5493:3acc9] (CoreAudio) HALS_DefaultDeviceManager.cpp:1706   HALS_DefaultDeviceManager::FindPreferredDefaultDevice: 'dOut' | found preferred[0] 542: '37330022-0000-0000-1C20-0103802F1E78'/''
2026-05-09 20:45:50.853 Df coreaudiod[5493:3acc9] (CoreAudio) HALS_DefaultDeviceManager.cpp:1706   HALS_DefaultDeviceManager::FindPreferredDefaultDevice: 'sOut' | found preferred[0] 542: '37330022-0000-0000-1C20-0103802F1E78'/''
2026-05-09 20:45:50.853 Db audioanalyticsd[508:3ad01] [com.apple.audioanalytics:cars] Removing from session list. { reporterID=244826020773891 }
2026-05-09 20:45:50.853 Df coreaudiod[5493:3acc9] (CoreAudio) HALS_DefaultDeviceManager.cpp:1706   HALS_DefaultDeviceManager::FindPreferredDefaultDevice: 'shrd' | found preferred[0] 542: '37330022-0000-0000-1C20-0103802F1E78'/''
2026-05-09 20:45:50.853 Db audioanalyticsd[508:3ad01] [com.apple.audioanalytics:cars] Active reporting sessions. { clientProcessName=<private>, sessionCount=1, activeSessions=<private> }
2026-05-09 20:45:50.854 Db audioanalyticsd[508:3ad01] [com.apple.audioanalytics:cars] sendMessage() called. { reporterID=<private>, category=Generic, type=Generic }
2026-05-09 20:45:50.854 Db audioanalyticsd[508:3ad01] [com.apple.audioanalytics:cars] sendMessage { reporterID=244826020773892 }
2026-05-09 20:45:50.854 Db audioanalyticsd[508:3ad01] [com.apple.audioanalytics:carr] Processing message. { reporterID=244826020773892, singleServerSession=false }
2026-05-09 20:45:50.854 Db audioanalyticsd[508:3ad01] [com.apple.audioanalytics:carr] runningTime { runningTime=2.538896 caTimestamp=1778330750.819987 startCaTimestamp=1778330748.281091 reporterID=244826020773892 }
2026-05-09 20:45:50.854 Db audioanalyticsd[508:3ad01] [com.apple.audioanalytics:carr] added summary message { action=add, count=2 }
2026-05-09 20:45:50.854 Db audioanalyticsd[508:3ad01] [com.apple.audioanalytics:carr] Processing message. { reporterID=244826020773892, singleServerSession=false }
2026-05-09 20:45:50.854 Db audioanalyticsd[508:3ad01] [com.apple.audioanalytics:carr] No decorator data found. { audioEventType=<private>, audioEventCategory=<private>, reporterID=244826020773892 }
2026-05-09 20:45:50.854 Db audioanalyticsd[508:3ad01] [com.apple.audioanalytics:carr] No decorator data found. { audioEventType=<private>, audioEventCategory=<private>, reporterID=244826020773892 }
2026-05-09 20:45:50.855 Db audioanalyticsd[508:3ad01] [com.apple.audioanalytics:cars] stopSession() called. { reporterID=244826020773892 }
2026-05-09 20:45:50.855 Db audioanalyticsd[508:3ad01] [com.apple.audioanalytics:carr] signalStop() called. { isStarted=<private>, reporterID=244826020773892 }
2026-05-09 20:45:50.855 Db audioanalyticsd[508:3ad01] [com.apple.audioanalytics:carr] Processing message. { reporterID=244826020773892, singleServerSession=false }
2026-05-09 20:45:50.856 Db audioanalyticsd[508:3ad01] [com.apple.audioanalytics:carr] enqueueStop() called. { reporterID=244826020773892 }
2026-05-09 20:45:50.856 Db audioanalyticsd[508:3ad01] [com.apple.audioanalytics:cars] Session stop signaled. { reporterID=244826020773892 }
2026-05-09 20:45:50.856 Db audioanalyticsd[508:3ad01] [com.apple.audioanalytics:cars] destroySession() called. { reporterID=244826020773892 }
2026-05-09 20:45:50.856 Db audioanalyticsd[508:3ad01] [com.apple.audioanalytics:carr] stop() called. { isStarted=<private>, reporterID=244826020773892 }
2026-05-09 20:45:50.856 Db audioanalyticsd[508:3ad01] [com.apple.audioanalytics:carr] Processing message. { reporterID=244826020773892, singleServerSession=false }
2026-05-09 20:45:50.856 Db audioanalyticsd[508:3ad01] [com.apple.audioanalytics:carr] Ending session. { reporterID=244826020773892 }
2026-05-09 20:45:50.856 Db audioanalyticsd[508:3ad01] [com.apple.audioanalytics:carr] Stopping worker { worker=<private>, reporterID=244826020773892  }
2026-05-09 20:45:50.856 Db audioanalyticsd[508:3ad01] [com.apple.audioanalytics:carr] Processing message. { reporterID=244826020773892, singleServerSession=false }
2026-05-09 20:45:50.857 Db audioanalyticsd[508:3ad01] [com.apple.audioanalytics:carr] Stopping worker { worker=<private>, reporterID=244826020773892  }
2026-05-09 20:45:50.857 Db audioanalyticsd[508:3ad01] [com.apple.audioanalytics:carr] Stopping worker { worker=<private>, reporterID=244826020773892  }
2026-05-09 20:45:50.857 Db audioanalyticsd[508:3ad01] [com.apple.audioanalytics:carr] Stopping worker { worker=summaryDecorator, reporterID=244826020773892  }
2026-05-09 20:45:50.858 Db audioanalyticsd[508:3ad01] [com.apple.audioanalytics:carr] Stopping worker { worker=<private>, reporterID=244826020773892  }
2026-05-09 20:45:50.858 Db audioanalyticsd[508:3ad01] [com.apple.audioanalytics:carr] runningTime { runningTime=0.036773 caTimestamp=1778330750.856760 startCaTimestamp=1778330750.819987 reporterID=244826020773892 }
2026-05-09 20:45:50.858 Db audioanalyticsd[508:3ad01] [com.apple.audioanalytics:carr] skipped summary message, too short { action=skip, count=2 }
2026-05-09 20:45:50.858 Db audioanalyticsd[508:3ad01] [com.apple.audioanalytics:carr] Stopping worker { worker=inferenceSummary, reporterID=244826020773892  }
2026-05-09 20:45:50.858 Db audioanalyticsd[508:3ad01] [com.apple.audioanalytics:carr] Stopping worker { worker=<private>, reporterID=244826020773892  }
2026-05-09 20:45:50.858 Db audioanalyticsd[508:3ad01] [com.apple.audioanalytics:carr] Processing message. { reporterID=244826020773892, singleServerSession=false }
2026-05-09 20:45:50.858 Db audioanalyticsd[508:3ad01] [com.apple.audioanalytics:apwl] Worker not started, cannot send message to PowerLog. { reporterID=244826020773892 }
2026-05-09 20:45:50.859 Db audioanalyticsd[508:3ad01] [com.apple.audioanalytics:carr] Stopping worker { worker=<private>, reporterID=244826020773892  }
2026-05-09 20:45:50.859 Db audioanalyticsd[508:3ad01] [com.apple.audioanalytics:carr] Stopping worker { worker=<private>, reporterID=244826020773892  }
2026-05-09 20:45:50.859 Db audioanalyticsd[508:3ad01] [com.apple.audioanalytics:cars] Removing from session list. { reporterID=244826020773892 }
2026-05-09 20:45:50.859 Db audioanalyticsd[508:3ad01] [com.apple.audioanalytics:cars] Active reporting sessions. { clientProcessName=<private>, sessionCount=0, activeSessions=<private> }
2026-05-09 20:45:51.080 Df coreaudiod[5493:7be5] [com.apple.coreaudio:AMCP] 193315   HALS_IOContext_Legacy_Impl.cpp:2292  Exitted PerformIO early - thread hasBeenStopped: 1 and shouldExit: 0
2026-05-09 20:45:51.080 Df coreaudiod[5493:3abff] (CoreAudio)        HALS_IOEngine2.cpp:2289   HALS_IOEngine2::StopIO: stopping IO on device <private>
2026-05-09 20:45:51.081 Df coreaudiod[5493:7be5] [com.apple.coreaudio:AMCP] 193315               HALS_IOEngine2.cpp:2685  HALS_IOEngine2::_StopIO(40) called on Context 144  current state: Prewarm: 0 Play: 1 State: Running
2026-05-09 20:45:51.080 Df Spotify[681:1f7e] [com.apple.coreaudio:AMCP] 141103          HALC_ProxyIOContext.cpp:1593  HALC_ProxyIOContext::IOWorkLoop: ending the transport, stopping the io thread
2026-05-09 20:45:51.082 Df coreaudiod[5493:3abff] (CoreAudio) HALS_IOContext_Legacy_Impl.cpp:2040   IO Stopped Context 144 after 373248 frames.
2026-05-09 20:45:51.082 Df audiomxd[2438:3a594] [com.apple.coreaudio:as_server] AVAudioSessionXPCServer.mm:2667  { "action":"update_running_state", "session":{"ID":"0x986001","name":"Spotify(681)"}, "details":{"deviceUIDs":[],"implicit_category":"","input_running":false,"output_running":false} }
2026-05-09 20:45:51.082 Df Spotify[681:3a7c7] [com.apple.coreaudio:as_client]   AVAudioSession_MacOS.mm:2783  --> setPlayState Stopped  Output {com.spatial.app.driver.speaker, 0xe}
2026-05-09 20:45:51.082 Df coreaudiod[5493:3abff] (CoreAudio) HALS_IOContext_Legacy_Impl.cpp:2064   HALS_IOContext_Legacy_Impl::IOWorkLoopDeinit: 144 com.spatial.app.driver.speaker (com.spatial.app.driver.speaker): stopping with error 0
2026-05-09 20:45:51.083 I  audiomxd[2438:3ac08] [com.apple.coreaudio:as_server] AudioSessionServerImpNotificationHandlers.mm:686   HandleMXNotification, session ID = 0x986001, name = CMSessionIsActiveDidChange, payload = {
    CMSessionIsActive = 0;
}
2026-05-09 20:45:51.082 I  Spotify[681:3a7c7] [com.apple.coreaudio:as_client]   AVAudioSession_MacOS.mm:2803  Devices are same: =0. Previous: {(
    "com.spatial.app.driver.speaker"
)}. Current: {(
)}
2026-05-09 20:45:51.082 Df coreaudiod[5493:3abcc] (CoreAudio)   HALB_PowerAssertion.cpp:153    HALB_PowerAssertion::Release: releasing power assertion ID 33957 of type 'PreventUserIdleSystemSleep' with name: 'com.apple.audio.com.spatial.app.driver.speaker.context.preventuseridlesleep' on behalf of 681 taken at <private> for 7.790291 seconds
2026-05-09 20:45:51.083 Df Spotify[681:3a7c7] [com.apple.coreaudio:as_client]   AVAudioSession_MacOS.mm:1227  Sent updated IOState to server: [0, 0]. BT device UIDS: {(
)}
2026-05-09 20:45:51.084 Db coreaudiod[5493:7be5] [com.apple.coreaudio:AMCP] 193315   HALS_IOContext_Legacy_Impl.cpp:2073  Completed HALS_IOContext_Legacy_Impl::IOWorkLoopDeinit
2026-05-09 20:45:51.083 Df Spotify[681:3a7c7] [com.apple.coreaudio:as_client]   AVAudioSession_MacOS.mm:2819  <-- setPlayState Server update was required.
2026-05-09 20:45:51.084 Db Spotify[681:1683] [com.apple.coreaudio:AMCP]    259           HALRBSAssertionGlue.mm:122   Released the AudioHAL RBSAssertion for pid: 681
2026-05-09 20:45:51.108 Df Spotify[681:3a7c7] [com.apple.coreaudio:AUHAL]                 AUHAL.cpp:668   SelectDevice: (0x1140315e540) disconnecting device 127
2026-05-09 20:45:51.108 Df Spotify[681:3a7c7] [com.apple.coreaudio:AUHAL]                 AUHAL.cpp:732   SelectDevice: (0x1140315e540) destroying ioproc 0xe for device 127
2026-05-09 20:45:51.108 Df Spotify[681:3a7c7] [com.apple.coreaudio:as_client]   AVAudioSession_MacOS.mm:2783  --> setPlayState Stopped  Output {com.spatial.app.driver.speaker, 0xe}
2026-05-09 20:45:51.108 I  Spotify[681:3a7c7] [com.apple.coreaudio:as_client]   AVAudioSession_MacOS.mm:2803  Devices are same: =1. Previous: {(
)}. Current: {(
)}
2026-05-09 20:45:51.108 Df Spotify[681:3a7c7] [com.apple.coreaudio:as_client]   AVAudioSession_MacOS.mm:2814  <-- setPlayState IOState: [0, 0]. BT device UIDS: {(
)} Server update was not required.
2026-05-09 20:45:51.109 Df Spotify[681:3a7c7] [com.apple.coreaudio:AUHAL]                 AUHAL.cpp:743   SelectDevice: (0x1140315e540) connecting device 240
2026-05-09 20:45:51.109 Df Spotify[681:3a7c7] [com.apple.coreaudio:AUHAL]                 AUHAL.cpp:3331  IsDeviceUsable: (0x1140315e540) Device ID: 240 (Input:No | Output:Yes): true
2026-05-09 20:45:51.109 Df Spotify[681:3a7c7] [com.apple.coreaudio:AUHAL]                 AUHAL.cpp:755   SelectDevice: (0x1140315e540) created ioproc 0xa for device 240
2026-05-09 20:45:51.109 Df Spotify[681:3a7c7] [com.apple.coreaudio:AUHAL]                 AUHAL.cpp:844   SelectDevice: (0x1140315e540) adding 6 device listeners to device 240
