Filtering the log data using "process == "coreaudiod" OR subsystem == "com.apple.audio.AUHAL" OR subsystem == "com.apple.coreaudio" OR subsystem BEGINSWITH "com.apple.audio""
Timestamp               Ty Process[PID:TID]
2026-05-09 20:45:10.646 Db audioanalyticsd[508:3a423] [com.apple.audioanalytics:cars] osTransaction timeout. { seconds=<private> }
2026-05-09 20:45:16.922 Df coreaudiod[5493:39c8f] (CoreAudio) HALS_DefaultDeviceManager.cpp:1068   HALS_DefaultDeviceManager::SetDefaultDevice:           'dOut' |  36: 'com.spatial.app.driver.speaker'/''
2026-05-09 20:45:16.928 Df coreaudiod[5493:39c8f] (CoreAudio) HALS_DefaultDeviceManager.cpp:1706   HALS_DefaultDeviceManager::FindPreferredDefaultDevice: 'dOut' | found preferred[0] 36: 'com.spatial.app.driver.speaker'/''
2026-05-09 20:45:16.930 Df Music[688:39ca3] [com.apple.coreaudio:AUHAL]                 AUHAL.cpp:947   HALListener: ->(0x123010a40) 1 addresses @ 0x6000014c70e0; thread 0x16b76f000
2026-05-09 20:45:16.933 Df Music[688:39ca3] [com.apple.coreaudio:AUHAL]                 AUHAL.cpp:960   HALListener:   (0x123010a40) Property dOut/glob/0x00000000 changed; value 0x8b (0x0)
2026-05-09 20:45:16.933 Df Music[688:39ca3] [com.apple.coreaudio:AUHAL]                 AUHAL.cpp:610   SelectDevice: -> (0x123010a40)
2026-05-09 20:45:16.933 Df Music[688:39ca3] [com.apple.coreaudio:AUHAL]                 AUHAL.cpp:662   SelectDevice: (0x123010a40) not already running
2026-05-09 20:45:16.934 Df Spotify[681:3a256] [com.apple.coreaudio:AUHAL]                 AUHAL.cpp:947   HALListener: ->(0x1140315e540) 1 addresses @ 0x114083103e0; thread 0x16da53000
2026-05-09 20:45:16.934 Df Spotify[681:3a256] [com.apple.coreaudio:AUHAL]                 AUHAL.cpp:960   HALListener:   (0x1140315e540) Property dOut/glob/0x00000000 changed; value 0x7f (0x0)
2026-05-09 20:45:16.934 Df Spotify[681:3a256] [com.apple.coreaudio:AUHAL]                 AUHAL.cpp:610   SelectDevice: -> (0x1140315e540)
2026-05-09 20:45:16.934 Df Spotify[681:3a256] [com.apple.coreaudio:AUHAL]                 AUHAL.cpp:662   SelectDevice: (0x1140315e540) not already running
2026-05-09 20:45:16.932 Df coreaudiod[5493:39c8f] (CoreAudio) HALS_DefaultDeviceManager.cpp:1706   HALS_DefaultDeviceManager::FindPreferredDefaultDevice: 'shrd' | found preferred[0] 36: 'com.spatial.app.driver.speaker'/''
2026-05-09 20:45:16.935 A  coreaudiod[5493:3a550] (TCC) TCCAccessRequest() IPC
2026-05-09 20:45:16.935 Df coreaudiod[5493:3a550] [com.apple.xpc:connection] [0x612150600] activating connection: mach=true listener=false peer=false name=com.apple.tccd.system
2026-05-09 20:45:16.935 I  coreaudiod[5493:3a550] [com.apple.TCC:access] SEND: 0/7 synchronous to com.apple.tccd.system: request: msgID=5493.748, function=TCCAccessRequest, service=kTCCServiceMicrophone, target_token={pid:688, auid:501, euid:501},
2026-05-09 20:45:16.933 Df Music[688:39ca3] [com.apple.coreaudio:AUHAL]                 AUHAL.cpp:668   SelectDevice: (0x123010a40) disconnecting device 168
2026-05-09 20:45:16.937 A  coreaudiod[5493:39c91] (TCC) TCCAccessRequest() IPC
2026-05-09 20:45:16.933 Df Music[688:39ca3] [com.apple.coreaudio:AUHAL]                 AUHAL.cpp:732   SelectDevice: (0x123010a40) destroying ioproc 0xd for device 168
2026-05-09 20:45:16.934 Df Spotify[681:3a256] [com.apple.coreaudio:AUHAL]                 AUHAL.cpp:668   SelectDevice: (0x1140315e540) disconnecting device 156
2026-05-09 20:45:16.934 Df Music[688:39ca3] [com.apple.coreaudio:as_client]   AVAudioSession_MacOS.mm:2783  --> setPlayState Stopped  Output {BuiltInSpeakerDevice, 0xd}
2026-05-09 20:45:16.934 Df Spotify[681:3a256] [com.apple.coreaudio:AUHAL]                 AUHAL.cpp:732   SelectDevice: (0x1140315e540) destroying ioproc 0xa for device 156
2026-05-09 20:45:16.934 I  Music[688:39ca3] [com.apple.coreaudio:as_client]   AVAudioSession_MacOS.mm:2803  Devices are same: =1. Previous: {(
)}. Current: {(
)}
2026-05-09 20:45:16.934 Df Spotify[681:3a256] [com.apple.coreaudio:as_client]   AVAudioSession_MacOS.mm:2783  --> setPlayState Stopped  Output {BuiltInSpeakerDevice, 0xa}
2026-05-09 20:45:16.934 Df Music[688:39ca3] [com.apple.coreaudio:as_client]   AVAudioSession_MacOS.mm:2814  <-- setPlayState IOState: [0, 0]. BT device UIDS: {(
)} Server update was not required.
2026-05-09 20:45:16.935 I  Spotify[681:3a256] [com.apple.coreaudio:as_client]   AVAudioSession_MacOS.mm:2803  Devices are same: =1. Previous: {(
)}. Current: {(
)}
2026-05-09 20:45:16.941 Df coreaudiod[5493:3a54e] (CoreAudio) HALS_DefaultDeviceManager.cpp:1068   HALS_DefaultDeviceManager::SetDefaultDevice:           'sOut' |  36: 'com.spatial.app.driver.speaker'/''
2026-05-09 20:45:16.935 Df Spotify[681:3a256] [com.apple.coreaudio:as_client]   AVAudioSession_MacOS.mm:2814  <-- setPlayState IOState: [0, 0]. BT device UIDS: {(
)} Server update was not required.
2026-05-09 20:45:16.934 Df Music[688:39ca3] [com.apple.coreaudio:AUHAL]                 AUHAL.cpp:743   SelectDevice: (0x123010a40) connecting device 139
2026-05-09 20:45:16.935 Df Spotify[681:3a256] [com.apple.coreaudio:AUHAL]                 AUHAL.cpp:743   SelectDevice: (0x1140315e540) connecting device 127
2026-05-09 20:45:16.935 Df Music[688:39ca3] [com.apple.coreaudio:AUHAL]                 AUHAL.cpp:3331  IsDeviceUsable: (0x123010a40) Device ID: 139 (Input:No | Output:Yes): true
2026-05-09 20:45:16.936 Df Spotify[681:3a256] [com.apple.coreaudio:AUHAL]                 AUHAL.cpp:3331  IsDeviceUsable: (0x1140315e540) Device ID: 127 (Input:No | Output:Yes): true
2026-05-09 20:45:16.942 Df coreaudiod[5493:3a54e] (CoreAudio) HALS_DefaultDeviceManager.cpp:1706   HALS_DefaultDeviceManager::FindPreferredDefaultDevice: 'sOut' | found preferred[0] 36: 'com.spatial.app.driver.speaker'/''
2026-05-09 20:45:16.942 Df coreaudiod[5493:3a54e] (CoreAudio) HALS_DefaultDeviceManager.cpp:1068   HALS_DefaultDeviceManager::SetDefaultDevice:           'dIn ' | transient 0: ''/''
2026-05-09 20:45:16.944 Df coreaudiod[5493:3a54e] (CoreAudio) HALS_DefaultDeviceManager.cpp:1706   HALS_DefaultDeviceManager::FindPreferredDefaultDevice: 'dIn ' | found preferred[0] 36: 'com.spatial.app.driver.speaker'/''
2026-05-09 20:45:16.944 I  systemsoundserverd[45034:39c9f] [com.apple.coreaudio:sssg]              SSSGraph.cpp:154   OutputDeviceChangeListenerProc: output device changed to 49
2026-05-09 20:45:16.945 Df systemsoundserverd[45034:39c9f] [com.apple.coreaudio:AUHAL]                 AUHAL.cpp:2231  SetProperty: (0x104640d30) caller requesting device change from 76 to 49
2026-05-09 20:45:16.945 Df systemsoundserverd[45034:39c9f] [com.apple.coreaudio:AUHAL]                 AUHAL.cpp:610   SelectDevice: -> (0x104640d30)
2026-05-09 20:45:16.945 Df systemsoundserverd[45034:39c9f] [com.apple.coreaudio:AUHAL]                 AUHAL.cpp:662   SelectDevice: (0x104640d30) not already running
2026-05-09 20:45:16.945 Df systemsoundserverd[45034:39c9f] [com.apple.coreaudio:AUHAL]                 AUHAL.cpp:668   SelectDevice: (0x104640d30) disconnecting device 76
2026-05-09 20:45:16.945 Df systemsoundserverd[45034:39c9f] [com.apple.coreaudio:AUHAL]                 AUHAL.cpp:732   SelectDevice: (0x104640d30) destroying ioproc 0xa for device 76
2026-05-09 20:45:16.945 I  systemsoundserverd[45034:39c9f] [com.apple.coreaudio:AMCP]   9787                Configuration.cpp:532   Allow Smart Routing on macOS
2026-05-09 20:45:16.945 Df systemsoundserverd[45034:39c9f] [com.apple.coreaudio:as_client]   AVAudioSession_MacOS.mm:1232  initForMacOS
2026-05-09 20:45:16.946 Df audiomxd[2438:393ab] [com.apple.coreaudio:as_server] AVAudioSessionXPCServer.mm:754   New connection: <NSXPCConnection: 0x78634d360> connection from pid 45034 on mach service named com.apple.audio.AudioSession (0x786bc0300)
2026-05-09 20:45:16.947 I  audiomxd[2438:393ab] [com.apple.coreaudio:as_server]       AudioSessionInfo.mm:279   Attempting to create a new MXSession for client with PID 45034
2026-05-09 20:45:16.948 Db audiomxd[2438:393ab] [com.apple.coreaudio:as_server]       AudioSessionInfo.mm:573   setting SecTaskRef: systemsoundserve[45034]/0#-1 LF=0
2026-05-09 20:45:16.948 Df audiomxd[2438:393ab] [com.apple.coreaudio:as_server]       AudioSessionInfo.mm:567   subsession created with ref 0x7863d9cc0
2026-05-09 20:45:16.948 Df audiomxd[2438:393ab] [com.apple.coreaudio:as_server]   ServerSessionManager.mm:296   { "action":"create_session", "session":{"ID":"0x98600b","name":"systemsoundserve(45034)"}, "details":{"PID":45034,"session_type":"Primary"} }
2026-05-09 20:45:16.948 Df audiomxd[2438:393ab] [com.apple.coreaudio:as_server]   ServerSessionManager.mm:895   Creating implicit audio app instance for 45034
2026-05-09 20:45:16.948 Df audiomxd[2438:393ab] [com.apple.coreaudio:as_server] AudioApplicationUpdatingPropertyList.mm:72    about to query MX for audio app dynamic property updates
2026-05-09 20:45:16.948 Df audiomxd[2438:393ab] [com.apple.coreaudio:as_server] AudioApplicationUpdatingPropertyList.mm:88    audio app dynamic properties already up to date (version: 983054)
2026-05-09 20:45:16.948 Df audiomxd[2438:393ab] [com.apple.coreaudio:as_server]   ServerSessionManager.mm:1063  Start process monitoring, pid = 45034, name = systemsoundserv
2026-05-09 20:45:16.948 Df systemsoundserverd[45034:39c9f] [com.apple.coreaudio:as_client]   AVAudioSession_MacOS.mm:1021  Created session with ID: 0x98600b
2026-05-09 20:45:16.948 Db systemsoundserverd[45034:39c9f] [com.apple.audioanalytics:carc] Created new reporting session. { reporterID=193419557208066 }
2026-05-09 20:45:16.948 Db systemsoundserverd[45034:39c9f] [com.apple.audioanalytics:carc] Set serviceType. { reporterID=193419557208066, serviceType=generic }
2026-05-09 20:45:16.949 Db systemsoundserverd[45034:39c9f] [com.apple.audioanalytics:carc] Set configuration. { reporterID=193419557208066, configuration=<private> }
2026-05-09 20:45:16.949 Db systemsoundserverd[45034:39c9f] [com.apple.audioanalytics:carc] Sending message. { reporterID=193419557208066, category=Setup, type=generic }
2026-05-09 20:45:16.949 Db systemsoundserverd[45034:39c9f] [com.apple.audioanalytics:carc] Reporter disconnected. { function=sendMessage, reporterID=193419557208066 }
2026-05-09 20:45:16.949 Df systemsoundserverd[45034:39c9f] [com.apple.coreaudio:as_client]   AVAudioSession_MacOS.mm:2783  --> setPlayState Stopped  Output {BuiltInSpeakerDevice, 0xa}
2026-05-09 20:45:16.949 I  systemsoundserverd[45034:39c9f] [com.apple.coreaudio:as_client]   AVAudioSession_MacOS.mm:2803  Devices are same: =1. Previous: {(
)}. Current: {(
)}
2026-05-09 20:45:16.949 Df systemsoundserverd[45034:39c9f] [com.apple.coreaudio:as_client]   AVAudioSession_MacOS.mm:2814  <-- setPlayState IOState: [0, 0]. BT device UIDS: {(
)} Server update was not required.
2026-05-09 20:45:16.949 Df systemsoundserverd[45034:39c9f] [com.apple.coreaudio:AUHAL]                 AUHAL.cpp:743   SelectDevice: (0x104640d30) connecting device 49
2026-05-09 20:45:16.949 Df systemsoundserverd[45034:39c9f] [com.apple.coreaudio:AUHAL]                 AUHAL.cpp:3331  IsDeviceUsable: (0x104640d30) Device ID: 49 (Input:No | Output:Yes): true
2026-05-09 20:45:16.949 A  coreaudiod[5493:3a575] (TCC) TCCAccessRequest() IPC
2026-05-09 20:45:16.961 I  coreaudiod[5493:3a550] [com.apple.TCC:access] RECV: synchronous reply <dictionary: 0x612150400> { count = 5, transaction: 0, voucher = 0x0, contents =
	"prompt_type" => <uint64: 0xb6ff543b133b8a97>: 1
	"auth_value" => <uint64: 0xb6ff543b133b8a9f>: 0
	"result" => <bool: 0x2067a3390>: false
	"auth_reason" => <uint64: 0xb6ff543b133b8ab7>: 5
	"auth_version" => <uint64: 0xb6ff543b133b8a97>: 1
}
2026-05-09 20:45:16.961 Df coreaudiod[5493:3a550] [com.apple.xpc:connection] [0x612150600] invalidated after the last release of the connection object
2026-05-09 20:45:16.961 Df coreaudiod[5493:39c91] [com.apple.xpc:connection] [0x612150600] activating connection: mach=true listener=false peer=false name=com.apple.tccd.system
2026-05-09 20:45:16.961 E  coreaudiod[5493:3a550] (CoreAudio)        HALS_IOContext.cpp:1481   Client is not granted access to the <private>.
2026-05-09 20:45:16.961 I  coreaudiod[5493:39c91] [com.apple.TCC:access] SEND: 0/7 synchronous to com.apple.tccd.system: request: msgID=5493.749, function=TCCAccessRequest, service=kTCCServiceMicrophone, target_token={pid:681, auid:501, euid:501},
2026-05-09 20:45:16.961 Df Music[688:39ca3] [com.apple.coreaudio:AUHAL]                 AUHAL.cpp:755   SelectDevice: (0x123010a40) created ioproc 0x10 for device 139
2026-05-09 20:45:16.961 Df Music[688:39ca3] [com.apple.coreaudio:AUHAL]                 AUHAL.cpp:844   SelectDevice: (0x123010a40) adding 6 device listeners to device 139
2026-05-09 20:45:16.962 Df Music[688:39ca3] [com.apple.coreaudio:AUHAL]                 AUHAL.cpp:844   SelectDevice: (0x123010a40) adding 3 device delegate listeners to device 139
2026-05-09 20:45:16.962 Df Music[688:39ca3] [com.apple.coreaudio:AUHAL]                 AUHAL.cpp:1514  UpdateStreamFormats: -> (0x123010a40)
2026-05-09 20:45:16.962 Df Music[688:39ca3] [com.apple.coreaudio:AUHAL]                 AUHAL.cpp:1610  UpdateStreamFormats: 
  output stream 0 [0x8c]:  2 ch,  48000 Hz, Float32, interleaved
2026-05-09 20:45:16.963 Df Music[688:39ca3] [com.apple.coreaudio:AUHAL]                 AUHAL.cpp:1622  UpdateStreamFormats: 1 output streams; not all mono
2026-05-09 20:45:16.963 Df Music[688:39ca3] [com.apple.coreaudio:AUHAL]                 AUHAL.cpp:1634  UpdateStreamFormats: 
  Output render format:  2 ch,  48000 Hz, Float32, interleaved
2026-05-09 20:45:16.964 Df Music[688:39ca3] [com.apple.coreaudio:AUHAL]                 AUHAL.cpp:1610  UpdateStreamFormats: 
  input stream 0 [0x8d]:  2 ch,  48000 Hz, Float32, interleaved
2026-05-09 20:45:16.964 Df Music[688:39ca3] [com.apple.coreaudio:AUHAL]                 AUHAL.cpp:1622  UpdateStreamFormats: 1 input streams; not all mono
2026-05-09 20:45:16.964 Df Music[688:39ca3] [com.apple.coreaudio:AUHAL]                 AUHAL.cpp:1826  SetStreamUsage: Output stream enables: Stream 0 is ENABLED
2026-05-09 20:45:16.964 Df Music[688:39ca3] [com.apple.coreaudio:AUHAL]                 AUHAL.cpp:1704  UpdateStreamFormats: AUHAL(0x123010a40) Calling PropertyChanged() for kAudioUnitProperty_StreamFormat, Scope:Output, Bus:Output
2026-05-09 20:45:16.967 Df Music[688:39ca3] [com.apple.coreaudio:AUHAL]                 AUHAL.cpp:1826  SetStreamUsage: Input stream enables: Stream 0 is DISABLED
2026-05-09 20:45:16.967 Df Music[688:39ca3] [com.apple.coreaudio:AUHAL]                 AUHAL.cpp:1720  UpdateStreamFormats: <-
2026-05-09 20:45:16.967 Df Music[688:39ca3] [com.apple.coreaudio:AUHAL]                 AUHAL.cpp:881   SelectDevice: (0x123010a40) removing 6 device listeners from device 168
2026-05-09 20:45:16.968 Df Music[688:39ca3] [com.apple.coreaudio:AUHAL]                 AUHAL.cpp:881   SelectDevice: (0x123010a40) removing 3 device delegate listeners from device 168
2026-05-09 20:45:16.968 Df Music[688:39ca3] [com.apple.coreaudio:AUHAL]                 AUHAL.cpp:897   SelectDevice: <- (0x123010a40)
2026-05-09 20:45:16.968 Df Music[688:39ca3] [com.apple.coreaudio:AUHAL]                 AUHAL.cpp:967   HALListener: <-(0x123010a40)
2026-05-09 20:45:16.968 Df Music[688:39ca3] [com.apple.coreaudio:AUHAL]                 AUHAL.cpp:947   HALListener: ->(0x12304ea40) 1 addresses @ 0x6000014c43b0; thread 0x16b76f000
2026-05-09 20:45:16.968 Df Music[688:39ca3] [com.apple.coreaudio:AUHAL]                 AUHAL.cpp:960   HALListener:   (0x12304ea40) Property dOut/glob/0x00000000 changed; value 0x8b (0x0)
2026-05-09 20:45:16.968 Df Music[688:39ca3] [com.apple.coreaudio:AUHAL]                 AUHAL.cpp:610   SelectDevice: -> (0x12304ea40)
2026-05-09 20:45:16.968 Df Music[688:39ca3] [com.apple.coreaudio:AUHAL]                 AUHAL.cpp:662   SelectDevice: (0x12304ea40) not already running
2026-05-09 20:45:16.968 Df Music[688:39ca3] [com.apple.coreaudio:AUHAL]                 AUHAL.cpp:668   SelectDevice: (0x12304ea40) disconnecting device 168
2026-05-09 20:45:16.968 Df Music[688:39ca3] [com.apple.coreaudio:AUHAL]                 AUHAL.cpp:732   SelectDevice: (0x12304ea40) destroying ioproc 0xe for device 168
2026-05-09 20:45:16.968 Df Music[688:39ca3] [com.apple.coreaudio:as_client]   AVAudioSession_MacOS.mm:2783  --> setPlayState Stopped  Output {BuiltInSpeakerDevice, 0xe}
2026-05-09 20:45:16.968 I  Music[688:39ca3] [com.apple.coreaudio:as_client]   AVAudioSession_MacOS.mm:2803  Devices are same: =1. Previous: {(
)}. Current: {(
)}
2026-05-09 20:45:16.968 Df Music[688:39ca3] [com.apple.coreaudio:as_client]   AVAudioSession_MacOS.mm:2814  <-- setPlayState IOState: [0, 0]. BT device UIDS: {(
)} Server update was not required.
2026-05-09 20:45:16.968 Df Music[688:39ca3] [com.apple.coreaudio:AUHAL]                 AUHAL.cpp:743   SelectDevice: (0x12304ea40) connecting device 139
2026-05-09 20:45:16.969 Df Music[688:39ca3] [com.apple.coreaudio:AUHAL]                 AUHAL.cpp:3331  IsDeviceUsable: (0x12304ea40) Device ID: 139 (Input:No | Output:Yes): true
2026-05-09 20:45:16.969 A  coreaudiod[5493:3a551] (TCC) TCCAccessRequest() IPC
2026-05-09 20:45:16.981 I  coreaudiod[5493:39c91] [com.apple.TCC:access] RECV: synchronous reply <dictionary: 0x612150400> { count = 5, transaction: 0, voucher = 0x0, contents =
	"prompt_type" => <uint64: 0xb6ff543b133b8a97>: 1
	"auth_value" => <uint64: 0xb6ff543b133b8a9f>: 0
	"result" => <bool: 0x2067a3390>: false
	"auth_reason" => <uint64: 0xb6ff543b133b8ab7>: 5
	"auth_version" => <uint64: 0xb6ff543b133b8a97>: 1
}
2026-05-09 20:45:16.981 Df coreaudiod[5493:39c91] [com.apple.xpc:connection] [0x612150600] invalidated after the last release of the connection object
2026-05-09 20:45:16.981 E  coreaudiod[5493:39c91] (CoreAudio)        HALS_IOContext.cpp:1481   Client is not granted access to the <private>.
2026-05-09 20:45:16.982 Df Spotify[681:3a256] [com.apple.coreaudio:AUHAL]                 AUHAL.cpp:755   SelectDevice: (0x1140315e540) created ioproc 0xd for device 127
2026-05-09 20:45:16.981 I  coreaudiod[5493:3a575] [com.apple.TCC:access] auid = -1; routing based on euid (0) instead
2026-05-09 20:45:16.981 Df coreaudiod[5493:3a575] [com.apple.xpc:connection] [0x612150600] activating connection: mach=true listener=false peer=false name=com.apple.tccd.system
2026-05-09 20:45:16.982 I  coreaudiod[5493:3a575] [com.apple.TCC:access] SEND: 0/7 synchronous to com.apple.tccd.system: request: msgID=5493.750, function=TCCAccessRequest, service=kTCCServiceMicrophone, target_token={pid:45034, auid:-1, euid:0},
2026-05-09 20:45:16.982 Df Spotify[681:3a256] [com.apple.coreaudio:AUHAL]                 AUHAL.cpp:844   SelectDevice: (0x1140315e540) adding 6 device listeners to device 127
2026-05-09 20:45:16.982 I  coreaudiod[5493:3a575] [com.apple.TCC:access] RECV: synchronous reply <dictionary: 0x612150400> { count = 0, transaction: 0, voucher = 0x0, contents =
}
2026-05-09 20:45:16.982 Df coreaudiod[5493:3a575] [com.apple.xpc:connection] [0x612150600] invalidated after the last release of the connection object
2026-05-09 20:45:16.982 E  coreaudiod[5493:3a575] (CoreAudio)        HALS_IOContext.cpp:1481   Client is not granted access to the <private>.
2026-05-09 20:45:16.982 Df systemsoundserverd[45034:39c9f] [com.apple.coreaudio:AUHAL]                 AUHAL.cpp:755   SelectDevice: (0x104640d30) created ioproc 0xa for device 49
2026-05-09 20:45:16.982 Df Spotify[681:3a256] [com.apple.coreaudio:AUHAL]                 AUHAL.cpp:844   SelectDevice: (0x1140315e540) adding 0 device delegate listeners to device 127
2026-05-09 20:45:16.982 Df coreaudiod[5493:3a551] [com.apple.xpc:connection] [0x612150600] activating connection: mach=true listener=false peer=false name=com.apple.tccd.system
2026-05-09 20:45:16.982 Db systemsoundserverd[45034:39c9f] [com.apple.coreaudio:sssg]              SSSGraph.cpp:177   OutputAUPropertyChangeListener: called for output device 49
2026-05-09 20:45:16.982 Df Spotify[681:3a256] [com.apple.coreaudio:AUHAL]                 AUHAL.cpp:1514  UpdateStreamFormats: -> (0x1140315e540)
2026-05-09 20:45:16.982 I  coreaudiod[5493:3a551] [com.apple.TCC:access] SEND: 0/7 synchronous to com.apple.tccd.system: request: msgID=5493.751, function=TCCAccessRequest, service=kTCCServiceMicrophone, target_token={pid:688, auid:501, euid:501},
2026-05-09 20:45:16.982 Df systemsoundserverd[45034:39c9f] [com.apple.coreaudio:sssg]              SSSGraph.cpp:194   OutputAUPropertyChangeListener: FramesPerSlice 941 -> 512, SampleRate mMixerAU: 48000.000000 mOutputAU: 48000.000000
2026-05-09 20:45:16.983 Df Spotify[681:3a256] [com.apple.coreaudio:AUHAL]                 AUHAL.cpp:1610  UpdateStreamFormats: 
  output stream 0 [0x80]:  2 ch,  48000 Hz, Float32, interleaved
2026-05-09 20:45:16.983 Df Spotify[681:3a256] [com.apple.coreaudio:AUHAL]                 AUHAL.cpp:1622  UpdateStreamFormats: 1 output streams; not all mono
2026-05-09 20:45:16.983 Df Spotify[681:3a256] [com.apple.coreaudio:AUHAL]                 AUHAL.cpp:1634  UpdateStreamFormats: 
  Output render format:  2 ch,  48000 Hz, Float32, interleaved
2026-05-09 20:45:16.983 Df systemsoundserverd[45034:39c9f] [com.apple.coreaudio:AUHAL]                 AUHAL.cpp:844   SelectDevice: (0x104640d30) adding 7 device listeners to device 49
2026-05-09 20:45:16.983 Df Spotify[681:3a256] [com.apple.coreaudio:AUHAL]                 AUHAL.cpp:1610  UpdateStreamFormats: 
  input stream 0 [0x81]:  2 ch,  48000 Hz, Float32, interleaved
2026-05-09 20:45:16.983 Df Spotify[681:3a256] [com.apple.coreaudio:AUHAL]                 AUHAL.cpp:1622  UpdateStreamFormats: 1 input streams; not all mono
2026-05-09 20:45:16.984 Df systemsoundserverd[45034:39c9f] [com.apple.coreaudio:AUHAL]                 AUHAL.cpp:844   SelectDevice: (0x104640d30) adding 0 device delegate listeners to device 49
2026-05-09 20:45:16.984 Df systemsoundserverd[45034:39c9f] [com.apple.coreaudio:AUHAL]                 AUHAL.cpp:1514  UpdateStreamFormats: -> (0x104640d30)
2026-05-09 20:45:16.984 Df systemsoundserverd[45034:39c9f] [com.apple.coreaudio:AUHAL]                 AUHAL.cpp:1610  UpdateStreamFormats: 
  output stream 0 [0x32]:  2 ch,  48000 Hz, Float32, interleaved
2026-05-09 20:45:16.984 Df systemsoundserverd[45034:39c9f] [com.apple.coreaudio:AUHAL]                 AUHAL.cpp:1622  UpdateStreamFormats: 1 output streams; not all mono
2026-05-09 20:45:16.984 Df systemsoundserverd[45034:39c9f] [com.apple.coreaudio:AUHAL]                 AUHAL.cpp:1634  UpdateStreamFormats: 
  Output render format:  2 ch,  48000 Hz, Float32, interleaved
2026-05-09 20:45:16.984 Df systemsoundserverd[45034:39c9f] [com.apple.coreaudio:AUHAL]                 AUHAL.cpp:1610  UpdateStreamFormats: 
  input stream 0 [0x33]:  2 ch,  48000 Hz, Float32, interleaved
2026-05-09 20:45:16.984 Df Spotify[681:3a256] [com.apple.coreaudio:AudioConverter]        AudioConverter.cpp:1007  Created a new in process converter -> 0x11401f26bd0, from  2 ch,  44100 Hz, Float32, interleaved to  2 ch,  48000 Hz, Float32, interleaved
2026-05-09 20:45:16.984 Df systemsoundserverd[45034:39c9f] [com.apple.coreaudio:AUHAL]                 AUHAL.cpp:1622  UpdateStreamFormats: 1 input streams; not all mono
2026-05-09 20:45:16.984 Df Spotify[681:3a256] [com.apple.coreaudio:AUHAL]                 AUHAL.cpp:1826  SetStreamUsage: Output stream enables: Stream 0 is ENABLED
2026-05-09 20:45:16.984 Df systemsoundserverd[45034:39c9f] [com.apple.coreaudio:AUHAL]                 AUHAL.cpp:1634  UpdateStreamFormats: 
  Input render format:  2 ch,  48000 Hz, Float32, interleaved
2026-05-09 20:45:16.984 Df Spotify[681:3a256] [com.apple.coreaudio:AUHAL]                 AUHAL.cpp:1704  UpdateStreamFormats: AUHAL(0x1140315e540) Calling PropertyChanged() for kAudioUnitProperty_StreamFormat, Scope:Output, Bus:Output
2026-05-09 20:45:16.984 Df Spotify[681:3a256] [com.apple.coreaudio:AUHAL]                 AUHAL.cpp:1826  SetStreamUsage: Input stream enables: Stream 0 is DISABLED
2026-05-09 20:45:16.984 Df Spotify[681:3a256] [com.apple.coreaudio:AUHAL]                 AUHAL.cpp:1720  UpdateStreamFormats: <-
2026-05-09 20:45:16.984 Df Spotify[681:3a256] [com.apple.coreaudio:AUHAL]                 AUHAL.cpp:881   SelectDevice: (0x1140315e540) removing 6 device listeners from device 156
2026-05-09 20:45:16.985 Df systemsoundserverd[45034:39c9f] [com.apple.coreaudio:AudioConverter]        AudioConverter.cpp:1007  Created a new in process converter -> 0xb5e2281b0, from  2 ch,  48000 Hz, Float32, deinterleaved to  2 ch,  48000 Hz, Float32, interleaved
2026-05-09 20:45:16.985 Df Spotify[681:3a256] [com.apple.coreaudio:AUHAL]                 AUHAL.cpp:881   SelectDevice: (0x1140315e540) removing 0 device delegate listeners from device 156
2026-05-09 20:45:16.985 Df systemsoundserverd[45034:39c9f] [com.apple.coreaudio:AUHAL]                 AUHAL.cpp:1826  SetStreamUsage: Output stream enables: Stream 0 is ENABLED
2026-05-09 20:45:16.985 Df Spotify[681:3a256] [com.apple.coreaudio:AUHAL]                 AUHAL.cpp:897   SelectDevice: <- (0x1140315e540)
2026-05-09 20:45:16.985 Df Spotify[681:3a256] [com.apple.coreaudio:AUHAL]                 AUHAL.cpp:967   HALListener: <-(0x1140315e540)
2026-05-09 20:45:16.986 Df systemsoundserverd[45034:39c9f] [com.apple.coreaudio:AudioConverter]        AudioConverter.cpp:1007  Created a new in process converter -> 0xb5e2281e0, from  2 ch,  48000 Hz, Float32, interleaved to  2 ch,  44100 Hz, Float32, deinterleaved
2026-05-09 20:45:16.986 Df systemsoundserverd[45034:39c9f] [com.apple.coreaudio:AUHAL]                 AUHAL.cpp:1826  SetStreamUsage: Input stream enables: Stream 0 is DISABLED
2026-05-09 20:45:16.986 Db systemsoundserverd[45034:39c9f] [com.apple.coreaudio:sssg]              SSSGraph.cpp:177   OutputAUPropertyChangeListener: called for output device 49
2026-05-09 20:45:16.986 Df systemsoundserverd[45034:39c9f] [com.apple.coreaudio:sssg]              SSSGraph.cpp:194   OutputAUPropertyChangeListener: FramesPerSlice 512 -> 940, SampleRate mMixerAU: 48000.000000 mOutputAU: 48000.000000
2026-05-09 20:45:16.986 Df systemsoundserverd[45034:39c9f] [com.apple.coreaudio:AUHAL]                 AUHAL.cpp:1704  UpdateStreamFormats: AUHAL(0x104640d30) Calling PropertyChanged() for kAudioUnitProperty_StreamFormat, Scope:Output, Bus:Output
2026-05-09 20:45:16.986 Df systemsoundserverd[45034:39c9f] [com.apple.coreaudio:AUHAL]                 AUHAL.cpp:1710  UpdateStreamFormats: AUHAL(0x104640d30) Calling PropertyChanged() for kAudioUnitProperty_StreamFormat, Scope:Input, Bus:Input
2026-05-09 20:45:16.986 Df systemsoundserverd[45034:39c9f] [com.apple.coreaudio:AUHAL]                 AUHAL.cpp:1720  UpdateStreamFormats: <-
2026-05-09 20:45:16.986 Df systemsoundserverd[45034:39c9f] [com.apple.coreaudio:AUHAL]                 AUHAL.cpp:881   SelectDevice: (0x104640d30) removing 7 device listeners from device 76
2026-05-09 20:45:16.986 Df systemsoundserverd[45034:39c9f] [com.apple.coreaudio:AUHAL]                 AUHAL.cpp:881   SelectDevice: (0x104640d30) removing 0 device delegate listeners from device 76
2026-05-09 20:45:16.986 Df systemsoundserverd[45034:39c9f] [com.apple.coreaudio:AUHAL]                 AUHAL.cpp:897   SelectDevice: <- (0x104640d30)
2026-05-09 20:45:16.986 Db Spotify[681:1f37] [com.apple.audioanalytics:carc] Destroying reporter. { reporterID=2924872728581 }
2026-05-09 20:45:16.986 Db Spotify[681:1f37] [com.apple.audioanalytics:carc] Stopping reporter. { reporterID=2924872728581 }
2026-05-09 20:45:16.986 Db Spotify[681:1f37] [com.apple.audioanalytics:carc] Sending message. { reporterID=2924872728581, category=Generic, type=generic }
2026-05-09 20:45:16.987 Df Spotify[681:1f37] [com.apple.coreaudio:AUHAL]                 AUHAL.cpp:466   ~AUHAL: (0x1140315e540) Selecting device 0 from destructor
2026-05-09 20:45:16.987 Df Spotify[681:1f37] [com.apple.coreaudio:AUHAL]                 AUHAL.cpp:610   SelectDevice: -> (0x1140315e540)
2026-05-09 20:45:16.987 Df Spotify[681:1f37] [com.apple.coreaudio:AUHAL]                 AUHAL.cpp:662   SelectDevice: (0x1140315e540) not already running
2026-05-09 20:45:16.987 Df Spotify[681:1f37] [com.apple.coreaudio:AUHAL]                 AUHAL.cpp:668   SelectDevice: (0x1140315e540) disconnecting device 127
2026-05-09 20:45:16.987 Df Spotify[681:1f37] [com.apple.coreaudio:AUHAL]                 AUHAL.cpp:732   SelectDevice: (0x1140315e540) destroying ioproc 0xd for device 127
2026-05-09 20:45:16.987 Df Spotify[681:1f37] [com.apple.coreaudio:as_client]   AVAudioSession_MacOS.mm:2783  --> setPlayState Stopped  Output {com.spatial.app.driver.speaker, 0xd}
2026-05-09 20:45:16.987 I  Spotify[681:1f37] [com.apple.coreaudio:as_client]   AVAudioSession_MacOS.mm:2803  Devices are same: =1. Previous: {(
)}. Current: {(
)}
2026-05-09 20:45:16.987 Df Spotify[681:1f37] [com.apple.coreaudio:as_client]   AVAudioSession_MacOS.mm:2814  <-- setPlayState IOState: [0, 0]. BT device UIDS: {(
)} Server update was not required.
2026-05-09 20:45:16.987 Df Spotify[681:1f37] [com.apple.coreaudio:AUHAL]                 AUHAL.cpp:834   SelectDevice: (0x1140315e540) nothing to setup
2026-05-09 20:45:16.987 Df Spotify[681:1f37] [com.apple.coreaudio:AUHAL]                 AUHAL.cpp:844   SelectDevice: (0x1140315e540) adding 0 device listeners to device 0
2026-05-09 20:45:16.987 Db audioanalyticsd[508:3a58a] [com.apple.audioanalytics:cars] sendMessage() called. { reporterID=<private>, category=Generic, type=Generic }
2026-05-09 20:45:16.987 Df Spotify[681:1f37] [com.apple.coreaudio:AUHAL]                 AUHAL.cpp:844   SelectDevice: (0x1140315e540) adding 0 device delegate listeners to device 0
2026-05-09 20:45:16.987 Df Spotify[681:1f37] [com.apple.coreaudio:AUHAL]                 AUHAL.cpp:881   SelectDevice: (0x1140315e540) removing 6 device listeners from device 127
2026-05-09 20:45:16.987 Db audioanalyticsd[508:3a58a] [com.apple.audioanalytics:cars] sendMessage { reporterID=2924872728581 }
2026-05-09 20:45:16.986 Db coreaudiod[5493:3a56e] [com.apple.coreaudio:aid] [AudioIssueDetectorManager.cpp:289   rtaid::Manager:0x2042893b0] enabling global NonFinite analyzer for client HAL
2026-05-09 20:45:16.987 Db coreaudiod[5493:3a56e] [com.apple.coreaudio:aid] [AudioIssueDetectorManager.cpp:289   rtaid::Manager:0x2042893b0] enabling global AnalyzerRealTimeError analyzer for client HAL
2026-05-09 20:45:16.987 Db coreaudiod[5493:3a56e] [com.apple.coreaudio:aid] [AudioIssueDetectorManager.cpp:289   rtaid::Manager:0x2042893b0] enabling global RMS analyzer for client HAL
2026-05-09 20:45:16.987 Df Spotify[681:1f37] [com.apple.coreaudio:AUHAL]                 AUHAL.cpp:881   SelectDevice: (0x1140315e540) removing 0 device delegate listeners from device 127
2026-05-09 20:45:16.987 Df Spotify[681:1f37] [com.apple.coreaudio:AUHAL]                 AUHAL.cpp:897   SelectDevice: <- (0x1140315e540)
2026-05-09 20:45:16.987 Db audioanalyticsd[508:3a58a] [com.apple.audioanalytics:carr] Processing message. { reporterID=2924872728581, singleServerSession=false }
2026-05-09 20:45:16.988 Db audioanalyticsd[508:3a58a] [com.apple.audioanalytics:carr] runningTime { runningTime=1398.462461 caTimestamp=1778330716.986854 startCaTimestamp=1778329318.524393 reporterID=2924872728581 }
2026-05-09 20:45:16.989 Db Spotify[681:1f37] [com.apple.coreaudio:audiocomp] AudioComponentPluginMgr.mm:1213  findNext auou/def /appl -> 0x11409a564a0 auou/def /appl/0x2/0x0
2026-05-09 20:45:16.989 Db audioanalyticsd[508:3a58a] [com.apple.audioanalytics:carr] added summary message { action=add, count=2 }
2026-05-09 20:45:16.990 Db audioanalyticsd[508:3a58a] [com.apple.audioanalytics:carr] runningTime { runningTime=1398.459667 caTimestamp=1778330716.986854 startCaTimestamp=1778329318.527187 reporterID=2924872728581 }
2026-05-09 20:45:16.990 Df Spotify[681:1f37] [com.apple.coreaudio:AUHAL]                 AUHAL.cpp:398   AUHAL: (0x1140315e540) Listening to HAL system property 1682929012
2026-05-09 20:45:16.990 Db audioanalyticsd[508:3a58a] [com.apple.audioanalytics:carr] added summary message { action=add, count=2 }
2026-05-09 20:45:16.990 Df Spotify[681:1f37] [com.apple.coreaudio:AUHAL]                 AUHAL.cpp:413   AUHAL: (0x1140315e540) Selecting device 127 from constructor
2026-05-09 20:45:16.990 Db audioanalyticsd[508:3a58a] [com.apple.audioanalytics:carr] Processing message. { reporterID=2924872728581, singleServerSession=false }
2026-05-09 20:45:16.990 Df Spotify[681:1f37] [com.apple.coreaudio:AUHAL]                 AUHAL.cpp:610   SelectDevice: -> (0x1140315e540)
2026-05-09 20:45:16.990 Df Spotify[681:1f37] [com.apple.coreaudio:AUHAL]                 AUHAL.cpp:662   SelectDevice: (0x1140315e540) not already running
2026-05-09 20:45:16.990 Df Spotify[681:1f37] [com.apple.coreaudio:AUHAL]                 AUHAL.cpp:738   SelectDevice: (0x1140315e540) nothing to teardown
2026-05-09 20:45:16.990 Df Spotify[681:1f37] [com.apple.coreaudio:AUHAL]                 AUHAL.cpp:743   SelectDevice: (0x1140315e540) connecting device 127
2026-05-09 20:45:16.990 A  coreaudiod[5493:3a56e] (TCC) TCCAccessRequest() IPC
2026-05-09 20:45:16.990 Df Spotify[681:1f37] [com.apple.coreaudio:AUHAL]                 AUHAL.cpp:3331  IsDeviceUsable: (0x1140315e540) Device ID: 127 (Input:No | Output:Yes): true
2026-05-09 20:45:16.990 Db audioanalyticsd[508:3a58a] [com.apple.audioanalytics:carr] No decorator data found. { audioEventType=<private>, audioEventCategory=<private>, reporterID=2924872728581 }
2026-05-09 20:45:16.990 Db audioanalyticsd[508:3a58a] [com.apple.audioanalytics:carr] No decorator data found. { audioEventType=<private>, audioEventCategory=<private>, reporterID=2924872728581 }
2026-05-09 20:45:16.991 Db audioanalyticsd[508:3a58a] [com.apple.audioanalytics:carr] Processing message. { reporterID=2924872728581, singleServerSession=false }
2026-05-09 20:45:16.991 Db audioanalyticsd[508:3a58a] [com.apple.audioanalytics:carr] No decorator data found. { audioEventType=<private>, audioEventCategory=<private>, reporterID=2924872728581 }
2026-05-09 20:45:16.991 Db audioanalyticsd[508:3a58a] [com.apple.audioanalytics:carr] No decorator data found. { audioEventType=<private>, audioEventCategory=<private>, reporterID=2924872728581 }
2026-05-09 20:45:16.992 Db audioanalyticsd[508:3a58a] [com.apple.audioanalytics:cars] stopSession() called. { reporterID=2924872728581 }
2026-05-09 20:45:16.992 I  coreaudiod[5493:3a551] [com.apple.TCC:access] RECV: synchronous reply <dictionary: 0x612150400> { count = 5, transaction: 0, voucher = 0x0, contents =
	"prompt_type" => <uint64: 0xb6ff543b133b8a97>: 1
	"auth_value" => <uint64: 0xb6ff543b133b8a9f>: 0
	"result" => <bool: 0x2067a3390>: false
	"auth_reason" => <uint64: 0xb6ff543b133b8ab7>: 5
	"auth_version" => <uint64: 0xb6ff543b133b8a97>: 1
}
2026-05-09 20:45:16.992 Df coreaudiod[5493:3a551] [com.apple.xpc:connection] [0x612150600] invalidated after the last release of the connection object
2026-05-09 20:45:16.992 Df Music[688:39ca3] [com.apple.coreaudio:AUHAL]                 AUHAL.cpp:755   SelectDevice: (0x12304ea40) created ioproc 0x11 for device 139
2026-05-09 20:45:16.992 E  coreaudiod[5493:3a551] (CoreAudio)        HALS_IOContext.cpp:1481   Client is not granted access to the <private>.
2026-05-09 20:45:16.992 Df Music[688:39ca3] [com.apple.coreaudio:AUHAL]                 AUHAL.cpp:844   SelectDevice: (0x12304ea40) adding 6 device listeners to device 139
2026-05-09 20:45:16.992 Df coreaudiod[5493:3a56e] [com.apple.xpc:connection] [0x612150600] activating connection: mach=true listener=false peer=false name=com.apple.tccd.system
2026-05-09 20:45:16.992 I  coreaudiod[5493:3a56e] [com.apple.TCC:access] SEND: 0/7 synchronous to com.apple.tccd.system: request: msgID=5493.752, function=TCCAccessRequest, service=kTCCServiceMicrophone, target_token={pid:681, auid:501, euid:501},
2026-05-09 20:45:16.992 Db audioanalyticsd[508:3a58a] [com.apple.audioanalytics:carr] signalStop() called. { isStarted=<private>, reporterID=2924872728581 }
2026-05-09 20:45:16.993 Df Music[688:39ca3] [com.apple.coreaudio:AUHAL]                 AUHAL.cpp:844   SelectDevice: (0x12304ea40) adding 0 device delegate listeners to device 139
2026-05-09 20:45:16.993 Db audioanalyticsd[508:3a58a] [com.apple.audioanalytics:carr] Processing message. { reporterID=2924872728581, singleServerSession=false }
2026-05-09 20:45:16.993 Df Music[688:39ca3] [com.apple.coreaudio:AUHAL]                 AUHAL.cpp:1514  UpdateStreamFormats: -> (0x12304ea40)
2026-05-09 20:45:16.993 Df Music[688:39ca3] [com.apple.coreaudio:AUHAL]                 AUHAL.cpp:1610  UpdateStreamFormats: 
  output stream 0 [0x8c]:  2 ch,  48000 Hz, Float32, interleaved
2026-05-09 20:45:16.993 Df Music[688:39ca3] [com.apple.coreaudio:AUHAL]                 AUHAL.cpp:1622  UpdateStreamFormats: 1 output streams; not all mono
2026-05-09 20:45:16.993 Df Music[688:39ca3] [com.apple.coreaudio:AUHAL]                 AUHAL.cpp:1634  UpdateStreamFormats: 
  Output render format:  2 ch,  48000 Hz, Float32, interleaved
2026-05-09 20:45:16.993 Df Music[688:39ca3] [com.apple.coreaudio:AUHAL]                 AUHAL.cpp:1610  UpdateStreamFormats: 
  input stream 0 [0x8d]:  2 ch,  48000 Hz, Float32, interleaved
2026-05-09 20:45:16.993 Df Music[688:39ca3] [com.apple.coreaudio:AUHAL]                 AUHAL.cpp:1622  UpdateStreamFormats: 1 input streams; not all mono
2026-05-09 20:45:16.993 Db audioanalyticsd[508:3a58a] [com.apple.audioanalytics:carr] enqueueStop() called. { reporterID=2924872728581 }
2026-05-09 20:45:16.993 Df Music[688:39ca3] [com.apple.coreaudio:AUHAL]                 AUHAL.cpp:1704  UpdateStreamFormats: AUHAL(0x12304ea40) Calling PropertyChanged() for kAudioUnitProperty_StreamFormat, Scope:Output, Bus:Output
2026-05-09 20:45:16.993 Db audioanalyticsd[508:3a58a] [com.apple.audioanalytics:cars] Session stop signaled. { reporterID=2924872728581 }
2026-05-09 20:45:16.993 Df Music[688:39ca3] [com.apple.coreaudio:AUHAL]                 AUHAL.cpp:1826  SetStreamUsage: Input stream enables: Stream 0 is DISABLED
2026-05-09 20:45:16.993 Db audioanalyticsd[508:3a58a] [com.apple.audioanalytics:cars] destroySession() called. { reporterID=2924872728581 }
2026-05-09 20:45:16.993 Df Music[688:39ca3] [com.apple.coreaudio:AUHAL]                 AUHAL.cpp:1720  UpdateStreamFormats: <-
2026-05-09 20:45:16.993 Db audioanalyticsd[508:3a58a] [com.apple.audioanalytics:carr] stop() called. { isStarted=<private>, reporterID=2924872728581 }
2026-05-09 20:45:16.993 Df Music[688:39ca3] [com.apple.coreaudio:AUHAL]                 AUHAL.cpp:881   SelectDevice: (0x12304ea40) removing 6 device listeners from device 168
2026-05-09 20:45:16.993 Db audioanalyticsd[508:3a58a] [com.apple.audioanalytics:carr] Processing message. { reporterID=2924872728581, singleServerSession=false }
2026-05-09 20:45:16.993 Df Music[688:39ca3] [com.apple.coreaudio:AUHAL]                 AUHAL.cpp:881   SelectDevice: (0x12304ea40) removing 0 device delegate listeners from device 168
2026-05-09 20:45:16.993 Df Music[688:39ca3] [com.apple.coreaudio:AUHAL]                 AUHAL.cpp:897   SelectDevice: <- (0x12304ea40)
2026-05-09 20:45:16.993 Df Music[688:39ca3] [com.apple.coreaudio:AUHAL]                 AUHAL.cpp:967   HALListener: <-(0x12304ea40)
2026-05-09 20:45:16.994 Db audioanalyticsd[508:3a58a] [com.apple.audioanalytics:carr] Ending session. { reporterID=2924872728581 }
2026-05-09 20:45:16.994 Db audioanalyticsd[508:3a58a] [com.apple.audioanalytics:carr] Stopping worker { worker=<private>, reporterID=2924872728581  }
2026-05-09 20:45:16.994 Db audioanalyticsd[508:3a58a] [com.apple.audioanalytics:carr] Processing message. { reporterID=2924872728581, singleServerSession=false }
2026-05-09 20:45:16.995 Df Music[688:39ca3] [com.apple.coreaudio:AUHAL]                 AUHAL.cpp:947   HALListener: ->(0x125864840) 1 addresses @ 0x6000014c5680; thread 0x16b76f000
2026-05-09 20:45:16.995 Df Music[688:39ca3] [com.apple.coreaudio:AUHAL]                 AUHAL.cpp:960   HALListener:   (0x125864840) Property dOut/glob/0x00000000 changed; value 0x8b (0x0)
2026-05-09 20:45:16.995 Df Music[688:39ca3] [com.apple.coreaudio:AUHAL]                 AUHAL.cpp:610   SelectDevice: -> (0x125864840)
2026-05-09 20:45:16.995 Df Music[688:39ca3] [com.apple.coreaudio:AUHAL]                 AUHAL.cpp:662   SelectDevice: (0x125864840) not already running
2026-05-09 20:45:16.995 Df Music[688:39ca3] [com.apple.coreaudio:AUHAL]                 AUHAL.cpp:668   SelectDevice: (0x125864840) disconnecting device 168
2026-05-09 20:45:16.995 Df Music[688:39ca3] [com.apple.coreaudio:AUHAL]                 AUHAL.cpp:732   SelectDevice: (0x125864840) destroying ioproc 0xf for device 168
2026-05-09 20:45:16.995 Df Music[688:39ca3] [com.apple.coreaudio:as_client]   AVAudioSession_MacOS.mm:2783  --> setPlayState Stopped  Output {BuiltInSpeakerDevice, 0xf}
2026-05-09 20:45:16.995 Db audioanalyticsd[508:3a58a] [com.apple.audioanalytics:carr] Processing message. { reporterID=2924872728581, singleServerSession=false }
2026-05-09 20:45:16.995 I  Music[688:39ca3] [com.apple.coreaudio:as_client]   AVAudioSession_MacOS.mm:2803  Devices are same: =1. Previous: {(
)}. Current: {(
)}
2026-05-09 20:45:16.995 A  coreaudiod[5493:3a551] (TCC) TCCAccessRequest() IPC
2026-05-09 20:45:16.995 Df Music[688:39ca3] [com.apple.coreaudio:as_client]   AVAudioSession_MacOS.mm:2814  <-- setPlayState IOState: [0, 0]. BT device UIDS: {(
)} Server update was not required.
2026-05-09 20:45:16.995 Df Music[688:39ca3] [com.apple.coreaudio:AUHAL]                 AUHAL.cpp:743   SelectDevice: (0x125864840) connecting device 139
2026-05-09 20:45:16.995 Df Music[688:39ca3] [com.apple.coreaudio:AUHAL]                 AUHAL.cpp:3331  IsDeviceUsable: (0x125864840) Device ID: 139 (Input:No | Output:Yes): true
2026-05-09 20:45:16.996 Db audioanalyticsd[508:3a58a] [com.apple.audioanalytics:carr] Stopping worker { worker=<private>, reporterID=2924872728581  }
2026-05-09 20:45:16.996 Db audioanalyticsd[508:3a58a] [com.apple.audioanalytics:carr] Stopping worker { worker=<private>, reporterID=2924872728581  }
2026-05-09 20:45:16.996 Db audioanalyticsd[508:3a58a] [com.apple.audioanalytics:carr] Stopping worker { worker=summaryDecorator, reporterID=2924872728581  }
2026-05-09 20:45:16.996 Db audioanalyticsd[508:3a58a] [com.apple.audioanalytics:carr] Stopping worker { worker=<private>, reporterID=2924872728581  }
2026-05-09 20:45:16.996 Db audioanalyticsd[508:3a58a] [com.apple.audioanalytics:carr] runningTime { runningTime=0.007384 caTimestamp=1778330716.994238 startCaTimestamp=1778330716.986854 reporterID=2924872728581 }
2026-05-09 20:45:16.996 Db audioanalyticsd[508:3a58a] [com.apple.audioanalytics:carr] skipped summary message, too short { action=skip, count=2 }
2026-05-09 20:45:16.996 Db audioanalyticsd[508:3a58a] [com.apple.audioanalytics:carr] runningTime { runningTime=0.008485 caTimestamp=1778330716.995339 startCaTimestamp=1778330716.986854 reporterID=2924872728581 }
2026-05-09 20:45:16.996 Db audioanalyticsd[508:3a58a] [com.apple.audioanalytics:carr] skipped summary message, too short { action=skip, count=2 }
2026-05-09 20:45:16.996 Db audioanalyticsd[508:3a58a] [com.apple.audioanalytics:carr] Stopping worker { worker=inferenceSummary, reporterID=2924872728581  }
2026-05-09 20:45:16.996 Db audioanalyticsd[508:3a58a] [com.apple.audioanalytics:carr] Stopping worker { worker=<private>, reporterID=2924872728581  }
2026-05-09 20:45:16.996 Db audioanalyticsd[508:3a58a] [com.apple.audioanalytics:carr] Processing message. { reporterID=2924872728581, singleServerSession=false }
2026-05-09 20:45:16.996 Db audioanalyticsd[508:3a58a] [com.apple.audioanalytics:apwl] Worker not started, cannot send message to PowerLog. { reporterID=2924872728581 }
2026-05-09 20:45:16.997 Db audioanalyticsd[508:3a58a] [com.apple.audioanalytics:carr] Stopping worker { worker=<private>, reporterID=2924872728581  }
2026-05-09 20:45:16.997 Db audioanalyticsd[508:3a58a] [com.apple.audioanalytics:carr] Stopping worker { worker=<private>, reporterID=2924872728581  }
2026-05-09 20:45:16.998 Db audioanalyticsd[508:3a58a] [com.apple.audioanalytics:cars] Removing from session list. { reporterID=2924872728581 }
2026-05-09 20:45:16.998 Db audioanalyticsd[508:3a58a] [com.apple.audioanalytics:cars] Active reporting sessions. { clientProcessName=<private>, sessionCount=0, activeSessions=<private> }
2026-05-09 20:45:17.003 I  coreaudiod[5493:3a56e] [com.apple.TCC:access] RECV: synchronous reply <dictionary: 0x612150900> { count = 5, transaction: 0, voucher = 0x0, contents =
	"prompt_type" => <uint64: 0xb6ff543b133b8a97>: 1
	"auth_value" => <uint64: 0xb6ff543b133b8a9f>: 0
	"result" => <bool: 0x2067a3390>: false
	"auth_reason" => <uint64: 0xb6ff543b133b8ab7>: 5
	"auth_version" => <uint64: 0xb6ff543b133b8a97>: 1
}
2026-05-09 20:45:17.004 Df coreaudiod[5493:3a56e] [com.apple.xpc:connection] [0x612150600] invalidated after the last release of the connection object
2026-05-09 20:45:17.004 Df Spotify[681:1f37] [com.apple.coreaudio:AUHAL]                 AUHAL.cpp:755   SelectDevice: (0x1140315e540) created ioproc 0xe for device 127
2026-05-09 20:45:17.004 E  coreaudiod[5493:3a56e] (CoreAudio)        HALS_IOContext.cpp:1481   Client is not granted access to the <private>.
2026-05-09 20:45:17.004 Df Spotify[681:1f37] [com.apple.coreaudio:AUHAL]                 AUHAL.cpp:844   SelectDevice: (0x1140315e540) adding 6 device listeners to device 127
2026-05-09 20:45:17.004 Df coreaudiod[5493:3a551] [com.apple.xpc:connection] [0x612150900] activating connection: mach=true listener=false peer=false name=com.apple.tccd.system
2026-05-09 20:45:17.004 I  coreaudiod[5493:3a551] [com.apple.TCC:access] SEND: 0/7 synchronous to com.apple.tccd.system: request: msgID=5493.753, function=TCCAccessRequest, service=kTCCServiceMicrophone, target_token={pid:688, auid:501, euid:501},
2026-05-09 20:45:17.004 Df Spotify[681:1f37] [com.apple.coreaudio:AUHAL]                 AUHAL.cpp:844   SelectDevice: (0x1140315e540) adding 0 device delegate listeners to device 127
2026-05-09 20:45:17.004 Df Spotify[681:1f37] [com.apple.coreaudio:AUHAL]                 AUHAL.cpp:1514  UpdateStreamFormats: -> (0x1140315e540)
2026-05-09 20:45:17.004 Df Spotify[681:1f37] [com.apple.coreaudio:AUHAL]                 AUHAL.cpp:1610  UpdateStreamFormats: 
  output stream 0 [0x80]:  2 ch,  48000 Hz, Float32, interleaved
2026-05-09 20:45:17.004 Df Spotify[681:1f37] [com.apple.coreaudio:AUHAL]                 AUHAL.cpp:1622  UpdateStreamFormats: 1 output streams; not all mono
2026-05-09 20:45:17.004 Df Spotify[681:1f37] [com.apple.coreaudio:AUHAL]                 AUHAL.cpp:1634  UpdateStreamFormats: 
  Output render format:  2 ch,  48000 Hz, Float32, interleaved
2026-05-09 20:45:17.005 Df Spotify[681:1f37] [com.apple.coreaudio:AUHAL]                 AUHAL.cpp:1610  UpdateStreamFormats: 
  input stream 0 [0x81]:  2 ch,  48000 Hz, Float32, interleaved
2026-05-09 20:45:17.005 Df Spotify[681:1f37] [com.apple.coreaudio:AUHAL]                 AUHAL.cpp:1622  UpdateStreamFormats: 1 input streams; not all mono
2026-05-09 20:45:17.005 Df Spotify[681:1f37] [com.apple.coreaudio:AUHAL]                 AUHAL.cpp:1704  UpdateStreamFormats: AUHAL(0x1140315e540) Calling PropertyChanged() for kAudioUnitProperty_StreamFormat, Scope:Output, Bus:Output
2026-05-09 20:45:17.005 Df Spotify[681:1f37] [com.apple.coreaudio:AUHAL]                 AUHAL.cpp:1826  SetStreamUsage: Input stream enables: Stream 0 is DISABLED
2026-05-09 20:45:17.005 Df Spotify[681:1f37] [com.apple.coreaudio:AUHAL]                 AUHAL.cpp:1720  UpdateStreamFormats: <-
2026-05-09 20:45:17.005 Df Spotify[681:1f37] [com.apple.coreaudio:AUHAL]                 AUHAL.cpp:881   SelectDevice: (0x1140315e540) removing 0 device listeners from device 0
2026-05-09 20:45:17.005 Df Spotify[681:1f37] [com.apple.coreaudio:AUHAL]                 AUHAL.cpp:881   SelectDevice: (0x1140315e540) removing 0 device delegate listeners from device 0
2026-05-09 20:45:17.005 Df Spotify[681:1f37] [com.apple.coreaudio:AUHAL]                 AUHAL.cpp:897   SelectDevice: <- (0x1140315e540)
2026-05-09 20:45:17.005 Df Spotify[681:1f37] [com.apple.coreaudio:AUHAL]                 AUHAL.cpp:1826  SetStreamUsage: Output stream enables: Stream 0 is ENABLED
2026-05-09 20:45:17.005 Df Spotify[681:1f37] [com.apple.coreaudio:AUHAL]                 AUHAL.cpp:1826  SetStreamUsage: Output stream enables: Stream 0 is ENABLED
2026-05-09 20:45:17.006 Db Spotify[681:1f37] [com.apple.coreaudio:AUHAL]                 AUHAL.cpp:483   Initialize: -> (0x1140315e540)
2026-05-09 20:45:17.006 Df Spotify[681:1f37] [com.apple.coreaudio:AudioConverter]        AudioConverter.cpp:1007  Created a new in process converter -> 0x11407f40ea0, from  2 ch,  44100 Hz, Float32, interleaved to  2 ch,  48000 Hz, Float32, interleaved
2026-05-09 20:45:17.006 Df Spotify[681:1f37] [com.apple.coreaudio:AUHAL]                 AUHAL.cpp:1826  SetStreamUsage: Output stream enables: Stream 0 is ENABLED
2026-05-09 20:45:17.006 Db Spotify[681:1f37] [com.apple.coreaudio:AUHAL]                 AUHAL.cpp:491   Initialize: <- (0x1140315e540) err 0
2026-05-09 20:45:17.006 Db Spotify[681:1f37] [com.apple.audioanalytics:carc] Created new reporting session. { reporterID=2924872728582 }
2026-05-09 20:45:17.007 Db Spotify[681:1f37] [com.apple.audioanalytics:carc] Set serviceType. { reporterID=2924872728582, serviceType=audioDeviceUsage }
2026-05-09 20:45:17.007 Db coreaudiod[5493:3a575] [com.apple.audioanalytics:carc] Get serviceType. { reporterID=2924872728582 }
2026-05-09 20:45:17.007 Db coreaudiod[5493:3a575] [com.apple.audioanalytics:carc] ReporterID not created by client. Returning early. { function=<private>, reporterID=2924872728582 }
2026-05-09 20:45:17.007 Db coreaudiod[5493:3a575] [com.apple.coreaudio:aid] [AudioIssueDetectorManager.cpp:289   rtaid::Manager:0x2042893b0] enabling global NonFinite analyzer for client HAL
