2026-05-09 20:45:48.189 Df coreaudiod[5493:3acc5] (CoreAudio)    HALS_UCRemotePlugIn.mm:1344   HALS_UCRemotePlugIn::ObjectGetPropertyData: failed:  [<private>/<private>/0], Error: 2003332927 (<private>)
2026-05-09 20:45:48.180 Df systemsoundserverd[45034:3a9ad] [com.apple.coreaudio:AUHAL]                 AUHAL.cpp:755   SelectDevice: (0x104640d30) created ioproc 0xb for device 49
2026-05-09 20:45:48.180 Df systemsoundserverd[45034:3a9ad] [com.apple.coreaudio:AUHAL]                 AUHAL.cpp:844   SelectDevice: (0x104640d30) adding 7 device listeners to device 49
2026-05-09 20:45:48.183 Df systemsoundserverd[45034:3a9ad] [com.apple.coreaudio:AUHAL]                 AUHAL.cpp:844   SelectDevice: (0x104640d30) adding 0 device delegate listeners to device 49
2026-05-09 20:45:48.183 I  Spatial[57003:3abb0] [com.apple.coreaudio:ddagg]        AggregateDevice.mm:188   device 135 scope 'outp': streamChannelCounts 2 2, totalChannelCount 4, defaultPair (1, 2)
2026-05-09 20:45:48.187 I  Spatial[57003:3abb0] [com.apple.coreaudio:ddagg]        AggregateDevice.mm:188   device 49 scope 'inpt': streamChannelCounts 2, totalChannelCount 2, defaultPair (1, 2)
2026-05-09 20:45:48.188 I  Spatial[57003:3abb0] [com.apple.coreaudio:ddagg]        AggregateDevice.mm:188   device 49 scope 'outp': streamChannelCounts 2, totalChannelCount 2, defaultPair (1, 2)
2026-05-09 20:45:48.183 Df systemsoundserverd[45034:3a9ad] [com.apple.coreaudio:AUHAL]                 AUHAL.cpp:1514  UpdateStreamFormats: -> (0x104640d30)
2026-05-09 20:45:48.184 Df systemsoundserverd[45034:3a9ad] [com.apple.coreaudio:AUHAL]                 AUHAL.cpp:1610  UpdateStreamFormats: 
  output stream 0 [0x32]:  2 ch,  48000 Hz, Float32, interleaved
2026-05-09 20:45:48.180 Df Music[688:3aade] [com.apple.coreaudio:AUHAL]                 AUHAL.cpp:668   SelectDevice: (0x123010a40) disconnecting device 240
2026-05-09 20:45:48.180 Df Music[688:3aade] [com.apple.coreaudio:AUHAL]                 AUHAL.cpp:732   SelectDevice: (0x123010a40) destroying ioproc 0xa for device 240
2026-05-09 20:45:48.189 Df coreaudiod[5493:3acc5] (CoreAudio)    HALS_UCRemotePlugIn.mm:1344   HALS_UCRemotePlugIn::ObjectGetPropertyData: failed:  [<private>/<private>/0], Error: 2003332927 (<private>)
2026-05-09 20:45:48.190 I  Spatial[57003:3abb0] [com.apple.coreaudio:ddagg]        AggregateDevice.mm:188   device 90 scope 'inpt': streamChannelCounts , totalChannelCount 0, defaultPair (0, 0)
2026-05-09 20:45:48.180 Df Music[688:3aade] [com.apple.coreaudio:as_client]   AVAudioSession_MacOS.mm:2783  --> setPlayState Stopped  Output {37330022-0000-0000-1C20-0103802F1E78, 0xa}
2026-05-09 20:45:48.184 Df systemsoundserverd[45034:3a9ad] [com.apple.coreaudio:AUHAL]                 AUHAL.cpp:1622  UpdateStreamFormats: 1 output streams; not all mono
2026-05-09 20:45:48.190 I  Spatial[57003:3abb0] [com.apple.coreaudio:ddagg]        AggregateDevice.mm:188   device 90 scope 'outp': streamChannelCounts 2, totalChannelCount 2, defaultPair (1, 2)
2026-05-09 20:45:48.180 I  Music[688:3aade] [com.apple.coreaudio:as_client]   AVAudioSession_MacOS.mm:2803  Devices are same: =1. Previous: {(
)}. Current: {(
)}
2026-05-09 20:45:48.184 Df systemsoundserverd[45034:3a9ad] [com.apple.coreaudio:AUHAL]                 AUHAL.cpp:1634  UpdateStreamFormats: 
  Output render format:  2 ch,  48000 Hz, Float32, interleaved
2026-05-09 20:45:48.180 Df Music[688:3aade] [com.apple.coreaudio:as_client]   AVAudioSession_MacOS.mm:2814  <-- setPlayState IOState: [0, 0]. BT device UIDS: {(
)} Server update was not required.
2026-05-09 20:45:48.189 Df systemsoundserverd[45034:3a9ad] [com.apple.coreaudio:AUHAL]                 AUHAL.cpp:1610  UpdateStreamFormats: 
  input stream 0 [0x33]:  2 ch,  48000 Hz, Float32, interleaved
2026-05-09 20:45:48.180 Df Music[688:3aade] [com.apple.coreaudio:AUHAL]                 AUHAL.cpp:743   SelectDevice: (0x123010a40) connecting device 139
2026-05-09 20:45:48.190 Df systemsoundserverd[45034:3a9ad] [com.apple.coreaudio:AUHAL]                 AUHAL.cpp:1622  UpdateStreamFormats: 1 input streams; not all mono
2026-05-09 20:45:48.184 Df Music[688:3aade] [com.apple.coreaudio:AUHAL]                 AUHAL.cpp:3331  IsDeviceUsable: (0x123010a40) Device ID: 139 (Input:No | Output:Yes): true
2026-05-09 20:45:48.190 Df systemsoundserverd[45034:3a9ad] [com.apple.coreaudio:AUHAL]                 AUHAL.cpp:1634  UpdateStreamFormats: 
  Input render format:  2 ch,  48000 Hz, Float32, interleaved
2026-05-09 20:45:48.191 Df systemsoundserverd[45034:3a9ad] [com.apple.coreaudio:AudioConverter]        AudioConverter.cpp:1007  Created a new in process converter -> 0xb5e2281b0, from  2 ch,  48000 Hz, Float32, deinterleaved to  2 ch,  48000 Hz, Float32, interleaved
2026-05-09 20:45:48.191 Df systemsoundserverd[45034:3a9ad] [com.apple.coreaudio:AUHAL]                 AUHAL.cpp:1826  SetStreamUsage: Output stream enables: Stream 0 is ENABLED
2026-05-09 20:45:48.193 Df systemsoundserverd[45034:3a9ad] [com.apple.coreaudio:AudioConverter]        AudioConverter.cpp:1007  Created a new in process converter -> 0xb5e2281e0, from  2 ch,  48000 Hz, Float32, interleaved to  2 ch,  44100 Hz, Float32, deinterleaved
2026-05-09 20:45:48.193 Df systemsoundserverd[45034:3a9ad] [com.apple.coreaudio:AUHAL]                 AUHAL.cpp:1826  SetStreamUsage: Input stream enables: Stream 0 is DISABLED
2026-05-09 20:45:48.193 Db systemsoundserverd[45034:3a9ad] [com.apple.coreaudio:sssg]              SSSGraph.cpp:177   OutputAUPropertyChangeListener: called for output device 49
2026-05-09 20:45:48.193 Df systemsoundserverd[45034:3a9ad] [com.apple.coreaudio:sssg]              SSSGraph.cpp:194   OutputAUPropertyChangeListener: FramesPerSlice 512 -> 940, SampleRate mMixerAU: 48000.000000 mOutputAU: 48000.000000
2026-05-09 20:45:48.193 Df Spatial[57003:3abb0] [com.apple.coreaudio:ddagg]        AggregateDevice.mm:644   Built valid aggregate 135
2026-05-09 20:45:48.194 Df Spatial[57003:3abb0] [com.apple.coreaudio:ddagg]        AggregateDevice.mm:852   HAL notification: default output device changed
2026-05-09 20:45:48.194 Df Spatial[57003:3abb0] [com.apple.coreaudio:ddagg]        AggregateDevice.mm:884   fetched default output device, ID = 49
2026-05-09 20:45:48.194 Df Spatial[57003:3abb0] [com.apple.coreaudio:ddagg]        AggregateDevice.mm:884   fetched default input device, ID = 49
2026-05-09 20:45:48.194 I  Spatial[57003:3abae] [com.apple.coreaudio:ddagg]        AggregateDevice.mm:586   Destroyed aggregate 131
2026-05-09 20:45:48.194 Df Spatial[57003:3abfb] [com.apple.coreaudio:AUHAL]                 AUHAL.cpp:2231  SetProperty: (0x15784a240) caller requesting device change from 49 to 90
2026-05-09 20:45:48.194 Df Spatial[57003:3abfb] [com.apple.coreaudio:AUHAL]                 AUHAL.cpp:610   SelectDevice: -> (0x15784a240)
2026-05-09 20:45:48.194 Df Spatial[57003:3abfb] [com.apple.coreaudio:AUHAL]                 AUHAL.cpp:662   SelectDevice: (0x15784a240) not already running
2026-05-09 20:45:48.195 Df Spatial[57003:3abfb] [com.apple.coreaudio:AUHAL]                 AUHAL.cpp:668   SelectDevice: (0x15784a240) disconnecting device 49
2026-05-09 20:45:48.195 Df coreaudiod[5493:3acc4] (CoreAudio)           HALS_Device.cpp:233    HALS_Device::_Deactivate: deactivating device 701: CADefaultDeviceAggregate-57003-0
2026-05-09 20:45:48.196 I  Spatial[57003:3abb0] [com.apple.coreaudio:ddagg]        AggregateDevice.mm:188   device 49 scope 'inpt': streamChannelCounts 2, totalChannelCount 2, defaultPair (1, 2)
2026-05-09 20:45:48.193 Df systemsoundserverd[45034:3a9ad] [com.apple.coreaudio:AUHAL]                 AUHAL.cpp:1704  UpdateStreamFormats: AUHAL(0x104640d30) Calling PropertyChanged() for kAudioUnitProperty_StreamFormat, Scope:Output, Bus:Output
2026-05-09 20:45:48.196 Df coreaudiod[5493:3acc4] (CoreAudio)           HALS_Device.cpp:233    HALS_Device::_Deactivate: deactivating device 701: CADefaultDeviceAggregate-57003-0
2026-05-09 20:45:48.195 Df Spatial[57003:3abfb] [com.apple.coreaudio:AUHAL]                 AUHAL.cpp:732   SelectDevice: (0x15784a240) destroying ioproc 0xa for device 49
2026-05-09 20:45:48.193 Df systemsoundserverd[45034:3a9ad] [com.apple.coreaudio:AUHAL]                 AUHAL.cpp:1710  UpdateStreamFormats: AUHAL(0x104640d30) Calling PropertyChanged() for kAudioUnitProperty_StreamFormat, Scope:Input, Bus:Input
2026-05-09 20:45:48.196 I  Spatial[57003:3abfb] [com.apple.coreaudio:AMCP]  77827                Configuration.cpp:532   Allow Smart Routing on macOS
2026-05-09 20:45:48.198 Df audiomxd[2438:3a594] [com.apple.coreaudio:as_server] AVAudioSessionXPCServer.mm:754   New connection: <NSXPCConnection: 0x78634d4a0> connection from pid 57003 on mach service named com.apple.audio.AudioSession (0x786bc0480)
2026-05-09 20:45:48.196 Df coreaudiod[5493:3a577] (CoreAudio)    HALS_UCRemotePlugIn.mm:1344   HALS_UCRemotePlugIn::ObjectGetPropertyData: failed:  [<private>/<private>/0], Error: 2003332927 (<private>)
2026-05-09 20:45:48.193 Df systemsoundserverd[45034:3a9ad] [com.apple.coreaudio:AUHAL]                 AUHAL.cpp:1720  UpdateStreamFormats: <-
2026-05-09 20:45:48.199 I  audiomxd[2438:3a594] [com.apple.coreaudio:as_server]       AudioSessionInfo.mm:279   Attempting to create a new MXSession for client with PID 57003
2026-05-09 20:45:48.197 Db coreaudiod[5493:3abce] [com.apple.coreaudio:AMCP] 189939                  HALS_Device.cpp:5074  HALS_Device::ClientDSPInfo::~ClientDSPInfo() - poof!
2026-05-09 20:45:48.193 Df systemsoundserverd[45034:3a9ad] [com.apple.coreaudio:AUHAL]                 AUHAL.cpp:881   SelectDevice: (0x104640d30) removing 7 device listeners from device 90
2026-05-09 20:45:48.196 Df Spatial[57003:3abfb] [com.apple.coreaudio:as_client]   AVAudioSession_MacOS.mm:1232  initForMacOS
2026-05-09 20:45:48.199 Db audiomxd[2438:3a594] [com.apple.coreaudio:as_server]       AudioSessionInfo.mm:573   setting SecTaskRef: Spatial[57003]/0#-1 LF=0
2026-05-09 20:45:48.197 Df coreaudiod[5493:3a577] (CoreAudio)    HALS_UCRemotePlugIn.mm:1344   HALS_UCRemotePlugIn::ObjectGetPropertyData: failed:  [<private>/<private>/0], Error: 2003332927 (<private>)
2026-05-09 20:45:48.193 Df systemsoundserverd[45034:3a9ad] [com.apple.coreaudio:AUHAL]                 AUHAL.cpp:881   SelectDevice: (0x104640d30) removing 0 device delegate listeners from device 90
2026-05-09 20:45:48.198 I  Spatial[57003:3abb0] [com.apple.coreaudio:ddagg]        AggregateDevice.mm:188   device 49 scope 'outp': streamChannelCounts 2, totalChannelCount 2, defaultPair (1, 2)
2026-05-09 20:45:48.199 Df audiomxd[2438:3a594] [com.apple.coreaudio:as_server]       AudioSessionInfo.mm:567   subsession created with ref 0x7863d9a80
2026-05-09 20:45:48.197 Df coreaudiod[5493:3acc4] (CoreAudio) HALS_DefaultDeviceManager.cpp:1706   HALS_DefaultDeviceManager::FindPreferredDefaultDevice: 'dIn ' | found preferred[0] 36: 'com.spatial.app.driver.speaker'/''
2026-05-09 20:45:48.194 Df systemsoundserverd[45034:3a9ad] [com.apple.coreaudio:AUHAL]                 AUHAL.cpp:897   SelectDevice: <- (0x104640d30)
2026-05-09 20:45:48.199 Df audiomxd[2438:3a594] [com.apple.coreaudio:as_server]   ServerSessionManager.mm:296   { "action":"create_session", "session":{"ID":"0x98600c","name":"Spatial(57003)"}, "details":{"PID":57003,"session_type":"Primary"} }
2026-05-09 20:45:48.198 Df coreaudiod[5493:3a577] (CoreAudio)    HALS_UCRemotePlugIn.mm:1344   HALS_UCRemotePlugIn::ObjectGetPropertyData: failed:  [<private>/<private>/0], Error: 2003332927 (<private>)
2026-05-09 20:45:48.198 Db Spatial[57003:3abad] [com.apple.coreaudio:audiocomp] AudioComponentPluginMgr.mm:1213  findNext auou/ahal/appl -> 0x600000209960 auou/ahal/appl/0x2/0x0
2026-05-09 20:45:48.199 Df audiomxd[2438:3a594] [com.apple.coreaudio:as_server]   ServerSessionManager.mm:895   Creating implicit audio app instance for 57003
2026-05-09 20:45:48.199 Df coreaudiod[5493:3a577] (CoreAudio)    HALS_UCRemotePlugIn.mm:1344   HALS_UCRemotePlugIn::ObjectGetPropertyData: failed:  [<private>/<private>/0], Error: 2003332927 (<private>)
2026-05-09 20:45:48.199 I  Spatial[57003:3abb0] [com.apple.coreaudio:ddagg]        AggregateDevice.mm:754   New aggregate device dictionary (49):
{
    master = "com.spatial.app.driver.speaker";
    name = "CADefaultDeviceAggregate-57003-2";
    private = 1;
    subdevices =     (
                {
            "channels-in" = 2;
            "channels-out" = 2;
            drift = 1;
            name = "Spatial Speaker";
            uid = "com.spatial.app.driver.speaker";
        }
    );
    uid = "CADefaultDeviceAggregate-57003-2";
}
2026-05-09 20:45:48.199 Df audiomxd[2438:3a594] [com.apple.coreaudio:as_server] AudioApplicationUpdatingPropertyList.mm:72    about to query MX for audio app dynamic property updates
2026-05-09 20:45:48.199 Df coreaudiod[5493:3acc4] (CoreAudio) HALS_DefaultDeviceManager.cpp:1706   HALS_DefaultDeviceManager::FindPreferredDefaultDevice: 'dOut' | found preferred[0] 36: 'com.spatial.app.driver.speaker'/''
2026-05-09 20:45:48.199 Df Spatial[57003:3abfb] [com.apple.coreaudio:as_client]   AVAudioSession_MacOS.mm:1021  Created session with ID: 0x98600c
2026-05-09 20:45:48.199 Df audiomxd[2438:3a594] [com.apple.coreaudio:as_server] AudioApplicationUpdatingPropertyList.mm:88    audio app dynamic properties already up to date (version: 983054)
2026-05-09 20:45:48.200 Df coreaudiod[5493:3acc4] (CoreAudio) HALS_DefaultDeviceManager.cpp:1706   HALS_DefaultDeviceManager::FindPreferredDefaultDevice: 'sOut' | found preferred[0] 36: 'com.spatial.app.driver.speaker'/''
2026-05-09 20:45:48.199 Db Spatial[57003:3abfb] [com.apple.audioanalytics:carc] Created new reporting session. { reporterID=244826020773890 }
2026-05-09 20:45:48.199 Df audiomxd[2438:3a594] [com.apple.coreaudio:as_server]   ServerSessionManager.mm:1063  Start process monitoring, pid = 57003, name = Spatial
2026-05-09 20:45:48.200 Df coreaudiod[5493:3acc4] (CoreAudio) HALS_DefaultDeviceManager.cpp:1706   HALS_DefaultDeviceManager::FindPreferredDefaultDevice: 'shrd' | found preferred[0] 36: 'com.spatial.app.driver.speaker'/''
2026-05-09 20:45:48.199 Db Spatial[57003:3abfb] [com.apple.audioanalytics:carc] Set serviceType. { reporterID=244826020773890, serviceType=generic }
2026-05-09 20:45:48.201 Db Spatial[57003:3abfb] [com.apple.audioanalytics:carc] Set configuration. { reporterID=244826020773890, configuration=["HostApplicationDisplayID": Spatial] }
2026-05-09 20:45:48.201 Db Spatial[57003:3abfb] [com.apple.audioanalytics:carc] Sending message. { reporterID=244826020773890, category=Setup, type=generic }
2026-05-09 20:45:48.201 Db Spatial[57003:3abfb] [com.apple.audioanalytics:carc] Reporter disconnected. { function=sendMessage, reporterID=244826020773890 }
2026-05-09 20:45:48.201 Df Spatial[57003:3abfb] [com.apple.coreaudio:as_client]   AVAudioSession_MacOS.mm:2783  --> setPlayState Stopped  Output {com.spatial.app.driver.speaker, 0xa}
2026-05-09 20:45:48.201 I  Spatial[57003:3abfb] [com.apple.coreaudio:as_client]   AVAudioSession_MacOS.mm:2803  Devices are same: =1. Previous: {(
)}. Current: {(
)}
2026-05-09 20:45:48.201 Df Spatial[57003:3abfb] [com.apple.coreaudio:as_client]   AVAudioSession_MacOS.mm:2814  <-- setPlayState IOState: [0, 0]. BT device UIDS: {(
)} Server update was not required.
2026-05-09 20:45:48.201 Df Spatial[57003:3abfb] [com.apple.coreaudio:AUHAL]                 AUHAL.cpp:743   SelectDevice: (0x15784a240) connecting device 90
2026-05-09 20:45:48.201 Df Spatial[57003:3abfb] [com.apple.coreaudio:AUHAL]                 AUHAL.cpp:3331  IsDeviceUsable: (0x15784a240) Device ID: 90 (Input:No | Output:Yes): true
2026-05-09 20:45:48.202 Df Spatial[57003:3abfb] [com.apple.coreaudio:AUHAL]                 AUHAL.cpp:755   SelectDevice: (0x15784a240) created ioproc 0xa for device 90
2026-05-09 20:45:48.202 Df Spatial[57003:3abfb] [com.apple.coreaudio:AUHAL]                 AUHAL.cpp:844   SelectDevice: (0x15784a240) adding 7 device listeners to device 90
2026-05-09 20:45:48.202 Df Spatial[57003:3abfb] [com.apple.coreaudio:AUHAL]                 AUHAL.cpp:844   SelectDevice: (0x15784a240) adding 0 device delegate listeners to device 90
2026-05-09 20:45:48.202 Df Spatial[57003:3abfb] [com.apple.coreaudio:AUHAL]                 AUHAL.cpp:1514  UpdateStreamFormats: -> (0x15784a240)
2026-05-09 20:45:48.202 Df Spatial[57003:3abfb] [com.apple.coreaudio:AUHAL]                 AUHAL.cpp:1610  UpdateStreamFormats: 
  output stream 0 [0x5b]:  2 ch,  48000 Hz, Float32, interleaved
2026-05-09 20:45:48.202 Df Spatial[57003:3abfb] [com.apple.coreaudio:AUHAL]                 AUHAL.cpp:1622  UpdateStreamFormats: 1 output streams; not all mono
2026-05-09 20:45:48.202 Df Spatial[57003:3abfb] [com.apple.coreaudio:AUHAL]                 AUHAL.cpp:1634  UpdateStreamFormats: 
  Output render format:  2 ch,  48000 Hz, Float32, interleaved
2026-05-09 20:45:48.202 Df Spatial[57003:3abfb] [com.apple.coreaudio:AUHAL]                 AUHAL.cpp:1622  UpdateStreamFormats: 0 input streams; not all mono
2026-05-09 20:45:48.202 Df Spatial[57003:3abfb] [com.apple.coreaudio:AUHAL]                 AUHAL.cpp:1634  UpdateStreamFormats: 
  Input render format:  0 ch,      0 Hz, lpcm (0x00000029) 32-bit little-endian float, deinterleaved
2026-05-09 20:45:48.202 Df coreaudiod[5493:3acc4] (CoreAudio)           HALS_Device.cpp:162    HALS_Device::Activate: activating device 713: CADefaultDeviceAggregate-57003-2 Transport Type: <private> Clock Domain: 1
2026-05-09 20:45:48.203 Df coreaudiod[5493:3acc4] [com.apple.Accessibility:AXHearingHalPlugin] IsHidden: 1
2026-05-09 20:45:48.203 Df coreaudiod[5493:3acc4] [com.apple.Accessibility:AXHearingHalPlugin] IsHidden: 1
2026-05-09 20:45:48.203 Df coreaudiod[5493:3acc4] [com.apple.Accessibility:AXHearingHalPlugin] IsHidden: 1
2026-05-09 20:45:48.203 Df coreaudiod[5493:3acc4] [com.apple.Accessibility:AXHearingHalPlugin] IsHidden: 1
2026-05-09 20:45:48.202 Df Spatial[57003:3abfb] [com.apple.coreaudio:AUHAL]                 AUHAL.cpp:1704  UpdateStreamFormats: AUHAL(0x15784a240) Calling PropertyChanged() for kAudioUnitProperty_StreamFormat, Scope:Output, Bus:Output
2026-05-09 20:45:48.203 Df coreaudiod[5493:3acc4] [com.apple.Accessibility:AXHearingHalPlugin] IsHidden: 1
2026-05-09 20:45:48.202 Df Spatial[57003:3abfb] [com.apple.coreaudio:AUHAL]                 AUHAL.cpp:1710  UpdateStreamFormats: AUHAL(0x15784a240) Calling PropertyChanged() for kAudioUnitProperty_StreamFormat, Scope:Input, Bus:Input
2026-05-09 20:45:48.203 Df coreaudiod[5493:3acc4] [com.apple.Accessibility:AXHearingHalPlugin] IsHidden: 1
2026-05-09 20:45:48.202 Df Spatial[57003:3abfb] [com.apple.coreaudio:AUHAL]                 AUHAL.cpp:1720  UpdateStreamFormats: <-
2026-05-09 20:45:48.203 Df coreaudiod[5493:3acc4] [com.apple.Accessibility:AXHearingHalPlugin] IsHidden: 1
2026-05-09 20:45:48.202 Df Spatial[57003:3abfb] [com.apple.coreaudio:AUHAL]                 AUHAL.cpp:881   SelectDevice: (0x15784a240) removing 7 device listeners from device 49
2026-05-09 20:45:48.203 Df Spatial[57003:3abad] [com.apple.coreaudio:AUHAL]                 AUHAL.cpp:413   AUHAL: (0x1560e5a40) Selecting device 49 from constructor
2026-05-09 20:45:48.203 Df Spatial[57003:3abad] [com.apple.coreaudio:AUHAL]                 AUHAL.cpp:610   SelectDevice: -> (0x1560e5a40)
2026-05-09 20:45:48.203 Df Spatial[57003:3abad] [com.apple.coreaudio:AUHAL]                 AUHAL.cpp:662   SelectDevice: (0x1560e5a40) not already running
2026-05-09 20:45:48.203 Df Spatial[57003:3abad] [com.apple.coreaudio:AUHAL]                 AUHAL.cpp:738   SelectDevice: (0x1560e5a40) nothing to teardown
2026-05-09 20:45:48.203 Df Spatial[57003:3abad] [com.apple.coreaudio:AUHAL]                 AUHAL.cpp:743   SelectDevice: (0x1560e5a40) connecting device 49
2026-05-09 20:45:48.207 Df coreaudiod[5493:3acc4] (CoreAudio) HALS_DefaultDeviceManager.cpp:1706   HALS_DefaultDeviceManager::FindPreferredDefaultDevice: 'dIn ' | found preferred[0] 36: 'com.spatial.app.driver.speaker'/''
2026-05-09 20:45:48.208 Df coreaudiod[5493:3acc4] (CoreAudio) HALS_DefaultDeviceManager.cpp:1706   HALS_DefaultDeviceManager::FindPreferredDefaultDevice: 'dOut' | found preferred[0] 36: 'com.spatial.app.driver.speaker'/''
2026-05-09 20:45:48.208 Df coreaudiod[5493:3acc4] (CoreAudio) HALS_DefaultDeviceManager.cpp:1706   HALS_DefaultDeviceManager::FindPreferredDefaultDevice: 'sOut' | found preferred[0] 36: 'com.spatial.app.driver.speaker'/''
2026-05-09 20:45:48.209 Df coreaudiod[5493:3acc4] (CoreAudio) HALS_DefaultDeviceManager.cpp:1706   HALS_DefaultDeviceManager::FindPreferredDefaultDevice: 'shrd' | found preferred[0] 36: 'com.spatial.app.driver.speaker'/''
2026-05-09 20:45:48.210 Db coreaudiod[5493:3abd0] [com.apple.coreaudio:AMCP] 240227                  HALS_Device.cpp:4163  [hal_dsp][offloads][bypass] (Client ID: 692) (Device ID: 713) (Storage: 0x0) get client bypassed offload <no offloads>
2026-05-09 20:45:48.210 Df coreaudiod[5493:3abd0] (CoreAudio) HALS_Device_HostedDSP.cpp:102    [hal_dsp][offloads] (Client ID: 692) (Device ID: 713) Offloads are available, but this device will not offload -> Device Does Not Request Offloads
2026-05-09 20:45:48.210 Db coreaudiod[5493:3abd0] [com.apple.coreaudio:AMCP] 240227              HALS_MetaDevice.cpp:939   [hal_dsp][offloads] (Client ID: 692) (Device ID: 713) Aggregate context description has NOTHING for offloads.
2026-05-09 20:45:48.210 Db coreaudiod[5493:3abd0] [com.apple.coreaudio:AMCP] 240227              HALS_MetaDevice.cpp:1148  [hal_dsp][iso] (Device ID: 713) <private>.
2026-05-09 20:45:48.210 Df coreaudiod[5493:3acc4] [com.apple.coreaudio:AMCP] 172399   HALS_IOContext_Legacy_Impl.cpp:4776  AllowNegotiateAdaptInSetComposition: useCaseID = 0, isServerBuild = true, isIsolatedUseCase = false, isSharedDsp = false, istvos = false, adaptNow = false
2026-05-09 20:45:48.211 Df Spatial[57003:3abad] [com.apple.coreaudio:AUHAL]                 AUHAL.cpp:3331  IsDeviceUsable: (0x1560e5a40) Device ID: 49 (Input:No | Output:Yes): true
2026-05-09 20:45:48.211 A  coreaudiod[5493:3abce] (TCC) TCCAccessRequest() IPC
2026-05-09 20:45:48.211 Df Spatial[57003:3abfb] [com.apple.coreaudio:AUHAL]                 AUHAL.cpp:881   SelectDevice: (0x15784a240) removing 0 device delegate listeners from device 49
2026-05-09 20:45:48.211 Df Spatial[57003:3abfb] [com.apple.coreaudio:AUHAL]                 AUHAL.cpp:897   SelectDevice: <- (0x15784a240)
2026-05-09 20:45:48.211 Db Spatial[57003:3abfb] [com.apple.audioanalytics:carc] Sending message. { reporterID=244826020773889, category=Generic, type=audioUnitUsage }
2026-05-09 20:45:48.212 I  Spatial[57003:3abb0] [com.apple.coreaudio:ddagg]        AggregateDevice.mm:188   device 141 scope 'inpt': streamChannelCounts 2, totalChannelCount 2, defaultPair (1, 2)
2026-05-09 20:45:48.213 I  coreaudiod[5493:3acc6] [com.apple.TCC:access] RECV: synchronous reply <dictionary: 0x612150a00> { count = 5, transaction: 0, voucher = 0x0, contents =
	"prompt_type" => <uint64: 0xb6ff543b133b8a97>: 1
	"auth_value" => <uint64: 0xb6ff543b133b8a9f>: 0
	"result" => <bool: 0x2067a3390>: false
	"auth_reason" => <uint64: 0xb6ff543b133b8ab7>: 5
	"auth_version" => <uint64: 0xb6ff543b133b8a97>: 1
}
2026-05-09 20:45:48.213 Df coreaudiod[5493:3acc6] [com.apple.xpc:connection] [0x612150900] invalidated after the last release of the connection object
2026-05-09 20:45:48.213 E  coreaudiod[5493:3acc6] (CoreAudio)        HALS_IOContext.cpp:1481   Client is not granted access to the <private>.
2026-05-09 20:45:48.213 Df coreaudiod[5493:3abce] [com.apple.xpc:connection] [0x612150600] activating connection: mach=true listener=false peer=false name=com.apple.tccd.system
2026-05-09 20:45:48.214 I  coreaudiod[5493:3abce] [com.apple.TCC:access] SEND: 0/7 synchronous to com.apple.tccd.system: request: msgID=5493.763, function=TCCAccessRequest, service=kTCCServiceMicrophone, target_token={pid:57003, auid:501, euid:501},
2026-05-09 20:45:48.214 I  Spatial[57003:3abb0] [com.apple.coreaudio:ddagg]        AggregateDevice.mm:188   device 141 scope 'outp': streamChannelCounts 2, totalChannelCount 2, defaultPair (1, 2)
2026-05-09 20:45:48.214 Df Music[688:3aade] [com.apple.coreaudio:AUHAL]                 AUHAL.cpp:755   SelectDevice: (0x123010a40) created ioproc 0x13 for device 139
2026-05-09 20:45:48.214 Df Music[688:3aade] [com.apple.coreaudio:AUHAL]                 AUHAL.cpp:844   SelectDevice: (0x123010a40) adding 6 device listeners to device 139
2026-05-09 20:45:48.214 Df Music[688:3aade] [com.apple.coreaudio:AUHAL]                 AUHAL.cpp:844   SelectDevice: (0x123010a40) adding 3 device delegate listeners to device 139
2026-05-09 20:45:48.214 Df Music[688:3aade] [com.apple.coreaudio:AUHAL]                 AUHAL.cpp:1514  UpdateStreamFormats: -> (0x123010a40)
2026-05-09 20:45:48.215 Df Music[688:3aade] [com.apple.coreaudio:AUHAL]                 AUHAL.cpp:1610  UpdateStreamFormats: 
  output stream 0 [0x8c]:  2 ch,  48000 Hz, Float32, interleaved
2026-05-09 20:45:48.215 Df Music[688:3aade] [com.apple.coreaudio:AUHAL]                 AUHAL.cpp:1622  UpdateStreamFormats: 1 output streams; not all mono
2026-05-09 20:45:48.215 Df Music[688:3aade] [com.apple.coreaudio:AUHAL]                 AUHAL.cpp:1634  UpdateStreamFormats: 
  Output render format:  2 ch,  48000 Hz, Float32, interleaved
2026-05-09 20:45:48.215 Df Music[688:3aade] [com.apple.coreaudio:AUHAL]                 AUHAL.cpp:1610  UpdateStreamFormats: 
  input stream 0 [0x8d]:  2 ch,  48000 Hz, Float32, interleaved
2026-05-09 20:45:48.215 Df Music[688:3aade] [com.apple.coreaudio:AUHAL]                 AUHAL.cpp:1622  UpdateStreamFormats: 1 input streams; not all mono
2026-05-09 20:45:48.215 Df Music[688:3aade] [com.apple.coreaudio:AUHAL]                 AUHAL.cpp:1826  SetStreamUsage: Output stream enables: Stream 0 is ENABLED
2026-05-09 20:45:48.216 Df Music[688:3aade] [com.apple.coreaudio:AUHAL]                 AUHAL.cpp:1704  UpdateStreamFormats: AUHAL(0x123010a40) Calling PropertyChanged() for kAudioUnitProperty_StreamFormat, Scope:Output, Bus:Output
2026-05-09 20:45:48.216 Df Music[688:3aade] [com.apple.coreaudio:AUHAL]                 AUHAL.cpp:1826  SetStreamUsage: Input stream enables: Stream 0 is DISABLED
2026-05-09 20:45:48.216 Df Music[688:3aade] [com.apple.coreaudio:AUHAL]                 AUHAL.cpp:1720  UpdateStreamFormats: <-
2026-05-09 20:45:48.216 Df Music[688:3aade] [com.apple.coreaudio:AUHAL]                 AUHAL.cpp:881   SelectDevice: (0x123010a40) removing 6 device listeners from device 240
2026-05-09 20:45:48.216 Df Music[688:3aade] [com.apple.coreaudio:AUHAL]                 AUHAL.cpp:881   SelectDevice: (0x123010a40) removing 3 device delegate listeners from device 240
2026-05-09 20:45:48.216 Df Music[688:3aade] [com.apple.coreaudio:AUHAL]                 AUHAL.cpp:897   SelectDevice: <- (0x123010a40)
2026-05-09 20:45:48.216 Df Music[688:3aade] [com.apple.coreaudio:AUHAL]                 AUHAL.cpp:967   HALListener: <-(0x123010a40)
2026-05-09 20:45:48.216 Df Music[688:3aade] [com.apple.coreaudio:AUHAL]                 AUHAL.cpp:947   HALListener: ->(0x12304ea40) 1 addresses @ 0x6000014fd120; thread 0x16b76f000
2026-05-09 20:45:48.216 Df Music[688:3aade] [com.apple.coreaudio:AUHAL]                 AUHAL.cpp:960   HALListener:   (0x12304ea40) Property dOut/glob/0x00000000 changed; value 0x8b (0x0)
2026-05-09 20:45:48.216 Df Music[688:3aade] [com.apple.coreaudio:AUHAL]                 AUHAL.cpp:610   SelectDevice: -> (0x12304ea40)
2026-05-09 20:45:48.216 Df Music[688:3aade] [com.apple.coreaudio:AUHAL]                 AUHAL.cpp:645   SelectDevice: <- (0x12304ea40) exiting with nothing to do
2026-05-09 20:45:48.216 Df Music[688:3aade] [com.apple.coreaudio:AUHAL]                 AUHAL.cpp:967   HALListener: <-(0x12304ea40)
2026-05-09 20:45:48.216 Df Music[688:3aade] [com.apple.coreaudio:AUHAL]                 AUHAL.cpp:947   HALListener: ->(0x125864840) 1 addresses @ 0x6000014fc610; thread 0x16b76f000
2026-05-09 20:45:48.216 Df Music[688:3aade] [com.apple.coreaudio:AUHAL]                 AUHAL.cpp:960   HALListener:   (0x125864840) Property dOut/glob/0x00000000 changed; value 0x8b (0x0)
2026-05-09 20:45:48.216 Df Music[688:3aade] [com.apple.coreaudio:AUHAL]                 AUHAL.cpp:610   SelectDevice: -> (0x125864840)
2026-05-09 20:45:48.217 Df Music[688:3aade] [com.apple.coreaudio:AUHAL]                 AUHAL.cpp:645   SelectDevice: <- (0x125864840) exiting with nothing to do
2026-05-09 20:45:48.217 Df Music[688:3aade] [com.apple.coreaudio:AUHAL]                 AUHAL.cpp:967   HALListener: <-(0x125864840)
2026-05-09 20:45:48.218 I  coreaudiod[5493:3abce] [com.apple.TCC:access] RECV: synchronous reply <dictionary: 0x612150400> { count = 5, transaction: 0, voucher = 0x0, contents =
	"prompt_type" => <uint64: 0xb6ff543b133b8a97>: 1
	"auth_value" => <uint64: 0xb6ff543b133b8a9f>: 0
	"result" => <bool: 0x2067a3390>: false
	"auth_reason" => <uint64: 0xb6ff543b133b8adf>: 8
	"auth_version" => <uint64: 0xb6ff543b133b8a97>: 1
}
2026-05-09 20:45:48.218 Df coreaudiod[5493:3abce] [com.apple.xpc:connection] [0x612150600] invalidated after the last release of the connection object
2026-05-09 20:45:48.218 E  coreaudiod[5493:3abce] (CoreAudio)        HALS_IOContext.cpp:1481   Client is not granted access to the <private>.
2026-05-09 20:45:48.219 Db audioanalyticsd[508:3a58a] [com.apple.audioanalytics:cars] sendMessage() called. { reporterID=<private>, category=Generic, type=AudioUnitUsage }
2026-05-09 20:45:48.219 Df Spatial[57003:3abad] [com.apple.coreaudio:AUHAL]                 AUHAL.cpp:755   SelectDevice: (0x1560e5a40) created ioproc 0xb for device 49
2026-05-09 20:45:48.219 Df Spatial[57003:3abad] [com.apple.coreaudio:AUHAL]                 AUHAL.cpp:844   SelectDevice: (0x1560e5a40) adding 7 device listeners to device 49
2026-05-09 20:45:48.219 I  Spatial[57003:3abb0] [com.apple.coreaudio:ddagg]        AggregateDevice.mm:188   device 49 scope 'inpt': streamChannelCounts 2, totalChannelCount 2, defaultPair (1, 2)
2026-05-09 20:45:48.220 I  Spatial[57003:3abb0] [com.apple.coreaudio:ddagg]        AggregateDevice.mm:188   device 49 scope 'outp': streamChannelCounts 2, totalChannelCount 2, defaultPair (1, 2)
2026-05-09 20:45:48.220 Df Spatial[57003:3abad] [com.apple.coreaudio:AUHAL]                 AUHAL.cpp:844   SelectDevice: (0x1560e5a40) adding 0 device delegate listeners to device 49
2026-05-09 20:45:48.219 Df coreaudiod[5493:3abce] (CoreAudio)    HALS_UCRemotePlugIn.mm:1344   HALS_UCRemotePlugIn::ObjectGetPropertyData: failed:  [<private>/<private>/0], Error: 2003332927 (<private>)
2026-05-09 20:45:48.220 Df Spatial[57003:3abad] [com.apple.coreaudio:AUHAL]                 AUHAL.cpp:1514  UpdateStreamFormats: -> (0x1560e5a40)
2026-05-09 20:45:48.221 Df Spatial[57003:3abad] [com.apple.coreaudio:AUHAL]                 AUHAL.cpp:1610  UpdateStreamFormats: 
  output stream 0 [0x32]:  2 ch,  48000 Hz, Float32, interleaved
2026-05-09 20:45:48.221 Df Spatial[57003:3abad] [com.apple.coreaudio:AUHAL]                 AUHAL.cpp:1622  UpdateStreamFormats: 1 output streams; not all mono
2026-05-09 20:45:48.221 Df Spatial[57003:3abad] [com.apple.coreaudio:AUHAL]                 AUHAL.cpp:1634  UpdateStreamFormats: 
  Output render format:  2 ch,  48000 Hz, Float32, interleaved
2026-05-09 20:45:48.221 Df Spatial[57003:3abad] [com.apple.coreaudio:AUHAL]                 AUHAL.cpp:1610  UpdateStreamFormats: 
  input stream 0 [0x33]:  2 ch,  48000 Hz, Float32, interleaved
2026-05-09 20:45:48.221 Df Spatial[57003:3abad] [com.apple.coreaudio:AUHAL]                 AUHAL.cpp:1622  UpdateStreamFormats: 1 input streams; not all mono
2026-05-09 20:45:48.221 Df Spatial[57003:3abad] [com.apple.coreaudio:AUHAL]                 AUHAL.cpp:1634  UpdateStreamFormats: 
  Input render format:  2 ch,  48000 Hz, Float32, interleaved
2026-05-09 20:45:48.221 Df Spatial[57003:3abad] [com.apple.coreaudio:AUHAL]                 AUHAL.cpp:1704  UpdateStreamFormats: AUHAL(0x1560e5a40) Calling PropertyChanged() for kAudioUnitProperty_StreamFormat, Scope:Output, Bus:Output
2026-05-09 20:45:48.219 Db audioanalyticsd[508:3a58a] [com.apple.audioanalytics:cars] sendMessage { reporterID=244826020773889 }
2026-05-09 20:45:48.220 Db audioanalyticsd[508:3a58a] [com.apple.audioanalytics:carr] Processing message. { reporterID=244826020773889, singleServerSession=false }
2026-05-09 20:45:48.220 Df coreaudiod[5493:3abce] (CoreAudio)    HALS_UCRemotePlugIn.mm:1344   HALS_UCRemotePlugIn::ObjectGetPropertyData: failed:  [<private>/<private>/0], Error: 2003332927 (<private>)
2026-05-09 20:45:48.220 Df coreaudiod[5493:3abce] (CoreAudio)    HALS_UCRemotePlugIn.mm:1344   HALS_UCRemotePlugIn::ObjectGetPropertyData: failed:  [<private>/<private>/0], Error: 2003332927 (<private>)
2026-05-09 20:45:48.221 Df coreaudiod[5493:3abce] (CoreAudio)    HALS_UCRemotePlugIn.mm:1344   HALS_UCRemotePlugIn::ObjectGetPropertyData: failed:  [<private>/<private>/0], Error: 2003332927 (<private>)
2026-05-09 20:45:48.222 A  coreaudiod[5493:3acc7] (TCC) TCCAccessRequest() IPC
2026-05-09 20:45:48.222 Df coreaudiod[5493:3acc7] [com.apple.xpc:connection] [0x612150400] activating connection: mach=true listener=false peer=false name=com.apple.tccd.system
2026-05-09 20:45:48.222 I  coreaudiod[5493:3acc7] [com.apple.TCC:access] SEND: 0/7 synchronous to com.apple.tccd.system: request: msgID=5493.764, function=TCCAccessRequest, service=kTCCServiceMicrophone, target_token={pid:57003, auid:501, euid:501},
2026-05-09 20:45:48.221 Df Spatial[57003:3abad] [com.apple.coreaudio:AUHAL]                 AUHAL.cpp:1710  UpdateStreamFormats: AUHAL(0x1560e5a40) Calling PropertyChanged() for kAudioUnitProperty_StreamFormat, Scope:Input, Bus:Input
2026-05-09 20:45:48.221 Df Spatial[57003:3abad] [com.apple.coreaudio:AUHAL]                 AUHAL.cpp:1720  UpdateStreamFormats: <-
2026-05-09 20:45:48.222 Df Spatial[57003:3abad] [com.apple.coreaudio:AUHAL]                 AUHAL.cpp:881   SelectDevice: (0x1560e5a40) removing 0 device listeners from device 0
2026-05-09 20:45:48.222 Df Spatial[57003:3abad] [com.apple.coreaudio:AUHAL]                 AUHAL.cpp:881   SelectDevice: (0x1560e5a40) removing 0 device delegate listeners from device 0
2026-05-09 20:45:48.222 Df Spatial[57003:3abad] [com.apple.coreaudio:AUHAL]                 AUHAL.cpp:897   SelectDevice: <- (0x1560e5a40)
2026-05-09 20:45:48.222 Df Spatial[57003:3abad] [com.apple.coreaudio:AUHAL]                 AUHAL.cpp:1826  SetStreamUsage: Input stream enables: Stream 0 is ENABLED
2026-05-09 20:45:48.223 Df Spatial[57003:3abb0] [com.apple.coreaudio:ddagg]        AggregateDevice.mm:644   Built valid aggregate 141
2026-05-09 20:45:48.223 I  Spatial[57003:3abfb] [com.apple.coreaudio:ddagg]        AggregateDevice.mm:586   Destroyed aggregate 135
2026-05-09 20:45:48.223 Df Spatial[57003:3abfc] [com.apple.coreaudio:AUHAL]                 AUHAL.cpp:2231  SetProperty: (0x15784a240) caller requesting device change from 90 to 49
2026-05-09 20:45:48.223 Df Spatial[57003:3abfc] [com.apple.coreaudio:AUHAL]                 AUHAL.cpp:610   SelectDevice: -> (0x15784a240)
2026-05-09 20:45:48.223 Df Spatial[57003:3abfc] [com.apple.coreaudio:AUHAL]                 AUHAL.cpp:662   SelectDevice: (0x15784a240) not already running
2026-05-09 20:45:48.223 Df Spatial[57003:3abfc] [com.apple.coreaudio:AUHAL]                 AUHAL.cpp:668   SelectDevice: (0x15784a240) disconnecting device 90
2026-05-09 20:45:48.223 Df Spatial[57003:3abfc] [com.apple.coreaudio:AUHAL]                 AUHAL.cpp:732   SelectDevice: (0x15784a240) destroying ioproc 0xa for device 90
2026-05-09 20:45:48.223 Df Spatial[57003:3abfc] [com.apple.coreaudio:as_client]   AVAudioSession_MacOS.mm:2783  --> setPlayState Stopped  Output {37330022-0000-0000-1C20-0103802F1E78, 0xa}
2026-05-09 20:45:48.223 I  Spatial[57003:3abfc] [com.apple.coreaudio:as_client]   AVAudioSession_MacOS.mm:2803  Devices are same: =1. Previous: {(
)}. Current: {(
)}
2026-05-09 20:45:48.223 Df Spatial[57003:3abfc] [com.apple.coreaudio:as_client]   AVAudioSession_MacOS.mm:2814  <-- setPlayState IOState: [0, 0]. BT device UIDS: {(
)} Server update was not required.
2026-05-09 20:45:48.224 Df Spatial[57003:3abfc] [com.apple.coreaudio:AUHAL]                 AUHAL.cpp:743   SelectDevice: (0x15784a240) connecting device 49
2026-05-09 20:45:48.224 Df coreaudiod[5493:3acc9] (CoreAudio)           HALS_Device.cpp:233    HALS_Device::_Deactivate: deactivating device 706: CADefaultDeviceAggregate-57003-1
2026-05-09 20:45:48.224 Df Spatial[57003:3abfc] [com.apple.coreaudio:AUHAL]                 AUHAL.cpp:3331  IsDeviceUsable: (0x15784a240) Device ID: 49 (Input:No | Output:Yes): true
2026-05-09 20:45:48.224 Df coreaudiod[5493:3acc9] (CoreAudio)           HALS_Device.cpp:233    HALS_Device::_Deactivate: deactivating device 706: CADefaultDeviceAggregate-57003-1
2026-05-09 20:45:48.228 Df coreaudiod[5493:3acc4] (CoreAudio) HALS_DefaultDeviceManager.cpp:1706   HALS_DefaultDeviceManager::FindPreferredDefaultDevice: 'dIn ' | found preferred[0] 36: 'com.spatial.app.driver.speaker'/''
2026-05-09 20:45:48.228 Db coreaudiod[5493:3abd0] [com.apple.coreaudio:AMCP] 240227                  HALS_Device.cpp:5074  HALS_Device::ClientDSPInfo::~ClientDSPInfo() - poof!
2026-05-09 20:45:48.229 Df coreaudiod[5493:3acc4] (CoreAudio) HALS_DefaultDeviceManager.cpp:1706   HALS_DefaultDeviceManager::FindPreferredDefaultDevice: 'dOut' | found preferred[0] 36: 'com.spatial.app.driver.speaker'/''
2026-05-09 20:45:48.229 I  coreaudiod[5493:3acc7] [com.apple.TCC:access] RECV: synchronous reply <dictionary: 0x612150900> { count = 5, transaction: 0, voucher = 0x0, contents =
	"prompt_type" => <uint64: 0xb6ff543b133b8a97>: 1
	"auth_value" => <uint64: 0xb6ff543b133b8a9f>: 0
	"result" => <bool: 0x2067a3390>: false
	"auth_reason" => <uint64: 0xb6ff543b133b8adf>: 8
	"auth_version" => <uint64: 0xb6ff543b133b8a97>: 1
}
2026-05-09 20:45:48.229 Df coreaudiod[5493:3acc7] [com.apple.xpc:connection] [0x612150400] invalidated after the last release of the connection object
2026-05-09 20:45:48.229 E  coreaudiod[5493:3acc7] (CoreAudio)        HALS_IOContext.cpp:1481   Client is not granted access to the <private>.
2026-05-09 20:45:48.229 A  coreaudiod[5493:3acc7] (TCC) TCCAccessRequest() IPC
2026-05-09 20:45:48.229 Df Spatial[57003:3abad] [com.apple.coreaudio:AUHAL]                 AUHAL.cpp:1826  SetStreamUsage: Output stream enables: Stream 0 is DISABLED
2026-05-09 20:45:48.229 Df coreaudiod[5493:3acc7] [com.apple.xpc:connection] [0x612150400] activating connection: mach=true listener=false peer=false name=com.apple.tccd.system
2026-05-09 20:45:48.229 I  coreaudiod[5493:3acc7] [com.apple.TCC:access] SEND: 0/7 synchronous to com.apple.tccd.system: request: msgID=5493.765, function=TCCAccessRequest, service=kTCCServiceMicrophone, target_token={pid:57003, auid:501, euid:501},
2026-05-09 20:45:48.229 Df coreaudiod[5493:3acc4] (CoreAudio) HALS_DefaultDeviceManager.cpp:1706   HALS_DefaultDeviceManager::FindPreferredDefaultDevice: 'sOut' | found preferred[0] 36: 'com.spatial.app.driver.speaker'/''
2026-05-09 20:45:48.230 Df coreaudiod[5493:3acc4] (CoreAudio) HALS_DefaultDeviceManager.cpp:1706   HALS_DefaultDeviceManager::FindPreferredDefaultDevice: 'shrd' | found preferred[0] 36: 'com.spatial.app.driver.speaker'/''
2026-05-09 20:45:48.232 I  coreaudiod[5493:3acc7] [com.apple.TCC:access] RECV: synchronous reply <dictionary: 0x612150900> { count = 5, transaction: 0, voucher = 0x0, contents =
	"prompt_type" => <uint64: 0xb6ff543b133b8a97>: 1
	"auth_value" => <uint64: 0xb6ff543b133b8a9f>: 0
	"result" => <bool: 0x2067a3390>: false
	"auth_reason" => <uint64: 0xb6ff543b133b8adf>: 8
	"auth_version" => <uint64: 0xb6ff543b133b8a97>: 1
}
2026-05-09 20:45:48.232 Df coreaudiod[5493:3acc7] [com.apple.xpc:connection] [0x612150400] invalidated after the last release of the connection object
2026-05-09 20:45:48.232 Df Spatial[57003:3abad] [com.apple.coreaudio:AUHAL]                 AUHAL.cpp:2231  SetProperty: (0x1560e5a40) caller requesting device change from 49 to 49
2026-05-09 20:45:48.232 Df Spatial[57003:3abad] [com.apple.coreaudio:AUHAL]                 AUHAL.cpp:610   SelectDevice: -> (0x1560e5a40)
2026-05-09 20:45:48.232 Df Spatial[57003:3abfc] [com.apple.coreaudio:AUHAL]                 AUHAL.cpp:755   SelectDevice: (0x15784a240) created ioproc 0xc for device 49
2026-05-09 20:45:48.232 Df Spatial[57003:3abad] [com.apple.coreaudio:AUHAL]                 AUHAL.cpp:645   SelectDevice: <- (0x1560e5a40) exiting with nothing to do
2026-05-09 20:45:48.233 Df Spatial[57003:3abfc] [com.apple.coreaudio:AUHAL]                 AUHAL.cpp:844   SelectDevice: (0x15784a240) adding 7 device listeners to device 49
2026-05-09 20:45:48.232 E  coreaudiod[5493:3acc7] (CoreAudio)        HALS_IOContext.cpp:1481   Client is not granted access to the <private>.
2026-05-09 20:45:48.233 A  coreaudiod[5493:3abd0] (TCC) TCCAccessRequest() IPC
2026-05-09 20:45:48.233 Df coreaudiod[5493:3abd0] [com.apple.xpc:connection] [0x612150600] activating connection: mach=true listener=false peer=false name=com.apple.tccd.system
2026-05-09 20:45:48.233 I  coreaudiod[5493:3abd0] [com.apple.TCC:access] SEND: 0/7 synchronous to com.apple.tccd.system: request: msgID=5493.766, function=TCCAccessRequest, service=kTCCServiceMicrophone, target_token={pid:57003, auid:501, euid:501},
2026-05-09 20:45:48.233 Df Spatial[57003:3abad] [com.apple.coreaudio:AUHAL]                 AUHAL.cpp:1826  SetStreamUsage: Input stream enables: Stream 0 is ENABLED
2026-05-09 20:45:48.234 Df Spatial[57003:3abfc] [com.apple.coreaudio:AUHAL]                 AUHAL.cpp:844   SelectDevice: (0x15784a240) adding 0 device delegate listeners to device 49
2026-05-09 20:45:48.234 Df Spatial[57003:3abfc] [com.apple.coreaudio:AUHAL]                 AUHAL.cpp:1514  UpdateStreamFormats: -> (0x15784a240)
2026-05-09 20:45:48.234 Df Spatial[57003:3abfc] [com.apple.coreaudio:AUHAL]                 AUHAL.cpp:1610  UpdateStreamFormats: 
  output stream 0 [0x32]:  2 ch,  48000 Hz, Float32, interleaved
2026-05-09 20:45:48.234 Df Spatial[57003:3abfc] [com.apple.coreaudio:AUHAL]                 AUHAL.cpp:1622  UpdateStreamFormats: 1 output streams; not all mono
2026-05-09 20:45:48.234 Df Spatial[57003:3abfc] [com.apple.coreaudio:AUHAL]                 AUHAL.cpp:1634  UpdateStreamFormats: 
  Output render format:  2 ch,  48000 Hz, Float32, interleaved
2026-05-09 20:45:48.234 Df Spatial[57003:3abfc] [com.apple.coreaudio:AUHAL]                 AUHAL.cpp:1610  UpdateStreamFormats: 
  input stream 0 [0x33]:  2 ch,  48000 Hz, Float32, interleaved
2026-05-09 20:45:48.234 Df Spatial[57003:3abfc] [com.apple.coreaudio:AUHAL]                 AUHAL.cpp:1622  UpdateStreamFormats: 1 input streams; not all mono
2026-05-09 20:45:48.234 Df Spatial[57003:3abfc] [com.apple.coreaudio:AUHAL]                 AUHAL.cpp:1634  UpdateStreamFormats: 
  Input render format:  2 ch,  48000 Hz, Float32, interleaved
2026-05-09 20:45:48.236 I  coreaudiod[5493:3abd0] [com.apple.TCC:access] RECV: synchronous reply <dictionary: 0x612150700> { count = 5, transaction: 0, voucher = 0x0, contents =
	"prompt_type" => <uint64: 0xb6ff543b133b8a97>: 1
	"auth_value" => <uint64: 0xb6ff543b133b8a9f>: 0
	"result" => <bool: 0x2067a3390>: false
	"auth_reason" => <uint64: 0xb6ff543b133b8adf>: 8
	"auth_version" => <uint64: 0xb6ff543b133b8a97>: 1
}
2026-05-09 20:45:48.236 Df coreaudiod[5493:3abd0] [com.apple.xpc:connection] [0x612150600] invalidated after the last release of the connection object
2026-05-09 20:45:48.237 Df Spatial[57003:3abfc] [com.apple.coreaudio:AUHAL]                 AUHAL.cpp:1704  UpdateStreamFormats: AUHAL(0x15784a240) Calling PropertyChanged() for kAudioUnitProperty_StreamFormat, Scope:Output, Bus:Output
2026-05-09 20:45:48.236 E  coreaudiod[5493:3abd0] (CoreAudio)        HALS_IOContext.cpp:1481   Client is not granted access to the <private>.
2026-05-09 20:45:48.237 Df Spatial[57003:3abfc] [com.apple.coreaudio:AUHAL]                 AUHAL.cpp:1710  UpdateStreamFormats: AUHAL(0x15784a240) Calling PropertyChanged() for kAudioUnitProperty_StreamFormat, Scope:Input, Bus:Input
2026-05-09 20:45:48.237 Df Spatial[57003:3abfc] [com.apple.coreaudio:AUHAL]                 AUHAL.cpp:1720  UpdateStreamFormats: <-
2026-05-09 20:45:48.237 Df Spatial[57003:3abfc] [com.apple.coreaudio:AUHAL]                 AUHAL.cpp:881   SelectDevice: (0x15784a240) removing 7 device listeners from device 90
2026-05-09 20:45:48.237 Db Spatial[57003:3abad] [com.apple.coreaudio:AUHAL]                 AUHAL.cpp:483   Initialize: -> (0x1560e5a40)
2026-05-09 20:45:48.237 Db coreaudiod[5493:3abd0] [com.apple.audioanalytics:carc] Get serviceType. { reporterID=2924872728582 }
2026-05-09 20:45:48.237 Df Spatial[57003:3abfc] [com.apple.coreaudio:AUHAL]                 AUHAL.cpp:881   SelectDevice: (0x15784a240) removing 0 device delegate listeners from device 90
2026-05-09 20:45:48.237 Db coreaudiod[5493:3abd0] [com.apple.audioanalytics:carc] ReporterID not created by client. Returning early. { function=<private>, reporterID=2924872728582 }
2026-05-09 20:45:48.237 Df Spatial[57003:3abfc] [com.apple.coreaudio:AUHAL]                 AUHAL.cpp:897   SelectDevice: <- (0x15784a240)
2026-05-09 20:45:48.237 Db coreaudiod[5493:3abd0] [com.apple.coreaudio:aid] [AudioIssueDetectorManager.cpp:289   rtaid::Manager:0x2042893b0] enabling global NonFinite analyzer for client HAL
2026-05-09 20:45:48.237 Db Spatial[57003:3abfa] [com.apple.audioanalytics:carc] Destroying reporter. { reporterID=244826020773889 }
2026-05-09 20:45:48.237 Db coreaudiod[5493:3abd0] [com.apple.coreaudio:aid] [AudioIssueDetectorManager.cpp:289   rtaid::Manager:0x2042893b0] enabling global AnalyzerRealTimeError analyzer for client HAL
2026-05-09 20:45:48.237 Db Spatial[57003:3abfa] [com.apple.audioanalytics:carc] Stopping reporter. { reporterID=244826020773889 }
2026-05-09 20:45:48.237 Db coreaudiod[5493:3abd0] [com.apple.coreaudio:aid] [AudioIssueDetectorManager.cpp:289   rtaid::Manager:0x2042893b0] enabling global RMS analyzer for client HAL
2026-05-09 20:45:48.237 Db Spatial[57003:3abfa] [com.apple.audioanalytics:carc] Sending message. { reporterID=244826020773889, category=Generic, type=generic }
2026-05-09 20:45:48.237 Df Spatial[57003:3abad] [com.apple.coreaudio:AudioConverter]        AudioConverter.cpp:1007  Created a new in process converter -> 0x600003591bf0, from  2 ch,  44100 Hz, Float32, deinterleaved to  2 ch,  48000 Hz, Float32, interleaved
2026-05-09 20:45:48.237 Df Spatial[57003:3abad] [com.apple.coreaudio:AUHAL]                 AUHAL.cpp:1826  SetStreamUsage: Output stream enables: Stream 0 is DISABLED
2026-05-09 20:45:48.238 A  coreaudiod[5493:3acc5] (TCC) TCCAccessRequest() IPC
2026-05-09 20:45:48.237 Df Spatial[57003:3abfa] [com.apple.coreaudio:AUHAL]                 AUHAL.cpp:466   ~AUHAL: (0x15784a240) Selecting device 0 from destructor
2026-05-09 20:45:48.237 Df Spatial[57003:3abfa] [com.apple.coreaudio:AUHAL]                 AUHAL.cpp:610   SelectDevice: -> (0x15784a240)
2026-05-09 20:45:48.238 Df coreaudiod[5493:3acc5] [com.apple.xpc:connection] [0x612150600] activating connection: mach=true listener=false peer=false name=com.apple.tccd.system
2026-05-09 20:45:48.237 Df Spatial[57003:3abfa] [com.apple.coreaudio:AUHAL]                 AUHAL.cpp:662   SelectDevice: (0x15784a240) not already running
2026-05-09 20:45:48.238 I  coreaudiod[5493:3acc5] [com.apple.TCC:access] SEND: 0/7 synchronous to com.apple.tccd.system: request: msgID=5493.767, function=TCCAccessRequest, service=kTCCServiceMicrophone, target_token={pid:57003, auid:501, euid:501},
2026-05-09 20:45:48.238 Df Spatial[57003:3abfa] [com.apple.coreaudio:AUHAL]                 AUHAL.cpp:668   SelectDevice: (0x15784a240) disconnecting device 49
2026-05-09 20:45:48.238 Df Spatial[57003:3abfa] [com.apple.coreaudio:AUHAL]                 AUHAL.cpp:732   SelectDevice: (0x15784a240) destroying ioproc 0xc for device 49
2026-05-09 20:45:48.238 Df Spatial[57003:3abad] [com.apple.coreaudio:AUHAL]                 AUHAL.cpp:1826  SetStreamUsage: Input stream enables: Stream 0 is ENABLED
2026-05-09 20:45:48.238 Df Spatial[57003:3abfa] [com.apple.coreaudio:as_client]   AVAudioSession_MacOS.mm:2783  --> setPlayState Stopped  Input/Output {com.spatial.app.driver.speaker, 0xc}
2026-05-09 20:45:48.238 I  Spatial[57003:3abfa] [com.apple.coreaudio:as_client]   AVAudioSession_MacOS.mm:2803  Devices are same: =1. Previous: {(
)}. Current: {(
)}
2026-05-09 20:45:48.238 Df Spatial[57003:3abfa] [com.apple.coreaudio:as_client]   AVAudioSession_MacOS.mm:2814  <-- setPlayState IOState: [0, 0]. BT device UIDS: {(
)} Server update was not required.
2026-05-09 20:45:48.239 Db audioanalyticsd[508:3a8b3] [com.apple.audioanalytics:cars] sendMessage() called. { reporterID=<private>, category=Generic, type=Generic }
2026-05-09 20:45:48.239 Db audioanalyticsd[508:3a8b3] [com.apple.audioanalytics:cars] sendMessage { reporterID=244826020773889 }
2026-05-09 20:45:48.240 Db audioanalyticsd[508:3a8b3] [com.apple.audioanalytics:carr] Processing message. { reporterID=244826020773889, singleServerSession=false }
2026-05-09 20:45:48.241 Db audioanalyticsd[508:3a8b3] [com.apple.audioanalytics:cars] stopSession() called. { reporterID=244826020773889 }
2026-05-09 20:45:48.241 Db audioanalyticsd[508:3a8b3] [com.apple.audioanalytics:carr] signalStop() called. { isStarted=<private>, reporterID=244826020773889 }
2026-05-09 20:45:48.241 Db audioanalyticsd[508:3a8b3] [com.apple.audioanalytics:carr] Processing message. { reporterID=244826020773889, singleServerSession=false }
2026-05-09 20:45:48.241 I  coreaudiod[5493:3acc5] [com.apple.TCC:access] RECV: synchronous reply <dictionary: 0x612150700> { count = 5, transaction: 0, voucher = 0x0, contents =
	"prompt_type" => <uint64: 0xb6ff543b133b8a97>: 1
	"auth_value" => <uint64: 0xb6ff543b133b8a9f>: 0
	"result" => <bool: 0x2067a3390>: false
	"auth_reason" => <uint64: 0xb6ff543b133b8adf>: 8
	"auth_version" => <uint64: 0xb6ff543b133b8a97>: 1
}
